213.180.203.0 - - [30/Jan/2024:00:02:02 +0100] "GET /robots.txt HTTP/1.1" 200 121 dartmoorrunners.co.uk "-" "Mozilla/5.0 (compatible; YandexBot/3.0; +http://yandex.com/bots)" "-"
5.255.231.0 - - [30/Jan/2024:00:02:03 +0100] "GET / HTTP/1.1" 200 31573 dartmoorrunners.co.uk "-" "Mozilla/5.0 (compatible; YandexBot/3.0; +http://yandex.com/bots)" "-"
5.255.231.0 - - [30/Jan/2024:00:04:07 +0100] "GET / HTTP/1.1" 200 31573 dartmoorrunners.co.uk "-" "Mozilla/5.0 (compatible; YandexBot/3.0; +http://yandex.com/bots)" "-"
213.180.203.0 - - [30/Jan/2024:00:04:26 +0100] "GET /robots.txt HTTP/1.1" 301 - www.dartmoorrunners.co.uk "-" "Mozilla/5.0 (compatible; YandexBot/3.0; +http://yandex.com/bots)" "-"
213.180.203.0 - - [30/Jan/2024:00:04:26 +0100] "GET /robots.txt HTTP/1.1" 200 121 dartmoorrunners.co.uk "-" "Mozilla/5.0 (compatible; YandexBot/3.0; +http://yandex.com/bots)" "-"
95.108.213.0 - - [30/Jan/2024:00:04:27 +0100] "GET / HTTP/1.1" 301 - www.dartmoorrunners.co.uk "-" "Mozilla/5.0 (compatible; YandexBot/3.0; +http://yandex.com/bots)" "-"
5.255.231.0 - - [30/Jan/2024:00:06:31 +0100] "GET /robots.txt HTTP/1.1" 301 - www.dartmoorrunners.co.uk "-" "Mozilla/5.0 (compatible; YandexBot/3.0; +http://yandex.com/bots)" "-"
5.255.231.0 - - [30/Jan/2024:00:06:32 +0100] "GET /robots.txt HTTP/1.1" 200 121 dartmoorrunners.co.uk "-" "Mozilla/5.0 (compatible; YandexBot/3.0; +http://yandex.com/bots)" "-"
5.255.231.0 - - [30/Jan/2024:00:06:32 +0100] "GET / HTTP/1.1" 301 - www.dartmoorrunners.co.uk "-" "Mozilla/5.0 (compatible; YandexBot/3.0; +http://yandex.com/bots)" "-"
188.40.189.0 - - [30/Jan/2024:00:27:00 +0100] "POST /xmlrpc.php HTTP/1.1" 200 403 dartmoorrunners.co.uk "-" "Mozilla/5.0 (Windows NT 10.0; Win64; x64; rv:58.0) Gecko/20100101 Firefox/58.0" "-"
82.165.88.0 - - [30/Jan/2024:00:31:23 +0100] "POST /wp-cron.php?doing_wp_cron=1706571083.3238730430603027343750 HTTP/1.1" 200 - dartmoorrunners.co.uk "http://dartmoorrunners.co.uk/wp-cron.php?doing_wp_cron=1706571083.3238730430603027343750" "WordPress/6.1.4; http://dartmoorrunners.co.uk" "-"
2a01:4f8:100:: - - [30/Jan/2024:00:31:23 +0100] "POST /xmlrpc.php HTTP/1.1" 200 403 dartmoorrunners.co.uk "-" "Mozilla/5.0 (Windows NT 10.0; Win64; x64; rv:74.0) Gecko/20100101 Firefox/74.0" "-"
43.128.100.0 - - [30/Jan/2024:00:49:29 +0100] "GET / HTTP/1.1" 200 31573 dartmoorrunners.co.uk "-" "Mozilla/5.0 (iPhone; CPU iPhone OS 13_2_3 like Mac OS X) AppleWebKit/605.1.15 (KHTML, like Gecko) Version/13.0.3 Mobile/15E148 Safari/604.1" "-"
3.79.60.0 - - [30/Jan/2024:01:40:20 +0100] "GET /wp-content/plugins/wp-doftx/noimg.php HTTP/1.1" 404 24762 dartmoorrunners.co.uk "http://simplesite.com" "Mozilla/5.0 (Windows; U; Windows NT 5.1; en-US) AppleWebKit/533.4 (KHTML, like Gecko) Chrome/5.0.375.99 Safari/533.4" "-"
82.165.88.0 - - [30/Jan/2024:01:40:21 +0100] "POST /wp-cron.php?doing_wp_cron=1706575221.2664449214935302734375 HTTP/1.1" 200 - dartmoorrunners.co.uk "http://dartmoorrunners.co.uk/wp-cron.php?doing_wp_cron=1706575221.2664449214935302734375" "WordPress/6.1.4; http://dartmoorrunners.co.uk" "-"
23.22.35.0 - - [30/Jan/2024:01:54:19 +0100] "GET /wp-json/oembed/1.0/embed?url=http://dartmoorrunners.co.uk/results/winter-series-2012-results HTTP/1.1" 200 2560 dartmoorrunners.co.uk "-" "Mozilla/5.0 (Macintosh; Intel Mac OS X 10_10_1) AppleWebKit/600.2.5 (KHTML, like Gecko) Version/8.0.2 Safari/600.2.5 (Amazonbot/0.1; +https://developer.amazon.com/support/amazonbot)" "-"
3.224.220.0 - - [30/Jan/2024:01:54:23 +0100] "GET /wp-json/oembed/1.0/%22http:/dartmoorrunners.co.uk/results/winter-series-2012-results/%22 HTTP/1.1" 404 114 dartmoorrunners.co.uk "-" "Mozilla/5.0 (Macintosh; Intel Mac OS X 10_10_1) AppleWebKit/600.2.5 (KHTML, like Gecko) Version/8.0.2 Safari/600.2.5 (Amazonbot/0.1; +https://developer.amazon.com/support/amazonbot)" "-"
23.22.35.0 - - [30/Jan/2024:01:54:35 +0100] "GET /wp-json/oembed/1.0/embed?url=http://dartmoorrunners.co.uk/results/winter-series-2014-results HTTP/1.1" 200 2560 dartmoorrunners.co.uk "-" "Mozilla/5.0 (Macintosh; Intel Mac OS X 10_10_1) AppleWebKit/600.2.5 (KHTML, like Gecko) Version/8.0.2 Safari/600.2.5 (Amazonbot/0.1; +https://developer.amazon.com/support/amazonbot)" "-"
23.22.35.0 - - [30/Jan/2024:01:54:39 +0100] "GET /wp-json/oembed/1.0/%22http:/dartmoorrunners.co.uk/results/winter-series-2014-results/%22 HTTP/1.1" 404 114 dartmoorrunners.co.uk "-" "Mozilla/5.0 (Macintosh; Intel Mac OS X 10_10_1) AppleWebKit/600.2.5 (KHTML, like Gecko) Version/8.0.2 Safari/600.2.5 (Amazonbot/0.1; +https://developer.amazon.com/support/amazonbot)" "-"
52.70.240.0 - - [30/Jan/2024:01:55:47 +0100] "GET /wp-json/oembed/1.0/embed?url=http://dartmoorrunners.co.uk/results/winter-series-2013-results HTTP/1.1" 200 2560 dartmoorrunners.co.uk "-" "Mozilla/5.0 (Macintosh; Intel Mac OS X 10_10_1) AppleWebKit/600.2.5 (KHTML, like Gecko) Version/8.0.2 Safari/600.2.5 (Amazonbot/0.1; +https://developer.amazon.com/support/amazonbot)" "-"
52.70.240.0 - - [30/Jan/2024:01:55:51 +0100] "GET /wp-json/oembed/1.0/%22http:/dartmoorrunners.co.uk/results/winter-series-2013-results/%22 HTTP/1.1" 404 114 dartmoorrunners.co.uk "-" "Mozilla/5.0 (Macintosh; Intel Mac OS X 10_10_1) AppleWebKit/600.2.5 (KHTML, like Gecko) Version/8.0.2 Safari/600.2.5 (Amazonbot/0.1; +https://developer.amazon.com/support/amazonbot)" "-"
3.224.220.0 - - [30/Jan/2024:01:56:35 +0100] "GET /wp-json/oembed/1.0/embed?url=http://dartmoorrunners.co.uk/results/summer-series-2018-results HTTP/1.1" 200 2560 dartmoorrunners.co.uk "-" "Mozilla/5.0 (Macintosh; Intel Mac OS X 10_10_1) AppleWebKit/600.2.5 (KHTML, like Gecko) Version/8.0.2 Safari/600.2.5 (Amazonbot/0.1; +https://developer.amazon.com/support/amazonbot)" "-"
3.224.220.0 - - [30/Jan/2024:01:56:39 +0100] "GET /wp-json/oembed/1.0/%22http:/dartmoorrunners.co.uk/results/summer-series-2018-results/%22 HTTP/1.1" 404 114 dartmoorrunners.co.uk "-" "Mozilla/5.0 (Macintosh; Intel Mac OS X 10_10_1) AppleWebKit/600.2.5 (KHTML, like Gecko) Version/8.0.2 Safari/600.2.5 (Amazonbot/0.1; +https://developer.amazon.com/support/amazonbot)" "-"
52.70.240.0 - - [30/Jan/2024:01:58:15 +0100] "GET /wp-json/oembed/1.0/embed?url=http://dartmoorrunners.co.uk/results/winter-series-2016-results HTTP/1.1" 200 2560 dartmoorrunners.co.uk "-" "Mozilla/5.0 (Macintosh; Intel Mac OS X 10_10_1) AppleWebKit/600.2.5 (KHTML, like Gecko) Version/8.0.2 Safari/600.2.5 (Amazonbot/0.1; +https://developer.amazon.com/support/amazonbot)" "-"
52.70.240.0 - - [30/Jan/2024:01:58:19 +0100] "GET /wp-json/oembed/1.0/%22http:/dartmoorrunners.co.uk/results/winter-series-2016-results/%22 HTTP/1.1" 404 114 dartmoorrunners.co.uk "-" "Mozilla/5.0 (Macintosh; Intel Mac OS X 10_10_1) AppleWebKit/600.2.5 (KHTML, like Gecko) Version/8.0.2 Safari/600.2.5 (Amazonbot/0.1; +https://developer.amazon.com/support/amazonbot)" "-"
23.22.35.0 - - [30/Jan/2024:01:58:31 +0100] "GET /wp-json/oembed/1.0/embed?url=http://dartmoorrunners.co.uk/results/winter-series-2015-results HTTP/1.1" 200 2560 dartmoorrunners.co.uk "-" "Mozilla/5.0 (Macintosh; Intel Mac OS X 10_10_1) AppleWebKit/600.2.5 (KHTML, like Gecko) Version/8.0.2 Safari/600.2.5 (Amazonbot/0.1; +https://developer.amazon.com/support/amazonbot)" "-"
3.224.220.0 - - [30/Jan/2024:01:58:35 +0100] "GET /wp-json/oembed/1.0/%22http:/dartmoorrunners.co.uk/results/winter-series-2015-results/%22 HTTP/1.1" 404 114 dartmoorrunners.co.uk "-" "Mozilla/5.0 (Macintosh; Intel Mac OS X 10_10_1) AppleWebKit/600.2.5 (KHTML, like Gecko) Version/8.0.2 Safari/600.2.5 (Amazonbot/0.1; +https://developer.amazon.com/support/amazonbot)" "-"
52.70.240.0 - - [30/Jan/2024:01:58:51 +0100] "GET /wp-json/oembed/1.0/embed?url=http://dartmoorrunners.co.uk/results/summer-series-2014-results HTTP/1.1" 200 2560 dartmoorrunners.co.uk "-" "Mozilla/5.0 (Macintosh; Intel Mac OS X 10_10_1) AppleWebKit/600.2.5 (KHTML, like Gecko) Version/8.0.2 Safari/600.2.5 (Amazonbot/0.1; +https://developer.amazon.com/support/amazonbot)" "-"
52.70.240.0 - - [30/Jan/2024:01:58:55 +0100] "GET /wp-json/oembed/1.0/%22http:/dartmoorrunners.co.uk/results/summer-series-2014-results/%22 HTTP/1.1" 404 114 dartmoorrunners.co.uk "-" "Mozilla/5.0 (Macintosh; Intel Mac OS X 10_10_1) AppleWebKit/600.2.5 (KHTML, like Gecko) Version/8.0.2 Safari/600.2.5 (Amazonbot/0.1; +https://developer.amazon.com/support/amazonbot)" "-"
52.70.240.0 - - [30/Jan/2024:01:59:31 +0100] "GET /wp-json/oembed/1.0/embed?url=http://dartmoorrunners.co.uk/results/summer-series-2016-results HTTP/1.1" 200 2560 dartmoorrunners.co.uk "-" "Mozilla/5.0 (Macintosh; Intel Mac OS X 10_10_1) AppleWebKit/600.2.5 (KHTML, like Gecko) Version/8.0.2 Safari/600.2.5 (Amazonbot/0.1; +https://developer.amazon.com/support/amazonbot)" "-"
23.22.35.0 - - [30/Jan/2024:01:59:35 +0100] "GET /wp-json/oembed/1.0/%22http:/dartmoorrunners.co.uk/results/summer-series-2016-results/%22 HTTP/1.1" 404 114 dartmoorrunners.co.uk "-" "Mozilla/5.0 (Macintosh; Intel Mac OS X 10_10_1) AppleWebKit/600.2.5 (KHTML, like Gecko) Version/8.0.2 Safari/600.2.5 (Amazonbot/0.1; +https://developer.amazon.com/support/amazonbot)" "-"
52.70.240.0 - - [30/Jan/2024:01:59:51 +0100] "GET /wp-json/oembed/1.0/embed?url=http://dartmoorrunners.co.uk/results/summer-series-2013-results HTTP/1.1" 200 2560 dartmoorrunners.co.uk "-" "Mozilla/5.0 (Macintosh; Intel Mac OS X 10_10_1) AppleWebKit/600.2.5 (KHTML, like Gecko) Version/8.0.2 Safari/600.2.5 (Amazonbot/0.1; +https://developer.amazon.com/support/amazonbot)" "-"
52.70.240.0 - - [30/Jan/2024:01:59:55 +0100] "GET /wp-json/oembed/1.0/%22http:/dartmoorrunners.co.uk/results/summer-series-2013-results/%22 HTTP/1.1" 404 114 dartmoorrunners.co.uk "-" "Mozilla/5.0 (Macintosh; Intel Mac OS X 10_10_1) AppleWebKit/600.2.5 (KHTML, like Gecko) Version/8.0.2 Safari/600.2.5 (Amazonbot/0.1; +https://developer.amazon.com/support/amazonbot)" "-"
2a03:b0c0:: - - [30/Jan/2024:02:01:42 +0100] "POST /xmlrpc.php HTTP/1.1" 200 403 dartmoorrunners.co.uk "-" "Mozilla/5.0 (Windows NT 10.0; Win64; x64; rv:79.0) Gecko/20100101 Firefox/79.0" "-"
23.22.35.0 - - [30/Jan/2024:02:02:47 +0100] "GET /wp-json/oembed/1.0/embed?url=http://dartmoorrunners.co.uk/results/summer-series-2012-results HTTP/1.1" 200 2560 dartmoorrunners.co.uk "-" "Mozilla/5.0 (Macintosh; Intel Mac OS X 10_10_1) AppleWebKit/600.2.5 (KHTML, like Gecko) Version/8.0.2 Safari/600.2.5 (Amazonbot/0.1; +https://developer.amazon.com/support/amazonbot)" "-"
3.224.220.0 - - [30/Jan/2024:02:02:51 +0100] "GET /wp-json/oembed/1.0/%22http:/dartmoorrunners.co.uk/results/summer-series-2012-results/%22 HTTP/1.1" 404 114 dartmoorrunners.co.uk "-" "Mozilla/5.0 (Macintosh; Intel Mac OS X 10_10_1) AppleWebKit/600.2.5 (KHTML, like Gecko) Version/8.0.2 Safari/600.2.5 (Amazonbot/0.1; +https://developer.amazon.com/support/amazonbot)" "-"
52.70.240.0 - - [30/Jan/2024:02:03:11 +0100] "GET /wp-json/oembed/1.0/embed?url=http://dartmoorrunners.co.uk/results/summer-series-2017-results HTTP/1.1" 200 2560 dartmoorrunners.co.uk "-" "Mozilla/5.0 (Macintosh; Intel Mac OS X 10_10_1) AppleWebKit/600.2.5 (KHTML, like Gecko) Version/8.0.2 Safari/600.2.5 (Amazonbot/0.1; +https://developer.amazon.com/support/amazonbot)" "-"
3.224.220.0 - - [30/Jan/2024:02:03:15 +0100] "GET /wp-json/oembed/1.0/%22http:/dartmoorrunners.co.uk/results/summer-series-2017-results/%22 HTTP/1.1" 404 114 dartmoorrunners.co.uk "-" "Mozilla/5.0 (Macintosh; Intel Mac OS X 10_10_1) AppleWebKit/600.2.5 (KHTML, like Gecko) Version/8.0.2 Safari/600.2.5 (Amazonbot/0.1; +https://developer.amazon.com/support/amazonbot)" "-"
3.224.220.0 - - [30/Jan/2024:02:04:23 +0100] "GET /wp-json/oembed/1.0/embed?url=http://dartmoorrunners.co.uk/results/summer-series-2015-results HTTP/1.1" 200 2560 dartmoorrunners.co.uk "-" "Mozilla/5.0 (Macintosh; Intel Mac OS X 10_10_1) AppleWebKit/600.2.5 (KHTML, like Gecko) Version/8.0.2 Safari/600.2.5 (Amazonbot/0.1; +https://developer.amazon.com/support/amazonbot)" "-"
3.224.220.0 - - [30/Jan/2024:02:04:27 +0100] "GET /wp-json/oembed/1.0/%22http:/dartmoorrunners.co.uk/results/summer-series-2015-results/%22 HTTP/1.1" 404 114 dartmoorrunners.co.uk "-" "Mozilla/5.0 (Macintosh; Intel Mac OS X 10_10_1) AppleWebKit/600.2.5 (KHTML, like Gecko) Version/8.0.2 Safari/600.2.5 (Amazonbot/0.1; +https://developer.amazon.com/support/amazonbot)" "-"
23.22.35.0 - - [30/Jan/2024:02:04:31 +0100] "GET /wp-json/oembed/1.0/embed?url=http://dartmoorrunners.co.uk/results/winter-series-2011-results HTTP/1.1" 200 2560 dartmoorrunners.co.uk "-" "Mozilla/5.0 (Macintosh; Intel Mac OS X 10_10_1) AppleWebKit/600.2.5 (KHTML, like Gecko) Version/8.0.2 Safari/600.2.5 (Amazonbot/0.1; +https://developer.amazon.com/support/amazonbot)" "-"
52.70.240.0 - - [30/Jan/2024:02:04:35 +0100] "GET /wp-json/oembed/1.0/%22http:/dartmoorrunners.co.uk/results/winter-series-2011-results/%22 HTTP/1.1" 404 114 dartmoorrunners.co.uk "-" "Mozilla/5.0 (Macintosh; Intel Mac OS X 10_10_1) AppleWebKit/600.2.5 (KHTML, like Gecko) Version/8.0.2 Safari/600.2.5 (Amazonbot/0.1; +https://developer.amazon.com/support/amazonbot)" "-"
52.70.240.0 - - [30/Jan/2024:02:06:43 +0100] "GET /wp-json/oembed/1.0/embed?url=http://dartmoorrunners.co.uk/winter-series-2022-results HTTP/1.1" 200 2542 dartmoorrunners.co.uk "-" "Mozilla/5.0 (Macintosh; Intel Mac OS X 10_10_1) AppleWebKit/600.2.5 (KHTML, like Gecko) Version/8.0.2 Safari/600.2.5 (Amazonbot/0.1; +https://developer.amazon.com/support/amazonbot)" "-"
23.22.35.0 - - [30/Jan/2024:02:06:48 +0100] "GET /wp-json/oembed/1.0/%22http:/dartmoorrunners.co.uk/winter-series-2022-results/%22 HTTP/1.1" 404 114 dartmoorrunners.co.uk "-" "Mozilla/5.0 (Macintosh; Intel Mac OS X 10_10_1) AppleWebKit/600.2.5 (KHTML, like Gecko) Version/8.0.2 Safari/600.2.5 (Amazonbot/0.1; +https://developer.amazon.com/support/amazonbot)" "-"
52.70.240.0 - - [30/Jan/2024:02:07:20 +0100] "GET /wp-json/oembed/1.0/embed?url=http://dartmoorrunners.co.uk/winter-series-results-2018 HTTP/1.1" 200 2542 dartmoorrunners.co.uk "-" "Mozilla/5.0 (Macintosh; Intel Mac OS X 10_10_1) AppleWebKit/600.2.5 (KHTML, like Gecko) Version/8.0.2 Safari/600.2.5 (Amazonbot/0.1; +https://developer.amazon.com/support/amazonbot)" "-"
23.22.35.0 - - [30/Jan/2024:02:07:23 +0100] "GET /wp-json/oembed/1.0/%22http:/dartmoorrunners.co.uk/winter-series-results-2018/%22 HTTP/1.1" 404 114 dartmoorrunners.co.uk "-" "Mozilla/5.0 (Macintosh; Intel Mac OS X 10_10_1) AppleWebKit/600.2.5 (KHTML, like Gecko) Version/8.0.2 Safari/600.2.5 (Amazonbot/0.1; +https://developer.amazon.com/support/amazonbot)" "-"
3.224.220.0 - - [30/Jan/2024:02:07:47 +0100] "GET /wp-json/oembed/1.0/embed?url=http://dartmoorrunners.co.uk/winter-series-results-2017 HTTP/1.1" 200 2542 dartmoorrunners.co.uk "-" "Mozilla/5.0 (Macintosh; Intel Mac OS X 10_10_1) AppleWebKit/600.2.5 (KHTML, like Gecko) Version/8.0.2 Safari/600.2.5 (Amazonbot/0.1; +https://developer.amazon.com/support/amazonbot)" "-"
3.224.220.0 - - [30/Jan/2024:02:07:51 +0100] "GET /wp-json/oembed/1.0/%22http:/dartmoorrunners.co.uk/winter-series-results-2017/%22 HTTP/1.1" 404 114 dartmoorrunners.co.uk "-" "Mozilla/5.0 (Macintosh; Intel Mac OS X 10_10_1) AppleWebKit/600.2.5 (KHTML, like Gecko) Version/8.0.2 Safari/600.2.5 (Amazonbot/0.1; +https://developer.amazon.com/support/amazonbot)" "-"
3.224.220.0 - - [30/Jan/2024:02:08:59 +0100] "GET /wp-json/oembed/1.0/embed?url=http://dartmoorrunners.co.uk/winter-series-2019-results HTTP/1.1" 200 2542 dartmoorrunners.co.uk "-" "Mozilla/5.0 (Macintosh; Intel Mac OS X 10_10_1) AppleWebKit/600.2.5 (KHTML, like Gecko) Version/8.0.2 Safari/600.2.5 (Amazonbot/0.1; +https://developer.amazon.com/support/amazonbot)" "-"
23.22.35.0 - - [30/Jan/2024:02:09:03 +0100] "GET /wp-json/oembed/1.0/%22http:/dartmoorrunners.co.uk/winter-series-2019-results/%22 HTTP/1.1" 404 114 dartmoorrunners.co.uk "-" "Mozilla/5.0 (Macintosh; Intel Mac OS X 10_10_1) AppleWebKit/600.2.5 (KHTML, like Gecko) Version/8.0.2 Safari/600.2.5 (Amazonbot/0.1; +https://developer.amazon.com/support/amazonbot)" "-"
3.224.220.0 - - [30/Jan/2024:02:09:15 +0100] "GET /wp-json/oembed/1.0/embed?url=http://dartmoorrunners.co.uk/summer-series-2019-results HTTP/1.1" 200 2542 dartmoorrunners.co.uk "-" "Mozilla/5.0 (Macintosh; Intel Mac OS X 10_10_1) AppleWebKit/600.2.5 (KHTML, like Gecko) Version/8.0.2 Safari/600.2.5 (Amazonbot/0.1; +https://developer.amazon.com/support/amazonbot)" "-"
52.70.240.0 - - [30/Jan/2024:02:09:19 +0100] "GET /wp-json/oembed/1.0/%22http:/dartmoorrunners.co.uk/summer-series-2019-results/%22 HTTP/1.1" 404 114 dartmoorrunners.co.uk "-" "Mozilla/5.0 (Macintosh; Intel Mac OS X 10_10_1) AppleWebKit/600.2.5 (KHTML, like Gecko) Version/8.0.2 Safari/600.2.5 (Amazonbot/0.1; +https://developer.amazon.com/support/amazonbot)" "-"
3.224.220.0 - - [30/Jan/2024:02:09:31 +0100] "GET /wp-json/oembed/1.0/embed?url=http://dartmoorrunners.co.uk/current-series-dates HTTP/1.1" 200 2524 dartmoorrunners.co.uk "-" "Mozilla/5.0 (Macintosh; Intel Mac OS X 10_10_1) AppleWebKit/600.2.5 (KHTML, like Gecko) Version/8.0.2 Safari/600.2.5 (Amazonbot/0.1; +https://developer.amazon.com/support/amazonbot)" "-"
23.22.35.0 - - [30/Jan/2024:02:09:35 +0100] "GET /wp-json/oembed/1.0/%22http:/dartmoorrunners.co.uk/current-series-dates/%22 HTTP/1.1" 404 114 dartmoorrunners.co.uk "-" "Mozilla/5.0 (Macintosh; Intel Mac OS X 10_10_1) AppleWebKit/600.2.5 (KHTML, like Gecko) Version/8.0.2 Safari/600.2.5 (Amazonbot/0.1; +https://developer.amazon.com/support/amazonbot)" "-"
23.22.35.0 - - [30/Jan/2024:02:10:15 +0100] "GET /wp-json/oembed/1.0/embed?url=http://dartmoorrunners.co.uk/winter-series-2023 HTTP/1.1" 200 2502 dartmoorrunners.co.uk "-" "Mozilla/5.0 (Macintosh; Intel Mac OS X 10_10_1) AppleWebKit/600.2.5 (KHTML, like Gecko) Version/8.0.2 Safari/600.2.5 (Amazonbot/0.1; +https://developer.amazon.com/support/amazonbot)" "-"
3.224.220.0 - - [30/Jan/2024:02:10:19 +0100] "GET /wp-json/oembed/1.0/%22http:/dartmoorrunners.co.uk/winter-series-2023/%22 HTTP/1.1" 404 114 dartmoorrunners.co.uk "-" "Mozilla/5.0 (Macintosh; Intel Mac OS X 10_10_1) AppleWebKit/600.2.5 (KHTML, like Gecko) Version/8.0.2 Safari/600.2.5 (Amazonbot/0.1; +https://developer.amazon.com/support/amazonbot)" "-"
52.70.240.0 - - [30/Jan/2024:02:10:23 +0100] "GET /wp-json/oembed/1.0/embed?url=http://dartmoorrunners.co.uk/summer-series-2023 HTTP/1.1" 200 2502 dartmoorrunners.co.uk "-" "Mozilla/5.0 (Macintosh; Intel Mac OS X 10_10_1) AppleWebKit/600.2.5 (KHTML, like Gecko) Version/8.0.2 Safari/600.2.5 (Amazonbot/0.1; +https://developer.amazon.com/support/amazonbot)" "-"
23.22.35.0 - - [30/Jan/2024:02:10:27 +0100] "GET /wp-json/oembed/1.0/%22http:/dartmoorrunners.co.uk/summer-series-2023/%22 HTTP/1.1" 404 114 dartmoorrunners.co.uk "-" "Mozilla/5.0 (Macintosh; Intel Mac OS X 10_10_1) AppleWebKit/600.2.5 (KHTML, like Gecko) Version/8.0.2 Safari/600.2.5 (Amazonbot/0.1; +https://developer.amazon.com/support/amazonbot)" "-"
3.224.220.0 - - [30/Jan/2024:02:10:39 +0100] "GET /wp-json/oembed/1.0/embed?url=http://dartmoorrunners.co.uk/results HTTP/1.1" 200 2447 dartmoorrunners.co.uk "-" "Mozilla/5.0 (Macintosh; Intel Mac OS X 10_10_1) AppleWebKit/600.2.5 (KHTML, like Gecko) Version/8.0.2 Safari/600.2.5 (Amazonbot/0.1; +https://developer.amazon.com/support/amazonbot)" "-"
3.224.220.0 - - [30/Jan/2024:02:10:43 +0100] "GET /wp-json/oembed/1.0/%22http:/dartmoorrunners.co.uk/results/%22 HTTP/1.1" 404 114 dartmoorrunners.co.uk "-" "Mozilla/5.0 (Macintosh; Intel Mac OS X 10_10_1) AppleWebKit/600.2.5 (KHTML, like Gecko) Version/8.0.2 Safari/600.2.5 (Amazonbot/0.1; +https://developer.amazon.com/support/amazonbot)" "-"
3.224.220.0 - - [30/Jan/2024:02:11:31 +0100] "GET /wp-json/oembed/1.0/embed?url=http://dartmoorrunners.co.uk/ HTTP/1.1" 200 2425 dartmoorrunners.co.uk "-" "Mozilla/5.0 (Macintosh; Intel Mac OS X 10_10_1) AppleWebKit/600.2.5 (KHTML, like Gecko) Version/8.0.2 Safari/600.2.5 (Amazonbot/0.1; +https://developer.amazon.com/support/amazonbot)" "-"
52.70.240.0 - - [30/Jan/2024:02:11:38 +0100] "GET /wp-json/oembed/1.0/%22http:/dartmoorrunners.co.uk/%22 HTTP/1.1" 404 114 dartmoorrunners.co.uk "-" "Mozilla/5.0 (Macintosh; Intel Mac OS X 10_10_1) AppleWebKit/600.2.5 (KHTML, like Gecko) Version/8.0.2 Safari/600.2.5 (Amazonbot/0.1; +https://developer.amazon.com/support/amazonbot)" "-"
3.224.220.0 - - [30/Jan/2024:02:11:39 +0100] "GET /wp-json/wp/v2/pages/2 HTTP/1.1" 200 8903 dartmoorrunners.co.uk "-" "Mozilla/5.0 (Macintosh; Intel Mac OS X 10_10_1) AppleWebKit/600.2.5 (KHTML, like Gecko) Version/8.0.2 Safari/600.2.5 (Amazonbot/0.1; +https://developer.amazon.com/support/amazonbot)" "-"
3.224.220.0 - - [30/Jan/2024:02:11:43 +0100] "GET /wp-json/wp/v2/pages/%22http:/dartmoorrunners.co.uk/%22 HTTP/1.1" 404 114 dartmoorrunners.co.uk "-" "Mozilla/5.0 (Macintosh; Intel Mac OS X 10_10_1) AppleWebKit/600.2.5 (KHTML, like Gecko) Version/8.0.2 Safari/600.2.5 (Amazonbot/0.1; +https://developer.amazon.com/support/amazonbot)" "-"
3.224.220.0 - - [30/Jan/2024:02:11:47 +0100] "GET /wp-json/wp/v2/pages/%22https:/www.facebook.com/DartmoorRunners/%22 HTTP/1.1" 404 114 dartmoorrunners.co.uk "-" "Mozilla/5.0 (Macintosh; Intel Mac OS X 10_10_1) AppleWebKit/600.2.5 (KHTML, like Gecko) Version/8.0.2 Safari/600.2.5 (Amazonbot/0.1; +https://developer.amazon.com/support/amazonbot)" "-"
3.224.220.0 - - [30/Jan/2024:02:12:07 +0100] "GET /wp-json/wp/v2/pages/%22http:/www.dartmoor.gov.uk/wildlife-and-heritage/wildlife/birds/birds-nesting/%22 HTTP/1.1" 404 114 dartmoorrunners.co.uk "-" "Mozilla/5.0 (Macintosh; Intel Mac OS X 10_10_1) AppleWebKit/600.2.5 (KHTML, like Gecko) Version/8.0.2 Safari/600.2.5 (Amazonbot/0.1; +https://developer.amazon.com/support/amazonbot)" "-"
108.167.189.0 - - [30/Jan/2024:02:35:04 +0100] "GET /wp-content/index.php HTTP/1.1" 200 - dartmoorrunners.co.uk "http://simplesite.com" "Mozilla/5.0 (Windows; U; Windows NT 5.1; en-US) AppleWebKit/533.4 (KHTML, like Gecko) Chrome/5.0.375.99 Safari/533.4" "-"
212.227.216.0 - - [30/Jan/2024:02:55:05 +0100] "GET /robots.txt HTTP/1.1" 200 121 dartmoorrunners.co.uk "-" "IonCrawl (https://www.ionos.de/terms-gtc/faq-crawler-en/)" "-"
82.165.88.0 - - [30/Jan/2024:02:55:06 +0100] "POST /wp-cron.php?doing_wp_cron=1706579706.0798571109771728515625 HTTP/1.1" 200 - dartmoorrunners.co.uk "http://dartmoorrunners.co.uk/wp-cron.php?doing_wp_cron=1706579706.0798571109771728515625" "WordPress/6.1.4; http://dartmoorrunners.co.uk" "-"
212.227.216.0 - - [30/Jan/2024:02:57:20 +0100] "GET /wp-sitemap.xml HTTP/1.1" 200 562 dartmoorrunners.co.uk "-" "IonCrawl (https://www.ionos.de/terms-gtc/faq-crawler-en/)" "-"
212.227.216.0 - - [30/Jan/2024:02:59:45 +0100] "GET / HTTP/1.1" 200 31574 dartmoorrunners.co.uk "-" "IonCrawl (https://www.ionos.de/terms-gtc/faq-crawler-en/)" "-"
212.227.216.0 - - [30/Jan/2024:03:07:11 +0100] "GET /results/summer-series-2018-results HTTP/1.1" 200 25796 dartmoorrunners.co.uk "-" "IonCrawl (https://www.ionos.de/terms-gtc/faq-crawler-en/)" "-"
212.227.216.0 - - [30/Jan/2024:03:07:12 +0100] "GET / HTTP/1.1" 200 31574 dartmoorrunners.co.uk "-" "IonCrawl (https://www.ionos.de/terms-gtc/faq-crawler-en/)" "-"
212.227.216.0 - - [30/Jan/2024:03:07:13 +0100] "GET /results/winter-series-2014-results HTTP/1.1" 200 25684 dartmoorrunners.co.uk "-" "IonCrawl (https://www.ionos.de/terms-gtc/faq-crawler-en/)" "-"
212.227.216.0 - - [30/Jan/2024:03:07:14 +0100] "GET /results/summer-series-2012-results HTTP/1.1" 200 39431 dartmoorrunners.co.uk "-" "IonCrawl (https://www.ionos.de/terms-gtc/faq-crawler-en/)" "-"
212.227.216.0 - - [30/Jan/2024:03:07:15 +0100] "GET /results/winter-series-2013-results HTTP/1.1" 200 25733 dartmoorrunners.co.uk "-" "IonCrawl (https://www.ionos.de/terms-gtc/faq-crawler-en/)" "-"
212.227.216.0 - - [30/Jan/2024:03:07:15 +0100] "GET /results/winter-series-2012-results HTTP/1.1" 200 25916 dartmoorrunners.co.uk "-" "IonCrawl (https://www.ionos.de/terms-gtc/faq-crawler-en/)" "-"
212.227.216.0 - - [30/Jan/2024:03:07:17 +0100] "GET /summer-series-2023 HTTP/1.1" 200 27249 dartmoorrunners.co.uk "-" "IonCrawl (https://www.ionos.de/terms-gtc/faq-crawler-en/)" "-"
212.227.216.0 - - [30/Jan/2024:03:07:17 +0100] "GET /results/summer-series-2013-results HTTP/1.1" 200 25695 dartmoorrunners.co.uk "-" "IonCrawl (https://www.ionos.de/terms-gtc/faq-crawler-en/)" "-"
212.227.216.0 - - [30/Jan/2024:03:07:17 +0100] "GET /results/summer-series-2015-results HTTP/1.1" 200 25684 dartmoorrunners.co.uk "-" "IonCrawl (https://www.ionos.de/terms-gtc/faq-crawler-en/)" "-"
212.227.216.0 - - [30/Jan/2024:03:07:17 +0100] "GET /results HTTP/1.1" 200 25107 dartmoorrunners.co.uk "-" "IonCrawl (https://www.ionos.de/terms-gtc/faq-crawler-en/)" "-"
212.227.216.0 - - [30/Jan/2024:03:07:17 +0100] "GET /results/winter-series-2011-results HTTP/1.1" 200 44855 dartmoorrunners.co.uk "-" "IonCrawl (https://www.ionos.de/terms-gtc/faq-crawler-en/)" "-"
212.227.216.0 - - [30/Jan/2024:03:07:18 +0100] "GET /results/summer-series-2016-results HTTP/1.1" 200 25699 dartmoorrunners.co.uk "-" "IonCrawl (https://www.ionos.de/terms-gtc/faq-crawler-en/)" "-"
212.227.216.0 - - [30/Jan/2024:03:07:19 +0100] "GET /summer-series-2019-results HTTP/1.1" 200 25726 dartmoorrunners.co.uk "-" "IonCrawl (https://www.ionos.de/terms-gtc/faq-crawler-en/)" "-"
212.227.216.0 - - [30/Jan/2024:03:07:19 +0100] "GET /results/summer-series-2017-results HTTP/1.1" 200 25705 dartmoorrunners.co.uk "-" "IonCrawl (https://www.ionos.de/terms-gtc/faq-crawler-en/)" "-"
212.227.216.0 - - [30/Jan/2024:03:07:20 +0100] "GET /results/winter-series-2016-results HTTP/1.1" 200 25694 dartmoorrunners.co.uk "-" "IonCrawl (https://www.ionos.de/terms-gtc/faq-crawler-en/)" "-"
212.227.216.0 - - [30/Jan/2024:03:07:20 +0100] "GET /winter-series-2019-results HTTP/1.1" 200 25726 dartmoorrunners.co.uk "-" "IonCrawl (https://www.ionos.de/terms-gtc/faq-crawler-en/)" "-"
212.227.216.0 - - [30/Jan/2024:03:07:20 +0100] "GET /results/summer-series-2014-results HTTP/1.1" 200 25684 dartmoorrunners.co.uk "-" "IonCrawl (https://www.ionos.de/terms-gtc/faq-crawler-en/)" "-"
212.227.216.0 - - [30/Jan/2024:03:07:21 +0100] "GET /results/winter-series-2015-results HTTP/1.1" 200 25699 dartmoorrunners.co.uk "-" "IonCrawl (https://www.ionos.de/terms-gtc/faq-crawler-en/)" "-"
212.227.216.0 - - [30/Jan/2024:03:07:21 +0100] "GET /current-series-dates HTTP/1.1" 200 27886 dartmoorrunners.co.uk "-" "IonCrawl (https://www.ionos.de/terms-gtc/faq-crawler-en/)" "-"
2600:3c04:: - - [30/Jan/2024:03:11:48 +0100] "POST /xmlrpc.php HTTP/1.1" 200 403 dartmoorrunners.co.uk "-" "Mozilla/5.0 (Windows NT 10.0; Win64; x64; rv:46.0) Gecko/20100101 Firefox/46.0" "-"
178.20.55.0 - - [30/Jan/2024:03:21:11 +0100] "POST /xmlrpc.php HTTP/1.1" 200 403 dartmoorrunners.co.uk "-" "Mozilla/5.0 (Windows NT 10.0; Win64; x64) AppleWebKit/537.36 (KHTML, like Gecko) Chrome/78.0.3904.108 Safari/537.36" "-"
178.20.55.0 - - [30/Jan/2024:03:21:12 +0100] "POST /xmlrpc.php HTTP/1.1" 200 403 dartmoorrunners.co.uk "-" "Mozilla/5.0 (Windows NT 10.0; Win64; x64) AppleWebKit/537.36 (KHTML, like Gecko) Chrome/78.0.3904.108 Safari/537.36" "-"
178.20.55.0 - - [30/Jan/2024:03:21:13 +0100] "POST /xmlrpc.php HTTP/1.1" 403 618 dartmoorrunners.co.uk "-" "Mozilla/5.0 (Windows NT 10.0; Win64; x64) AppleWebKit/537.36 (KHTML, like Gecko) Chrome/78.0.3904.108 Safari/537.36" "-"
178.20.55.0 - - [30/Jan/2024:03:21:14 +0100] "POST /xmlrpc.php HTTP/1.1" 403 618 dartmoorrunners.co.uk "-" "Mozilla/5.0 (Windows NT 10.0; Win64; x64) AppleWebKit/537.36 (KHTML, like Gecko) Chrome/78.0.3904.108 Safari/537.36" "-"
178.20.55.0 - - [30/Jan/2024:03:21:15 +0100] "POST /xmlrpc.php HTTP/1.1" 403 618 dartmoorrunners.co.uk "-" "Mozilla/5.0 (Windows NT 10.0; Win64; x64) AppleWebKit/537.36 (KHTML, like Gecko) Chrome/78.0.3904.108 Safari/537.36" "-"
95.108.213.0 - - [30/Jan/2024:03:35:27 +0100] "GET /robots.txt HTTP/1.1" 200 121 dartmoorrunners.co.uk "-" "Mozilla/5.0 (compatible; YandexBot/3.0; +http://yandex.com/bots)" "-"
82.165.88.0 - - [30/Jan/2024:03:35:27 +0100] "POST /wp-cron.php?doing_wp_cron=1706582127.7529449462890625000000 HTTP/1.1" 200 - dartmoorrunners.co.uk "http://dartmoorrunners.co.uk/wp-cron.php?doing_wp_cron=1706582127.7529449462890625000000" "WordPress/6.1.4; http://dartmoorrunners.co.uk" "-"
87.250.224.0 - - [30/Jan/2024:03:35:29 +0100] "GET / HTTP/1.1" 200 31574 dartmoorrunners.co.uk "-" "Mozilla/5.0 (compatible; YandexBot/3.0; +http://yandex.com/bots)" "-"
5.255.231.0 - - [30/Jan/2024:03:37:32 +0100] "GET / HTTP/1.1" 200 31574 dartmoorrunners.co.uk "-" "Mozilla/5.0 (compatible; YandexBot/3.0; +http://yandex.com/bots)" "-"
5.255.231.0 - - [30/Jan/2024:03:50:32 +0100] "GET /robots.txt HTTP/1.1" 301 - www.dartmoorrunners.co.uk "-" "Mozilla/5.0 (compatible; YandexBot/3.0; +http://yandex.com/bots)" "-"
5.255.231.0 - - [30/Jan/2024:03:50:32 +0100] "GET /robots.txt HTTP/1.1" 200 121 dartmoorrunners.co.uk "-" "Mozilla/5.0 (compatible; YandexBot/3.0; +http://yandex.com/bots)" "-"
5.255.231.0 - - [30/Jan/2024:03:50:33 +0100] "GET / HTTP/1.1" 301 - www.dartmoorrunners.co.uk "-" "Mozilla/5.0 (compatible; YandexBot/3.0; +http://yandex.com/bots)" "-"
5.255.231.0 - - [30/Jan/2024:03:52:37 +0100] "GET / HTTP/1.1" 301 - www.dartmoorrunners.co.uk "-" "Mozilla/5.0 (compatible; YandexBot/3.0; +http://yandex.com/bots)" "-"
18.141.143.0 - - [30/Jan/2024:04:07:47 +0100] "POST /wp-login.php HTTP/1.1" 200 9047 dartmoorrunners.co.uk "http://dartmoorrunners.co.uk/" "Mozilla/5.0 (Windows NT 6.1; WOW64; Trident/7.0; rv:11.0) like Gecko" "-"
54.254.10.0 - - [30/Jan/2024:04:07:50 +0100] "POST /wp-login.php HTTP/1.1" 200 9057 dartmoorrunners.co.uk "http://dartmoorrunners.co.uk/" "Mozilla/5.0 (Windows NT 6.1; WOW64; Trident/7.0; rv:11.0) like Gecko" "-"
162.19.127.0 - - [30/Jan/2024:04:08:12 +0100] "GET /.env HTTP/1.1" 404 24762 dartmoorrunners.co.uk "-" "Mozilla/5.0 (Linux; U; Android 4.4.2; en-US; HM NOTE 1W Build/KOT49H) AppleWebKit/534.30 (KHTML, like Gecko) Version/4.0 UCBrowser/11.0.5.850 U3/0.8.0 Mobile Safari/534.30" "-"
162.19.127.0 - - [30/Jan/2024:04:08:32 +0100] "POST / HTTP/1.1" 200 31574 dartmoorrunners.co.uk "-" "Mozilla/5.0 (Linux; U; Android 4.4.2; en-US; HM NOTE 1W Build/KOT49H) AppleWebKit/534.30 (KHTML, like Gecko) Version/4.0 UCBrowser/11.0.5.850 U3/0.8.0 Mobile Safari/534.30" "-"
2a03:b0c0:: - - [30/Jan/2024:04:21:07 +0100] "POST /xmlrpc.php HTTP/1.1" 200 403 dartmoorrunners.co.uk "-" "Mozilla/5.0 (Windows NT 10.0; Win64; x64; rv:69.0) Gecko/20100101 Firefox/69.0" "-"
66.249.76.0 - - [30/Jan/2024:04:28:03 +0100] "GET /ads.txt HTTP/1.1" 200 160 dartmoorrunners.co.uk "-" "Mozilla/5.0 (compatible; Googlebot/2.1; +http://www.google.com/bot.html)" "-"
82.165.88.0 - - [30/Jan/2024:04:31:38 +0100] "POST /wp-cron.php?doing_wp_cron=1706585498.7533290386199951171875 HTTP/1.1" 200 - dartmoorrunners.co.uk "http://dartmoorrunners.co.uk/wp-cron.php?doing_wp_cron=1706585498.7533290386199951171875" "WordPress/6.1.4; http://dartmoorrunners.co.uk" "-"
207.46.13.0 - - [30/Jan/2024:04:31:38 +0100] "GET /wp-sitemap-posts-post-1.xml HTTP/1.1" 200 258 dartmoorrunners.co.uk "-" "Mozilla/5.0 AppleWebKit/537.36 (KHTML, like Gecko; compatible; bingbot/2.0; +http://www.bing.com/bingbot.htm) Chrome/116.0.1938.76 Safari/537.36" "-"
122.201.124.0 - - [30/Jan/2024:04:43:14 +0100] "GET /wp-admin/maint/index.php HTTP/1.1" 301 - dartmoorrunners.co.uk "http://simplesite.com" "Mozilla/5.0 (Windows; U; Windows NT 5.1; en-US) AppleWebKit/533.4 (KHTML, like Gecko) Chrome/5.0.375.99 Safari/533.4" "-"
122.201.124.0 - - [30/Jan/2024:04:43:14 +0100] "GET /wp-admin/maint/ HTTP/1.1" 403 618 dartmoorrunners.co.uk "http://dartmoorrunners.co.uk/wp-admin/maint/index.php" "Mozilla/5.0 (Windows; U; Windows NT 5.1; en-US) AppleWebKit/533.4 (KHTML, like Gecko) Chrome/5.0.375.99 Safari/533.4" "-"
146.70.160.0 - - [30/Jan/2024:05:02:28 +0100] "GET /themes.php HTTP/1.1" 404 24762 dartmoorrunners.co.uk "-" "Mozilla/5.0 (Windows NT 6.1; Win64; x64) AppleWebKit/537.36 (KHTML, like Gecko) Chrome/80.0.3987.149 Safari/537.36" "-"
146.70.160.0 - - [30/Jan/2024:05:02:28 +0100] "GET /about.php HTTP/1.1" 404 24762 dartmoorrunners.co.uk "-" "Mozilla/5.0 (Windows NT 10.0; WOW64) AppleWebKit/537.36 (KHTML, like Gecko) Chrome/72.0.3626.121 Safari/537.36" "-"
146.70.160.0 - - [30/Jan/2024:05:02:28 +0100] "GET /wp-admin/css/colors/blue/CasperExV1.php HTTP/1.1" 404 24762 dartmoorrunners.co.uk "-" "Mozilla/5.0 (Windows NT 6.1; Win64; x64) AppleWebKit/537.36 (KHTML, like Gecko) Chrome/80.0.3987.149 Safari/537.36" "-"
146.70.160.0 - - [30/Jan/2024:05:02:28 +0100] "GET /wp-content/index.php HTTP/1.1" 200 - dartmoorrunners.co.uk "-" "Mozilla/5.0 (Macintosh; Intel Mac OS X 10_15_6) AppleWebKit/537.36 (KHTML, like Gecko) Chrome/84.0.4147.105 Safari/537.36" "-"
146.70.160.0 - - [30/Jan/2024:05:02:29 +0100] "GET /byp.php HTTP/1.1" 404 24762 dartmoorrunners.co.uk "-" "Mozilla/5.0 (Windows NT 10.0; Win64; x64) AppleWebKit/537.36 (KHTML, like Gecko) Chrome/81.0.4044.129 Safari/537.36" "-"
146.70.160.0 - - [30/Jan/2024:05:02:29 +0100] "GET /edit-comments.php HTTP/1.1" 404 24762 dartmoorrunners.co.uk "-" "Mozilla/5.0 (Macintosh; Intel Mac OS X 10_12_6) AppleWebKit/537.36 (KHTML, like Gecko) Chrome/58.0.3029.110 Safari/537.3" "-"
146.70.160.0 - - [30/Jan/2024:05:02:29 +0100] "GET /smm.php HTTP/1.1" 404 24762 dartmoorrunners.co.uk "-" "Mozilla/5.0 (Macintosh; Intel Mac OS X 10_15_6) AppleWebKit/537.36 (KHTML, like Gecko) Chrome/84.0.4147.105 Safari/537.36 OPR/70.0.3728.95" "-"
146.70.160.0 - - [30/Jan/2024:05:02:29 +0100] "GET /cloud.php HTTP/1.1" 404 24762 dartmoorrunners.co.uk "-" "Mozilla/5.0 (Windows NT 6.1; Win64; x64) AppleWebKit/537.36 (KHTML, like Gecko) Chrome/58.0.3029.110 Safari/537.3" "-"
146.70.160.0 - - [30/Jan/2024:05:02:30 +0100] "GET /wp.php HTTP/1.1" 404 24762 dartmoorrunners.co.uk "-" "Mozilla/5.0 (Windows NT 10.0; Win64; x64) AppleWebKit/537.36 (KHTML, like Gecko) Chrome/79.0.3945.79 Safari/537.36" "-"
146.70.160.0 - - [30/Jan/2024:05:02:30 +0100] "GET /1.php HTTP/1.1" 404 24762 dartmoorrunners.co.uk "-" "Mozilla/5.0 (Windows NT 10.0; Win64; x64; rv:73.0) Gecko/20100101 Firefox/73.0" "-"
146.70.160.0 - - [30/Jan/2024:05:02:30 +0100] "GET /classwithtostring.php HTTP/1.1" 404 24762 dartmoorrunners.co.uk "-" "Mozilla/5.0 (Macintosh; Intel Mac OS X 10_15_6) AppleWebKit/537.36 (KHTML, like Gecko) Chrome/84.0.4147.125 Safari/537.36" "-"
146.70.160.0 - - [30/Jan/2024:05:02:30 +0100] "GET /admin.php HTTP/1.1" 404 24762 dartmoorrunners.co.uk "-" "Mozilla/5.0 (X11; Linux x86_64) AppleWebKit/537.36 (KHTML, like Gecko) Chrome/84.0.4147.105 Safari/537.36 OPR/70.0.3728.95" "-"
146.70.160.0 - - [30/Jan/2024:05:02:31 +0100] "GET /gecko.php HTTP/1.1" 404 24762 dartmoorrunners.co.uk "-" "Mozilla/5.0 (Windows NT 10.0; Win64; x64) AppleWebKit/537.36 (KHTML, like Gecko) Chrome/75.0.3770.100 Safari/537.36" "-"
146.70.160.0 - - [30/Jan/2024:05:02:31 +0100] "GET /mini.php HTTP/1.1" 404 24762 dartmoorrunners.co.uk "-" "Mozilla/5.0 (Windows NT 10.0; WOW64; x64) AppleWebKit/537.36 (KHTML, like Gecko) Chrome/84.0.4147.105 Safari/537.36 OPR/70.0.3728.95" "-"
146.70.160.0 - - [30/Jan/2024:05:02:31 +0100] "GET /user.php HTTP/1.1" 404 24762 dartmoorrunners.co.uk "-" "Mozilla/5.0 (Windows NT 10.0; Win64; x64) AppleWebKit/537.36 (KHTML, like Gecko) Chrome/84.0.4147.105 Safari/537.36" "-"
146.70.160.0 - - [30/Jan/2024:05:02:31 +0100] "GET /0z.php HTTP/1.1" 404 24762 dartmoorrunners.co.uk "-" "Mozilla/5.0 (Windows NT 10.0; Win64; x64; rv:72.0) Gecko/20100101 Firefox/72.0" "-"
146.70.160.0 - - [30/Jan/2024:05:02:32 +0100] "GET /wp-content/plugins/index.php HTTP/1.1" 200 - dartmoorrunners.co.uk "-" "Mozilla/5.0 (Windows NT 10.0; Win64; x64; rv:75.0) Gecko/20100101 Firefox/75.0" "-"
146.70.160.0 - - [30/Jan/2024:05:02:32 +0100] "GET /xl2023.php HTTP/1.1" 404 24762 dartmoorrunners.co.uk "-" "Mozilla/5.0 (X11; Linux x86_64) AppleWebKit/537.36 (KHTML, like Gecko) Chrome/84.0.4147.105 Safari/537.36" "-"
146.70.160.0 - - [30/Jan/2024:05:02:32 +0100] "GET /log.php HTTP/1.1" 404 24762 dartmoorrunners.co.uk "-" "Mozilla/5.0 (Windows NT 6.1; Win64; x64) AppleWebKit/537.36 (KHTML, like Gecko) Chrome/74.0.3729.169 Safari/537.36" "-"
146.70.160.0 - - [30/Jan/2024:05:02:32 +0100] "GET /upload.php HTTP/1.1" 404 24762 dartmoorrunners.co.uk "-" "Mozilla/5.0 (Windows NT 10.0; Win64; x64) AppleWebKit/537.36 (KHTML, like Gecko) Chrome/81.0.4044.129 Safari/537.36" "-"
146.70.160.0 - - [30/Jan/2024:05:02:33 +0100] "GET /lufix.php HTTP/1.1" 404 24762 dartmoorrunners.co.uk "-" "Mozilla/5.0 (Windows NT 6.1; Win64; x64) AppleWebKit/537.36 (KHTML, like Gecko) Chrome/74.0.3729.169 Safari/537.36" "-"
146.70.160.0 - - [30/Jan/2024:05:02:33 +0100] "GET /plugins.php HTTP/1.1" 404 24762 dartmoorrunners.co.uk "-" "Mozilla/5.0 (Windows NT 10.0; Win64; x64; rv:74.0) Gecko/20100101 Firefox/74.0" "-"
146.70.160.0 - - [30/Jan/2024:05:02:33 +0100] "GET /small.php HTTP/1.1" 404 24762 dartmoorrunners.co.uk "-" "Mozilla/5.0 (compatible; MSIE 10.0; Windows NT 6.1; Trident/6.0)" "-"
146.70.160.0 - - [30/Jan/2024:05:02:33 +0100] "GET /init.php HTTP/1.1" 404 24762 dartmoorrunners.co.uk "-" "Mozilla/5.0 (X11; Ubuntu; Linux x86_64; rv:79.0) Gecko/20100101 Firefox/79.0" "-"
146.70.160.0 - - [30/Jan/2024:05:02:34 +0100] "GET /users.php HTTP/1.1" 404 24762 dartmoorrunners.co.uk "-" "Mozilla/5.0 (Macintosh; Intel Mac OS X 10_10_1) AppleWebKit/537.36 (KHTML, like Gecko) Chrome/39.0.2171.95 Safari/537.36" "-"
146.70.160.0 - - [30/Jan/2024:05:02:34 +0100] "GET /doc.php HTTP/1.1" 404 24762 dartmoorrunners.co.uk "-" "Mozilla/5.0 (Windows NT 10.0; Win64; x64; rv:74.0) Gecko/20100101 Firefox/74.0" "-"
146.70.160.0 - - [30/Jan/2024:05:02:34 +0100] "GET /shell.php HTTP/1.1" 404 24762 dartmoorrunners.co.uk "-" "Mozilla/5.0 (Windows NT 10.0; Win64; x64) AppleWebKit/537.36 (KHTML, like Gecko) Chrome/83.0.4103.97 Safari/537.36" "-"
146.70.160.0 - - [30/Jan/2024:05:02:34 +0100] "GET /fm.php HTTP/1.1" 404 24762 dartmoorrunners.co.uk "-" "Mozilla/5.0 (X11; Linux i686; rv:79.0) Gecko/20100101 Firefox/79.0" "-"
146.70.160.0 - - [30/Jan/2024:05:02:35 +0100] "GET /wp-admin/users.php HTTP/1.1" 302 - dartmoorrunners.co.uk "-" "Mozilla/5.0 (Windows NT 6.1; Win64; x64) AppleWebKit/537.36 (KHTML, like Gecko) Chrome/80.0.3987.149 Safari/537.36" "-"
146.70.160.0 - - [30/Jan/2024:05:02:35 +0100] "GET /repeater.php HTTP/1.1" 404 24762 dartmoorrunners.co.uk "-" "Mozilla/5.0 (Windows NT 10.0; Win64; x64; rv:67.0) Gecko/20100101 Firefox/67.0" "-"
146.70.160.0 - - [30/Jan/2024:05:02:35 +0100] "GET /wso.php HTTP/1.1" 404 24762 dartmoorrunners.co.uk "-" "Mozilla/5.0 (X11; Linux i686; rv:79.0) Gecko/20100101 Firefox/79.0" "-"
146.70.160.0 - - [30/Jan/2024:05:02:36 +0100] "GET /shell20211028.php HTTP/1.1" 404 24762 dartmoorrunners.co.uk "-" "Mozilla/5.0 (Windows NT 10.0; WOW64; Trident/7.0; .NET4.0C; .NET4.0E; .NET CLR 2.0.50727; .NET CLR 3.0.30729; .NET CLR 3.5.30729; rv:11.0) like Gecko" "-"
146.70.160.0 - - [30/Jan/2024:05:02:36 +0100] "GET /wp-blog.php HTTP/1.1" 404 24762 dartmoorrunners.co.uk "-" "Mozilla/5.0 (Windows NT 10.0; Win64; x64; rv:79.0) Gecko/20100101 Firefox/79.0" "-"
146.70.160.0 - - [30/Jan/2024:05:02:36 +0100] "GET /wp-content/plugins/apikey/mar.php HTTP/1.1" 404 24762 dartmoorrunners.co.uk "-" "Mozilla/5.0 (Windows NT 6.1; Win64; x64) AppleWebKit/537.36 (KHTML, like Gecko) Chrome/78.0.3904.108 Safari/537.36" "-"
146.70.160.0 - - [30/Jan/2024:05:02:36 +0100] "GET /wp-admin/images/module.php HTTP/1.1" 404 24762 dartmoorrunners.co.uk "-" "Mozilla/5.0 (Windows NT 10.0; Win64; x64) AppleWebKit/537.36 (KHTML, like Gecko) Chrome/84.0.4147.105 Safari/537.36 OPR/70.0.3728.95" "-"
146.70.160.0 - - [30/Jan/2024:05:02:37 +0100] "GET /wp-includes/radio.php HTTP/1.1" 404 24762 dartmoorrunners.co.uk "-" "Mozilla/5.0 (Windows NT 10.0; Win64; x64; rv:77.0) Gecko/20100101 Firefox/77.0" "-"
146.70.160.0 - - [30/Jan/2024:05:02:37 +0100] "GET /admin/controller/extension/wpm.php HTTP/1.1" 404 24762 dartmoorrunners.co.uk "-" "Mozilla/5.0 (compatible; MSIE 10.0; Windows NT 6.1; Trident/6.0)" "-"
146.70.160.0 - - [30/Jan/2024:05:02:37 +0100] "GET /autoload_classmap.php HTTP/1.1" 404 24762 dartmoorrunners.co.uk "-" "Mozilla/5.0 (Macintosh; Intel Mac OS X 10_12_6) AppleWebKit/537.36 (KHTML, like Gecko) Chrome/58.0.3029.110 Safari/537.3" "-"
146.70.160.0 - - [30/Jan/2024:05:02:37 +0100] "GET /payout.php HTTP/1.1" 404 24762 dartmoorrunners.co.uk "-" "Mozilla/5.0 (Windows NT 10.0; Win64; x64) AppleWebKit/537.36 (KHTML, like Gecko) Chrome/58.0.3029.110 Safari/537.3" "-"
146.70.160.0 - - [30/Jan/2024:05:02:38 +0100] "GET /lock360.php HTTP/1.1" 404 24762 dartmoorrunners.co.uk "-" "Mozilla/5.0 (Windows NT 10.0; Win64; x64) AppleWebKit/537.36 (KHTML, like Gecko) Chrome/81.0.4044.129 Safari/537.36" "-"
146.70.160.0 - - [30/Jan/2024:05:02:38 +0100] "GET /pi.php HTTP/1.1" 404 24762 dartmoorrunners.co.uk "-" "Mozilla/5.0 (Windows NT 6.1; Win64; x64) AppleWebKit/537.36 (KHTML, like Gecko) Chrome/58.0.3029.110 Safari/537.3" "-"
146.70.160.0 - - [30/Jan/2024:05:02:38 +0100] "GET /wp-2019.php HTTP/1.1" 404 24762 dartmoorrunners.co.uk "-" "Mozilla/5.0 (Windows NT 6.1; Win64; x64) AppleWebKit/537.36 (KHTML, like Gecko) Chrome/78.0.3904.108 Safari/537.36" "-"
146.70.160.0 - - [30/Jan/2024:05:02:39 +0100] "GET /01.php HTTP/1.1" 404 24762 dartmoorrunners.co.uk "-" "Mozilla/5.0 (X11; Ubuntu; Linux i686; rv:79.0) Gecko/20100101 Firefox/79.0" "-"
146.70.160.0 - - [30/Jan/2024:05:02:39 +0100] "GET /x.php HTTP/1.1" 404 24762 dartmoorrunners.co.uk "-" "Mozilla/5.0 (X11; Linux x86_64) AppleWebKit/537.36 (KHTML, like Gecko) Chrome/84.0.4147.105 Safari/537.36" "-"
146.70.160.0 - - [30/Jan/2024:05:02:39 +0100] "GET /wp_info.php HTTP/1.1" 404 24762 dartmoorrunners.co.uk "-" "Mozilla/5.0 (Windows NT 10.0; Win64; x64; rv:79.0) Gecko/20100101 Firefox/79.0" "-"
146.70.160.0 - - [30/Jan/2024:05:02:39 +0100] "GET /fw.php HTTP/1.1" 404 24762 dartmoorrunners.co.uk "-" "Mozilla/5.0 (Linux x86_64; rv:79.0) Gecko/20100101 Firefox/79.0" "-"
146.70.160.0 - - [30/Jan/2024:05:02:40 +0100] "GET /wp-content/upload.php HTTP/1.1" 404 24762 dartmoorrunners.co.uk "-" "Mozilla/5.0 (Macintosh; Intel Mac OS X 10.15; rv:79.0) Gecko/20100101 Firefox/79.0" "-"
146.70.160.0 - - [30/Jan/2024:05:02:40 +0100] "GET /xleet.php HTTP/1.1" 503 299 dartmoorrunners.co.uk "-" "Mozilla/5.0 (Windows NT 10.0; WOW64) AppleWebKit/537.36 (KHTML, like Gecko) Chrome/84.0.4147.105 Safari/537.36" "-"
146.70.160.0 - - [30/Jan/2024:05:02:40 +0100] "GET /wp-content/plugins/masterx/wpx.php HTTP/1.1" 404 24762 dartmoorrunners.co.uk "-" "Mozilla/5.0 (Windows NT 10.0; Win64; x64; rv:76.0) Gecko/20100101 Firefox/76.0" "-"
146.70.160.0 - - [30/Jan/2024:05:02:40 +0100] "GET /xml.php HTTP/1.1" 404 24762 dartmoorrunners.co.uk "-" "Mozilla/5.0 (Windows NT 10.0; Win64; x64) AppleWebKit/537.36 (KHTML, like Gecko) Chrome/74.0.3729.169 Safari/537.36" "-"
146.70.160.0 - - [30/Jan/2024:05:02:40 +0100] "GET /wp-admin/includes/about.php HTTP/1.1" 404 24762 dartmoorrunners.co.uk "-" "Mozilla/5.0 (Macintosh; Intel Mac OS X 10_12_6) AppleWebKit/537.36 (KHTML, like Gecko) Chrome/58.0.3029.110 Safari/537.3" "-"
146.70.160.0 - - [30/Jan/2024:05:02:41 +0100] "GET /403.php HTTP/1.1" 404 24762 dartmoorrunners.co.uk "-" "Mozilla/5.0 (Windows NT 10.0; Win64; x64; rv:79.0) Gecko/20100101 Firefox/79.0" "-"
146.70.160.0 - - [30/Jan/2024:05:02:41 +0100] "GET /by.php HTTP/1.1" 404 24762 dartmoorrunners.co.uk "-" "Mozilla/5.0 (X11; Linux x86_64) AppleWebKit/537.36 (KHTML, like Gecko) Chrome/84.0.4147.105 Safari/537.36" "-"
146.70.160.0 - - [30/Jan/2024:05:02:41 +0100] "GET /css.php HTTP/1.1" 404 24762 dartmoorrunners.co.uk "-" "Mozilla/5.0 (Windows NT 10.0; WOW64) AppleWebKit/537.36 (KHTML, like Gecko) Chrome/72.0.3626.121 Safari/537.36" "-"
146.70.160.0 - - [30/Jan/2024:05:02:42 +0100] "GET /wp-content/plugins/instabuilder2/cache/plugins/moon.php HTTP/1.1" 404 24762 dartmoorrunners.co.uk "-" "Mozilla/5.0 (Windows NT 10.0; Win64; x64) AppleWebKit/537.36 (KHTML, like Gecko) Chrome/77.0.3865.90 Safari/537.36" "-"
146.70.160.0 - - [30/Jan/2024:05:02:42 +0100] "GET /uploads/wp-blog.php HTTP/1.1" 404 24762 dartmoorrunners.co.uk "-" "Mozilla/5.0 (Windows NT 10.0; Win64; x64; rv:72.0) Gecko/20100101 Firefox/72.0" "-"
146.70.160.0 - - [30/Jan/2024:05:02:42 +0100] "GET /wp-content/plugins/Cache/dropdown.php HTTP/1.1" 404 24762 dartmoorrunners.co.uk "-" "Mozilla/5.0 (Windows NT 10.0; Win64; x64) AppleWebKit/537.36 (KHTML, like Gecko) Chrome/84.0.4147.105 Safari/537.36 OPR/70.0.3728.95" "-"
146.70.160.0 - - [30/Jan/2024:05:02:42 +0100] "GET /wp-includes/sodium_compat/src/Core/Curve25519/Ge/wp_blog.php HTTP/1.1" 404 24762 dartmoorrunners.co.uk "-" "Mozilla/5.0 (Windows NT 10.0; Win64; x64; rv:75.0) Gecko/20100101 Firefox/75.0" "-"
146.70.160.0 - - [30/Jan/2024:05:02:43 +0100] "GET /wp-content/shell20211028.php HTTP/1.1" 404 24762 dartmoorrunners.co.uk "-" "Mozilla/5.0 (Windows NT 10.0; Win64; x64) AppleWebKit/537.36 (KHTML, like Gecko) Chrome/58.0.3029.110 Safari/537.3" "-"
146.70.160.0 - - [30/Jan/2024:05:02:43 +0100] "GET /wp-admin/includes/users.php HTTP/1.1" 404 24762 dartmoorrunners.co.uk "-" "Mozilla/5.0 (Windows NT 10.0) AppleWebKit/537.36 (KHTML, like Gecko) Chrome/84.0.4147.105 Safari/537.36" "-"
146.70.160.0 - - [30/Jan/2024:05:02:43 +0100] "GET /wso112233.php HTTP/1.1" 404 24762 dartmoorrunners.co.uk "-" "Mozilla/5.0 (Windows NT 10.0; Win64; x64) AppleWebKit/537.36 (KHTML, like Gecko) Chrome/79.0.3945.88 Safari/537.36" "-"
146.70.160.0 - - [30/Jan/2024:05:02:43 +0100] "GET /ee.php HTTP/1.1" 404 24762 dartmoorrunners.co.uk "-" "Mozilla/5.0 (X11; Ubuntu; Linux x86_64; rv:79.0) Gecko/20100101 Firefox/79.0" "-"
146.70.160.0 - - [30/Jan/2024:05:02:44 +0100] "GET /wp-content/plugins/Cache/Cache.php HTTP/1.1" 404 24762 dartmoorrunners.co.uk "-" "Mozilla/5.0 (X11; Ubuntu; Linux x86_64; rv:79.0) Gecko/20100101 Firefox/79.0" "-"
146.70.160.0 - - [30/Jan/2024:05:02:44 +0100] "GET /wp-admin/shell20211028.php HTTP/1.1" 404 24762 dartmoorrunners.co.uk "-" "Mozilla/5.0 (Windows NT 6.1; Win64; x64) AppleWebKit/537.36 (KHTML, like Gecko) Chrome/80.0.3987.149 Safari/537.36" "-"
146.70.160.0 - - [30/Jan/2024:05:02:44 +0100] "GET /wp-content/plugins/dzs-zoomsounds/1877.php HTTP/1.1" 404 24762 dartmoorrunners.co.uk "-" "Mozilla/5.0 (Windows NT 10.0; WOW64) AppleWebKit/537.36 (KHTML, like Gecko) Chrome/72.0.3626.121 Safari/537.36" "-"
146.70.160.0 - - [30/Jan/2024:05:02:44 +0100] "GET /wp-info.php HTTP/1.1" 404 24762 dartmoorrunners.co.uk "-" "Mozilla/5.0 (Windows NT 10.0; Win64; x64) AppleWebKit/537.36 (KHTML, like Gecko) Chrome/79.0.3945.88 Safari/537.36" "-"
146.70.160.0 - - [30/Jan/2024:05:02:45 +0100] "GET /sett.php HTTP/1.1" 404 24762 dartmoorrunners.co.uk "-" "Mozilla/5.0 (Windows NT 10.0; WOW64) AppleWebKit/537.36 (KHTML, like Gecko) Chrome/84.0.4147.105 Safari/537.36" "-"
146.70.160.0 - - [30/Jan/2024:05:02:45 +0100] "GET /customize.php HTTP/1.1" 404 24762 dartmoorrunners.co.uk "-" "Mozilla/5.0 (Windows NT 10.0; WOW64) AppleWebKit/537.36 (KHTML, like Gecko) Chrome/84.0.4147.105 Safari/537.36" "-"
146.70.160.0 - - [30/Jan/2024:05:02:45 +0100] "GET /wp-admin/alfa.php HTTP/1.1" 404 24762 dartmoorrunners.co.uk "-" "Mozilla/5.0 (Windows NT 10.0; Win64; x64) AppleWebKit/537.36 (KHTML, like Gecko) Chrome/79.0.3945.130 Safari/537.36" "-"
146.70.160.0 - - [30/Jan/2024:05:02:45 +0100] "GET /wp-content/up.php HTTP/1.1" 404 24762 dartmoorrunners.co.uk "-" "Mozilla/5.0 (Windows NT 10.0; Win64; x64) AppleWebKit/537.36 (KHTML, like Gecko) Chrome/69.0.3497.100 Safari/537.36" "-"
146.70.160.0 - - [30/Jan/2024:05:02:46 +0100] "GET /text.php HTTP/1.1" 404 24762 dartmoorrunners.co.uk "-" "Mozilla/5.0 (X11; Linux x86_64) AppleWebKit/537.36 (KHTML, like Gecko) Chrome/84.0.4147.105 Safari/537.36 OPR/70.0.3728.95" "-"
146.70.160.0 - - [30/Jan/2024:05:02:46 +0100] "GET /style.php HTTP/1.1" 404 24762 dartmoorrunners.co.uk "-" "Mozilla/5.0 (Windows NT 10.0; Win64; x64; rv:77.0) Gecko/20100101 Firefox/77.0" "-"
146.70.160.0 - - [30/Jan/2024:05:02:46 +0100] "GET /ws.php HTTP/1.1" 404 24762 dartmoorrunners.co.uk "-" "Mozilla/5.0 (Macintosh; Intel Mac OS X 10_15_6) AppleWebKit/537.36 (KHTML, like Gecko) Chrome/84.0.4147.105 Safari/537.36" "-"
146.70.160.0 - - [30/Jan/2024:05:02:47 +0100] "GET /wp-includes/blocks/table/int/tmpl/index.php HTTP/1.1" 301 - dartmoorrunners.co.uk "-" "Mozilla/5.0 (Windows NT 10.0; Win64; x64) AppleWebKit/537.36 (KHTML, like Gecko) Chrome/83.0.4103.97 Safari/537.36" "-"
146.70.160.0 - - [30/Jan/2024:05:02:47 +0100] "GET /wp-admin/dropdown.php HTTP/1.1" 404 24762 dartmoorrunners.co.uk "-" "Mozilla/5.0 (Windows NT 10.0; Win64; x64) AppleWebKit/537.36 (KHTML, like Gecko) Chrome/79.0.3945.79 Safari/537.36" "-"
146.70.160.0 - - [30/Jan/2024:05:02:47 +0100] "GET /cp.php HTTP/1.1" 404 24762 dartmoorrunners.co.uk "-" "Mozilla/5.0 (Macintosh; Intel Mac OS X 10_12_6) AppleWebKit/537.36 (KHTML, like Gecko) Chrome/58.0.3029.110 Safari/537.3" "-"
146.70.160.0 - - [30/Jan/2024:05:02:47 +0100] "GET /marijuana.php HTTP/1.1" 404 24762 dartmoorrunners.co.uk "-" "Mozilla/5.0 (Windows NT 10.0; Win64; x64; rv:75.0) Gecko/20100101 Firefox/75.0" "-"
146.70.160.0 - - [30/Jan/2024:05:02:48 +0100] "GET /clen.php HTTP/1.1" 404 24762 dartmoorrunners.co.uk "-" "Mozilla/5.0 (X11; Linux i686; rv:79.0) Gecko/20100101 Firefox/79.0" "-"
146.70.160.0 - - [30/Jan/2024:05:02:48 +0100] "GET /mad.php HTTP/1.1" 404 24762 dartmoorrunners.co.uk "-" "Mozilla/5.0 (X11; Linux x86_64) AppleWebKit/537.36 (KHTML, like Gecko) Chrome/84.0.4147.105 Safari/537.36" "-"
146.70.160.0 - - [30/Jan/2024:05:02:48 +0100] "GET /wp-includes/wp-class.php HTTP/1.1" 404 24762 dartmoorrunners.co.uk "-" "Mozilla/5.0 (Windows NT 6.1; Win64; x64) AppleWebKit/537.36 (KHTML, like Gecko) Chrome/79.0.3945.130 Safari/537.36" "-"
146.70.160.0 - - [30/Jan/2024:05:02:48 +0100] "GET /wp-content/plugins/ccx/index.php HTTP/1.1" 301 - dartmoorrunners.co.uk "-" "Mozilla/5.0 (Windows NT 10.0; Win64; x64; rv:71.0) Gecko/20100101 Firefox/71.0" "-"
146.70.160.0 - - [30/Jan/2024:05:02:49 +0100] "GET /wp-content/themes/twentytwenty/404.php HTTP/1.1" 404 24762 dartmoorrunners.co.uk "-" "Mozilla/5.0 (X11; Fedora; Linux x86_64; rv:79.0) Gecko/20100101 Firefox/79.0" "-"
