51.79.229.0 - - [17/Jan/2024:00:00:10 +0100] "GET //wp-content/plugins/seoplugins/db.php?u HTTP/1.1" 301 - dartmoorrunners.co.uk "-" "Mozlila/5.0 (Linux; Android 7.0; SM-G892A Bulid/NRD90M; wv) AppleWebKit/537.36 (KHTML, like Gecko) Version/4.0 Chrome/60.0.3112.107 Moblie Safari/537.36" "-"
51.79.229.0 - - [17/Jan/2024:00:00:12 +0100] "GET /wp-content/plugins/seoplugins/db.php?u HTTP/1.1" 404 24762 dartmoorrunners.co.uk "-" "Mozlila/5.0 (Linux; Android 7.0; SM-G892A Bulid/NRD90M; wv) AppleWebKit/537.36 (KHTML, like Gecko) Version/4.0 Chrome/60.0.3112.107 Moblie Safari/537.36" "-"
51.79.229.0 - - [17/Jan/2024:00:00:47 +0100] "GET //wp-content/plugins/ccx/index.php HTTP/1.1" 301 - dartmoorrunners.co.uk "-" "Mozlila/5.0 (Linux; Android 7.0; SM-G892A Bulid/NRD90M; wv) AppleWebKit/537.36 (KHTML, like Gecko) Version/4.0 Chrome/60.0.3112.107 Moblie Safari/537.36" "-"
51.79.229.0 - - [17/Jan/2024:00:00:51 +0100] "GET /wp-content/plugins/ccx/ HTTP/1.1" 404 24762 dartmoorrunners.co.uk "-" "Mozlila/5.0 (Linux; Android 7.0; SM-G892A Bulid/NRD90M; wv) AppleWebKit/537.36 (KHTML, like Gecko) Version/4.0 Chrome/60.0.3112.107 Moblie Safari/537.36" "-"
51.79.229.0 - - [17/Jan/2024:00:01:17 +0100] "GET //ccx/index.php HTTP/1.1" 301 - dartmoorrunners.co.uk "-" "Mozlila/5.0 (Linux; Android 7.0; SM-G892A Bulid/NRD90M; wv) AppleWebKit/537.36 (KHTML, like Gecko) Version/4.0 Chrome/60.0.3112.107 Moblie Safari/537.36" "-"
51.79.229.0 - - [17/Jan/2024:00:01:18 +0100] "GET /ccx/ HTTP/1.1" 404 24762 dartmoorrunners.co.uk "-" "Mozlila/5.0 (Linux; Android 7.0; SM-G892A Bulid/NRD90M; wv) AppleWebKit/537.36 (KHTML, like Gecko) Version/4.0 Chrome/60.0.3112.107 Moblie Safari/537.36" "-"
51.79.229.0 - - [17/Jan/2024:00:01:43 +0100] "GET //wp-content/plugins/ccx/index.php HTTP/1.1" 301 - dartmoorrunners.co.uk "-" "Mozlila/5.0 (Linux; Android 7.0; SM-G892A Bulid/NRD90M; wv) AppleWebKit/537.36 (KHTML, like Gecko) Version/4.0 Chrome/60.0.3112.107 Moblie Safari/537.36" "-"
51.79.229.0 - - [17/Jan/2024:00:01:46 +0100] "GET /wp-content/plugins/ccx/ HTTP/1.1" 404 24762 dartmoorrunners.co.uk "-" "Mozlila/5.0 (Linux; Android 7.0; SM-G892A Bulid/NRD90M; wv) AppleWebKit/537.36 (KHTML, like Gecko) Version/4.0 Chrome/60.0.3112.107 Moblie Safari/537.36" "-"
51.79.229.0 - - [17/Jan/2024:00:01:58 +0100] "GET //wp-content/themes/ccx/index.php HTTP/1.1" 301 - dartmoorrunners.co.uk "-" "Mozlila/5.0 (Linux; Android 7.0; SM-G892A Bulid/NRD90M; wv) AppleWebKit/537.36 (KHTML, like Gecko) Version/4.0 Chrome/60.0.3112.107 Moblie Safari/537.36" "-"
51.79.229.0 - - [17/Jan/2024:00:01:59 +0100] "GET /wp-content/themes/ccx/ HTTP/1.1" 404 24762 dartmoorrunners.co.uk "-" "Mozlila/5.0 (Linux; Android 7.0; SM-G892A Bulid/NRD90M; wv) AppleWebKit/537.36 (KHTML, like Gecko) Version/4.0 Chrome/60.0.3112.107 Moblie Safari/537.36" "-"
192.185.81.0 - - [17/Jan/2024:00:10:20 +0100] "GET /rendi99.php HTTP/1.1" 404 24762 dartmoorrunners.co.uk "http://simplesite.com" "Mozilla/5.0 (Windows; U; Windows NT 5.1; en-US) AppleWebKit/533.4 (KHTML, like Gecko) Chrome/5.0.375.99 Safari/533.4" "-"
82.165.88.0 - - [17/Jan/2024:00:31:24 +0100] "POST /wp-cron.php?doing_wp_cron=1705447884.7255098819732666015625 HTTP/1.1" 200 - dartmoorrunners.co.uk "http://dartmoorrunners.co.uk/wp-cron.php?doing_wp_cron=1705447884.7255098819732666015625" "WordPress/6.1.4; http://dartmoorrunners.co.uk" "-"
18.201.82.0 - - [17/Jan/2024:00:31:24 +0100] "GET /robots.txt HTTP/1.1" 200 121 dartmoorrunners.co.uk "-" "Mozilla/5.0 (compatible; wpbot/1.0; +https://forms.gle/ajBaxygz9jSR8p8G9)" "-"
18.201.82.0 - - [17/Jan/2024:00:31:25 +0100] "GET / HTTP/1.1" 200 31574 dartmoorrunners.co.uk "-" "Mozilla/5.0 (compatible; wpbot/1.0; +https://forms.gle/ajBaxygz9jSR8p8G9)" "-"
17.241.75.0 - - [17/Jan/2024:01:56:31 +0100] "GET /results/winter-series-2013-results HTTP/1.1" 200 25735 dartmoorrunners.co.uk "-" "Mozilla/5.0 (Macintosh; Intel Mac OS X 10_15_5) AppleWebKit/605.1.15 (KHTML, like Gecko) Version/13.1.1 Safari/605.1.15 (Applebot/0.1; +http://www.apple.com/go/applebot)" "-"
82.165.88.0 - - [17/Jan/2024:01:56:35 +0100] "POST /wp-cron.php?doing_wp_cron=1705452995.6144640445709228515625 HTTP/1.1" 200 - dartmoorrunners.co.uk "http://dartmoorrunners.co.uk/wp-cron.php?doing_wp_cron=1705452995.6144640445709228515625" "WordPress/6.1.4; http://dartmoorrunners.co.uk" "-"
66.249.76.0 - - [17/Jan/2024:02:17:04 +0100] "GET / HTTP/1.1" 200 31576 dartmoorrunners.co.uk "-" "Mozilla/5.0 (compatible; Googlebot/2.1; +http://www.google.com/bot.html)" "-"
52.167.144.0 - - [17/Jan/2024:02:26:54 +0100] "GET /robots.txt HTTP/1.1" 200 121 dartmoorrunners.co.uk "-" "Mozilla/5.0 AppleWebKit/537.36 (KHTML, like Gecko; compatible; bingbot/2.0; +http://www.bing.com/bingbot.htm) Chrome/116.0.1938.76 Safari/537.36" "-"
52.167.144.0 - - [17/Jan/2024:02:26:57 +0100] "GET /wp-sitemap.xml HTTP/1.1" 200 562 dartmoorrunners.co.uk "-" "Mozilla/5.0 AppleWebKit/537.36 (KHTML, like Gecko; compatible; bingbot/2.0; +http://www.bing.com/bingbot.htm) Chrome/116.0.1938.76 Safari/537.36" "-"
66.249.79.0 - - [17/Jan/2024:02:28:11 +0100] "GET / HTTP/1.1" 200 31576 dartmoorrunners.co.uk "-" "Mozilla/5.0 (Linux; Android 6.0.1; Nexus 5X Build/MMB29P) AppleWebKit/537.36 (KHTML, like Gecko) Chrome/120.0.6099.216 Mobile Safari/537.36 (compatible; Googlebot/2.1; +http://www.google.com/bot.html)" "-"
82.165.88.0 - - [17/Jan/2024:03:17:10 +0100] "POST /wp-cron.php?doing_wp_cron=1705457830.2637751102447509765625 HTTP/1.1" 200 - dartmoorrunners.co.uk "http://dartmoorrunners.co.uk/wp-cron.php?doing_wp_cron=1705457830.2637751102447509765625" "WordPress/6.1.4; http://dartmoorrunners.co.uk" "-"
66.249.79.0 - - [17/Jan/2024:03:17:10 +0100] "GET / HTTP/1.1" 200 31576 dartmoorrunners.co.uk "-" "Mozilla/5.0 (compatible; Googlebot/2.1; +http://www.google.com/bot.html)" "-"
94.142.241.0 - - [17/Jan/2024:03:19:17 +0100] "POST /xmlrpc.php HTTP/1.1" 200 403 dartmoorrunners.co.uk "-" "Mozilla/5.0 (Windows NT 10.0) AppleWebKit/537.36 (KHTML, like Gecko) Chrome/72.0.3626.121 Safari/537.36" "-"
94.142.241.0 - - [17/Jan/2024:03:19:18 +0100] "POST /xmlrpc.php HTTP/1.1" 200 403 dartmoorrunners.co.uk "-" "Mozilla/5.0 (Windows NT 10.0) AppleWebKit/537.36 (KHTML, like Gecko) Chrome/72.0.3626.121 Safari/537.36" "-"
94.142.241.0 - - [17/Jan/2024:03:19:20 +0100] "POST /xmlrpc.php HTTP/1.1" 403 618 dartmoorrunners.co.uk "-" "Mozilla/5.0 (Windows NT 10.0) AppleWebKit/537.36 (KHTML, like Gecko) Chrome/72.0.3626.121 Safari/537.36" "-"
94.142.241.0 - - [17/Jan/2024:03:19:20 +0100] "POST /xmlrpc.php HTTP/1.1" 403 618 dartmoorrunners.co.uk "-" "Mozilla/5.0 (Windows NT 10.0) AppleWebKit/537.36 (KHTML, like Gecko) Chrome/72.0.3626.121 Safari/537.36" "-"
94.142.241.0 - - [17/Jan/2024:03:19:21 +0100] "POST /xmlrpc.php HTTP/1.1" 403 618 dartmoorrunners.co.uk "-" "Mozilla/5.0 (Windows NT 10.0) AppleWebKit/537.36 (KHTML, like Gecko) Chrome/72.0.3626.121 Safari/537.36" "-"
185.220.101.0 - - [17/Jan/2024:03:35:20 +0100] "GET / HTTP/1.1" 200 31576 dartmoorrunners.co.uk "http://dartmoorrunners.co.uk" "Mozilla/5.0 (Windows NT 6.1; Trident/7.0; rv:11.0) like Gecko" "-"
82.165.88.0 - - [17/Jan/2024:03:35:21 +0100] "POST /wp-cron.php?doing_wp_cron=1705458921.2214629650115966796875 HTTP/1.1" 200 - dartmoorrunners.co.uk "http://dartmoorrunners.co.uk/wp-cron.php?doing_wp_cron=1705458921.2214629650115966796875" "WordPress/6.1.4; http://dartmoorrunners.co.uk" "-"
192.42.116.0 - - [17/Jan/2024:03:35:27 +0100] "GET /?author=2 HTTP/1.1" 200 24958 dartmoorrunners.co.uk "http://dartmoorrunners.co.uk/" "Mozilla/5.0 (Windows NT 6.2; Win64; x64) AppleWebKit/537.36 (KHTML, like Gecko) QtWebEngine/5.9.4 Chrome/56.0.2924.122 Safari/537.36" "-"
185.220.101.0 - - [17/Jan/2024:03:35:28 +0100] "GET /?author=3 HTTP/1.1" 404 24764 dartmoorrunners.co.uk "http://dartmoorrunners.co.uk/" "Mozilla/5.0 (Windows NT 6.1; WOW64) AppleWebKit/537.36 (KHTML, like Gecko) Chrome/47.0.2526.106 Safari/537.36" "-"
104.192.3.0 - - [17/Jan/2024:03:35:30 +0100] "GET /?author=4 HTTP/1.1" 404 24764 dartmoorrunners.co.uk "http://dartmoorrunners.co.uk/" "Mozilla/5.0 (Windows NT 10.0; Win64; x64) AppleWebKit/537.36 (KHTML, like Gecko) Chrome/88.0.4324.150 Safari/537.36 Edg/88.0.705.63" "-"
192.42.116.0 - - [17/Jan/2024:03:35:31 +0100] "GET /?author=5 HTTP/1.1" 404 24764 dartmoorrunners.co.uk "http://dartmoorrunners.co.uk/" "Mozilla/5.0 (Macintosh; Intel Mac OS X 10_14_4) AppleWebKit/605.1.15 (KHTML, like Gecko)" "-"
144.172.118.0 - - [17/Jan/2024:03:35:32 +0100] "GET /wp-json/wp/v2/users/1 HTTP/1.1" 200 582 dartmoorrunners.co.uk "http://dartmoorrunners.co.uk/" "Mozilla/5.0 (Windows NT 6.1; Win64; x64) AppleWebKit/537.36 (KHTML, like Gecko) Chrome/78.0.3904.108 Safari/537.36" "-"
185.241.208.0 - - [17/Jan/2024:03:35:34 +0100] "GET /wp-json/wp/v2/users/2 HTTP/1.1" 401 108 dartmoorrunners.co.uk "http://dartmoorrunners.co.uk/" "Mozilla/4.0 (compatible; Win32; WinHttp.WinHttpRequest.5)" "-"
199.195.253.0 - - [17/Jan/2024:03:35:35 +0100] "GET /wp-json/wp/v2/users/3 HTTP/1.1" 404 82 dartmoorrunners.co.uk "http://dartmoorrunners.co.uk/" "Mozilla/5.0 (Windows NT 6.1) AppleWebKit/537.36 (KHTML, like Gecko) Chrome/68.0.3440.106 Safari/537.36" "-"
23.129.64.0 - - [17/Jan/2024:03:35:37 +0100] "GET /wp-json/wp/v2/users/4 HTTP/1.1" 404 82 dartmoorrunners.co.uk "http://dartmoorrunners.co.uk/" "Mozilla/5.0 (iPhone; CPU iPhone OS 10_0 like Mac OS X) AppleWebKit/602.4.6 (KHTML, like Gecko) Version/10.0 Mobile/14A346 Safari/E7FBAF" "-"
107.189.13.0 - - [17/Jan/2024:03:35:38 +0100] "GET /wp-json/wp/v2/users/5 HTTP/1.1" 404 82 dartmoorrunners.co.uk "http://dartmoorrunners.co.uk/" "Mozilla/5.0 (Windows NT 6.1) AppleWebKit/537.36 (KHTML, like Gecko) Chrome/41.0.2228.0 Safari/537.36" "-"
143.110.244.0 - - [17/Jan/2024:04:43:16 +0100] "POST /wp-login.php HTTP/1.1" 200 9057 dartmoorrunners.co.uk "-" "Mozilla/5.0 (Windows NT 6.3; WOW64) AppleWebKit/537.36 (KHTML, like Gecko) Chrome/46.0.2490.80 Safari/537.36" "-"
82.165.88.0 - - [17/Jan/2024:04:43:17 +0100] "POST /wp-cron.php?doing_wp_cron=1705462997.3597319126129150390625 HTTP/1.1" 200 - dartmoorrunners.co.uk "http://dartmoorrunners.co.uk/wp-cron.php?doing_wp_cron=1705462997.3597319126129150390625" "WordPress/6.1.4; http://dartmoorrunners.co.uk" "-"
195.191.219.0 - - [17/Jan/2024:04:56:30 +0100] "GET /robots.txt HTTP/1.1" 200 121 dartmoorrunners.co.uk "-" "Mozilla/5.0 (compatible; MJ12bot/v1.4.8; http://mj12bot.com/)" "-"
195.191.219.0 - - [17/Jan/2024:04:56:33 +0100] "GET / HTTP/1.1" 200 31576 dartmoorrunners.co.uk "-" "Mozilla/5.0 (compatible; MJ12bot/v1.4.8; http://mj12bot.com/)" "-"
91.134.248.0 - - [17/Jan/2024:05:01:44 +0100] "GET /11.php HTTP/1.1" 404 24764 dartmoorrunners.co.uk "http://simplesite.com" "Mozilla/5.0 (Windows; U; Windows NT 5.1; en-US) AppleWebKit/533.4 (KHTML, like Gecko) Chrome/5.0.375.99 Safari/533.4" "-"
91.134.248.0 - - [17/Jan/2024:05:01:44 +0100] "GET /11.php HTTP/1.1" 404 24764 dartmoorrunners.co.uk "http://simplesite.com" "Mozilla/5.0 (Windows; U; Windows NT 5.1; en-US) AppleWebKit/533.4 (KHTML, like Gecko) Chrome/5.0.375.99 Safari/533.4" "-"
40.77.167.0 - - [17/Jan/2024:05:03:56 +0100] "GET /sitemap.xml HTTP/1.1" 302 - dartmoorrunners.co.uk "-" "Mozilla/5.0 AppleWebKit/537.36 (KHTML, like Gecko; compatible; bingbot/2.0; +http://www.bing.com/bingbot.htm) Chrome/116.0.1938.76 Safari/537.36" "-"
40.77.167.0 - - [17/Jan/2024:05:03:56 +0100] "GET /wp-sitemap.xml HTTP/1.1" 200 562 dartmoorrunners.co.uk "-" "Mozilla/5.0 AppleWebKit/537.36 (KHTML, like Gecko; compatible; bingbot/2.0; +http://www.bing.com/bingbot.htm) Chrome/116.0.1938.76 Safari/537.36" "-"
66.249.79.0 - - [17/Jan/2024:05:10:54 +0100] "GET /robots.txt HTTP/1.1" 200 121 dartmoorrunners.co.uk "-" "Mozilla/5.0 (compatible; Googlebot/2.1; +http://www.google.com/bot.html)" "-"
66.249.79.0 - - [17/Jan/2024:05:11:17 +0100] "GET /ads.txt HTTP/1.1" 200 160 dartmoorrunners.co.uk "-" "Mozilla/5.0 (compatible; Googlebot/2.1; +http://www.google.com/bot.html)" "-"
82.165.88.0 - - [17/Jan/2024:05:30:04 +0100] "POST /wp-cron.php?doing_wp_cron=1705465804.4888689517974853515625 HTTP/1.1" 200 - dartmoorrunners.co.uk "http://dartmoorrunners.co.uk/wp-cron.php?doing_wp_cron=1705465804.4888689517974853515625" "WordPress/6.1.4; http://dartmoorrunners.co.uk" "-"
72.167.102.0 - - [17/Jan/2024:05:30:04 +0100] "GET /?author=11 HTTP/1.1" 404 24764 dartmoorrunners.co.uk "-" "Mozilla/5.0 (Windows NT 6.1) AppleWebKit/537.36 (KHTML, like Gecko) Chrome/56.0.2924.76 Safari/537.36" "-"
72.167.102.0 - - [17/Jan/2024:05:30:05 +0100] "GET /?author=11 HTTP/1.1" 404 24764 dartmoorrunners.co.uk "-" "Mozilla/5.0 (Windows NT 6.1) AppleWebKit/537.36 (KHTML, like Gecko) Chrome/56.0.2924.76 Safari/537.36" "-"
72.167.102.0 - - [17/Jan/2024:05:30:05 +0100] "GET /?author=12 HTTP/1.1" 404 24764 dartmoorrunners.co.uk "-" "Mozilla/5.0 (Windows NT 6.1) AppleWebKit/537.36 (KHTML, like Gecko) Chrome/56.0.2924.76 Safari/537.36" "-"
103.120.178.0 - - [17/Jan/2024:05:30:05 +0100] "GET /?author=21 HTTP/1.1" 404 24764 dartmoorrunners.co.uk "-" "Mozilla/5.0 (Windows NT 10.0; Win64; x64) AppleWebKit/537.36 (KHTML, like Gecko) Chrome/81.0.4044.138 Safari/537.36" "-"
72.167.102.0 - - [17/Jan/2024:05:30:06 +0100] "GET /?author=13 HTTP/1.1" 404 24764 dartmoorrunners.co.uk "-" "Mozilla/5.0 (Windows NT 6.1) AppleWebKit/537.36 (KHTML, like Gecko) Chrome/56.0.2924.76 Safari/537.36" "-"
72.167.102.0 - - [17/Jan/2024:05:30:06 +0100] "GET /?author=14 HTTP/1.1" 404 24764 dartmoorrunners.co.uk "-" "Mozilla/5.0 (Windows NT 6.1) AppleWebKit/537.36 (KHTML, like Gecko) Chrome/56.0.2924.76 Safari/537.36" "-"
103.120.178.0 - - [17/Jan/2024:05:30:07 +0100] "GET /?author=21 HTTP/1.1" 404 24764 dartmoorrunners.co.uk "-" "Mozilla/5.0 (Windows NT 10.0; Win64; x64) AppleWebKit/537.36 (KHTML, like Gecko) Chrome/81.0.4044.138 Safari/537.36" "-"
72.167.102.0 - - [17/Jan/2024:05:30:07 +0100] "GET /?author=15 HTTP/1.1" 404 24764 dartmoorrunners.co.uk "-" "Mozilla/5.0 (Windows NT 6.1) AppleWebKit/537.36 (KHTML, like Gecko) Chrome/56.0.2924.76 Safari/537.36" "-"
72.167.102.0 - - [17/Jan/2024:05:30:07 +0100] "GET /?author=16 HTTP/1.1" 404 24764 dartmoorrunners.co.uk "-" "Mozilla/5.0 (Windows NT 6.1) AppleWebKit/537.36 (KHTML, like Gecko) Chrome/56.0.2924.76 Safari/537.36" "-"
103.120.178.0 - - [17/Jan/2024:05:30:08 +0100] "GET /?author=22 HTTP/1.1" 404 24764 dartmoorrunners.co.uk "-" "Mozilla/5.0 (Windows NT 10.0; Win64; x64) AppleWebKit/537.36 (KHTML, like Gecko) Chrome/81.0.4044.138 Safari/537.36" "-"
72.167.102.0 - - [17/Jan/2024:05:30:08 +0100] "GET /?author=17 HTTP/1.1" 404 24764 dartmoorrunners.co.uk "-" "Mozilla/5.0 (Windows NT 6.1) AppleWebKit/537.36 (KHTML, like Gecko) Chrome/56.0.2924.76 Safari/537.36" "-"
103.120.178.0 - - [17/Jan/2024:05:30:08 +0100] "GET /?author=23 HTTP/1.1" 404 24764 dartmoorrunners.co.uk "-" "Mozilla/5.0 (Windows NT 10.0; Win64; x64) AppleWebKit/537.36 (KHTML, like Gecko) Chrome/81.0.4044.138 Safari/537.36" "-"
72.167.102.0 - - [17/Jan/2024:05:30:08 +0100] "GET /?author=18 HTTP/1.1" 404 24764 dartmoorrunners.co.uk "-" "Mozilla/5.0 (Windows NT 6.1) AppleWebKit/537.36 (KHTML, like Gecko) Chrome/56.0.2924.76 Safari/537.36" "-"
72.167.102.0 - - [17/Jan/2024:05:30:09 +0100] "GET /?author=19 HTTP/1.1" 404 24764 dartmoorrunners.co.uk "-" "Mozilla/5.0 (Windows NT 6.1) AppleWebKit/537.36 (KHTML, like Gecko) Chrome/56.0.2924.76 Safari/537.36" "-"
103.120.178.0 - - [17/Jan/2024:05:30:09 +0100] "GET /?author=24 HTTP/1.1" 404 24764 dartmoorrunners.co.uk "-" "Mozilla/5.0 (Windows NT 10.0; Win64; x64) AppleWebKit/537.36 (KHTML, like Gecko) Chrome/81.0.4044.138 Safari/537.36" "-"
72.167.102.0 - - [17/Jan/2024:05:30:10 +0100] "GET /?author=20 HTTP/1.1" 404 24764 dartmoorrunners.co.uk "-" "Mozilla/5.0 (Windows NT 6.1) AppleWebKit/537.36 (KHTML, like Gecko) Chrome/56.0.2924.76 Safari/537.36" "-"
103.120.178.0 - - [17/Jan/2024:05:30:10 +0100] "GET /?author=25 HTTP/1.1" 404 24764 dartmoorrunners.co.uk "-" "Mozilla/5.0 (Windows NT 10.0; Win64; x64) AppleWebKit/537.36 (KHTML, like Gecko) Chrome/81.0.4044.138 Safari/537.36" "-"
103.120.178.0 - - [17/Jan/2024:05:30:11 +0100] "GET /?author=26 HTTP/1.1" 404 24764 dartmoorrunners.co.uk "-" "Mozilla/5.0 (Windows NT 10.0; Win64; x64) AppleWebKit/537.36 (KHTML, like Gecko) Chrome/81.0.4044.138 Safari/537.36" "-"
103.120.178.0 - - [17/Jan/2024:05:30:11 +0100] "GET /?author=27 HTTP/1.1" 404 24764 dartmoorrunners.co.uk "-" "Mozilla/5.0 (Windows NT 10.0; Win64; x64) AppleWebKit/537.36 (KHTML, like Gecko) Chrome/81.0.4044.138 Safari/537.36" "-"
103.120.178.0 - - [17/Jan/2024:05:30:12 +0100] "GET /?author=28 HTTP/1.1" 404 24764 dartmoorrunners.co.uk "-" "Mozilla/5.0 (Windows NT 10.0; Win64; x64) AppleWebKit/537.36 (KHTML, like Gecko) Chrome/81.0.4044.138 Safari/537.36" "-"
103.120.178.0 - - [17/Jan/2024:05:30:12 +0100] "GET /?author=29 HTTP/1.1" 404 24764 dartmoorrunners.co.uk "-" "Mozilla/5.0 (Windows NT 10.0; Win64; x64) AppleWebKit/537.36 (KHTML, like Gecko) Chrome/81.0.4044.138 Safari/537.36" "-"
103.120.178.0 - - [17/Jan/2024:05:30:13 +0100] "GET /?author=30 HTTP/1.1" 404 24764 dartmoorrunners.co.uk "-" "Mozilla/5.0 (Windows NT 10.0; Win64; x64) AppleWebKit/537.36 (KHTML, like Gecko) Chrome/81.0.4044.138 Safari/537.36" "-"
2001:41d0:: - - [17/Jan/2024:05:30:22 +0100] "GET /?author=1 HTTP/1.1" 301 - dartmoorrunners.co.uk "-" "Mozilla/5.0 (Windows NT 6.1; WOW64) AppleWebKit/537.1 (KHTML, like Gecko) Chrome/21.0.1180.83 Safari/537.1" "-"
2001:41d0:: - - [17/Jan/2024:05:30:22 +0100] "GET /?author=1 HTTP/1.1" 301 - dartmoorrunners.co.uk "-" "Mozilla/5.0 (Windows NT 6.1; WOW64) AppleWebKit/537.1 (KHTML, like Gecko) Chrome/21.0.1180.83 Safari/537.1" "-"
2001:41d0:: - - [17/Jan/2024:05:30:22 +0100] "GET /?author=2 HTTP/1.1" 200 20364 dartmoorrunners.co.uk "-" "Mozilla/5.0 (Windows NT 6.1; WOW64) AppleWebKit/537.1 (KHTML, like Gecko) Chrome/21.0.1180.83 Safari/537.1" "-"
2001:41d0:: - - [17/Jan/2024:05:30:23 +0100] "GET /?author=3 HTTP/1.1" 404 22505 dartmoorrunners.co.uk "-" "Mozilla/5.0 (Windows NT 6.1; WOW64) AppleWebKit/537.1 (KHTML, like Gecko) Chrome/21.0.1180.83 Safari/537.1" "-"
2001:41d0:: - - [17/Jan/2024:05:30:23 +0100] "GET /?author=4 HTTP/1.1" 404 22505 dartmoorrunners.co.uk "-" "Mozilla/5.0 (Windows NT 6.1; WOW64) AppleWebKit/537.1 (KHTML, like Gecko) Chrome/21.0.1180.83 Safari/537.1" "-"
2001:41d0:: - - [17/Jan/2024:05:30:23 +0100] "GET /?author=5 HTTP/1.1" 404 21098 dartmoorrunners.co.uk "-" "Mozilla/5.0 (Windows NT 6.1; WOW64) AppleWebKit/537.1 (KHTML, like Gecko) Chrome/21.0.1180.83 Safari/537.1" "-"
2001:41d0:: - - [17/Jan/2024:05:30:23 +0100] "GET /?author=6 HTTP/1.1" 404 22505 dartmoorrunners.co.uk "-" "Mozilla/5.0 (Windows NT 6.1; WOW64) AppleWebKit/537.1 (KHTML, like Gecko) Chrome/21.0.1180.83 Safari/537.1" "-"
2001:41d0:: - - [17/Jan/2024:05:30:24 +0100] "GET /?author=7 HTTP/1.1" 404 20031 dartmoorrunners.co.uk "-" "Mozilla/5.0 (Windows NT 6.1; WOW64) AppleWebKit/537.1 (KHTML, like Gecko) Chrome/21.0.1180.83 Safari/537.1" "-"
2001:41d0:: - - [17/Jan/2024:05:30:24 +0100] "GET /?author=8 HTTP/1.1" 404 22096 dartmoorrunners.co.uk "-" "Mozilla/5.0 (Windows NT 6.1; WOW64) AppleWebKit/537.1 (KHTML, like Gecko) Chrome/21.0.1180.83 Safari/537.1" "-"
2001:41d0:: - - [17/Jan/2024:05:30:24 +0100] "GET /?author=9 HTTP/1.1" 404 22505 dartmoorrunners.co.uk "-" "Mozilla/5.0 (Windows NT 6.1; WOW64) AppleWebKit/537.1 (KHTML, like Gecko) Chrome/21.0.1180.83 Safari/537.1" "-"
2001:41d0:: - - [17/Jan/2024:05:30:24 +0100] "GET /?author=10 HTTP/1.1" 404 21981 dartmoorrunners.co.uk "-" "Mozilla/5.0 (Windows NT 6.1; WOW64) AppleWebKit/537.1 (KHTML, like Gecko) Chrome/21.0.1180.83 Safari/537.1" "-"
185.141.171.0 - - [17/Jan/2024:05:30:29 +0100] "GET /?author=41 HTTP/1.1" 404 24764 dartmoorrunners.co.uk "-" "Mozilla/5.0 (Windows NT 10.0; WOW64; rv:50.0) Gecko/20100101 Firefox/50.0" "-"
185.141.171.0 - - [17/Jan/2024:05:30:29 +0100] "GET /?author=41 HTTP/1.1" 404 24764 dartmoorrunners.co.uk "-" "Mozilla/5.0 (Windows NT 10.0; WOW64; rv:50.0) Gecko/20100101 Firefox/50.0" "-"
185.141.171.0 - - [17/Jan/2024:05:30:30 +0100] "GET /?author=42 HTTP/1.1" 404 24764 dartmoorrunners.co.uk "-" "Mozilla/5.0 (Windows NT 10.0; WOW64; rv:50.0) Gecko/20100101 Firefox/50.0" "-"
185.141.171.0 - - [17/Jan/2024:05:30:30 +0100] "GET /?author=43 HTTP/1.1" 404 24764 dartmoorrunners.co.uk "-" "Mozilla/5.0 (Windows NT 10.0; WOW64; rv:50.0) Gecko/20100101 Firefox/50.0" "-"
185.141.171.0 - - [17/Jan/2024:05:30:30 +0100] "GET /?author=44 HTTP/1.1" 404 24764 dartmoorrunners.co.uk "-" "Mozilla/5.0 (Windows NT 10.0; WOW64; rv:50.0) Gecko/20100101 Firefox/50.0" "-"
185.141.171.0 - - [17/Jan/2024:05:30:31 +0100] "GET /?author=45 HTTP/1.1" 404 24764 dartmoorrunners.co.uk "-" "Mozilla/5.0 (Windows NT 10.0; WOW64; rv:50.0) Gecko/20100101 Firefox/50.0" "-"
185.141.171.0 - - [17/Jan/2024:05:30:31 +0100] "GET /?author=46 HTTP/1.1" 404 24764 dartmoorrunners.co.uk "-" "Mozilla/5.0 (Windows NT 10.0; WOW64; rv:50.0) Gecko/20100101 Firefox/50.0" "-"
185.141.171.0 - - [17/Jan/2024:05:30:32 +0100] "GET /?author=47 HTTP/1.1" 404 24764 dartmoorrunners.co.uk "-" "Mozilla/5.0 (Windows NT 10.0; WOW64; rv:50.0) Gecko/20100101 Firefox/50.0" "-"
185.141.171.0 - - [17/Jan/2024:05:30:32 +0100] "GET /?author=48 HTTP/1.1" 404 24764 dartmoorrunners.co.uk "-" "Mozilla/5.0 (Windows NT 10.0; WOW64; rv:50.0) Gecko/20100101 Firefox/50.0" "-"
185.141.171.0 - - [17/Jan/2024:05:30:32 +0100] "GET /?author=49 HTTP/1.1" 404 24764 dartmoorrunners.co.uk "-" "Mozilla/5.0 (Windows NT 10.0; WOW64; rv:50.0) Gecko/20100101 Firefox/50.0" "-"
160.16.239.0 - - [17/Jan/2024:05:30:33 +0100] "GET /?author=31 HTTP/1.1" 404 24764 dartmoorrunners.co.uk "-" "Mozilla/5.0 (Windows; U; Windows NT 5.1; en-US; rv:1.7.10) Gecko/20050716 Firefox/1.0.6" "-"
185.141.171.0 - - [17/Jan/2024:05:30:33 +0100] "GET /?author=50 HTTP/1.1" 404 24764 dartmoorrunners.co.uk "-" "Mozilla/5.0 (Windows NT 10.0; WOW64; rv:50.0) Gecko/20100101 Firefox/50.0" "-"
160.16.239.0 - - [17/Jan/2024:05:30:34 +0100] "GET /?author=31 HTTP/1.1" 404 24764 dartmoorrunners.co.uk "-" "Mozilla/5.0 (Windows; U; Windows NT 5.1; en-US; rv:1.7.10) Gecko/20050716 Firefox/1.0.6" "-"
160.16.239.0 - - [17/Jan/2024:05:30:35 +0100] "GET /?author=32 HTTP/1.1" 404 24764 dartmoorrunners.co.uk "-" "Mozilla/5.0 (Windows; U; Windows NT 5.1; en-US; rv:1.7.10) Gecko/20050716 Firefox/1.0.6" "-"
160.16.239.0 - - [17/Jan/2024:05:30:35 +0100] "GET /?author=33 HTTP/1.1" 404 24764 dartmoorrunners.co.uk "-" "Mozilla/5.0 (Windows; U; Windows NT 5.1; en-US; rv:1.7.10) Gecko/20050716 Firefox/1.0.6" "-"
160.16.239.0 - - [17/Jan/2024:05:30:36 +0100] "GET /?author=34 HTTP/1.1" 404 24764 dartmoorrunners.co.uk "-" "Mozilla/5.0 (Windows; U; Windows NT 5.1; en-US; rv:1.7.10) Gecko/20050716 Firefox/1.0.6" "-"
160.16.239.0 - - [17/Jan/2024:05:30:37 +0100] "GET /?author=35 HTTP/1.1" 404 24764 dartmoorrunners.co.uk "-" "Mozilla/5.0 (Windows; U; Windows NT 5.1; en-US; rv:1.7.10) Gecko/20050716 Firefox/1.0.6" "-"
160.16.239.0 - - [17/Jan/2024:05:30:38 +0100] "GET /?author=36 HTTP/1.1" 404 24764 dartmoorrunners.co.uk "-" "Mozilla/5.0 (Windows; U; Windows NT 5.1; en-US; rv:1.7.10) Gecko/20050716 Firefox/1.0.6" "-"
160.16.239.0 - - [17/Jan/2024:05:30:39 +0100] "GET /?author=37 HTTP/1.1" 404 24764 dartmoorrunners.co.uk "-" "Mozilla/5.0 (Windows; U; Windows NT 5.1; en-US; rv:1.7.10) Gecko/20050716 Firefox/1.0.6" "-"
160.16.239.0 - - [17/Jan/2024:05:30:40 +0100] "GET /?author=38 HTTP/1.1" 404 24764 dartmoorrunners.co.uk "-" "Mozilla/5.0 (Windows; U; Windows NT 5.1; en-US; rv:1.7.10) Gecko/20050716 Firefox/1.0.6" "-"
160.16.239.0 - - [17/Jan/2024:05:30:40 +0100] "GET /?author=39 HTTP/1.1" 404 24764 dartmoorrunners.co.uk "-" "Mozilla/5.0 (Windows; U; Windows NT 5.1; en-US; rv:1.7.10) Gecko/20050716 Firefox/1.0.6" "-"
160.16.239.0 - - [17/Jan/2024:05:30:41 +0100] "GET /?author=40 HTTP/1.1" 404 24764 dartmoorrunners.co.uk "-" "Mozilla/5.0 (Windows; U; Windows NT 5.1; en-US; rv:1.7.10) Gecko/20050716 Firefox/1.0.6" "-"
177.101.148.0 - - [17/Jan/2024:05:50:05 +0100] "GET /.tmb/file.php HTTP/1.1" 404 24764 dartmoorrunners.co.uk "http://simplesite.com" "Mozilla/5.0 (Windows; U; Windows NT 5.1; en-US) AppleWebKit/533.4 (KHTML, like Gecko) Chrome/5.0.375.99 Safari/533.4" "-"
67.222.147.0 - - [17/Jan/2024:05:51:13 +0100] "POST /xmlrpc.php HTTP/1.1" 200 401 dartmoorrunners.co.uk "-" "Mozilla/5.0 (X11; Fedora; Linux x86_64; rv:94.0) Gecko/20100101 Firefox/95.0" "-"
216.251.130.0 - - [17/Jan/2024:05:52:59 +0100] "GET / HTTP/1.1" 200 31576 dartmoorrunners.co.uk "-" "Mozilla/5.0 (X11; Linux x86_64) AppleWebKit/537.36 (KHTML, like Gecko) HeadlessChrome/110.0.5481.100 Safari/537.36" "-"
216.251.130.0 - - [17/Jan/2024:05:53:01 +0100] "GET /wp-includes/css/dist/block-library/style.min.css?ver=6.1.4 HTTP/1.1" 200 16164 dartmoorrunners.co.uk "http://dartmoorrunners.co.uk/" "Mozilla/5.0 (X11; Linux x86_64) AppleWebKit/537.36 (KHTML, like Gecko) HeadlessChrome/110.0.5481.100 Safari/537.36" "-"
216.251.130.0 - - [17/Jan/2024:05:53:01 +0100] "GET /wp-includes/css/classic-themes.min.css?ver=1 HTTP/1.1" 200 189 dartmoorrunners.co.uk "http://dartmoorrunners.co.uk/" "Mozilla/5.0 (X11; Linux x86_64) AppleWebKit/537.36 (KHTML, like Gecko) HeadlessChrome/110.0.5481.100 Safari/537.36" "-"
216.251.130.0 - - [17/Jan/2024:05:53:01 +0100] "GET /wp-content/themes/omega/style.css?ver=6.1.4 HTTP/1.1" 200 6552 dartmoorrunners.co.uk "http://dartmoorrunners.co.uk/" "Mozilla/5.0 (X11; Linux x86_64) AppleWebKit/537.36 (KHTML, like Gecko) HeadlessChrome/110.0.5481.100 Safari/537.36" "-"
216.251.130.0 - - [17/Jan/2024:05:53:03 +0100] "GET /wp-includes/js/wp-emoji-release.min.js?ver=6.1.4 HTTP/1.1" 200 18617 dartmoorrunners.co.uk "http://dartmoorrunners.co.uk/" "Mozilla/5.0 (X11; Linux x86_64) AppleWebKit/537.36 (KHTML, like Gecko) HeadlessChrome/110.0.5481.100 Safari/537.36" "-"
216.251.130.0 - - [17/Jan/2024:05:53:03 +0100] "GET /wp-content/uploads/2017/04/cropped-dartmoorrunnerslogo_normal.png HTTP/1.1" 200 110052 dartmoorrunners.co.uk "http://dartmoorrunners.co.uk/" "Mozilla/5.0 (X11; Linux x86_64) AppleWebKit/537.36 (KHTML, like Gecko) HeadlessChrome/110.0.5481.100 Safari/537.36" "-"
216.251.130.0 - - [17/Jan/2024:05:53:04 +0100] "GET /wp-content/uploads/2017/04/XmasBash2017Med-300x200.jpg HTTP/1.1" 200 19902 dartmoorrunners.co.uk "http://dartmoorrunners.co.uk/" "Mozilla/5.0 (X11; Linux x86_64) AppleWebKit/537.36 (KHTML, like Gecko) HeadlessChrome/110.0.5481.100 Safari/537.36" "-"
216.251.130.0 - - [17/Jan/2024:05:53:05 +0100] "GET /wp-content/uploads/2017/04/ControlDog-300x225.jpg HTTP/1.1" 200 17221 dartmoorrunners.co.uk "http://dartmoorrunners.co.uk/" "Mozilla/5.0 (X11; Linux x86_64) AppleWebKit/537.36 (KHTML, like Gecko) HeadlessChrome/110.0.5481.100 Safari/537.36" "-"
216.251.130.0 - - [17/Jan/2024:05:53:05 +0100] "GET /wp-content/uploads/2017/04/winter-2015-small-300x225.jpg HTTP/1.1" 200 17306 dartmoorrunners.co.uk "http://dartmoorrunners.co.uk/" "Mozilla/5.0 (X11; Linux x86_64) AppleWebKit/537.36 (KHTML, like Gecko) HeadlessChrome/110.0.5481.100 Safari/537.36" "-"
216.251.130.0 - - [17/Jan/2024:05:53:05 +0100] "GET /wp-content/uploads/2017/04/Moorland-runner-cropped-300x212.jpg HTTP/1.1" 200 16206 dartmoorrunners.co.uk "http://dartmoorrunners.co.uk/" "Mozilla/5.0 (X11; Linux x86_64) AppleWebKit/537.36 (KHTML, like Gecko) HeadlessChrome/110.0.5481.100 Safari/537.36" "-"
68.178.149.0 - - [17/Jan/2024:06:09:14 +0100] "POST /xmlrpc.php HTTP/1.1" 200 401 dartmoorrunners.co.uk "-" "Mozilla/5.0 (X11; Fedora; Linux x86_64; rv:94.0) Gecko/20100101 Firefox/95.0" "-"
5.253.60.0 - - [17/Jan/2024:06:19:55 +0100] "GET /wp-content/plugins/duplicator/assets/img/index.php HTTP/1.1" 301 - dartmoorrunners.co.uk "http://simplesite.com" "Mozilla/5.0 (Windows; U; Windows NT 5.1; en-US) AppleWebKit/533.4 (KHTML, like Gecko) Chrome/5.0.375.99 Safari/533.4" "-"
5.253.60.0 - - [17/Jan/2024:06:19:56 +0100] "GET /wp-content/plugins/duplicator/assets/img/ HTTP/1.1" 404 24764 dartmoorrunners.co.uk "http://dartmoorrunners.co.uk/wp-content/plugins/duplicator/assets/img/index.php" "Mozilla/5.0 (Windows; U; Windows NT 5.1; en-US) AppleWebKit/533.4 (KHTML, like Gecko) Chrome/5.0.375.99 Safari/533.4" "-"
162.19.230.0 - - [17/Jan/2024:06:24:49 +0100] "POST /xmlrpc.php HTTP/1.1" 200 401 dartmoorrunners.co.uk "-" "Mozilla/5.0 (X11; Fedora; Linux x86_64; rv:94.0) Gecko/20100101 Firefox/95.0" "-"
51.91.220.0 - - [17/Jan/2024:06:28:52 +0100] "POST /xmlrpc.php HTTP/1.1" 200 401 dartmoorrunners.co.uk "-" "Mozilla/5.0 (X11; Fedora; Linux x86_64; rv:94.0) Gecko/20100101 Firefox/95.0" "-"
139.162.21.0 - - [17/Jan/2024:06:32:23 +0100] "POST /xmlrpc.php HTTP/1.1" 200 401 dartmoorrunners.co.uk "-" "Mozilla/5.0 (X11; Fedora; Linux x86_64; rv:94.0) Gecko/20100101 Firefox/95.0" "-"
82.165.88.0 - - [17/Jan/2024:06:32:24 +0100] "POST /wp-cron.php?doing_wp_cron=1705469544.0987219810485839843750 HTTP/1.1" 200 - dartmoorrunners.co.uk "http://dartmoorrunners.co.uk/wp-cron.php?doing_wp_cron=1705469544.0987219810485839843750" "WordPress/6.1.4; http://dartmoorrunners.co.uk" "-"
68.178.151.0 - - [17/Jan/2024:06:35:57 +0100] "POST /xmlrpc.php HTTP/1.1" 200 401 dartmoorrunners.co.uk "-" "Mozilla/5.0 (X11; Fedora; Linux x86_64; rv:94.0) Gecko/20100101 Firefox/95.0" "-"
49.232.28.0 - - [17/Jan/2024:06:39:22 +0100] "POST /xmlrpc.php HTTP/1.1" 200 401 dartmoorrunners.co.uk "-" "Mozilla/5.0 (X11; Fedora; Linux x86_64; rv:94.0) Gecko/20100101 Firefox/95.0" "-"
87.236.209.0 - - [17/Jan/2024:06:42:53 +0100] "POST /xmlrpc.php HTTP/1.1" 200 401 dartmoorrunners.co.uk "-" "Mozilla/5.0 (X11; Fedora; Linux x86_64; rv:94.0) Gecko/20100101 Firefox/95.0" "-"
103.90.225.0 - - [17/Jan/2024:06:46:04 +0100] "POST /xmlrpc.php HTTP/1.1" 200 401 dartmoorrunners.co.uk "-" "Mozilla/5.0 (X11; Fedora; Linux x86_64; rv:94.0) Gecko/20100101 Firefox/95.0" "-"
2607:f298:: - - [17/Jan/2024:06:49:00 +0100] "POST /xmlrpc.php HTTP/1.1" 200 401 dartmoorrunners.co.uk "-" "Mozilla/5.0 (X11; Fedora; Linux x86_64; rv:94.0) Gecko/20100101 Firefox/95.0" "-"
182.92.152.0 - - [17/Jan/2024:06:52:19 +0100] "POST /xmlrpc.php HTTP/1.1" 200 401 dartmoorrunners.co.uk "-" "Mozilla/5.0 (X11; Fedora; Linux x86_64; rv:94.0) Gecko/20100101 Firefox/95.0" "-"
67.205.10.0 - - [17/Jan/2024:06:55:21 +0100] "POST /xmlrpc.php HTTP/1.1" 200 401 dartmoorrunners.co.uk "-" "Mozilla/5.0 (X11; Fedora; Linux x86_64; rv:94.0) Gecko/20100101 Firefox/95.0" "-"
68.178.149.0 - - [17/Jan/2024:06:58:35 +0100] "POST /xmlrpc.php HTTP/1.1" 200 401 dartmoorrunners.co.uk "-" "Mozilla/5.0 (X11; Fedora; Linux x86_64; rv:94.0) Gecko/20100101 Firefox/95.0" "-"
103.171.90.0 - - [17/Jan/2024:07:01:59 +0100] "POST /xmlrpc.php HTTP/1.1" 200 401 dartmoorrunners.co.uk "-" "Mozilla/5.0 (X11; Fedora; Linux x86_64; rv:94.0) Gecko/20100101 Firefox/95.0" "-"
72.167.58.0 - - [17/Jan/2024:07:05:12 +0100] "POST /xmlrpc.php HTTP/1.1" 200 401 dartmoorrunners.co.uk "-" "Mozilla/5.0 (X11; Fedora; Linux x86_64; rv:94.0) Gecko/20100101 Firefox/95.0" "-"
198.71.235.0 - - [17/Jan/2024:07:08:46 +0100] "POST /xmlrpc.php HTTP/1.1" 200 401 dartmoorrunners.co.uk "-" "Mozilla/5.0 (X11; Fedora; Linux x86_64; rv:94.0) Gecko/20100101 Firefox/95.0" "-"
2607:f298:: - - [17/Jan/2024:07:15:55 +0100] "POST /xmlrpc.php HTTP/1.1" 200 401 dartmoorrunners.co.uk "-" "Mozilla/5.0 (X11; Fedora; Linux x86_64; rv:94.0) Gecko/20100101 Firefox/95.0" "-"
167.71.69.0 - - [17/Jan/2024:07:19:41 +0100] "POST /xmlrpc.php HTTP/1.1" 200 401 dartmoorrunners.co.uk "-" "Mozilla/5.0 (X11; Fedora; Linux x86_64; rv:94.0) Gecko/20100101 Firefox/95.0" "-"
2607:f298:: - - [17/Jan/2024:07:23:23 +0100] "POST /xmlrpc.php HTTP/1.1" 200 401 dartmoorrunners.co.uk "-" "Mozilla/5.0 (X11; Fedora; Linux x86_64; rv:94.0) Gecko/20100101 Firefox/95.0" "-"
49.7.227.0 - - [17/Jan/2024:07:26:21 +0100] "GET / HTTP/1.1" 200 31576 dartmoorrunners.co.uk "-" "Mozilla/5.0 (iPhone; CPU iPhone OS 13_2_3 like Mac OS X) AppleWebKit/605.1.15 (KHTML, like Gecko) Version/13.0.3 Mobile/15E148 Safari/604.1" "-"
124.221.132.0 - - [17/Jan/2024:07:26:57 +0100] "POST /xmlrpc.php HTTP/1.1" 200 401 dartmoorrunners.co.uk "-" "Mozilla/5.0 (X11; Fedora; Linux x86_64; rv:94.0) Gecko/20100101 Firefox/95.0" "-"
51.195.107.0 - - [17/Jan/2024:07:27:31 +0100] "POST /wp-login.php HTTP/1.1" 200 9057 dartmoorrunners.co.uk "-" "Mozilla/5.0 (Windows NT 6.1; WOW64) AppleWebKit/537.36 (KHTML, like Gecko) Chrome/52.0.2743.116 Safari/537.36" "-"
82.165.88.0 - - [17/Jan/2024:07:35:10 +0100] "POST /wp-cron.php?doing_wp_cron=1705473310.3436069488525390625000 HTTP/1.1" 200 - dartmoorrunners.co.uk "http://dartmoorrunners.co.uk/wp-cron.php?doing_wp_cron=1705473310.3436069488525390625000" "WordPress/6.1.4; http://dartmoorrunners.co.uk" "-"
173.201.191.0 - - [17/Jan/2024:07:35:10 +0100] "POST /xmlrpc.php HTTP/1.1" 200 401 dartmoorrunners.co.uk "-" "Mozilla/5.0 (X11; Fedora; Linux x86_64; rv:94.0) Gecko/20100101 Firefox/95.0" "-"
141.95.172.0 - - [17/Jan/2024:07:39:26 +0100] "POST /xmlrpc.php HTTP/1.1" 200 401 dartmoorrunners.co.uk "-" "Mozilla/5.0 (X11; Gentoo; Linux x86_64; rv:91.0) Gecko/20100101 Firefox/91.0" "-"
86.18.210.0 - - [17/Jan/2024:07:43:43 +0100] "GET / HTTP/1.1" 200 31576 dartmoorrunners.co.uk "-" "Mozilla/5.0 (iPhone; CPU iPhone OS 16_6_1 like Mac OS X) AppleWebKit/605.1.15 (KHTML, like Gecko) Version/16.6 Mobile/15E148 Safari/604.1" "-"
86.18.210.0 - - [17/Jan/2024:07:43:44 +0100] "GET /wp-includes/js/wp-emoji-release.min.js?ver=6.1.4 HTTP/1.1" 200 18617 dartmoorrunners.co.uk "http://dartmoorrunners.co.uk/" "Mozilla/5.0 (iPhone; CPU iPhone OS 16_6_1 like Mac OS X) AppleWebKit/605.1.15 (KHTML, like Gecko) Version/16.6 Mobile/15E148 Safari/604.1" "-"
86.18.210.0 - - [17/Jan/2024:07:43:44 +0100] "GET /wp-content/uploads/2017/04/cropped-dartmoorrunnerslogo_normal.png HTTP/1.1" 200 110052 dartmoorrunners.co.uk "http://dartmoorrunners.co.uk/" "Mozilla/5.0 (iPhone; CPU iPhone OS 16_6_1 like Mac OS X) AppleWebKit/605.1.15 (KHTML, like Gecko) Version/16.6 Mobile/15E148 Safari/604.1" "-"
86.18.210.0 - - [17/Jan/2024:07:43:44 +0100] "GET /wp-content/uploads/2017/04/Moorland-runner-cropped.jpg HTTP/1.1" 200 437747 dartmoorrunners.co.uk "http://dartmoorrunners.co.uk/" "Mozilla/5.0 (iPhone; CPU iPhone OS 16_6_1 like Mac OS X) AppleWebKit/605.1.15 (KHTML, like Gecko) Version/16.6 Mobile/15E148 Safari/604.1" "-"
86.18.210.0 - - [17/Jan/2024:07:43:56 +0100] "GET / HTTP/1.1" 200 31576 dartmoorrunners.co.uk "http://dartmoorrunners.co.uk/" "Mozilla/5.0 (iPhone; CPU iPhone OS 16_6_1 like Mac OS X) AppleWebKit/605.1.15 (KHTML, like Gecko) Version/16.6 Mobile/15E148 Safari/604.1" "-"
86.18.210.0 - - [17/Jan/2024:07:44:43 +0100] "GET /winter-series-2023 HTTP/1.1" 200 27622 dartmoorrunners.co.uk "http://dartmoorrunners.co.uk/" "Mozilla/5.0 (iPhone; CPU iPhone OS 16_6_1 like Mac OS X) AppleWebKit/605.1.15 (KHTML, like Gecko) Version/16.6 Mobile/15E148 Safari/604.1" "-"
86.18.210.0 - - [17/Jan/2024:07:44:44 +0100] "GET /wp-content/uploads/2017/04/cropped-dartmoorrunnerslogo_normal-192x192.png HTTP/1.1" 200 59292 dartmoorrunners.co.uk "http://dartmoorrunners.co.uk/winter-series-2023" "Mozilla/5.0 (iPhone; CPU iPhone OS 16_6_1 like Mac OS X) AppleWebKit/605.1.15 (KHTML, like Gecko) Version/16.6 Mobile/15E148 Safari/604.1" "-"
66.249.76.0 - - [17/Jan/2024:07:44:59 +0100] "GET / HTTP/1.1" 200 31576 dartmoorrunners.co.uk "-" "Mozilla/5.0 (compatible; Googlebot/2.1; +http://www.google.com/bot.html)" "-"
86.18.210.0 - - [17/Jan/2024:07:45:36 +0100] "GET /summer-series-2023 HTTP/1.1" 200 27251 dartmoorrunners.co.uk "http://dartmoorrunners.co.uk/" "Mozilla/5.0 (iPhone; CPU iPhone OS 16_6_1 like Mac OS X) AppleWebKit/605.1.15 (KHTML, like Gecko) Version/16.6 Mobile/15E148 Safari/604.1" "-"
86.18.210.0 - - [17/Jan/2024:07:46:10 +0100] "GET / HTTP/1.1" 200 31576 dartmoorrunners.co.uk "http://dartmoorrunners.co.uk/summer-series-2023" "Mozilla/5.0 (iPhone; CPU iPhone OS 16_6_1 like Mac OS X) AppleWebKit/605.1.15 (KHTML, like Gecko) Version/16.6 Mobile/15E148 Safari/604.1" "-"
54.36.148.0 - - [17/Jan/2024:07:47:26 +0100] "GET /robots.txt HTTP/1.1" 200 121 dartmoorrunners.co.uk "-" "Mozilla/5.0 (compatible; AhrefsBot/7.0; +http://ahrefs.com/robot/)" "-"
54.36.148.0 - - [17/Jan/2024:07:47:27 +0100] "GET /summer-series-2023 HTTP/1.1" 200 27251 dartmoorrunners.co.uk "-" "Mozilla/5.0 (compatible; AhrefsBot/7.0; +http://ahrefs.com/robot/)" "-"
184.168.96.0 - - [17/Jan/2024:07:48:08 +0100] "POST /xmlrpc.php HTTP/1.1" 200 401 dartmoorrunners.co.uk "-" "Mozilla/5.0 (X11; Fedora; Linux x86_64; rv:94.0) Gecko/20100101 Firefox/95.0" "-"
2a03:b0c0:: - - [17/Jan/2024:07:53:08 +0100] "POST /xmlrpc.php HTTP/1.1" 200 401 dartmoorrunners.co.uk "-" "Mozilla/5.0 (X11; Fedora; Linux x86_64; rv:94.0) Gecko/20100101 Firefox/95.0" "-"
102.129.40.0 - - [17/Jan/2024:07:58:29 +0100] "POST /xmlrpc.php HTTP/1.1" 200 401 dartmoorrunners.co.uk "-" "Mozilla/5.0 (X11; Fedora; Linux x86_64; rv:94.0) Gecko/20100101 Firefox/95.0" "-"
107.173.84.0 - - [17/Jan/2024:08:02:26 +0100] "POST /xmlrpc.php HTTP/1.1" 200 401 dartmoorrunners.co.uk "-" "Mozilla/5.0 (X11; Fedora; Linux x86_64; rv:94.0) Gecko/20100101 Firefox/95.0" "-"
37.140.216.0 - - [17/Jan/2024:08:07:15 +0100] "POST /xmlrpc.php HTTP/1.1" 200 401 dartmoorrunners.co.uk "-" "Mozilla/5.0 (X11; Fedora; Linux x86_64; rv:94.0) Gecko/20100101 Firefox/95.0" "-"
134.122.27.0 - - [17/Jan/2024:08:12:16 +0100] "POST /xmlrpc.php HTTP/1.1" 200 401 dartmoorrunners.co.uk "-" "Mozilla/5.0 (X11; Fedora; Linux x86_64; rv:94.0) Gecko/20100101 Firefox/95.0" "-"
195.191.219.0 - - [17/Jan/2024:08:12:40 +0100] "GET /robots.txt HTTP/1.1" 301 - www.dartmoorrunners.co.uk "-" "Mozilla/5.0 (compatible; MJ12bot/v1.4.8; http://mj12bot.com/)" "-"
195.191.219.0 - - [17/Jan/2024:08:12:41 +0100] "GET /robots.txt HTTP/1.1" 200 121 dartmoorrunners.co.uk "-" "Mozilla/5.0 (compatible; MJ12bot/v1.4.8; http://mj12bot.com/)" "-"
195.191.219.0 - - [17/Jan/2024:08:12:43 +0100] "GET / HTTP/1.1" 301 - www.dartmoorrunners.co.uk "-" "Mozilla/5.0 (compatible; MJ12bot/v1.4.8; http://mj12bot.com/)" "-"
195.191.219.0 - - [17/Jan/2024:08:12:45 +0100] "GET / HTTP/1.1" 200 31576 dartmoorrunners.co.uk "-" "Mozilla/5.0 (compatible; MJ12bot/v1.4.8; http://mj12bot.com/)" "-"
2604:a880:800:: - - [17/Jan/2024:08:17:20 +0100] "POST /xmlrpc.php HTTP/1.1" 200 401 dartmoorrunners.co.uk "-" "Mozilla/5.0 (X11; Fedora; Linux x86_64; rv:94.0) Gecko/20100101 Firefox/95.0" "-"
2607:f298:: - - [17/Jan/2024:08:22:35 +0100] "POST /xmlrpc.php HTTP/1.1" 200 401 dartmoorrunners.co.uk "-" "Mozilla/5.0 (X11; Fedora; Linux x86_64; rv:94.0) Gecko/20100101 Firefox/95.0" "-"
162.0.228.0 - - [17/Jan/2024:08:38:53 +0100] "POST /xmlrpc.php HTTP/1.1" 200 401 dartmoorrunners.co.uk "-" "Mozilla/5.0 (X11; Fedora; Linux x86_64; rv:94.0) Gecko/20100101 Firefox/95.0" "-"
82.165.88.0 - - [17/Jan/2024:08:38:54 +0100] "POST /wp-cron.php?doing_wp_cron=1705477134.1014299392700195312500 HTTP/1.1" 200 - dartmoorrunners.co.uk "http://dartmoorrunners.co.uk/wp-cron.php?doing_wp_cron=1705477134.1014299392700195312500" "WordPress/6.1.4; http://dartmoorrunners.co.uk" "-"
68.178.225.0 - - [17/Jan/2024:08:39:30 +0100] "GET /wp-pano HTTP/1.1" 404 24764 dartmoorrunners.co.uk "-" "Mozilla/5.0 (Windows NT 10.0; Win64; x64) AppleWebKit/537.36 (KHTML, like Gecko) Chrome/81.0.4044.138 Safari/537.36" "-"
47.106.201.0 - - [17/Jan/2024:08:44:21 +0100] "POST /xmlrpc.php HTTP/1.1" 200 401 dartmoorrunners.co.uk "-" "Mozilla/5.0 (X11; Fedora; Linux x86_64; rv:94.0) Gecko/20100101 Firefox/95.0" "-"
68.178.149.0 - - [17/Jan/2024:08:50:21 +0100] "POST /xmlrpc.php HTTP/1.1" 200 401 dartmoorrunners.co.uk "-" "Mozilla/5.0 (X11; Fedora; Linux x86_64; rv:94.0) Gecko/20100101 Firefox/95.0" "-"
192.42.116.0 - - [17/Jan/2024:08:53:49 +0100] "POST /xmlrpc.php HTTP/1.1" 200 403 dartmoorrunners.co.uk "-" "Mozilla/5.0 (X11; U; Linux i686; en-US; rv:1.9a1) Gecko/20070308 Minefield/3.0a1" "-"
192.42.116.0 - - [17/Jan/2024:08:53:50 +0100] "POST /xmlrpc.php HTTP/1.1" 200 403 dartmoorrunners.co.uk "-" "Mozilla/5.0 (X11; U; Linux i686; en-US; rv:1.9a1) Gecko/20070308 Minefield/3.0a1" "-"
192.42.116.0 - - [17/Jan/2024:08:53:51 +0100] "POST /xmlrpc.php HTTP/1.1" 403 618 dartmoorrunners.co.uk "-" "Mozilla/5.0 (X11; U; Linux i686; en-US; rv:1.9a1) Gecko/20070308 Minefield/3.0a1" "-"
192.42.116.0 - - [17/Jan/2024:08:53:52 +0100] "POST /xmlrpc.php HTTP/1.1" 403 618 dartmoorrunners.co.uk "-" "Mozilla/5.0 (X11; U; Linux i686; en-US; rv:1.9a1) Gecko/20070308 Minefield/3.0a1" "-"
192.42.116.0 - - [17/Jan/2024:08:53:53 +0100] "POST /xmlrpc.php HTTP/1.1" 403 618 dartmoorrunners.co.uk "-" "Mozilla/5.0 (X11; U; Linux i686; en-US; rv:1.9a1) Gecko/20070308 Minefield/3.0a1" "-"
2a01:4b80:: - - [17/Jan/2024:08:56:23 +0100] "POST /xmlrpc.php HTTP/1.1" 200 401 dartmoorrunners.co.uk "-" "Mozilla/5.0 (X11; Fedora; Linux x86_64; rv:94.0) Gecko/20100101 Firefox/95.0" "-"
2604:a880:800:: - - [17/Jan/2024:09:08:41 +0100] "POST /xmlrpc.php HTTP/1.1" 200 401 dartmoorrunners.co.uk "-" "Mozilla/5.0 (X11; Fedora; Linux x86_64; rv:94.0) Gecko/20100101 Firefox/95.0" "-"
116.6.234.0 - - [17/Jan/2024:09:11:20 +0100] "GET /wp-content/uploads/2017/04/cropped-dartmoorrunnerslogo_normal.png HTTP/1.1" 200 110052 dartmoorrunners.co.uk "-" "Mozilla/5.0 (X11; Ubuntu; Linux x86_64; rv:72.0) Gecko/20100101 Firefox/72.0" "-"
103.120.176.0 - - [17/Jan/2024:09:15:02 +0100] "POST /xmlrpc.php HTTP/1.1" 403 618 dartmoorrunners.co.uk "-" "Mozilla/5.0 (X11; Fedora; Linux x86_64; rv:94.0) Gecko/20100101 Firefox/95.0" "-"
2a00:6800:: - - [17/Jan/2024:09:27:48 +0100] "GET /results/summer-series-2015-results HTTP/1.1" 200 25686 dartmoorrunners.co.uk "-" "Mozilla/5.0 (Windows NT 10.0; Win64; x64) AppleWebKit/537.36 (KHTML, like Gecko) Chrome/91.0.4472.114 Safari/537.36 Edg/91.0.864.54" "-"
82.165.88.0 - - [17/Jan/2024:09:34:11 +0100] "POST /wp-cron.php?doing_wp_cron=1705480451.8984889984130859375000 HTTP/1.1" 200 - dartmoorrunners.co.uk "http://dartmoorrunners.co.uk/wp-cron.php?doing_wp_cron=1705480451.8984889984130859375000" "WordPress/6.1.4; http://dartmoorrunners.co.uk" "-"
68.178.149.0 - - [17/Jan/2024:09:34:11 +0100] "POST /xmlrpc.php HTTP/1.1" 200 401 dartmoorrunners.co.uk "-" "Mozilla/5.0 (X11; Fedora; Linux x86_64; rv:94.0) Gecko/20100101 Firefox/95.0" "-"
161.35.233.0 - - [17/Jan/2024:09:41:31 +0100] "GET / HTTP/1.1" 200 31576 dartmoorrunners.co.uk "-" "Mozilla/5.0 (X11; Linux x86_64) AppleWebKit/537.36 (KHTML, like Gecko) Chrome/108.0.0.0 Safari/537.36" "-"
52.167.144.0 - - [17/Jan/2024:09:50:05 +0100] "GET /wp-sitemap.xml HTTP/1.1" 200 562 dartmoorrunners.co.uk "-" "Mozilla/5.0 AppleWebKit/537.36 (KHTML, like Gecko; compatible; bingbot/2.0; +http://www.bing.com/bingbot.htm) Chrome/116.0.1938.76 Safari/537.36" "-"
2607:f298:: - - [17/Jan/2024:09:54:13 +0100] "POST /xmlrpc.php HTTP/1.1" 200 401 dartmoorrunners.co.uk "-" "Mozilla/5.0 (X11; Fedora; Linux x86_64; rv:94.0) Gecko/20100101 Firefox/95.0" "-"
2a02:c7e:2e00:: - - [17/Jan/2024:09:59:03 +0100] "GET /wp-includes/js/wp-emoji-release.min.js?ver=6.1.4 HTTP/1.1" 200 18617 dartmoorrunners.co.uk "http://dartmoorrunners.co.uk/" "Mozilla/5.0 (iPhone; CPU iPhone OS 17_2_1 like Mac OS X) AppleWebKit/605.1.15 (KHTML, like Gecko) Version/17.2 Mobile/15E148 Safari/604.1" "-"
2a02:c7e:2e00:: - - [17/Jan/2024:09:59:03 +0100] "GET /wp-includes/css/classic-themes.min.css?ver=1 HTTP/1.1" 200 189 dartmoorrunners.co.uk "http://dartmoorrunners.co.uk/" "Mozilla/5.0 (iPhone; CPU iPhone OS 17_2_1 like Mac OS X) AppleWebKit/605.1.15 (KHTML, like Gecko) Version/17.2 Mobile/15E148 Safari/604.1" "-"
2a02:c7e:2e00:: - - [17/Jan/2024:09:59:03 +0100] "GET /wp-includes/css/dist/block-library/style.min.css?ver=6.1.4 HTTP/1.1" 200 16164 dartmoorrunners.co.uk "http://dartmoorrunners.co.uk/" "Mozilla/5.0 (iPhone; CPU iPhone OS 17_2_1 like Mac OS X) AppleWebKit/605.1.15 (KHTML, like Gecko) Version/17.2 Mobile/15E148 Safari/604.1" "-"
2a02:c7e:2e00:: - - [17/Jan/2024:09:59:03 +0100] "GET /wp-content/uploads/2017/04/winter-2015-small.jpg HTTP/1.1" 200 202841 dartmoorrunners.co.uk "http://dartmoorrunners.co.uk/" "Mozilla/5.0 (iPhone; CPU iPhone OS 17_2_1 like Mac OS X) AppleWebKit/605.1.15 (KHTML, like Gecko) Version/17.2 Mobile/15E148 Safari/604.1" "-"
2a02:c7e:2e00:: - - [17/Jan/2024:09:59:03 +0100] "GET /wp-content/uploads/2017/04/XmasBash2017Med.jpg HTTP/1.1" 200 200566 dartmoorrunners.co.uk "http://dartmoorrunners.co.uk/" "Mozilla/5.0 (iPhone; CPU iPhone OS 17_2_1 like Mac OS X) AppleWebKit/605.1.15 (KHTML, like Gecko) Version/17.2 Mobile/15E148 Safari/604.1" "-"
2a02:c7e:2e00:: - - [17/Jan/2024:09:59:03 +0100] "GET /wp-content/uploads/2017/04/Moorland-runner-cropped.jpg HTTP/1.1" 200 437747 dartmoorrunners.co.uk "http://dartmoorrunners.co.uk/" "Mozilla/5.0 (iPhone; CPU iPhone OS 17_2_1 like Mac OS X) AppleWebKit/605.1.15 (KHTML, like Gecko) Version/17.2 Mobile/15E148 Safari/604.1" "-"
2a02:c7e:2e00:: - - [17/Jan/2024:09:59:24 +0100] "GET / HTTP/1.1" 200 31576 dartmoorrunners.co.uk "http://dartmoorrunners.co.uk/" "Mozilla/5.0 (iPhone; CPU iPhone OS 17_2_1 like Mac OS X) AppleWebKit/605.1.15 (KHTML, like Gecko) Version/17.2 Mobile/15E148 Safari/604.1" "-"
2a03:b0c0:: - - [17/Jan/2024:10:01:14 +0100] "POST /xmlrpc.php HTTP/1.1" 200 401 dartmoorrunners.co.uk "-" "Mozilla/5.0 (X11; Fedora; Linux x86_64; rv:94.0) Gecko/20100101 Firefox/95.0" "-"
178.159.37.0 - - [17/Jan/2024:10:04:22 +0100] "GET / HTTP/1.1" 200 31576 dartmoorrunners.co.uk "http://dartmoorrunners.co.uk/" "Mozilla/5.0 (Windows NT 10.0; Win64; x64) AppleWebKit/537.36 (KHTML, like Gecko) Chrome/58.0.3029.110 Safari/537.36" "-"
2607:f298:: - - [17/Jan/2024:10:08:06 +0100] "POST /xmlrpc.php HTTP/1.1" 200 401 dartmoorrunners.co.uk "-" "Mozilla/5.0 (X11; Fedora; Linux x86_64; rv:94.0) Gecko/20100101 Firefox/95.0" "-"
137.59.125.0 - - [17/Jan/2024:10:08:34 +0100] "POST /wp-login.php HTTP/1.1" 200 9057 dartmoorrunners.co.uk "-" "Mozilla/5.0 (Windows NT 6.1; Win64; x64) AppleWebKit/537.36 (KHTML, like Gecko) Chrome/55.0.2883.87 Safari/537.36" "-"
148.66.146.0 - - [17/Jan/2024:10:14:56 +0100] "POST /xmlrpc.php HTTP/1.1" 200 401 dartmoorrunners.co.uk "-" "Mozilla/5.0 (X11; Fedora; Linux x86_64; rv:94.0) Gecko/20100101 Firefox/95.0" "-"
142.44.167.0 - - [17/Jan/2024:10:22:16 +0100] "GET /robots.txt HTTP/1.1" 200 121 dartmoorrunners.co.uk "-" "Mozilla/5.0 (compatible; YaK/1.0; http://linkfluence.com/; bot@linkfluence.com)" "-"
142.44.167.0 - - [17/Jan/2024:10:22:17 +0100] "GET / HTTP/1.1" 200 31576 dartmoorrunners.co.uk "-" "Mozilla/5.0 (compatible; YaK/1.0; http://linkfluence.com/; bot@linkfluence.com)" "-"
142.44.167.0 - - [17/Jan/2024:10:22:19 +0100] "GET / HTTP/1.1" 200 31576 dartmoorrunners.co.uk "-" "Mozilla/5.0 (compatible; YaK/1.0; http://linkfluence.com/; bot@linkfluence.com)" "-"
142.44.167.0 - - [17/Jan/2024:10:22:19 +0100] "GET /winter-series-2023 HTTP/1.1" 200 27622 dartmoorrunners.co.uk "-" "Mozilla/5.0 (compatible; YaK/1.0; http://linkfluence.com/; bot@linkfluence.com)" "-"
142.44.167.0 - - [17/Jan/2024:10:22:20 +0100] "GET /summer-series-2019-results HTTP/1.1" 200 25728 dartmoorrunners.co.uk "-" "Mozilla/5.0 (compatible; YaK/1.0; http://linkfluence.com/; bot@linkfluence.com)" "-"
142.44.167.0 - - [17/Jan/2024:10:22:21 +0100] "GET /summer-series-2023 HTTP/1.1" 200 27251 dartmoorrunners.co.uk "-" "Mozilla/5.0 (compatible; YaK/1.0; http://linkfluence.com/; bot@linkfluence.com)" "-"
142.44.167.0 - - [17/Jan/2024:10:22:22 +0100] "GET /winter-series-results-2017 HTTP/1.1" 200 25720 dartmoorrunners.co.uk "-" "Mozilla/5.0 (compatible; YaK/1.0; http://linkfluence.com/; bot@linkfluence.com)" "-"
142.44.167.0 - - [17/Jan/2024:10:22:23 +0100] "GET /results HTTP/1.1" 200 25109 dartmoorrunners.co.uk "-" "Mozilla/5.0 (compatible; YaK/1.0; http://linkfluence.com/; bot@linkfluence.com)" "-"
142.44.167.0 - - [17/Jan/2024:10:22:23 +0100] "GET /current-series-dates HTTP/1.1" 200 27888 dartmoorrunners.co.uk "-" "Mozilla/5.0 (compatible; YaK/1.0; http://linkfluence.com/; bot@linkfluence.com)" "-"
142.44.167.0 - - [17/Jan/2024:10:22:24 +0100] "GET /winter-series-results-2018 HTTP/1.1" 200 25720 dartmoorrunners.co.uk "-" "Mozilla/5.0 (compatible; YaK/1.0; http://linkfluence.com/; bot@linkfluence.com)" "-"
142.44.167.0 - - [17/Jan/2024:10:22:25 +0100] "GET /feed HTTP/1.1" 200 1728 dartmoorrunners.co.uk "-" "Mozilla/5.0 (compatible; YaK/1.0; http://linkfluence.com/; bot@linkfluence.com)" "-"
142.44.167.0 - - [17/Jan/2024:10:22:26 +0100] "GET /winter-series-2019-results HTTP/1.1" 200 25728 dartmoorrunners.co.uk "-" "Mozilla/5.0 (compatible; YaK/1.0; http://linkfluence.com/; bot@linkfluence.com)" "-"
142.44.167.0 - - [17/Jan/2024:10:22:27 +0100] "GET /winter-series-2022-results HTTP/1.1" 200 25787 dartmoorrunners.co.uk "-" "Mozilla/5.0 (compatible; YaK/1.0; http://linkfluence.com/; bot@linkfluence.com)" "-"
142.44.167.0 - - [17/Jan/2024:10:22:27 +0100] "GET /sample-page/feed HTTP/1.1" 200 819 dartmoorrunners.co.uk "-" "Mozilla/5.0 (compatible; YaK/1.0; http://linkfluence.com/; bot@linkfluence.com)" "-"
142.44.167.0 - - [17/Jan/2024:10:22:28 +0100] "GET /results/winter-series-2011-results HTTP/1.1" 200 44857 dartmoorrunners.co.uk "-" "Mozilla/5.0 (compatible; YaK/1.0; http://linkfluence.com/; bot@linkfluence.com)" "-"
142.44.167.0 - - [17/Jan/2024:10:22:29 +0100] "GET /results/winter-series-2015-results HTTP/1.1" 200 25701 dartmoorrunners.co.uk "-" "Mozilla/5.0 (compatible; YaK/1.0; http://linkfluence.com/; bot@linkfluence.com)" "-"
142.44.167.0 - - [17/Jan/2024:10:22:30 +0100] "GET /results/summer-series-2015-results HTTP/1.1" 200 25686 dartmoorrunners.co.uk "-" "Mozilla/5.0 (compatible; YaK/1.0; http://linkfluence.com/; bot@linkfluence.com)" "-"
142.44.167.0 - - [17/Jan/2024:10:22:31 +0100] "GET /results/summer-series-2017-results HTTP/1.1" 200 25707 dartmoorrunners.co.uk "-" "Mozilla/5.0 (compatible; YaK/1.0; http://linkfluence.com/; bot@linkfluence.com)" "-"
142.44.167.0 - - [17/Jan/2024:10:22:32 +0100] "GET /comments/feed HTTP/1.1" 200 827 dartmoorrunners.co.uk "-" "Mozilla/5.0 (compatible; YaK/1.0; http://linkfluence.com/; bot@linkfluence.com)" "-"
