198.20.67.0 - - [09/Jan/2024:08:51:07 +0100] "GET /results/winter-series-2011-results HTTP/1.1" 200 44855 dartmoorrunners.co.uk "-" "SiteLockSpider [en] (WinNT; I ;Nav)" "-"
198.20.67.0 - - [09/Jan/2024:08:51:08 +0100] "GET /results HTTP/1.1" 200 25107 dartmoorrunners.co.uk "-" "SiteLockSpider [en] (WinNT; I ;Nav)" "-"
198.20.67.0 - - [09/Jan/2024:08:51:09 +0100] "GET / HTTP/1.1" 200 31574 dartmoorrunners.co.uk "-" "SiteLockSpider [en] (WinNT; I ;Nav)" "-"
198.20.67.0 - - [09/Jan/2024:08:51:10 +0100] "GET /wp-content/themes/omega/style.css?ver=6.1.4 HTTP/1.1" 200 21416 dartmoorrunners.co.uk "http://www.google.com/url?url=dartmoorrunners.co.uk&yahoo.com" "Mozilla/5.0 (compatible; MSIE 9.0; Windows NT 6.1; WOW64; Trident/6.0)" "-"
198.20.67.0 - - [09/Jan/2024:08:51:11 +0100] "GET /wp-includes/wlwmanifest.xml HTTP/1.1" 200 1045 dartmoorrunners.co.uk "http://www.google.com/url?url=dartmoorrunners.co.uk&yahoo.com" "Mozilla/5.0 (compatible; MSIE 9.0; Windows NT 6.1; WOW64; Trident/6.0)" "-"
198.20.67.0 - - [09/Jan/2024:08:51:11 +0100] "GET /wp-json/wp/v2/pages/176 HTTP/1.1" 200 2066 dartmoorrunners.co.uk "http://www.google.com/url?url=dartmoorrunners.co.uk&yahoo.com" "Mozilla/5.0 (compatible; MSIE 9.0; Windows NT 6.1; WOW64; Trident/6.0)" "-"
198.20.67.0 - - [09/Jan/2024:08:51:12 +0100] "GET /comments/feed HTTP/1.1" 200 827 dartmoorrunners.co.uk "http://www.google.com/url?url=dartmoorrunners.co.uk&yahoo.com" "Mozilla/5.0 (compatible; MSIE 9.0; Windows NT 6.1; WOW64; Trident/6.0)" "-"
198.20.67.0 - - [09/Jan/2024:08:51:13 +0100] "GET /results/winter-series-2012-results HTTP/1.1" 200 25916 dartmoorrunners.co.uk "-" "SiteLockSpider [en] (WinNT; I ;Nav)" "-"
198.20.67.0 - - [09/Jan/2024:08:51:14 +0100] "GET /results/summer-series-2015-results HTTP/1.1" 200 25684 dartmoorrunners.co.uk "-" "SiteLockSpider [en] (WinNT; I ;Nav)" "-"
198.20.67.0 - - [09/Jan/2024:08:51:18 +0100] "GET //wp-content/plugins/wp-file-manager/readme.txt HTTP/1.1" 301 - dartmoorrunners.co.uk "-" "SiteLockSpider [en] (WinNT; I ;Nav)" "-"
198.20.67.0 - - [09/Jan/2024:08:51:18 +0100] "GET //wp-content/plugins/wp-file-manager/readme.txt HTTP/1.1" 301 - dartmoorrunners.co.uk "-" "SiteLockSpider [en] (WinNT; I ;Nav)" "-"
51.222.158.0 - - [09/Jan/2024:09:42:30 +0100] "GET /simple.php HTTP/1.1" 404 24762 dartmoorrunners.co.uk "-" "python-requests/2.27.1" "-"
82.165.88.0 - - [09/Jan/2024:09:42:31 +0100] "POST /wp-cron.php?doing_wp_cron=1704789750.9867498874664306640625 HTTP/1.1" 200 - dartmoorrunners.co.uk "http://dartmoorrunners.co.uk/wp-cron.php?doing_wp_cron=1704789750.9867498874664306640625" "WordPress/6.1.4; http://dartmoorrunners.co.uk" "-"
15.235.15.0 - - [09/Jan/2024:10:20:17 +0100] "GET / HTTP/1.1" 200 31574 dartmoorrunners.co.uk "-" "-" "-"
85.255.20.0 - - [09/Jan/2024:10:24:57 +0100] "HEAD / HTTP/1.1" 200 - dartmoorrunners.co.uk "-" "Mozilla/5.0 (Windows NT 10.0; Win64; x64) AppleWebKit/537.36 (KHTML, like Gecko) Chrome/51.0.2704.106 Safari/537.36" "-"
40.77.167.0 - - [09/Jan/2024:10:26:56 +0100] "GET /sitemap.xml HTTP/1.1" 302 - dartmoorrunners.co.uk "-" "Mozilla/5.0 AppleWebKit/537.36 (KHTML, like Gecko; compatible; bingbot/2.0; +http://www.bing.com/bingbot.htm) Chrome/116.0.1938.76 Safari/537.36" "-"
40.77.167.0 - - [09/Jan/2024:10:26:57 +0100] "GET /wp-sitemap.xml HTTP/1.1" 200 562 dartmoorrunners.co.uk "-" "Mozilla/5.0 AppleWebKit/537.36 (KHTML, like Gecko; compatible; bingbot/2.0; +http://www.bing.com/bingbot.htm) Chrome/116.0.1938.76 Safari/537.36" "-"
82.165.88.0 - - [09/Jan/2024:10:51:48 +0100] "POST /wp-cron.php?doing_wp_cron=1704793908.3804619312286376953125 HTTP/1.1" 200 - dartmoorrunners.co.uk "http://dartmoorrunners.co.uk/wp-cron.php?doing_wp_cron=1704793908.3804619312286376953125" "WordPress/6.1.4; http://dartmoorrunners.co.uk" "-"
52.167.144.0 - - [09/Jan/2024:10:51:48 +0100] "GET / HTTP/1.1" 200 31574 dartmoorrunners.co.uk "-" "Mozilla/5.0 AppleWebKit/537.36 (KHTML, like Gecko; compatible; bingbot/2.0; +http://www.bing.com/bingbot.htm) Chrome/116.0.1938.76 Safari/537.36" "-"
157.55.39.0 - - [09/Jan/2024:10:52:02 +0100] "GET /wp-includes/css/dist/block-library/style.min.css?ver=6.1.4 HTTP/1.1" 200 16164 dartmoorrunners.co.uk "-" "Mozilla/5.0 AppleWebKit/537.36 (KHTML, like Gecko; compatible; bingbot/2.0; +http://www.bing.com/bingbot.htm) Chrome/116.0.1938.76 Safari/537.36" "-"
52.167.144.0 - - [09/Jan/2024:10:52:07 +0100] "GET /wp-includes/css/classic-themes.min.css?ver=1 HTTP/1.1" 200 189 dartmoorrunners.co.uk "-" "Mozilla/5.0 AppleWebKit/537.36 (KHTML, like Gecko; compatible; bingbot/2.0; +http://www.bing.com/bingbot.htm) Chrome/116.0.1938.76 Safari/537.36" "-"
52.167.144.0 - - [09/Jan/2024:10:52:07 +0100] "GET /wp-includes/js/wp-emoji-release.min.js?ver=6.1.4 HTTP/1.1" 200 18617 dartmoorrunners.co.uk "-" "Mozilla/5.0 AppleWebKit/537.36 (KHTML, like Gecko; compatible; bingbot/2.0; +http://www.bing.com/bingbot.htm) Chrome/116.0.1938.76 Safari/537.36" "-"
217.160.152.0 - - [09/Jan/2024:10:59:48 +0100] "GET / HTTP/1.1" 200 31574 dartmoorrunners.co.uk "-" "Mozilla/5.0 (Macintosh; Intel Mac OS X 10_9_3) AppleWebKit/537.75.14 (KHTML, like Gecko) Version/7.0.3 Safari/7046A194A" "-"
217.160.152.0 - - [09/Jan/2024:10:59:49 +0100] "GET / HTTP/1.1" 200 31574 dartmoorrunners.co.uk "-" "Mozilla/5.0 (Macintosh; Intel Mac OS X 10_9_3) AppleWebKit/537.75.14 (KHTML, like Gecko) Version/7.0.3 Safari/7046A194A" "-"
217.160.152.0 - - [09/Jan/2024:10:59:49 +0100] "GET /wp-includes/css/classic-themes.min.css?ver=1 HTTP/1.1" 200 189 dartmoorrunners.co.uk "http://dartmoorrunners.co.uk/" "Mozilla/5.0 (Macintosh; Intel Mac OS X 10_9_3) AppleWebKit/537.75.14 (KHTML, like Gecko) Version/7.0.3 Safari/7046A194A" "-"
217.160.152.0 - - [09/Jan/2024:10:59:49 +0100] "GET /wp-includes/css/dist/block-library/style.min.css?ver=6.1.4 HTTP/1.1" 200 16164 dartmoorrunners.co.uk "http://dartmoorrunners.co.uk/" "Mozilla/5.0 (Macintosh; Intel Mac OS X 10_9_3) AppleWebKit/537.75.14 (KHTML, like Gecko) Version/7.0.3 Safari/7046A194A" "-"
217.160.152.0 - - [09/Jan/2024:10:59:49 +0100] "GET /wp-content/themes/omega/style.css?ver=6.1.4 HTTP/1.1" 200 6552 dartmoorrunners.co.uk "http://dartmoorrunners.co.uk/" "Mozilla/5.0 (Macintosh; Intel Mac OS X 10_9_3) AppleWebKit/537.75.14 (KHTML, like Gecko) Version/7.0.3 Safari/7046A194A" "-"
217.160.152.0 - - [09/Jan/2024:10:59:49 +0100] "GET /wp-includes/js/wp-emoji-release.min.js?ver=6.1.4 HTTP/1.1" 200 18617 dartmoorrunners.co.uk "http://dartmoorrunners.co.uk/" "Mozilla/5.0 (Macintosh; Intel Mac OS X 10_9_3) AppleWebKit/537.75.14 (KHTML, like Gecko) Version/7.0.3 Safari/7046A194A" "-"
217.160.152.0 - - [09/Jan/2024:10:59:49 +0100] "GET /wp-content/uploads/2017/04/Moorland-runner-cropped-300x212.jpg HTTP/1.1" 200 16206 dartmoorrunners.co.uk "http://dartmoorrunners.co.uk/" "Mozilla/5.0 (Macintosh; Intel Mac OS X 10_9_3) AppleWebKit/537.75.14 (KHTML, like Gecko) Version/7.0.3 Safari/7046A194A" "-"
217.160.152.0 - - [09/Jan/2024:10:59:49 +0100] "GET /wp-content/uploads/2017/04/winter-2015-small-300x225.jpg HTTP/1.1" 200 17306 dartmoorrunners.co.uk "http://dartmoorrunners.co.uk/" "Mozilla/5.0 (Macintosh; Intel Mac OS X 10_9_3) AppleWebKit/537.75.14 (KHTML, like Gecko) Version/7.0.3 Safari/7046A194A" "-"
217.160.152.0 - - [09/Jan/2024:10:59:49 +0100] "GET /wp-content/uploads/2017/04/XmasBash2017Med-300x200.jpg HTTP/1.1" 200 19902 dartmoorrunners.co.uk "http://dartmoorrunners.co.uk/" "Mozilla/5.0 (Macintosh; Intel Mac OS X 10_9_3) AppleWebKit/537.75.14 (KHTML, like Gecko) Version/7.0.3 Safari/7046A194A" "-"
217.160.152.0 - - [09/Jan/2024:10:59:49 +0100] "GET /wp-content/uploads/2017/04/cropped-dartmoorrunnerslogo_normal.png HTTP/1.1" 200 110052 dartmoorrunners.co.uk "http://dartmoorrunners.co.uk/" "Mozilla/5.0 (Macintosh; Intel Mac OS X 10_9_3) AppleWebKit/537.75.14 (KHTML, like Gecko) Version/7.0.3 Safari/7046A194A" "-"
217.160.152.0 - - [09/Jan/2024:10:59:49 +0100] "GET /wp-content/uploads/2017/04/ControlDog-300x225.jpg HTTP/1.1" 200 17221 dartmoorrunners.co.uk "http://dartmoorrunners.co.uk/" "Mozilla/5.0 (Macintosh; Intel Mac OS X 10_9_3) AppleWebKit/537.75.14 (KHTML, like Gecko) Version/7.0.3 Safari/7046A194A" "-"
94.173.119.0 - - [09/Jan/2024:11:06:33 +0100] "GET /winter-series-2023 HTTP/1.1" 200 27620 dartmoorrunners.co.uk "-" "Mozilla/5.0 (Linux; Android 10; K) AppleWebKit/537.36 (KHTML, like Gecko) Chrome/120.0.0.0 Mobile Safari/537.36" "-"
94.173.119.0 - - [09/Jan/2024:11:06:33 +0100] "GET /wp-includes/css/dist/block-library/style.min.css?ver=6.1.4 HTTP/1.1" 200 16164 dartmoorrunners.co.uk "http://dartmoorrunners.co.uk/winter-series-2023" "Mozilla/5.0 (Linux; Android 10; K) AppleWebKit/537.36 (KHTML, like Gecko) Chrome/120.0.0.0 Mobile Safari/537.36" "-"
94.173.119.0 - - [09/Jan/2024:11:06:33 +0100] "GET /wp-includes/css/classic-themes.min.css?ver=1 HTTP/1.1" 200 189 dartmoorrunners.co.uk "http://dartmoorrunners.co.uk/winter-series-2023" "Mozilla/5.0 (Linux; Android 10; K) AppleWebKit/537.36 (KHTML, like Gecko) Chrome/120.0.0.0 Mobile Safari/537.36" "-"
94.173.119.0 - - [09/Jan/2024:11:06:33 +0100] "GET /wp-content/themes/omega/style.css?ver=6.1.4 HTTP/1.1" 200 6552 dartmoorrunners.co.uk "http://dartmoorrunners.co.uk/winter-series-2023" "Mozilla/5.0 (Linux; Android 10; K) AppleWebKit/537.36 (KHTML, like Gecko) Chrome/120.0.0.0 Mobile Safari/537.36" "-"
94.173.119.0 - - [09/Jan/2024:11:06:33 +0100] "GET /wp-content/uploads/2017/04/cropped-dartmoorrunnerslogo_normal.png HTTP/1.1" 200 110052 dartmoorrunners.co.uk "http://dartmoorrunners.co.uk/winter-series-2023" "Mozilla/5.0 (Linux; Android 10; K) AppleWebKit/537.36 (KHTML, like Gecko) Chrome/120.0.0.0 Mobile Safari/537.36" "-"
94.173.119.0 - - [09/Jan/2024:11:06:33 +0100] "GET /wp-content/uploads/2017/04/XmasBash2017Med.jpg HTTP/1.1" 200 200566 dartmoorrunners.co.uk "http://dartmoorrunners.co.uk/winter-series-2023" "Mozilla/5.0 (Linux; Android 10; K) AppleWebKit/537.36 (KHTML, like Gecko) Chrome/120.0.0.0 Mobile Safari/537.36" "-"
94.173.119.0 - - [09/Jan/2024:11:06:33 +0100] "GET /wp-content/uploads/2017/04/ControlDog-768x576.jpg HTTP/1.1" 200 85973 dartmoorrunners.co.uk "http://dartmoorrunners.co.uk/winter-series-2023" "Mozilla/5.0 (Linux; Android 10; K) AppleWebKit/537.36 (KHTML, like Gecko) Chrome/120.0.0.0 Mobile Safari/537.36" "-"
94.173.119.0 - - [09/Jan/2024:11:06:33 +0100] "GET /wp-content/uploads/2017/04/winter-2015-small.jpg HTTP/1.1" 200 202841 dartmoorrunners.co.uk "http://dartmoorrunners.co.uk/winter-series-2023" "Mozilla/5.0 (Linux; Android 10; K) AppleWebKit/537.36 (KHTML, like Gecko) Chrome/120.0.0.0 Mobile Safari/537.36" "-"
94.173.119.0 - - [09/Jan/2024:11:06:33 +0100] "GET /wp-content/uploads/2017/04/Moorland-runner-cropped.jpg HTTP/1.1" 200 437747 dartmoorrunners.co.uk "http://dartmoorrunners.co.uk/winter-series-2023" "Mozilla/5.0 (Linux; Android 10; K) AppleWebKit/537.36 (KHTML, like Gecko) Chrome/120.0.0.0 Mobile Safari/537.36" "-"
94.173.119.0 - - [09/Jan/2024:11:06:33 +0100] "GET /wp-includes/js/wp-emoji-release.min.js?ver=6.1.4 HTTP/1.1" 200 18617 dartmoorrunners.co.uk "http://dartmoorrunners.co.uk/winter-series-2023" "Mozilla/5.0 (Linux; Android 10; K) AppleWebKit/537.36 (KHTML, like Gecko) Chrome/120.0.0.0 Mobile Safari/537.36" "-"
94.173.119.0 - - [09/Jan/2024:11:06:34 +0100] "GET /wp-content/uploads/2017/04/cropped-dartmoorrunnerslogo_normal-180x180.png HTTP/1.1" 200 55513 dartmoorrunners.co.uk "http://dartmoorrunners.co.uk/winter-series-2023" "Mozilla/5.0 (Linux; Android 10; K) AppleWebKit/537.36 (KHTML, like Gecko) Chrome/120.0.0.0 Mobile Safari/537.36" "-"
94.173.119.0 - - [09/Jan/2024:11:06:34 +0100] "GET /wp-content/uploads/2017/04/cropped-dartmoorrunnerslogo_normal-192x192.png HTTP/1.1" 200 59292 dartmoorrunners.co.uk "http://dartmoorrunners.co.uk/winter-series-2023" "Mozilla/5.0 (Linux; Android 10; K) AppleWebKit/537.36 (KHTML, like Gecko) Chrome/120.0.0.0 Mobile Safari/537.36" "-"
40.77.189.0 - - [09/Jan/2024:11:08:33 +0100] "GET /wp-content/themes/omega/style.css?ver=6.1.4 HTTP/1.1" 200 6552 dartmoorrunners.co.uk "http://dartmoorrunners.co.uk/" "Mozilla/5.0 AppleWebKit/537.36 (KHTML, like Gecko; compatible; bingbot/2.0; +http://www.bing.com/bingbot.htm) Chrome/112.0.0.0 Safari/537.36" "-"
82.165.88.0 - - [09/Jan/2024:11:17:47 +0100] "POST /wp-cron.php?doing_wp_cron=1704795467.7260839939117431640625 HTTP/1.1" 200 - dartmoorrunners.co.uk "http://dartmoorrunners.co.uk/wp-cron.php?doing_wp_cron=1704795467.7260839939117431640625" "WordPress/6.1.4; http://dartmoorrunners.co.uk" "-"
104.244.79.0 - - [09/Jan/2024:11:17:47 +0100] "POST /xmlrpc.php HTTP/1.1" 200 403 dartmoorrunners.co.uk "-" "Mozilla/5.0 (Windows NT 10.0; Win64; x64) AppleWebKit/537.36 (KHTML, like Gecko) Chrome/78.0.3904.108 Safari/537.36" "-"
104.244.79.0 - - [09/Jan/2024:11:17:49 +0100] "POST /xmlrpc.php HTTP/1.1" 200 403 dartmoorrunners.co.uk "-" "Mozilla/5.0 (Windows NT 10.0; Win64; x64) AppleWebKit/537.36 (KHTML, like Gecko) Chrome/78.0.3904.108 Safari/537.36" "-"
104.244.79.0 - - [09/Jan/2024:11:17:50 +0100] "POST /xmlrpc.php HTTP/1.1" 403 618 dartmoorrunners.co.uk "-" "Mozilla/5.0 (Windows NT 10.0; Win64; x64) AppleWebKit/537.36 (KHTML, like Gecko) Chrome/78.0.3904.108 Safari/537.36" "-"
104.244.79.0 - - [09/Jan/2024:11:17:51 +0100] "POST /xmlrpc.php HTTP/1.1" 403 618 dartmoorrunners.co.uk "-" "Mozilla/5.0 (Windows NT 10.0; Win64; x64) AppleWebKit/537.36 (KHTML, like Gecko) Chrome/78.0.3904.108 Safari/537.36" "-"
104.244.79.0 - - [09/Jan/2024:11:17:52 +0100] "POST /xmlrpc.php HTTP/1.1" 403 618 dartmoorrunners.co.uk "-" "Mozilla/5.0 (Windows NT 10.0; Win64; x64) AppleWebKit/537.36 (KHTML, like Gecko) Chrome/78.0.3904.108 Safari/537.36" "-"
109.248.175.0 - - [09/Jan/2024:11:28:07 +0100] "GET /gawean.PhP7 HTTP/1.1" 404 24762 dartmoorrunners.co.uk "-" "Mozilla/4.0 (compatible; MSIE 6.0; Windows NT 5.1; SV1)" "-"
82.165.88.0 - - [09/Jan/2024:12:46:11 +0100] "POST /wp-cron.php?doing_wp_cron=1704800771.8480529785156250000000 HTTP/1.1" 200 - dartmoorrunners.co.uk "http://dartmoorrunners.co.uk/wp-cron.php?doing_wp_cron=1704800771.8480529785156250000000" "WordPress/6.1.4; http://dartmoorrunners.co.uk" "-"
2a00:23c4:6800:: - - [09/Jan/2024:12:46:11 +0100] "GET / HTTP/1.1" 200 22162 dartmoorrunners.co.uk "https://www.google.com/" "Mozilla/5.0 (Linux; Android 10; K) AppleWebKit/537.36 (KHTML, like Gecko) Chrome/120.0.0.0 Mobile Safari/537.36" "-"
2a00:23c4:6800:: - - [09/Jan/2024:12:46:16 +0100] "GET /results HTTP/1.1" 200 25107 dartmoorrunners.co.uk "https://www.google.com/" "Mozilla/5.0 (Linux; Android 10; K) AppleWebKit/537.36 (KHTML, like Gecko) Chrome/120.0.0.0 Mobile Safari/537.36" "-"
2a00:23c4:6800:: - - [09/Jan/2024:12:46:17 +0100] "GET /wp-includes/css/dist/block-library/style.min.css?ver=6.1.4 HTTP/1.1" 200 16164 dartmoorrunners.co.uk "http://dartmoorrunners.co.uk/results" "Mozilla/5.0 (Linux; Android 10; K) AppleWebKit/537.36 (KHTML, like Gecko) Chrome/120.0.0.0 Mobile Safari/537.36" "-"
2a00:23c4:6800:: - - [09/Jan/2024:12:46:17 +0100] "GET /wp-includes/css/classic-themes.min.css?ver=1 HTTP/1.1" 200 189 dartmoorrunners.co.uk "http://dartmoorrunners.co.uk/results" "Mozilla/5.0 (Linux; Android 10; K) AppleWebKit/537.36 (KHTML, like Gecko) Chrome/120.0.0.0 Mobile Safari/537.36" "-"
2a00:23c4:6800:: - - [09/Jan/2024:12:46:17 +0100] "GET /wp-content/uploads/2017/04/cropped-dartmoorrunnerslogo_normal.png HTTP/1.1" 200 110052 dartmoorrunners.co.uk "http://dartmoorrunners.co.uk/results" "Mozilla/5.0 (Linux; Android 10; K) AppleWebKit/537.36 (KHTML, like Gecko) Chrome/120.0.0.0 Mobile Safari/537.36" "-"
2a00:23c4:6800:: - - [09/Jan/2024:12:46:17 +0100] "GET /wp-content/themes/omega/style.css?ver=6.1.4 HTTP/1.1" 200 6552 dartmoorrunners.co.uk "http://dartmoorrunners.co.uk/results" "Mozilla/5.0 (Linux; Android 10; K) AppleWebKit/537.36 (KHTML, like Gecko) Chrome/120.0.0.0 Mobile Safari/537.36" "-"
2a00:23c4:6800:: - - [09/Jan/2024:12:46:17 +0100] "GET /wp-content/uploads/2017/04/XmasBash2017Med.jpg HTTP/1.1" 200 200566 dartmoorrunners.co.uk "http://dartmoorrunners.co.uk/results" "Mozilla/5.0 (Linux; Android 10; K) AppleWebKit/537.36 (KHTML, like Gecko) Chrome/120.0.0.0 Mobile Safari/537.36" "-"
2a00:23c4:6800:: - - [09/Jan/2024:12:46:17 +0100] "GET /wp-content/uploads/2017/04/ControlDog-768x576.jpg HTTP/1.1" 200 85973 dartmoorrunners.co.uk "http://dartmoorrunners.co.uk/results" "Mozilla/5.0 (Linux; Android 10; K) AppleWebKit/537.36 (KHTML, like Gecko) Chrome/120.0.0.0 Mobile Safari/537.36" "-"
2a00:23c4:6800:: - - [09/Jan/2024:12:46:17 +0100] "GET /wp-content/uploads/2017/04/winter-2015-small.jpg HTTP/1.1" 200 202841 dartmoorrunners.co.uk "http://dartmoorrunners.co.uk/results" "Mozilla/5.0 (Linux; Android 10; K) AppleWebKit/537.36 (KHTML, like Gecko) Chrome/120.0.0.0 Mobile Safari/537.36" "-"
2a00:23c4:6800:: - - [09/Jan/2024:12:46:17 +0100] "GET /wp-content/uploads/2017/04/Moorland-runner-cropped.jpg HTTP/1.1" 200 437747 dartmoorrunners.co.uk "http://dartmoorrunners.co.uk/results" "Mozilla/5.0 (Linux; Android 10; K) AppleWebKit/537.36 (KHTML, like Gecko) Chrome/120.0.0.0 Mobile Safari/537.36" "-"
2a00:23c4:6800:: - - [09/Jan/2024:12:46:17 +0100] "GET /wp-includes/js/wp-emoji-release.min.js?ver=6.1.4 HTTP/1.1" 200 18617 dartmoorrunners.co.uk "http://dartmoorrunners.co.uk/results" "Mozilla/5.0 (Linux; Android 10; K) AppleWebKit/537.36 (KHTML, like Gecko) Chrome/120.0.0.0 Mobile Safari/537.36" "-"
2a00:23c4:6800:: - - [09/Jan/2024:12:46:18 +0100] "GET /wp-content/uploads/2017/04/cropped-dartmoorrunnerslogo_normal-192x192.png HTTP/1.1" 200 59292 dartmoorrunners.co.uk "http://dartmoorrunners.co.uk/results" "Mozilla/5.0 (Linux; Android 10; K) AppleWebKit/537.36 (KHTML, like Gecko) Chrome/120.0.0.0 Mobile Safari/537.36" "-"
2a00:23c4:6800:: - - [09/Jan/2024:12:46:18 +0100] "GET /wp-content/uploads/2017/04/cropped-dartmoorrunnerslogo_normal-180x180.png HTTP/1.1" 200 55513 dartmoorrunners.co.uk "http://dartmoorrunners.co.uk/results" "Mozilla/5.0 (Linux; Android 10; K) AppleWebKit/537.36 (KHTML, like Gecko) Chrome/120.0.0.0 Mobile Safari/537.36" "-"
2a00:23c4:6800:: - - [09/Jan/2024:12:46:28 +0100] "GET /winter-series-2023 HTTP/1.1" 200 27620 dartmoorrunners.co.uk "http://dartmoorrunners.co.uk/results" "Mozilla/5.0 (Linux; Android 10; K) AppleWebKit/537.36 (KHTML, like Gecko) Chrome/120.0.0.0 Mobile Safari/537.36" "-"
2a00:23c4:6800:: - - [09/Jan/2024:12:47:33 +0100] "GET /winter-series-2023 HTTP/1.1" 200 27620 dartmoorrunners.co.uk "http://dartmoorrunners.co.uk/results" "Mozilla/5.0 (Linux; Android 10; K) AppleWebKit/537.36 (KHTML, like Gecko) Chrome/120.0.0.0 Mobile Safari/537.36" "-"
20.169.49.0 - - [09/Jan/2024:13:03:10 +0100] "GET /.env HTTP/1.1" 404 24762 dartmoorrunners.co.uk "-" "Mozilla/5.0 (Linux; U; Android 4.4.2; en-US; HM NOTE 1W Build/KOT49H) AppleWebKit/534.30 (KHTML, like Gecko) Version/4.0 UCBrowser/11.0.5.850 U3/0.8.0 Mobile Safari/534.30" "-"
20.169.49.0 - - [09/Jan/2024:13:03:17 +0100] "POST / HTTP/1.1" 200 31574 dartmoorrunners.co.uk "-" "Mozilla/5.0 (Linux; U; Android 4.4.2; en-US; HM NOTE 1W Build/KOT49H) AppleWebKit/534.30 (KHTML, like Gecko) Version/4.0 UCBrowser/11.0.5.850 U3/0.8.0 Mobile Safari/534.30" "-"
2a0c:4f41:5400:: - - [09/Jan/2024:13:14:18 +0100] "GET / HTTP/1.1" 200 31574 dartmoorrunners.co.uk "-" "Mozilla/5.0 (Windows NT 10.0; Win64; x64) AppleWebKit/537.36 (KHTML, like Gecko) Chrome/120.0.0.0 Safari/537.76" "-"
2a0c:4f41:5400:: - - [09/Jan/2024:13:14:18 +0100] "GET /wp-includes/css/classic-themes.min.css?ver=1 HTTP/1.1" 200 189 dartmoorrunners.co.uk "http://dartmoorrunners.co.uk/" "Mozilla/5.0 (Windows NT 10.0; Win64; x64) AppleWebKit/537.36 (KHTML, like Gecko) Chrome/120.0.0.0 Safari/537.76" "-"
2a0c:4f41:5400:: - - [09/Jan/2024:13:14:18 +0100] "GET /wp-content/themes/omega/style.css?ver=6.1.4 HTTP/1.1" 200 6552 dartmoorrunners.co.uk "http://dartmoorrunners.co.uk/" "Mozilla/5.0 (Windows NT 10.0; Win64; x64) AppleWebKit/537.36 (KHTML, like Gecko) Chrome/120.0.0.0 Safari/537.76" "-"
2a0c:4f41:5400:: - - [09/Jan/2024:13:14:18 +0100] "GET /wp-content/uploads/2017/04/cropped-dartmoorrunnerslogo_normal.png HTTP/1.1" 200 110052 dartmoorrunners.co.uk "http://dartmoorrunners.co.uk/" "Mozilla/5.0 (Windows NT 10.0; Win64; x64) AppleWebKit/537.36 (KHTML, like Gecko) Chrome/120.0.0.0 Safari/537.76" "-"
2a0c:4f41:5400:: - - [09/Jan/2024:13:14:18 +0100] "GET /wp-content/uploads/2017/04/XmasBash2017Med-300x200.jpg HTTP/1.1" 200 19902 dartmoorrunners.co.uk "http://dartmoorrunners.co.uk/" "Mozilla/5.0 (Windows NT 10.0; Win64; x64) AppleWebKit/537.36 (KHTML, like Gecko) Chrome/120.0.0.0 Safari/537.76" "-"
2a0c:4f41:5400:: - - [09/Jan/2024:13:14:18 +0100] "GET /wp-includes/css/dist/block-library/style.min.css?ver=6.1.4 HTTP/1.1" 200 16164 dartmoorrunners.co.uk "http://dartmoorrunners.co.uk/" "Mozilla/5.0 (Windows NT 10.0; Win64; x64) AppleWebKit/537.36 (KHTML, like Gecko) Chrome/120.0.0.0 Safari/537.76" "-"
2a0c:4f41:5400:: - - [09/Jan/2024:13:14:18 +0100] "GET /wp-content/uploads/2017/04/winter-2015-small-300x225.jpg HTTP/1.1" 200 17306 dartmoorrunners.co.uk "http://dartmoorrunners.co.uk/" "Mozilla/5.0 (Windows NT 10.0; Win64; x64) AppleWebKit/537.36 (KHTML, like Gecko) Chrome/120.0.0.0 Safari/537.76" "-"
2a0c:4f41:5400:: - - [09/Jan/2024:13:14:18 +0100] "GET /wp-content/uploads/2017/04/Moorland-runner-cropped-300x212.jpg HTTP/1.1" 200 16206 dartmoorrunners.co.uk "http://dartmoorrunners.co.uk/" "Mozilla/5.0 (Windows NT 10.0; Win64; x64) AppleWebKit/537.36 (KHTML, like Gecko) Chrome/120.0.0.0 Safari/537.76" "-"
2a0c:4f41:5400:: - - [09/Jan/2024:13:14:18 +0100] "GET /wp-content/uploads/2017/04/ControlDog-300x225.jpg HTTP/1.1" 200 17221 dartmoorrunners.co.uk "http://dartmoorrunners.co.uk/" "Mozilla/5.0 (Windows NT 10.0; Win64; x64) AppleWebKit/537.36 (KHTML, like Gecko) Chrome/120.0.0.0 Safari/537.76" "-"
2a0c:4f41:5400:: - - [09/Jan/2024:13:14:18 +0100] "GET /wp-includes/js/wp-emoji-release.min.js?ver=6.1.4 HTTP/1.1" 200 18617 dartmoorrunners.co.uk "http://dartmoorrunners.co.uk/" "Mozilla/5.0 (Windows NT 10.0; Win64; x64) AppleWebKit/537.36 (KHTML, like Gecko) Chrome/120.0.0.0 Safari/537.76" "-"
2a0c:4f41:5400:: - - [09/Jan/2024:13:14:18 +0100] "GET /wp-content/uploads/2017/04/cropped-dartmoorrunnerslogo_normal-32x32.png HTTP/1.1" 200 2617 dartmoorrunners.co.uk "http://dartmoorrunners.co.uk/" "Mozilla/5.0 (Windows NT 10.0; Win64; x64) AppleWebKit/537.36 (KHTML, like Gecko) Chrome/120.0.0.0 Safari/537.76" "-"
47.252.90.0 - - [09/Jan/2024:14:19:06 +0100] "HEAD /wp-content/uploads/2017/04/cropped-dartmoorrunnerslogo_normal.png HTTP/1.1" 200 - dartmoorrunners.co.uk "-" "Go-http-client/1.1" "-"
82.165.88.0 - - [09/Jan/2024:14:22:42 +0100] "POST /wp-cron.php?doing_wp_cron=1704806562.7779369354248046875000 HTTP/1.1" 200 - dartmoorrunners.co.uk "http://dartmoorrunners.co.uk/wp-cron.php?doing_wp_cron=1704806562.7779369354248046875000" "WordPress/6.1.4; http://dartmoorrunners.co.uk" "-"
66.249.79.0 - - [09/Jan/2024:14:22:42 +0100] "GET / HTTP/1.1" 200 31574 dartmoorrunners.co.uk "-" "Mozilla/5.0 (Linux; Android 6.0.1; Nexus 5X Build/MMB29P) AppleWebKit/537.36 (KHTML, like Gecko) Chrome/120.0.6099.199 Mobile Safari/537.36 (compatible; Googlebot/2.1; +http://www.google.com/bot.html)" "-"
47.252.71.0 - - [09/Jan/2024:14:24:00 +0100] "GET /wp-content/uploads/2017/04/cropped-dartmoorrunnerslogo_normal.png HTTP/1.1" 200 110052 dartmoorrunners.co.uk "-" "Go-http-client/1.1" "-"
82.165.88.0 - - [09/Jan/2024:14:49:40 +0100] "POST /wp-cron.php?doing_wp_cron=1704808180.2381041049957275390625 HTTP/1.1" 200 - dartmoorrunners.co.uk "http://dartmoorrunners.co.uk/wp-cron.php?doing_wp_cron=1704808180.2381041049957275390625" "WordPress/6.1.4; http://dartmoorrunners.co.uk" "-"
52.167.144.0 - - [09/Jan/2024:14:49:40 +0100] "GET /wp-sitemap.xml HTTP/1.1" 200 562 dartmoorrunners.co.uk "-" "Mozilla/5.0 AppleWebKit/537.36 (KHTML, like Gecko; compatible; bingbot/2.0; +http://www.bing.com/bingbot.htm) Chrome/116.0.1938.76 Safari/537.36" "-"
66.249.79.0 - - [09/Jan/2024:15:29:05 +0100] "GET / HTTP/1.1" 200 31574 dartmoorrunners.co.uk "-" "Mozilla/5.0 (compatible; Googlebot/2.1; +http://www.google.com/bot.html)" "-"
198.187.29.0 - - [09/Jan/2024:15:34:17 +0100] "GET / HTTP/1.1" 200 31574 dartmoorrunners.co.uk "-" "-" "-"
82.165.88.0 - - [09/Jan/2024:15:34:18 +0100] "POST /wp-cron.php?doing_wp_cron=1704810858.0125069618225097656250 HTTP/1.1" 200 - dartmoorrunners.co.uk "http://dartmoorrunners.co.uk/wp-cron.php?doing_wp_cron=1704810858.0125069618225097656250" "WordPress/6.1.4; http://dartmoorrunners.co.uk" "-"
43.130.62.0 - - [09/Jan/2024:15:34:23 +0100] "GET / HTTP/1.1" 200 31574 dartmoorrunners.co.uk "-" "Mozilla/5.0 (iPhone; CPU iPhone OS 13_2_3 like Mac OS X) AppleWebKit/605.1.15 (KHTML, like Gecko) Version/13.0.3 Mobile/15E148 Safari/604.1" "-"
66.249.79.0 - - [09/Jan/2024:15:39:55 +0100] "GET /ads.txt HTTP/1.1" 200 160 dartmoorrunners.co.uk "-" "Mozilla/5.0 (compatible; Googlebot/2.1; +http://www.google.com/bot.html)" "-"
52.167.144.0 - - [09/Jan/2024:15:48:35 +0100] "GET /wp-sitemap.xml HTTP/1.1" 200 562 dartmoorrunners.co.uk "-" "Mozilla/5.0 AppleWebKit/537.36 (KHTML, like Gecko; compatible; bingbot/2.0; +http://www.bing.com/bingbot.htm) Chrome/116.0.1938.76 Safari/537.36" "-"
107.189.13.0 - - [09/Jan/2024:15:53:18 +0100] "POST /xmlrpc.php HTTP/1.1" 200 403 dartmoorrunners.co.uk "-" "Mozilla/5.0 (Windows NT 10.0; Win64; x64) AppleWebKit/537.36 (KHTML, like Gecko) Chrome/88.0.4324.182 Safari/537.36 Edg/88.0.705.81" "-"
107.189.13.0 - - [09/Jan/2024:15:53:19 +0100] "POST /xmlrpc.php HTTP/1.1" 200 403 dartmoorrunners.co.uk "-" "Mozilla/5.0 (Windows NT 10.0; Win64; x64) AppleWebKit/537.36 (KHTML, like Gecko) Chrome/88.0.4324.182 Safari/537.36 Edg/88.0.705.81" "-"
107.189.13.0 - - [09/Jan/2024:15:53:20 +0100] "POST /xmlrpc.php HTTP/1.1" 403 618 dartmoorrunners.co.uk "-" "Mozilla/5.0 (Windows NT 10.0; Win64; x64) AppleWebKit/537.36 (KHTML, like Gecko) Chrome/88.0.4324.182 Safari/537.36 Edg/88.0.705.81" "-"
107.189.13.0 - - [09/Jan/2024:15:53:21 +0100] "POST /xmlrpc.php HTTP/1.1" 403 618 dartmoorrunners.co.uk "-" "Mozilla/5.0 (Windows NT 10.0; Win64; x64) AppleWebKit/537.36 (KHTML, like Gecko) Chrome/88.0.4324.182 Safari/537.36 Edg/88.0.705.81" "-"
107.189.13.0 - - [09/Jan/2024:15:53:22 +0100] "POST /xmlrpc.php HTTP/1.1" 403 618 dartmoorrunners.co.uk "-" "Mozilla/5.0 (Windows NT 10.0; Win64; x64) AppleWebKit/537.36 (KHTML, like Gecko) Chrome/88.0.4324.182 Safari/537.36 Edg/88.0.705.81" "-"
199.244.88.0 - - [09/Jan/2024:16:18:40 +0100] "GET / HTTP/1.1" 200 31574 dartmoorrunners.co.uk "-" "Mozilla/5.0 (X11; Linux x86_64) AppleWebKit/537.36 (KHTML, like Gecko) Chrome/105.0.0.0 Safari/537.36" "-"
193.142.146.0 - - [09/Jan/2024:16:41:54 +0100] "POST /wp-login.php HTTP/1.1" 200 9047 dartmoorrunners.co.uk "http://dartmoorrunners.co.uk/wp-login.php" "Mozilla/5.0 (Windows NT 6.1; WOW64) AppleWebKit/537.36 (KHTML, like Gecko) Chrome/56.0.2924.90 Safari/537.36 2345Explorer/9.3.2.17331" "-"
82.165.88.0 - - [09/Jan/2024:16:41:55 +0100] "POST /wp-cron.php?doing_wp_cron=1704814915.2046630382537841796875 HTTP/1.1" 200 - dartmoorrunners.co.uk "http://dartmoorrunners.co.uk/wp-cron.php?doing_wp_cron=1704814915.2046630382537841796875" "WordPress/6.1.4; http://dartmoorrunners.co.uk" "-"
193.142.146.0 - - [09/Jan/2024:16:42:06 +0100] "POST /wp-login.php HTTP/1.1" 200 9047 dartmoorrunners.co.uk "http://dartmoorrunners.co.uk/wp-login.php" "Mozilla/5.0 (Windows NT 6.1; WOW64) AppleWebKit/537.36 (KHTML, like Gecko) Chrome/56.0.2924.90 Safari/537.36 2345Explorer/9.3.2.17331" "-"
193.142.146.0 - - [09/Jan/2024:16:42:19 +0100] "POST /wp-login.php HTTP/1.1" 200 9047 dartmoorrunners.co.uk "http://dartmoorrunners.co.uk/wp-login.php" "Mozilla/5.0 (Windows NT 6.1; WOW64) AppleWebKit/537.36 (KHTML, like Gecko) Chrome/56.0.2924.90 Safari/537.36 2345Explorer/9.3.2.17331" "-"
193.142.146.0 - - [09/Jan/2024:16:42:31 +0100] "POST /wp-login.php HTTP/1.1" 200 9047 dartmoorrunners.co.uk "http://dartmoorrunners.co.uk/wp-login.php" "Mozilla/5.0 (Windows NT 6.1; WOW64) AppleWebKit/537.36 (KHTML, like Gecko) Chrome/56.0.2924.90 Safari/537.36 2345Explorer/9.3.2.17331" "-"
193.142.146.0 - - [09/Jan/2024:16:42:43 +0100] "POST /wp-login.php HTTP/1.1" 200 9047 dartmoorrunners.co.uk "http://dartmoorrunners.co.uk/wp-login.php" "Mozilla/5.0 (Windows NT 6.1; WOW64) AppleWebKit/537.36 (KHTML, like Gecko) Chrome/56.0.2924.90 Safari/537.36 2345Explorer/9.3.2.17331" "-"
193.142.146.0 - - [09/Jan/2024:16:43:19 +0100] "POST /wp-login.php HTTP/1.1" 200 1929 dartmoorrunners.co.uk "http://dartmoorrunners.co.uk/wp-login.php" "Mozilla/5.0 (Windows NT 6.1; WOW64) AppleWebKit/537.36 (KHTML, like Gecko) Chrome/56.0.2924.90 Safari/537.36 2345Explorer/9.3.2.17331" "-"
82.165.88.0 - - [09/Jan/2024:17:48:21 +0100] "POST /wp-cron.php?doing_wp_cron=1704818901.9777290821075439453125 HTTP/1.1" 200 - dartmoorrunners.co.uk "http://dartmoorrunners.co.uk/wp-cron.php?doing_wp_cron=1704818901.9777290821075439453125" "WordPress/6.1.4; http://dartmoorrunners.co.uk" "-"
51.159.37.0 - - [09/Jan/2024:17:48:21 +0100] "GET /hello-world HTTP/1.1" 200 25914 dartmoorrunners.co.uk "-" "Mozilla/5.0 (Windows NT 10.0; Win64; x64) AppleWebKit/537.36 (KHTML, like Gecko) Chrome/86.0.4240.193 Safari/537.36" "-"
157.90.209.0 - - [09/Jan/2024:17:51:15 +0100] "GET /robots.txt HTTP/1.1" 403 618 dartmoorrunners.co.uk "-" "Mozilla/5.0 (compatible; BLEXBot/1.0; +http://webmeup-crawler.com/)" "-"
157.90.209.0 - - [09/Jan/2024:17:51:20 +0100] "GET /sitemap HTTP/1.1" 403 618 dartmoorrunners.co.uk "-" "Mozilla/5.0 (compatible; BLEXBot/1.0; +http://webmeup-crawler.com/)" "-"
157.90.209.0 - - [09/Jan/2024:17:51:25 +0100] "GET /sitemap.txt HTTP/1.1" 403 618 dartmoorrunners.co.uk "-" "Mozilla/5.0 (compatible; BLEXBot/1.0; +http://webmeup-crawler.com/)" "-"
52.167.144.0 - - [09/Jan/2024:18:27:52 +0100] "GET /sample-page/feed HTTP/1.1" 200 819 dartmoorrunners.co.uk "-" "Mozilla/5.0 AppleWebKit/537.36 (KHTML, like Gecko; compatible; bingbot/2.0; +http://www.bing.com/bingbot.htm) Chrome/116.0.1938.76 Safari/537.36" "-"
82.165.88.0 - - [09/Jan/2024:19:44:01 +0100] "POST /wp-cron.php?doing_wp_cron=1704825841.5571238994598388671875 HTTP/1.1" 200 - dartmoorrunners.co.uk "http://dartmoorrunners.co.uk/wp-cron.php?doing_wp_cron=1704825841.5571238994598388671875" "WordPress/6.1.4; http://dartmoorrunners.co.uk" "-"
92.25.46.0 - - [09/Jan/2024:19:44:01 +0100] "GET / HTTP/1.1" 200 31574 dartmoorrunners.co.uk "https://www.google.com/" "Mozilla/5.0 (Macintosh; Intel Mac OS X 10_15_7) AppleWebKit/537.36 (KHTML, like Gecko) Chrome/120.0.0.0 Safari/537.36" "-"
92.25.46.0 - - [09/Jan/2024:19:44:02 +0100] "GET /wp-includes/css/dist/block-library/style.min.css?ver=6.1.4 HTTP/1.1" 200 16164 dartmoorrunners.co.uk "http://dartmoorrunners.co.uk/" "Mozilla/5.0 (Macintosh; Intel Mac OS X 10_15_7) AppleWebKit/537.36 (KHTML, like Gecko) Chrome/120.0.0.0 Safari/537.36" "-"
92.25.46.0 - - [09/Jan/2024:19:44:02 +0100] "GET /wp-includes/css/classic-themes.min.css?ver=1 HTTP/1.1" 200 189 dartmoorrunners.co.uk "http://dartmoorrunners.co.uk/" "Mozilla/5.0 (Macintosh; Intel Mac OS X 10_15_7) AppleWebKit/537.36 (KHTML, like Gecko) Chrome/120.0.0.0 Safari/537.36" "-"
92.25.46.0 - - [09/Jan/2024:19:44:02 +0100] "GET /wp-content/themes/omega/style.css?ver=6.1.4 HTTP/1.1" 200 6552 dartmoorrunners.co.uk "http://dartmoorrunners.co.uk/" "Mozilla/5.0 (Macintosh; Intel Mac OS X 10_15_7) AppleWebKit/537.36 (KHTML, like Gecko) Chrome/120.0.0.0 Safari/537.36" "-"
92.25.46.0 - - [09/Jan/2024:19:44:02 +0100] "GET /wp-content/uploads/2017/04/XmasBash2017Med-300x200.jpg HTTP/1.1" 200 19902 dartmoorrunners.co.uk "http://dartmoorrunners.co.uk/" "Mozilla/5.0 (Macintosh; Intel Mac OS X 10_15_7) AppleWebKit/537.36 (KHTML, like Gecko) Chrome/120.0.0.0 Safari/537.36" "-"
92.25.46.0 - - [09/Jan/2024:19:44:02 +0100] "GET /wp-content/uploads/2017/04/cropped-dartmoorrunnerslogo_normal.png HTTP/1.1" 200 110052 dartmoorrunners.co.uk "http://dartmoorrunners.co.uk/" "Mozilla/5.0 (Macintosh; Intel Mac OS X 10_15_7) AppleWebKit/537.36 (KHTML, like Gecko) Chrome/120.0.0.0 Safari/537.36" "-"
92.25.46.0 - - [09/Jan/2024:19:44:02 +0100] "GET /wp-content/uploads/2017/04/winter-2015-small-300x225.jpg HTTP/1.1" 200 17306 dartmoorrunners.co.uk "http://dartmoorrunners.co.uk/" "Mozilla/5.0 (Macintosh; Intel Mac OS X 10_15_7) AppleWebKit/537.36 (KHTML, like Gecko) Chrome/120.0.0.0 Safari/537.36" "-"
92.25.46.0 - - [09/Jan/2024:19:44:02 +0100] "GET /wp-content/uploads/2017/04/ControlDog-300x225.jpg HTTP/1.1" 200 17221 dartmoorrunners.co.uk "http://dartmoorrunners.co.uk/" "Mozilla/5.0 (Macintosh; Intel Mac OS X 10_15_7) AppleWebKit/537.36 (KHTML, like Gecko) Chrome/120.0.0.0 Safari/537.36" "-"
92.25.46.0 - - [09/Jan/2024:19:44:02 +0100] "GET /wp-content/uploads/2017/04/Moorland-runner-cropped-300x212.jpg HTTP/1.1" 200 16206 dartmoorrunners.co.uk "http://dartmoorrunners.co.uk/" "Mozilla/5.0 (Macintosh; Intel Mac OS X 10_15_7) AppleWebKit/537.36 (KHTML, like Gecko) Chrome/120.0.0.0 Safari/537.36" "-"
92.25.46.0 - - [09/Jan/2024:19:44:02 +0100] "GET /wp-includes/js/wp-emoji-release.min.js?ver=6.1.4 HTTP/1.1" 200 18617 dartmoorrunners.co.uk "http://dartmoorrunners.co.uk/" "Mozilla/5.0 (Macintosh; Intel Mac OS X 10_15_7) AppleWebKit/537.36 (KHTML, like Gecko) Chrome/120.0.0.0 Safari/537.36" "-"
92.25.46.0 - - [09/Jan/2024:19:44:02 +0100] "GET /wp-content/uploads/2017/04/cropped-dartmoorrunnerslogo_normal-32x32.png HTTP/1.1" 200 2617 dartmoorrunners.co.uk "http://dartmoorrunners.co.uk/" "Mozilla/5.0 (Macintosh; Intel Mac OS X 10_15_7) AppleWebKit/537.36 (KHTML, like Gecko) Chrome/120.0.0.0 Safari/537.36" "-"
92.25.46.0 - - [09/Jan/2024:19:44:21 +0100] "GET /winter-series-2023 HTTP/1.1" 200 27620 dartmoorrunners.co.uk "http://dartmoorrunners.co.uk/" "Mozilla/5.0 (Macintosh; Intel Mac OS X 10_15_7) AppleWebKit/537.36 (KHTML, like Gecko) Chrome/120.0.0.0 Safari/537.36" "-"
2.26.186.0 - - [09/Jan/2024:19:47:04 +0100] "GET / HTTP/1.1" 200 31574 dartmoorrunners.co.uk "-" "Mozilla/5.0 (Linux; Android 10; K) AppleWebKit/537.36 (KHTML, like Gecko) Chrome/120.0.0.0 Mobile Safari/537.36" "-"
2.26.186.0 - - [09/Jan/2024:19:47:04 +0100] "GET /wp-includes/css/dist/block-library/style.min.css?ver=6.1.4 HTTP/1.1" 200 16164 dartmoorrunners.co.uk "http://dartmoorrunners.co.uk/" "Mozilla/5.0 (Linux; Android 10; K) AppleWebKit/537.36 (KHTML, like Gecko) Chrome/120.0.0.0 Mobile Safari/537.36" "-"
2.26.186.0 - - [09/Jan/2024:19:47:04 +0100] "GET /wp-includes/css/classic-themes.min.css?ver=1 HTTP/1.1" 200 189 dartmoorrunners.co.uk "http://dartmoorrunners.co.uk/" "Mozilla/5.0 (Linux; Android 10; K) AppleWebKit/537.36 (KHTML, like Gecko) Chrome/120.0.0.0 Mobile Safari/537.36" "-"
2.26.186.0 - - [09/Jan/2024:19:47:04 +0100] "GET /wp-content/themes/omega/style.css?ver=6.1.4 HTTP/1.1" 200 6552 dartmoorrunners.co.uk "http://dartmoorrunners.co.uk/" "Mozilla/5.0 (Linux; Android 10; K) AppleWebKit/537.36 (KHTML, like Gecko) Chrome/120.0.0.0 Mobile Safari/537.36" "-"
2.26.186.0 - - [09/Jan/2024:19:47:05 +0100] "GET /wp-content/uploads/2017/04/cropped-dartmoorrunnerslogo_normal.png HTTP/1.1" 200 110052 dartmoorrunners.co.uk "http://dartmoorrunners.co.uk/" "Mozilla/5.0 (Linux; Android 10; K) AppleWebKit/537.36 (KHTML, like Gecko) Chrome/120.0.0.0 Mobile Safari/537.36" "-"
2.26.186.0 - - [09/Jan/2024:19:47:05 +0100] "GET /wp-content/uploads/2017/04/XmasBash2017Med.jpg HTTP/1.1" 200 200566 dartmoorrunners.co.uk "http://dartmoorrunners.co.uk/" "Mozilla/5.0 (Linux; Android 10; K) AppleWebKit/537.36 (KHTML, like Gecko) Chrome/120.0.0.0 Mobile Safari/537.36" "-"
2.26.186.0 - - [09/Jan/2024:19:47:05 +0100] "GET /wp-content/uploads/2017/04/ControlDog-1024x768.jpg HTTP/1.1" 200 147847 dartmoorrunners.co.uk "http://dartmoorrunners.co.uk/" "Mozilla/5.0 (Linux; Android 10; K) AppleWebKit/537.36 (KHTML, like Gecko) Chrome/120.0.0.0 Mobile Safari/537.36" "-"
2.26.186.0 - - [09/Jan/2024:19:47:05 +0100] "GET /wp-content/uploads/2017/04/winter-2015-small.jpg HTTP/1.1" 200 202841 dartmoorrunners.co.uk "http://dartmoorrunners.co.uk/" "Mozilla/5.0 (Linux; Android 10; K) AppleWebKit/537.36 (KHTML, like Gecko) Chrome/120.0.0.0 Mobile Safari/537.36" "-"
2.26.186.0 - - [09/Jan/2024:19:47:05 +0100] "GET /wp-includes/js/wp-emoji-release.min.js?ver=6.1.4 HTTP/1.1" 200 18617 dartmoorrunners.co.uk "http://dartmoorrunners.co.uk/" "Mozilla/5.0 (Linux; Android 10; K) AppleWebKit/537.36 (KHTML, like Gecko) Chrome/120.0.0.0 Mobile Safari/537.36" "-"
2.26.186.0 - - [09/Jan/2024:19:47:05 +0100] "GET /wp-content/uploads/2017/04/Moorland-runner-cropped.jpg HTTP/1.1" 200 437747 dartmoorrunners.co.uk "http://dartmoorrunners.co.uk/" "Mozilla/5.0 (Linux; Android 10; K) AppleWebKit/537.36 (KHTML, like Gecko) Chrome/120.0.0.0 Mobile Safari/537.36" "-"
2.26.186.0 - - [09/Jan/2024:19:47:05 +0100] "GET /wp-content/uploads/2017/04/cropped-dartmoorrunnerslogo_normal-180x180.png HTTP/1.1" 200 55513 dartmoorrunners.co.uk "http://dartmoorrunners.co.uk/" "Mozilla/5.0 (Linux; Android 10; K) AppleWebKit/537.36 (KHTML, like Gecko) Chrome/120.0.0.0 Mobile Safari/537.36" "-"
2.26.186.0 - - [09/Jan/2024:19:47:05 +0100] "GET /wp-content/uploads/2017/04/cropped-dartmoorrunnerslogo_normal-192x192.png HTTP/1.1" 200 59292 dartmoorrunners.co.uk "http://dartmoorrunners.co.uk/" "Mozilla/5.0 (Linux; Android 10; K) AppleWebKit/537.36 (KHTML, like Gecko) Chrome/120.0.0.0 Mobile Safari/537.36" "-"
109.248.175.0 - - [09/Jan/2024:19:58:07 +0100] "GET /wp-includes/dropdown.php HTTP/1.1" 404 24762 dartmoorrunners.co.uk "-" "Mozilla/4.0 (compatible; MSIE 6.0; Windows NT 5.1; SV1)" "-"
3.89.200.0 - - [09/Jan/2024:20:16:36 +0100] "GET / HTTP/1.1" 200 31574 dartmoorrunners.co.uk "-" "Mozilla/5.0 (X11; Linux x86_64) AppleWebKit/537.36 (KHTML, like Gecko) Chrome/58.0.3029.110 Safari/537.36" "-"
107.189.3.0 - - [09/Jan/2024:20:27:08 +0100] "POST /xmlrpc.php HTTP/1.1" 200 403 dartmoorrunners.co.uk "-" "Mozilla/5.0 (Windows NT 10.0; Win64; x64) AppleWebKit/537.36 (KHTML, like Gecko) Chrome/90.0.4430.212 Safari/537.36" "-"
107.189.3.0 - - [09/Jan/2024:20:27:09 +0100] "POST /xmlrpc.php HTTP/1.1" 200 403 dartmoorrunners.co.uk "-" "Mozilla/5.0 (Windows NT 10.0; Win64; x64) AppleWebKit/537.36 (KHTML, like Gecko) Chrome/90.0.4430.212 Safari/537.36" "-"
107.189.3.0 - - [09/Jan/2024:20:27:10 +0100] "POST /xmlrpc.php HTTP/1.1" 403 618 dartmoorrunners.co.uk "-" "Mozilla/5.0 (Windows NT 10.0; Win64; x64) AppleWebKit/537.36 (KHTML, like Gecko) Chrome/90.0.4430.212 Safari/537.36" "-"
107.189.3.0 - - [09/Jan/2024:20:27:11 +0100] "POST /xmlrpc.php HTTP/1.1" 403 618 dartmoorrunners.co.uk "-" "Mozilla/5.0 (Windows NT 10.0; Win64; x64) AppleWebKit/537.36 (KHTML, like Gecko) Chrome/90.0.4430.212 Safari/537.36" "-"
107.189.3.0 - - [09/Jan/2024:20:27:13 +0100] "POST /xmlrpc.php HTTP/1.1" 403 618 dartmoorrunners.co.uk "-" "Mozilla/5.0 (Windows NT 10.0; Win64; x64) AppleWebKit/537.36 (KHTML, like Gecko) Chrome/90.0.4430.212 Safari/537.36" "-"
103.77.246.0 - - [09/Jan/2024:21:22:18 +0100] "GET /emergency.php HTTP/1.1" 404 24762 dartmoorrunners.co.uk "-" "Mozilla/5.0 (Linux; Android 11; M2010J19SI) AppleWebKit/537.36 (KHTML, like Gecko) Chrome/109.0.0.0 Mobile Safari/537.36" "-"
82.165.88.0 - - [09/Jan/2024:21:22:18 +0100] "POST /wp-cron.php?doing_wp_cron=1704831738.8835470676422119140625 HTTP/1.1" 200 - dartmoorrunners.co.uk "http://dartmoorrunners.co.uk/wp-cron.php?doing_wp_cron=1704831738.8835470676422119140625" "WordPress/6.1.4; http://dartmoorrunners.co.uk" "-"
103.77.246.0 - - [09/Jan/2024:21:22:20 +0100] "GET /reset.php HTTP/1.1" 404 24762 dartmoorrunners.co.uk "-" "Mozilla/5.0 (Linux; Android 11; M2010J19SI) AppleWebKit/537.36 (KHTML, like Gecko) Chrome/109.0.0.0 Mobile Safari/537.36" "-"
103.77.246.0 - - [09/Jan/2024:21:22:24 +0100] "GET /pass.php HTTP/1.1" 404 24762 dartmoorrunners.co.uk "-" "Mozilla/5.0 (Linux; Android 11; M2010J19SI) AppleWebKit/537.36 (KHTML, like Gecko) Chrome/109.0.0.0 Mobile Safari/537.36" "-"
54.36.149.0 - - [09/Jan/2024:21:22:25 +0100] "GET /robots.txt HTTP/1.1" 200 121 dartmoorrunners.co.uk "-" "Mozilla/5.0 (compatible; AhrefsBot/7.0; +http://ahrefs.com/robot/)" "-"
54.36.148.0 - - [09/Jan/2024:21:22:26 +0100] "GET /summer-series-2023 HTTP/1.1" 200 27249 dartmoorrunners.co.uk "-" "Mozilla/5.0 (compatible; AhrefsBot/7.0; +http://ahrefs.com/robot/)" "-"
82.165.88.0 - - [09/Jan/2024:21:43:42 +0100] "POST /wp-cron.php?doing_wp_cron=1704833022.2737510204315185546875 HTTP/1.1" 200 - dartmoorrunners.co.uk "http://dartmoorrunners.co.uk/wp-cron.php?doing_wp_cron=1704833022.2737510204315185546875" "WordPress/6.1.4; http://dartmoorrunners.co.uk" "-"
91.134.248.0 - - [09/Jan/2024:21:43:42 +0100] "GET /portals.php HTTP/1.1" 404 24762 dartmoorrunners.co.uk "http://simplesite.com" "Mozilla/5.0 (Windows; U; Windows NT 5.1; en-US) AppleWebKit/533.4 (KHTML, like Gecko) Chrome/5.0.375.99 Safari/533.4" "-"
82.165.88.0 - - [09/Jan/2024:22:48:43 +0100] "POST /wp-cron.php?doing_wp_cron=1704836923.6427519321441650390625 HTTP/1.1" 200 - dartmoorrunners.co.uk "http://dartmoorrunners.co.uk/wp-cron.php?doing_wp_cron=1704836923.6427519321441650390625" "WordPress/6.1.4; http://dartmoorrunners.co.uk" "-"
146.247.229.0 - - [09/Jan/2024:22:48:43 +0100] "GET /robots.txt HTTP/1.1" 200 121 dartmoorrunners.co.uk "-" "Mozilla/5.0 (Windows NT 10.0; Win64; x64) AppleWebKit/537.36 (KHTML, like Gecko) Chrome/98.0.4758.82 Safari/537.36 OPR/84.0.4316.14" "-"
141.138.208.0 - - [09/Jan/2024:22:48:43 +0100] "GET /wp-sitemap.xml HTTP/1.1" 200 562 dartmoorrunners.co.uk "-" "Mozilla/5.0 (Windows NT 10.0; Win64; x64) AppleWebKit/537.36 (KHTML, like Gecko) Chrome/98.0.4758.82 Safari/537.36 OPR/84.0.4316.14" "-"
130.255.161.0 - - [09/Jan/2024:22:48:44 +0100] "GET /humans.txt HTTP/1.1" 404 24762 dartmoorrunners.co.uk "-" "Mozilla/5.0 (Windows NT 10.0; Win64; x64) AppleWebKit/537.36 (KHTML, like Gecko) Chrome/98.0.4758.82 Safari/537.36 OPR/84.0.4316.14" "-"
93.158.91.0 - - [09/Jan/2024:22:48:44 +0100] "GET /ads.txt HTTP/1.1" 200 160 dartmoorrunners.co.uk "-" "Mozilla/5.0 (Windows NT 10.0; Win64; x64) AppleWebKit/537.36 (KHTML, like Gecko) Chrome/98.0.4758.82 Safari/537.36 OPR/84.0.4316.14" "-"
93.158.98.0 - - [09/Jan/2024:22:48:44 +0100] "GET / HTTP/1.1" 200 31574 dartmoorrunners.co.uk "-" "Mozilla/5.0 (Windows NT 10.0; Win64; x64) AppleWebKit/537.36 (KHTML, like Gecko) Chrome/98.0.4758.82 Safari/537.36 OPR/84.0.4316.14" "-"
3.90.20.0 - - [09/Jan/2024:23:02:31 +0100] "GET /.git/config HTTP/1.1" 403 618 dartmoorrunners.co.uk "-" "Mozilla/5.0 (Linux; Android 7.0; Alcatel_5044R) AppleWebKit/537.36 (KHTML, like Gecko) Chrome/76.0.3809.111 Mobile Safari/537.36" "-"
203.145.46.0 - - [09/Jan/2024:23:07:25 +0100] "GET /wp-content/themes/hideo/network.php HTTP/1.1" 404 24762 dartmoorrunners.co.uk "-" "Mozilla/5.0 (Linux; Android 11; M2010J19SI) AppleWebKit/537.36 (KHTML, like Gecko) Chrome/109.0.0.0 Mobile Safari/537.36" "-"
203.145.46.0 - - [09/Jan/2024:23:07:25 +0100] "GET /wp-content/themes/blogai/issue.php HTTP/1.1" 404 24762 dartmoorrunners.co.uk "-" "Mozilla/5.0 (Linux; Android 11; M2010J19SI) AppleWebKit/537.36 (KHTML, like Gecko) Chrome/109.0.0.0 Mobile Safari/537.36" "-"
203.145.46.0 - - [09/Jan/2024:23:07:26 +0100] "GET /wp-content/json.php HTTP/1.1" 404 24762 dartmoorrunners.co.uk "-" "Mozilla/5.0 (Linux; Android 11; M2010J19SI) AppleWebKit/537.36 (KHTML, like Gecko) Chrome/109.0.0.0 Mobile Safari/537.36" "-"
124.158.12.0 - - [09/Jan/2024:23:45:07 +0100] "GET /wp-login.php HTTP/1.1" 200 8627 dartmoorrunners.co.uk "-" "Mozilla/5.0 (X11; Fedora; Linux x86_64; rv:94.0) Gecko/20100101 Firefox/95.0" "-"
82.165.88.0 - - [09/Jan/2024:23:45:07 +0100] "POST /wp-cron.php?doing_wp_cron=1704840307.5636808872222900390625 HTTP/1.1" 200 - dartmoorrunners.co.uk "http://dartmoorrunners.co.uk/wp-cron.php?doing_wp_cron=1704840307.5636808872222900390625" "WordPress/6.1.4; http://dartmoorrunners.co.uk" "-"
124.158.12.0 - - [09/Jan/2024:23:45:10 +0100] "GET ///?author=1 HTTP/1.1" 301 - dartmoorrunners.co.uk "-" "Mozilla/5.0 (X11; Fedora; Linux x86_64; rv:94.0) Gecko/20100101 Firefox/95.0" "-"
124.158.12.0 - - [09/Jan/2024:23:45:11 +0100] "GET /author/dradmin HTTP/1.1" 200 25900 dartmoorrunners.co.uk "http://dartmoorrunners.co.uk///?author=1" "Mozilla/5.0 (X11; Fedora; Linux x86_64; rv:94.0) Gecko/20100101 Firefox/95.0" "-"
124.158.12.0 - - [09/Jan/2024:23:45:13 +0100] "GET ///wp-json/wp/v2/users/ HTTP/1.1" 200 584 dartmoorrunners.co.uk "-" "Mozilla/5.0 (X11; Fedora; Linux x86_64; rv:94.0) Gecko/20100101 Firefox/95.0" "-"
124.158.12.0 - - [09/Jan/2024:23:45:14 +0100] "GET ///?author=2 HTTP/1.1" 301 - dartmoorrunners.co.uk "-" "Mozilla/5.0 (X11; Fedora; Linux x86_64; rv:94.0) Gecko/20100101 Firefox/95.0" "-"
124.158.12.0 - - [09/Jan/2024:23:45:15 +0100] "GET /?author=2 HTTP/1.1" 200 24956 dartmoorrunners.co.uk "http://dartmoorrunners.co.uk///?author=2" "Mozilla/5.0 (X11; Fedora; Linux x86_64; rv:94.0) Gecko/20100101 Firefox/95.0" "-"
124.158.12.0 - - [09/Jan/2024:23:45:16 +0100] "GET ///?author=3 HTTP/1.1" 301 - dartmoorrunners.co.uk "-" "Mozilla/5.0 (X11; Fedora; Linux x86_64; rv:94.0) Gecko/20100101 Firefox/95.0" "-"
82.165.88.0 - - [09/Jan/2024:23:45:17 +0100] "POST /wp-cron.php HTTP/1.1" 200 - dartmoorrunners.co.uk "http://dartmoorrunners.co.uk/wp-cron.php" "WordPress/6.1.4; http://dartmoorrunners.co.uk" "-"
82.165.88.0 - - [09/Jan/2024:23:45:17 +0100] "GET / HTTP/1.1" 200 31574 dartmoorrunners.co.uk "http://dartmoorrunners.co.uk/" "WordPress/6.1.4; http://dartmoorrunners.co.uk" "-"
124.158.12.0 - - [09/Jan/2024:23:45:17 +0100] "GET /?author=3 HTTP/1.1" 404 24762 dartmoorrunners.co.uk "http://dartmoorrunners.co.uk///?author=3" "Mozilla/5.0 (X11; Fedora; Linux x86_64; rv:94.0) Gecko/20100101 Firefox/95.0" "-"
82.165.88.0 - - [09/Jan/2024:23:45:17 +0100] "GET / HTTP/1.1" 200 31574 dartmoorrunners.co.uk "http://dartmoorrunners.co.uk/" "WordPress/6.1.4; http://dartmoorrunners.co.uk" "-"
82.165.88.0 - - [09/Jan/2024:23:45:17 +0100] "GET / HTTP/1.1" 200 31574 dartmoorrunners.co.uk "http://dartmoorrunners.co.uk/" "WordPress/6.1.4; http://dartmoorrunners.co.uk" "-"
