82.165.88.0 - - [30/Dec/2023:00:30:00 +0100] "POST /wp-cron.php?doing_wp_cron=1703892600.7503440380096435546875 HTTP/1.1" 200 - dartmoorrunners.co.uk "http://dartmoorrunners.co.uk/wp-cron.php?doing_wp_cron=1703892600.7503440380096435546875" "WordPress/6.1.4; http://dartmoorrunners.co.uk" "-"
185.107.91.0 - - [30/Dec/2023:00:30:00 +0100] "POST /xmlrpc.php HTTP/1.1" 200 403 dartmoorrunners.co.uk "-" "Mozilla/5.0 (Windows NT 10.0; Win64; x64; rv:61.0) Gecko/20100101 Firefox/61.0" "-"
82.165.88.0 - - [30/Dec/2023:02:05:04 +0100] "POST /wp-cron.php?doing_wp_cron=1703898304.5018870830535888671875 HTTP/1.1" 200 - dartmoorrunners.co.uk "http://dartmoorrunners.co.uk/wp-cron.php?doing_wp_cron=1703898304.5018870830535888671875" "WordPress/6.1.4; http://dartmoorrunners.co.uk" "-"
185.183.208.0 - - [30/Dec/2023:02:05:04 +0100] "POST /xmlrpc.php HTTP/1.1" 200 403 dartmoorrunners.co.uk "-" "Mozilla/5.0 (Windows NT 10.0; Win64; x64; rv:73.0) Gecko/20100101 Firefox/73.0" "-"
82.165.88.0 - - [30/Dec/2023:02:38:09 +0100] "POST /wp-cron.php?doing_wp_cron=1703900289.5876100063323974609375 HTTP/1.1" 200 - dartmoorrunners.co.uk "http://dartmoorrunners.co.uk/wp-cron.php?doing_wp_cron=1703900289.5876100063323974609375" "WordPress/6.1.4; http://dartmoorrunners.co.uk" "-"
66.249.66.0 - - [30/Dec/2023:02:38:09 +0100] "GET / HTTP/1.1" 200 31575 dartmoorrunners.co.uk "-" "Mozilla/5.0 (compatible; Googlebot/2.1; +http://www.google.com/bot.html)" "-"
82.165.88.0 - - [30/Dec/2023:03:30:32 +0100] "POST /wp-cron.php?doing_wp_cron=1703903432.8251221179962158203125 HTTP/1.1" 200 - dartmoorrunners.co.uk "http://dartmoorrunners.co.uk/wp-cron.php?doing_wp_cron=1703903432.8251221179962158203125" "WordPress/6.1.4; http://dartmoorrunners.co.uk" "-"
68.178.134.0 - - [30/Dec/2023:03:30:32 +0100] "GET /style.php?sig=rename HTTP/1.1" 404 24763 dartmoorrunners.co.uk "-" "Mozilla/5.0 (Windows NT 10.0; Win64; x64) AppleWebKit/537.36 (KHTML, like Gecko) Chrome/85.0.4183.102 Safari/537.36" "-"
81.94.150.0 - - [30/Dec/2023:03:36:39 +0100] "GET /alfanew.php HTTP/1.1" 404 24763 dartmoorrunners.co.uk "-" "Mozilla/4.0 (compatible; MSIE 6.0; Windows NT 5.1; SV1)" "-"
82.165.88.0 - - [30/Dec/2023:03:36:40 +0100] "POST /wp-cron.php?doing_wp_cron=1703903800.1515500545501708984375 HTTP/1.1" 200 - dartmoorrunners.co.uk "http://dartmoorrunners.co.uk/wp-cron.php?doing_wp_cron=1703903800.1515500545501708984375" "WordPress/6.1.4; http://dartmoorrunners.co.uk" "-"
85.128.143.0 - - [30/Dec/2023:03:45:47 +0100] "POST /xmlrpc.php HTTP/1.1" 200 403 dartmoorrunners.co.uk "-" "Mozilla/5.0 (Windows NT 10.0; Win64; x64; rv:94.0) Gecko/20100101 Firefox/94.0" "-"
185.243.218.0 - - [30/Dec/2023:04:11:15 +0100] "POST /xmlrpc.php HTTP/1.1" 200 403 dartmoorrunners.co.uk "-" "Mozilla/5.0 (Windows NT 10.0; Win64; x64) AppleWebKit/537.36 (KHTML, like Gecko) Chrome/88.0.4324.104 Safari/537.36" "-"
185.243.218.0 - - [30/Dec/2023:04:11:16 +0100] "POST /xmlrpc.php HTTP/1.1" 200 403 dartmoorrunners.co.uk "-" "Mozilla/5.0 (Windows NT 10.0; Win64; x64) AppleWebKit/537.36 (KHTML, like Gecko) Chrome/88.0.4324.104 Safari/537.36" "-"
185.243.218.0 - - [30/Dec/2023:04:11:17 +0100] "POST /xmlrpc.php HTTP/1.1" 403 618 dartmoorrunners.co.uk "-" "Mozilla/5.0 (Windows NT 10.0; Win64; x64) AppleWebKit/537.36 (KHTML, like Gecko) Chrome/88.0.4324.104 Safari/537.36" "-"
185.243.218.0 - - [30/Dec/2023:04:11:18 +0100] "POST /xmlrpc.php HTTP/1.1" 403 618 dartmoorrunners.co.uk "-" "Mozilla/5.0 (Windows NT 10.0; Win64; x64) AppleWebKit/537.36 (KHTML, like Gecko) Chrome/88.0.4324.104 Safari/537.36" "-"
185.243.218.0 - - [30/Dec/2023:04:11:19 +0100] "POST /xmlrpc.php HTTP/1.1" 403 618 dartmoorrunners.co.uk "-" "Mozilla/5.0 (Windows NT 10.0; Win64; x64) AppleWebKit/537.36 (KHTML, like Gecko) Chrome/88.0.4324.104 Safari/537.36" "-"
158.69.23.0 - - [30/Dec/2023:04:17:41 +0100] "GET /wp-content/plugins/wp_cache/about.php?520 HTTP/1.1" 404 24763 dartmoorrunners.co.uk "-" "Linux Mozilla" "-"
82.165.88.0 - - [30/Dec/2023:04:48:50 +0100] "POST /wp-cron.php?doing_wp_cron=1703908130.6947588920593261718750 HTTP/1.1" 200 - dartmoorrunners.co.uk "http://dartmoorrunners.co.uk/wp-cron.php?doing_wp_cron=1703908130.6947588920593261718750" "WordPress/6.1.4; http://dartmoorrunners.co.uk" "-"
152.67.103.0 - - [30/Dec/2023:04:48:50 +0100] "GET /install.php HTTP/1.1" 404 24763 dartmoorrunners.co.uk "http://simplesite.com" "Mozilla/5.0 (Windows; U; Windows NT 5.1; en-US) AppleWebKit/533.4 (KHTML, like Gecko) Chrome/5.0.375.99 Safari/533.4" "-"
82.165.88.0 - - [30/Dec/2023:05:30:57 +0100] "POST /wp-cron.php?doing_wp_cron=1703910657.5227189064025878906250 HTTP/1.1" 200 - dartmoorrunners.co.uk "http://dartmoorrunners.co.uk/wp-cron.php?doing_wp_cron=1703910657.5227189064025878906250" "WordPress/6.1.4; http://dartmoorrunners.co.uk" "-"
2a01:4f9:3000:: - - [30/Dec/2023:05:30:57 +0100] "POST /xmlrpc.php HTTP/1.1" 200 403 dartmoorrunners.co.uk "-" "Mozilla/5.0 (Windows NT 10.0; Win64; x64; rv:56.0) Gecko/20100101 Firefox/56.0" "-"
40.77.167.0 - - [30/Dec/2023:05:32:37 +0100] "GET /sitemap.xml HTTP/1.1" 302 - www.dartmoorrunners.co.uk "-" "Mozilla/5.0 AppleWebKit/537.36 (KHTML, like Gecko; compatible; bingbot/2.0; +http://www.bing.com/bingbot.htm) Chrome/116.0.1938.76 Safari/537.36" "-"
52.167.144.0 - - [30/Dec/2023:05:32:42 +0100] "GET /robots.txt HTTP/1.1" 200 121 dartmoorrunners.co.uk "-" "Mozilla/5.0 AppleWebKit/537.36 (KHTML, like Gecko; compatible; bingbot/2.0; +http://www.bing.com/bingbot.htm) Chrome/116.0.1938.76 Safari/537.36" "-"
52.167.144.0 - - [30/Dec/2023:05:32:47 +0100] "GET /wp-sitemap.xml HTTP/1.1" 200 562 dartmoorrunners.co.uk "-" "Mozilla/5.0 AppleWebKit/537.36 (KHTML, like Gecko; compatible; bingbot/2.0; +http://www.bing.com/bingbot.htm) Chrome/116.0.1938.76 Safari/537.36" "-"
195.191.219.0 - - [30/Dec/2023:05:43:23 +0100] "GET /robots.txt HTTP/1.1" 200 121 dartmoorrunners.co.uk "-" "Mozilla/5.0 (compatible; MJ12bot/v1.4.8; http://mj12bot.com/)" "-"
195.191.219.0 - - [30/Dec/2023:05:43:25 +0100] "GET / HTTP/1.1" 200 31575 dartmoorrunners.co.uk "-" "Mozilla/5.0 (compatible; MJ12bot/v1.4.8; http://mj12bot.com/)" "-"
47.128.149.0 - - [30/Dec/2023:05:53:26 +0100] "POST /wp-login.php HTTP/1.1" 200 9057 dartmoorrunners.co.uk "http://dartmoorrunners.co.uk/" "Mozilla/5.0 (Windows NT 6.1; WOW64; Trident/7.0; rv:11.0) like Gecko" "-"
82.165.88.0 - - [30/Dec/2023:06:33:47 +0100] "POST /wp-cron.php?doing_wp_cron=1703914427.4652650356292724609375 HTTP/1.1" 200 - dartmoorrunners.co.uk "http://dartmoorrunners.co.uk/wp-cron.php?doing_wp_cron=1703914427.4652650356292724609375" "WordPress/6.1.4; http://dartmoorrunners.co.uk" "-"
202.64.124.0 - - [30/Dec/2023:06:33:47 +0100] "POST /wp-login.php HTTP/1.1" 200 9057 dartmoorrunners.co.uk "http://dartmoorrunners.co.uk/" "Mozilla/5.0 (Windows NT 6.1; WOW64; Trident/7.0; rv:11.0) like Gecko" "-"
46.137.230.0 - - [30/Dec/2023:06:33:47 +0100] "POST /wp-login.php HTTP/1.1" 200 9047 dartmoorrunners.co.uk "http://dartmoorrunners.co.uk/" "Mozilla/5.0 (Windows NT 6.1; WOW64; Trident/7.0; rv:11.0) like Gecko" "-"
52.230.152.0 - - [30/Dec/2023:06:58:22 +0100] "GET /robots.txt HTTP/1.1" 200 121 dartmoorrunners.co.uk "-" "Mozilla/5.0 AppleWebKit/537.36 (KHTML, like Gecko; compatible; GPTBot/1.0; +https://openai.com/gptbot)" "-"
52.230.152.0 - - [30/Dec/2023:06:58:27 +0100] "GET /dates_19.html HTTP/1.1" 404 24763 dartmoorrunners.co.uk "-" "Mozilla/5.0 AppleWebKit/537.36 (KHTML, like Gecko; compatible; GPTBot/1.0; +https://openai.com/gptbot)" "-"
178.128.103.0 - - [30/Dec/2023:07:03:11 +0100] "POST /xmlrpc.php HTTP/1.1" 200 403 dartmoorrunners.co.uk "-" "Mozilla/5.0 (Windows NT 10.0; Win64; x64; rv:49.0) Gecko/20100101 Firefox/49.0" "-"
43.155.83.0 - - [30/Dec/2023:07:17:39 +0100] "GET /wp-admin/user/networkd.php HTTP/1.1" 404 24763 dartmoorrunners.co.uk "http://simplesite.com" "Mozilla/5.0 (Windows; U; Windows NT 5.1; en-US) AppleWebKit/533.4 (KHTML, like Gecko) Chrome/5.0.375.99 Safari/533.4" "-"
82.165.88.0 - - [30/Dec/2023:07:39:33 +0100] "POST /wp-cron.php?doing_wp_cron=1703918373.9414238929748535156250 HTTP/1.1" 200 - dartmoorrunners.co.uk "http://dartmoorrunners.co.uk/wp-cron.php?doing_wp_cron=1703918373.9414238929748535156250" "WordPress/6.1.4; http://dartmoorrunners.co.uk" "-"
146.66.177.0 - - [30/Dec/2023:07:39:33 +0100] "GET / HTTP/1.1" 200 31575 dartmoorrunners.co.uk "-" "Mozilla/5.0 (Windows NT 10.0; Win64; x64) AppleWebKit/537.36 (KHTML, like Gecko) Chrome/118.0.0.0 Safari/537.36" "-"
2607:f298:: - - [30/Dec/2023:07:54:43 +0100] "GET /dup-installer/main.installer.php HTTP/1.1" 404 24763 dartmoorrunners.co.uk "-" "-" "-"
40.77.167.0 - - [30/Dec/2023:08:06:52 +0100] "GET /winter-series-results-2018 HTTP/1.1" 200 25719 dartmoorrunners.co.uk "-" "Mozilla/5.0 AppleWebKit/537.36 (KHTML, like Gecko; compatible; bingbot/2.0; +http://www.bing.com/bingbot.htm) Chrome/116.0.1938.76 Safari/537.36" "-"
66.249.66.0 - - [30/Dec/2023:08:10:38 +0100] "GET / HTTP/1.1" 200 31575 dartmoorrunners.co.uk "-" "Mozilla/5.0 (compatible; Googlebot/2.1; +http://www.google.com/bot.html)" "-"
54.36.148.0 - - [30/Dec/2023:09:34:29 +0100] "GET /robots.txt HTTP/1.1" 200 121 dartmoorrunners.co.uk "-" "Mozilla/5.0 (compatible; AhrefsBot/7.0; +http://ahrefs.com/robot/)" "-"
82.165.88.0 - - [30/Dec/2023:09:34:31 +0100] "POST /wp-cron.php?doing_wp_cron=1703925271.2165219783782958984375 HTTP/1.1" 200 - dartmoorrunners.co.uk "http://dartmoorrunners.co.uk/wp-cron.php?doing_wp_cron=1703925271.2165219783782958984375" "WordPress/6.1.4; http://dartmoorrunners.co.uk" "-"
51.222.253.0 - - [30/Dec/2023:09:34:33 +0100] "GET /results/winter-series-2016-results HTTP/1.1" 200 25695 dartmoorrunners.co.uk "-" "Mozilla/5.0 (compatible; AhrefsBot/7.0; +http://ahrefs.com/robot/)" "-"
109.70.100.0 - - [30/Dec/2023:09:38:30 +0100] "POST /xmlrpc.php HTTP/1.1" 200 403 dartmoorrunners.co.uk "-" "Mozilla/5.0 (X11; Linux x86_64; rv:52.0) Gecko/20100101 Firefox/52.0" "-"
109.70.100.0 - - [30/Dec/2023:09:38:31 +0100] "POST /xmlrpc.php HTTP/1.1" 200 403 dartmoorrunners.co.uk "-" "Mozilla/5.0 (X11; Linux x86_64; rv:52.0) Gecko/20100101 Firefox/52.0" "-"
109.70.100.0 - - [30/Dec/2023:09:38:32 +0100] "POST /xmlrpc.php HTTP/1.1" 403 618 dartmoorrunners.co.uk "-" "Mozilla/5.0 (X11; Linux x86_64; rv:52.0) Gecko/20100101 Firefox/52.0" "-"
109.70.100.0 - - [30/Dec/2023:09:38:33 +0100] "POST /xmlrpc.php HTTP/1.1" 403 618 dartmoorrunners.co.uk "-" "Mozilla/5.0 (X11; Linux x86_64; rv:52.0) Gecko/20100101 Firefox/52.0" "-"
109.70.100.0 - - [30/Dec/2023:09:38:34 +0100] "POST /xmlrpc.php HTTP/1.1" 403 618 dartmoorrunners.co.uk "-" "Mozilla/5.0 (X11; Linux x86_64; rv:52.0) Gecko/20100101 Firefox/52.0" "-"
40.77.167.0 - - [30/Dec/2023:10:00:31 +0100] "GET /sitemaps.xml HTTP/1.1" 301 - www.dartmoorrunners.co.uk "-" "Mozilla/5.0 AppleWebKit/537.36 (KHTML, like Gecko; compatible; bingbot/2.0; +http://www.bing.com/bingbot.htm) Chrome/116.0.1938.76 Safari/537.36" "-"
40.77.167.0 - - [30/Dec/2023:10:00:39 +0100] "GET /sitemaps.xml HTTP/1.1" 404 24763 dartmoorrunners.co.uk "-" "Mozilla/5.0 AppleWebKit/537.36 (KHTML, like Gecko; compatible; bingbot/2.0; +http://www.bing.com/bingbot.htm) Chrome/116.0.1938.76 Safari/537.36" "-"
35.193.193.0 - - [30/Dec/2023:10:27:46 +0100] "POST /xmlrpc.php HTTP/1.1" 200 403 dartmoorrunners.co.uk "-" "Mozilla/5.0 (Windows NT 10.0; Win64; x64; rv:49.0) Gecko/20100101 Firefox/49.0" "-"
82.165.88.0 - - [30/Dec/2023:10:44:14 +0100] "POST /wp-cron.php?doing_wp_cron=1703929454.5918540954589843750000 HTTP/1.1" 200 - dartmoorrunners.co.uk "http://dartmoorrunners.co.uk/wp-cron.php?doing_wp_cron=1703929454.5918540954589843750000" "WordPress/6.1.4; http://dartmoorrunners.co.uk" "-"
2a0c:b381:400:: - - [30/Dec/2023:10:44:14 +0100] "GET / HTTP/1.1" 200 31575 dartmoorrunners.co.uk "-" "Mozilla/5.0 (Linux; Android 10; K) AppleWebKit/537.36 (KHTML, like Gecko) Chrome/120.0.0.0 Mobile Safari/537.36" "-"
2a0c:b381:400:: - - [30/Dec/2023:10:44:14 +0100] "GET /wp-includes/css/dist/block-library/style.min.css?ver=6.1.4 HTTP/1.1" 200 16164 dartmoorrunners.co.uk "http://dartmoorrunners.co.uk/" "Mozilla/5.0 (Linux; Android 10; K) AppleWebKit/537.36 (KHTML, like Gecko) Chrome/120.0.0.0 Mobile Safari/537.36" "-"
2a0c:b381:400:: - - [30/Dec/2023:10:44:15 +0100] "GET /wp-content/uploads/2017/04/cropped-dartmoorrunnerslogo_normal.png HTTP/1.1" 200 110052 dartmoorrunners.co.uk "http://dartmoorrunners.co.uk/" "Mozilla/5.0 (Linux; Android 10; K) AppleWebKit/537.36 (KHTML, like Gecko) Chrome/120.0.0.0 Mobile Safari/537.36" "-"
2a0c:b381:400:: - - [30/Dec/2023:10:44:15 +0100] "GET /wp-content/uploads/2017/04/XmasBash2017Med.jpg HTTP/1.1" 200 200566 dartmoorrunners.co.uk "http://dartmoorrunners.co.uk/" "Mozilla/5.0 (Linux; Android 10; K) AppleWebKit/537.36 (KHTML, like Gecko) Chrome/120.0.0.0 Mobile Safari/537.36" "-"
2a0c:b381:400:: - - [30/Dec/2023:10:44:15 +0100] "GET /wp-content/uploads/2017/04/ControlDog-768x576.jpg HTTP/1.1" 200 85973 dartmoorrunners.co.uk "http://dartmoorrunners.co.uk/" "Mozilla/5.0 (Linux; Android 10; K) AppleWebKit/537.36 (KHTML, like Gecko) Chrome/120.0.0.0 Mobile Safari/537.36" "-"
2a0c:b381:400:: - - [30/Dec/2023:10:44:15 +0100] "GET /wp-content/uploads/2017/04/winter-2015-small.jpg HTTP/1.1" 200 202841 dartmoorrunners.co.uk "http://dartmoorrunners.co.uk/" "Mozilla/5.0 (Linux; Android 10; K) AppleWebKit/537.36 (KHTML, like Gecko) Chrome/120.0.0.0 Mobile Safari/537.36" "-"
2a0c:b381:400:: - - [30/Dec/2023:10:44:15 +0100] "GET /wp-content/uploads/2017/04/Moorland-runner-cropped.jpg HTTP/1.1" 200 437747 dartmoorrunners.co.uk "http://dartmoorrunners.co.uk/" "Mozilla/5.0 (Linux; Android 10; K) AppleWebKit/537.36 (KHTML, like Gecko) Chrome/120.0.0.0 Mobile Safari/537.36" "-"
2a0c:b381:400:: - - [30/Dec/2023:10:44:15 +0100] "GET /wp-includes/js/wp-emoji-release.min.js?ver=6.1.4 HTTP/1.1" 200 18617 dartmoorrunners.co.uk "http://dartmoorrunners.co.uk/" "Mozilla/5.0 (Linux; Android 10; K) AppleWebKit/537.36 (KHTML, like Gecko) Chrome/120.0.0.0 Mobile Safari/537.36" "-"
2a0c:b381:400:: - - [30/Dec/2023:10:44:17 +0100] "GET / HTTP/1.1" 200 31575 dartmoorrunners.co.uk "http://dartmoorrunners.co.uk/" "Mozilla/5.0 (Linux; Android 10; K) AppleWebKit/537.36 (KHTML, like Gecko) Chrome/120.0.0.0 Mobile Safari/537.36" "-"
2a0c:b381:400:: - - [30/Dec/2023:10:44:18 +0100] "GET / HTTP/1.1" 200 31575 dartmoorrunners.co.uk "http://dartmoorrunners.co.uk/" "Mozilla/5.0 (Linux; Android 10; K) AppleWebKit/537.36 (KHTML, like Gecko) Chrome/120.0.0.0 Mobile Safari/537.36" "-"
2a0c:b381:400:: - - [30/Dec/2023:10:44:19 +0100] "GET / HTTP/1.1" 200 31575 dartmoorrunners.co.uk "http://dartmoorrunners.co.uk/" "Mozilla/5.0 (Linux; Android 10; K) AppleWebKit/537.36 (KHTML, like Gecko) Chrome/120.0.0.0 Mobile Safari/537.36" "-"
2a0c:b381:400:: - - [30/Dec/2023:10:44:25 +0100] "GET /winter-series-2023 HTTP/1.1" 200 27621 dartmoorrunners.co.uk "http://dartmoorrunners.co.uk/" "Mozilla/5.0 (Linux; Android 10; K) AppleWebKit/537.36 (KHTML, like Gecko) Chrome/120.0.0.0 Mobile Safari/537.36" "-"
40.77.167.0 - - [30/Dec/2023:10:53:54 +0100] "GET /sitemaps.xml HTTP/1.1" 301 - www.dartmoorrunners.co.uk "-" "Mozilla/5.0 AppleWebKit/537.36 (KHTML, like Gecko; compatible; bingbot/2.0; +http://www.bing.com/bingbot.htm) Chrome/116.0.1938.76 Safari/537.36" "-"
52.167.144.0 - - [30/Dec/2023:10:54:06 +0100] "GET /sitemaps.xml HTTP/1.1" 404 24763 dartmoorrunners.co.uk "-" "Mozilla/5.0 AppleWebKit/537.36 (KHTML, like Gecko; compatible; bingbot/2.0; +http://www.bing.com/bingbot.htm) Chrome/116.0.1938.76 Safari/537.36" "-"
13.229.183.0 - - [30/Dec/2023:11:35:28 +0100] "POST /wp-login.php HTTP/1.1" 200 9047 dartmoorrunners.co.uk "http://dartmoorrunners.co.uk/" "Mozilla/5.0 (Windows NT 6.1; WOW64; Trident/7.0; rv:11.0) like Gecko" "-"
82.165.88.0 - - [30/Dec/2023:11:35:29 +0100] "POST /wp-cron.php?doing_wp_cron=1703932529.1459410190582275390625 HTTP/1.1" 200 - dartmoorrunners.co.uk "http://dartmoorrunners.co.uk/wp-cron.php?doing_wp_cron=1703932529.1459410190582275390625" "WordPress/6.1.4; http://dartmoorrunners.co.uk" "-"
54.169.255.0 - - [30/Dec/2023:11:35:30 +0100] "POST /wp-login.php HTTP/1.1" 200 9057 dartmoorrunners.co.uk "http://dartmoorrunners.co.uk/" "Mozilla/5.0 (Windows NT 6.1; WOW64; Trident/7.0; rv:11.0) like Gecko" "-"
128.199.197.0 - - [30/Dec/2023:11:53:50 +0100] "GET /sftp-config.json HTTP/1.1" 404 24763 dartmoorrunners.co.uk "-" "Mozilla/5.0 (Macintosh; Intel Mac OS X 10.15; rv:77.0) Gecko/20100101 Firefox/77.0" "-"
128.199.197.0 - - [30/Dec/2023:11:53:50 +0100] "GET /.vscode/sftp.json HTTP/1.1" 200 240 dartmoorrunners.co.uk "-" "Mozilla/5.0 (Macintosh; Intel Mac OS X 10.15; rv:77.0) Gecko/20100101 Firefox/77.0" "-"
128.199.197.0 - - [30/Dec/2023:12:06:12 +0100] "GET /.vscode/sftp.json HTTP/1.1" 200 240 dartmoorrunners.co.uk "-" "python-requests/2.31.0" "-"
209.124.75.0 - - [30/Dec/2023:12:06:42 +0100] "POST /xmlrpc.php HTTP/1.1" 200 403 dartmoorrunners.co.uk "-" "Mozilla/5.0 (Windows NT 10.0; Win64; x64; rv:93.0) Gecko/20100101 Firefox/93.0" "-"
222.79.104.0 - - [30/Dec/2023:12:24:48 +0100] "GET / HTTP/1.1" 301 - www.dartmoorrunners.co.uk "-" "Mozilla/5.0 (iPhone; CPU iPhone OS 13_2_3 like Mac OS X) AppleWebKit/605.1.15 (KHTML, like Gecko) Version/13.0.3 Mobile/15E148 Safari/604.1" "-"
222.79.104.0 - - [30/Dec/2023:12:24:52 +0100] "GET / HTTP/1.1" 200 31575 dartmoorrunners.co.uk "http://www.dartmoorrunners.co.uk" "Mozilla/5.0 (iPhone; CPU iPhone OS 13_2_3 like Mac OS X) AppleWebKit/605.1.15 (KHTML, like Gecko) Version/13.0.3 Mobile/15E148 Safari/604.1" "-"
82.165.88.0 - - [30/Dec/2023:13:21:56 +0100] "POST /wp-cron.php?doing_wp_cron=1703938916.7868459224700927734375 HTTP/1.1" 200 - dartmoorrunners.co.uk "http://dartmoorrunners.co.uk/wp-cron.php?doing_wp_cron=1703938916.7868459224700927734375" "WordPress/6.1.4; http://dartmoorrunners.co.uk" "-"
194.38.22.0 - - [30/Dec/2023:13:21:56 +0100] "GET /wp-content/themes/cameleon/includes/fileuploader/upload_handler.php HTTP/1.1" 404 24763 dartmoorrunners.co.uk "-" "ALittle Client" "-"
82.165.88.0 - - [30/Dec/2023:13:39:32 +0100] "POST /wp-cron.php?doing_wp_cron=1703939972.3411390781402587890625 HTTP/1.1" 200 - dartmoorrunners.co.uk "http://dartmoorrunners.co.uk/wp-cron.php?doing_wp_cron=1703939972.3411390781402587890625" "WordPress/6.1.4; http://dartmoorrunners.co.uk" "-"
66.249.78.0 - - [30/Dec/2023:13:39:32 +0100] "GET / HTTP/1.1" 200 31575 dartmoorrunners.co.uk "-" "Mozilla/5.0 (compatible; Googlebot/2.1; +http://www.google.com/bot.html)" "-"
52.230.152.0 - - [30/Dec/2023:13:47:33 +0100] "GET /robots.txt HTTP/1.1" 200 121 dartmoorrunners.co.uk "-" "Mozilla/5.0 AppleWebKit/537.36 (KHTML, like Gecko; compatible; GPTBot/1.0; +https://openai.com/gptbot)" "-"
185.74.7.0 - - [30/Dec/2023:13:47:35 +0100] "POST /xmlrpc.php HTTP/1.1" 200 403 dartmoorrunners.co.uk "-" "Mozilla/5.0 (Windows NT 10.0; Win64; x64; rv:86.0) Gecko/20100101 Firefox/86.0" "-"
52.230.152.0 - - [30/Dec/2023:13:47:39 +0100] "GET /wp-json/oembed/1.0/embed HTTP/1.1" 400 115 dartmoorrunners.co.uk "-" "Mozilla/5.0 AppleWebKit/537.36 (KHTML, like Gecko; compatible; GPTBot/1.0; +https://openai.com/gptbot)" "-"
104.234.53.0 - - [30/Dec/2023:14:18:49 +0100] "GET / HTTP/1.1" 200 31575 dartmoorrunners.co.uk "-" "Go-http-client/1.1" "-"
104.234.53.0 - - [30/Dec/2023:14:18:50 +0100] "GET /wp-includes/css/buttons.css HTTP/1.1" 200 2798 dartmoorrunners.co.uk "-" "Go-http-client/1.1" "-"
82.165.88.0 - - [30/Dec/2023:14:32:44 +0100] "POST /wp-cron.php?doing_wp_cron=1703943164.2520959377288818359375 HTTP/1.1" 200 - dartmoorrunners.co.uk "http://dartmoorrunners.co.uk/wp-cron.php?doing_wp_cron=1703943164.2520959377288818359375" "WordPress/6.1.4; http://dartmoorrunners.co.uk" "-"
184.154.139.0 - - [30/Dec/2023:14:32:44 +0100] "GET / HTTP/1.1" 301 - www.dartmoorrunners.co.uk "http://www.google.com/url?url=www.dartmoorrunners.co.uk&yahoo.com" "Mozilla/5.0 (compatible; MSIE 9.0; Windows NT 6.1; WOW64; Trident/6.0)" "-"
184.154.139.0 - - [30/Dec/2023:14:32:44 +0100] "GET / HTTP/1.1" 200 31575 dartmoorrunners.co.uk "http://www.google.com/url?url=dartmoorrunners.co.uk&yahoo.com" "Mozilla/5.0 (compatible; MSIE 9.0; Windows NT 6.1; WOW64; Trident/6.0)" "-"
184.154.139.0 - - [30/Dec/2023:14:32:45 +0100] "GET /th1s_1s_a_4o4.html HTTP/1.1" 404 24763 dartmoorrunners.co.uk "-" "SiteLockSpider [en] (WinNT; I ;Nav)" "-"
184.154.139.0 - - [30/Dec/2023:14:32:46 +0100] "GET /results/summer-series-2015-results HTTP/1.1" 200 25685 dartmoorrunners.co.uk "http://www.google.com/url?url=dartmoorrunners.co.uk&yahoo.com" "Mozilla/5.0 (compatible; MSIE 9.0; Windows NT 6.1; WOW64; Trident/6.0)" "-"
184.154.139.0 - - [30/Dec/2023:14:32:47 +0100] "GET /results/summer-series-2017-results HTTP/1.1" 200 25706 dartmoorrunners.co.uk "-" "SiteLockSpider [en] (WinNT; I ;Nav)" "-"
184.154.139.0 - - [30/Dec/2023:14:32:47 +0100] "GET /wp-content/themes/omega/style.css?ver=6.1.4 HTTP/1.1" 200 21416 dartmoorrunners.co.uk "http://www.google.com/url?url=dartmoorrunners.co.uk&yahoo.com" "Mozilla/5.0 (compatible; MSIE 9.0; Windows NT 6.1; WOW64; Trident/6.0)" "-"
184.154.139.0 - - [30/Dec/2023:14:32:48 +0100] "GET /results/summer-series-2016-results HTTP/1.1" 200 25700 dartmoorrunners.co.uk "-" "SiteLockSpider [en] (WinNT; I ;Nav)" "-"
184.154.139.0 - - [30/Dec/2023:14:32:48 +0100] "GET /winter-series-results-2018 HTTP/1.1" 200 25719 dartmoorrunners.co.uk "-" "SiteLockSpider [en] (WinNT; I ;Nav)" "-"
184.154.139.0 - - [30/Dec/2023:14:32:49 +0100] "GET /results/summer-series-2018-results HTTP/1.1" 200 25797 dartmoorrunners.co.uk "-" "SiteLockSpider [en] (WinNT; I ;Nav)" "-"
184.154.139.0 - - [30/Dec/2023:14:32:50 +0100] "GET /xmlrpc.php HTTP/1.1" 405 42 dartmoorrunners.co.uk "-" "SiteLockSpider [en] (WinNT; I ;Nav)" "-"
184.154.139.0 - - [30/Dec/2023:14:32:50 +0100] "GET /winter-series-2023 HTTP/1.1" 200 27621 dartmoorrunners.co.uk "-" "SiteLockSpider [en] (WinNT; I ;Nav)" "-"
184.154.139.0 - - [30/Dec/2023:14:32:51 +0100] "GET /results/winter-series-2015-results HTTP/1.1" 200 25700 dartmoorrunners.co.uk "-" "SiteLockSpider [en] (WinNT; I ;Nav)" "-"
184.154.139.0 - - [30/Dec/2023:14:32:52 +0100] "GET /results/summer-series-2013-results HTTP/1.1" 200 25696 dartmoorrunners.co.uk "-" "SiteLockSpider [en] (WinNT; I ;Nav)" "-"
184.154.139.0 - - [30/Dec/2023:14:32:52 +0100] "GET /wp-json/wp/v2/pages/252 HTTP/1.1" 200 2179 dartmoorrunners.co.uk "http://www.google.com/url?url=dartmoorrunners.co.uk&yahoo.com" "Mozilla/5.0 (compatible; MSIE 9.0; Windows NT 6.1; WOW64; Trident/6.0)" "-"
184.154.139.0 - - [30/Dec/2023:14:32:53 +0100] "GET /wp-json/oembed/1.0/embed?url=http%3A%2F%2Fdartmoorrunners.co.uk%2Fwinter-series-results-2018&format=xml HTTP/1.1" 200 2611 dartmoorrunners.co.uk "http://www.google.com/url?url=dartmoorrunners.co.uk&yahoo.com" "Mozilla/5.0 (compatible; MSIE 9.0; Windows NT 6.1; WOW64; Trident/6.0)" "-"
184.154.139.0 - - [30/Dec/2023:14:32:53 +0100] "GET /wp-json/wp/v2/pages/63 HTTP/1.1" 200 2051 dartmoorrunners.co.uk "-" "SiteLockSpider [en] (WinNT; I ;Nav)" "-"
184.154.139.0 - - [30/Dec/2023:14:32:54 +0100] "GET /wp-json/oembed/1.0/embed?url=http%3A%2F%2Fdartmoorrunners.co.uk%2Fresults%2Fsummer-series-2016-results&format=xml HTTP/1.1" 200 2627 dartmoorrunners.co.uk "-" "SiteLockSpider [en] (WinNT; I ;Nav)" "-"
184.154.139.0 - - [30/Dec/2023:14:32:54 +0100] "GET /wp-json/oembed/1.0/embed?url=http%3A%2F%2Fdartmoorrunners.co.uk%2Fwinter-series-results-2018 HTTP/1.1" 200 2542 dartmoorrunners.co.uk "-" "SiteLockSpider [en] (WinNT; I ;Nav)" "-"
184.154.139.0 - - [30/Dec/2023:14:32:55 +0100] "GET /comments/feed HTTP/1.1" 200 827 dartmoorrunners.co.uk "http://www.google.com/url?url=dartmoorrunners.co.uk&yahoo.com" "Mozilla/5.0 (compatible; MSIE 9.0; Windows NT 6.1; WOW64; Trident/6.0)" "-"
184.154.139.0 - - [30/Dec/2023:14:32:55 +0100] "GET /wp-json/oembed/1.0/embed?url=http%3A%2F%2Fdartmoorrunners.co.uk%2Fresults%2Fsummer-series-2015-results&format=xml HTTP/1.1" 200 2627 dartmoorrunners.co.uk "-" "SiteLockSpider [en] (WinNT; I ;Nav)" "-"
184.154.139.0 - - [30/Dec/2023:14:32:56 +0100] "GET /results/summer-series-2012-results HTTP/1.1" 200 39432 dartmoorrunners.co.uk "-" "SiteLockSpider [en] (WinNT; I ;Nav)" "-"
184.154.139.0 - - [30/Dec/2023:14:32:57 +0100] "GET /wp-json/oembed/1.0/embed?url=http%3A%2F%2Fdartmoorrunners.co.uk%2Fresults%2Fsummer-series-2018-results HTTP/1.1" 200 2560 dartmoorrunners.co.uk "-" "SiteLockSpider [en] (WinNT; I ;Nav)" "-"
81.19.137.0 - - [30/Dec/2023:15:05:45 +0100] "POST /xmlrpc.php HTTP/1.1" 200 403 dartmoorrunners.co.uk "-" "Mozilla/5.0 (Windows NT 10.0; Win64; x64) AppleWebKit/537.36 (KHTML, like Gecko) Chrome/68.0.3440.106 Safari/537.36" "-"
81.19.137.0 - - [30/Dec/2023:15:05:46 +0100] "POST /xmlrpc.php HTTP/1.1" 200 403 dartmoorrunners.co.uk "-" "Mozilla/5.0 (Windows NT 10.0; Win64; x64) AppleWebKit/537.36 (KHTML, like Gecko) Chrome/68.0.3440.106 Safari/537.36" "-"
81.19.137.0 - - [30/Dec/2023:15:05:47 +0100] "POST /xmlrpc.php HTTP/1.1" 403 618 dartmoorrunners.co.uk "-" "Mozilla/5.0 (Windows NT 10.0; Win64; x64) AppleWebKit/537.36 (KHTML, like Gecko) Chrome/68.0.3440.106 Safari/537.36" "-"
81.19.137.0 - - [30/Dec/2023:15:05:48 +0100] "POST /xmlrpc.php HTTP/1.1" 403 618 dartmoorrunners.co.uk "-" "Mozilla/5.0 (Windows NT 10.0; Win64; x64) AppleWebKit/537.36 (KHTML, like Gecko) Chrome/68.0.3440.106 Safari/537.36" "-"
81.19.137.0 - - [30/Dec/2023:15:05:49 +0100] "POST /xmlrpc.php HTTP/1.1" 403 618 dartmoorrunners.co.uk "-" "Mozilla/5.0 (Windows NT 10.0; Win64; x64) AppleWebKit/537.36 (KHTML, like Gecko) Chrome/68.0.3440.106 Safari/537.36" "-"
52.167.144.0 - - [30/Dec/2023:15:08:18 +0100] "GET /wp-sitemap.xml HTTP/1.1" 200 562 dartmoorrunners.co.uk "-" "Mozilla/5.0 AppleWebKit/537.36 (KHTML, like Gecko; compatible; bingbot/2.0; +http://www.bing.com/bingbot.htm) Chrome/116.0.1938.76 Safari/537.36" "-"
77.247.178.0 - - [30/Dec/2023:15:10:17 +0100] "GET / HTTP/1.1" 200 31575 dartmoorrunners.co.uk "http://dartmoorrunners.co.uk/" "Mozilla/5.0 (Windows NT 10.0; Win64; x64) AppleWebKit/537.36 (KHTML, like Gecko) Chrome/103.0.5060.66 Safari/537.36" "-"
47.128.228.0 - - [30/Dec/2023:15:25:04 +0100] "POST /wp-login.php HTTP/1.1" 200 9047 dartmoorrunners.co.uk "http://dartmoorrunners.co.uk/" "Mozilla/5.0 (Windows NT 6.1; WOW64; Trident/7.0; rv:11.0) like Gecko" "-"
205.185.123.0 - - [30/Dec/2023:15:25:05 +0100] "POST /wp-login.php HTTP/1.1" 200 9057 dartmoorrunners.co.uk "http://dartmoorrunners.co.uk/" "Mozilla/5.0 (Windows NT 6.1; WOW64; Trident/7.0; rv:11.0) like Gecko" "-"
2a00:23c4:2400:: - - [30/Dec/2023:15:35:34 +0100] "GET / HTTP/1.1" 200 122 dartmoorrunners.co.uk "-" "Mozilla/5.0 (iPhone; CPU iPhone OS 16_3_1 like Mac OS X) AppleWebKit/605.1.15 (KHTML, like Gecko) Version/16.3 Mobile/15E148 Safari/604.1" "-"
82.165.88.0 - - [30/Dec/2023:15:35:34 +0100] "POST /wp-cron.php?doing_wp_cron=1703946934.7820820808410644531250 HTTP/1.1" 200 - dartmoorrunners.co.uk "http://dartmoorrunners.co.uk/wp-cron.php?doing_wp_cron=1703946934.7820820808410644531250" "WordPress/6.1.4; http://dartmoorrunners.co.uk" "-"
84.243.62.0 - - [30/Dec/2023:15:38:57 +0100] "POST /xmlrpc.php HTTP/1.1" 200 403 dartmoorrunners.co.uk "-" "Mozilla/5.0 (Windows NT 10.0; Win64; x64; rv:59.0) Gecko/20100101 Firefox/59.0" "-"
81.94.150.0 - - [30/Dec/2023:15:42:15 +0100] "GET /gawean.PhP7 HTTP/1.1" 404 24763 dartmoorrunners.co.uk "-" "Mozilla/4.0 (compatible; MSIE 6.0; Windows NT 5.1; SV1)" "-"
212.102.36.0 - - [30/Dec/2023:15:57:22 +0100] "GET / HTTP/1.1" 200 31575 dartmoorrunners.co.uk "-" "Mozilla/5.0 (Windows NT 10.0; Win64; x64) AppleWebKit/537.36 (KHTML, like Gecko) Chrome/88.0.4240.193 Safari/537.36" "-"
212.102.36.0 - - [30/Dec/2023:15:57:23 +0100] "GET /?author=1 HTTP/1.1" 301 - dartmoorrunners.co.uk "-" "Mozilla/5.0 (Windows NT 10.0; Win64; x64) AppleWebKit/537.36 (KHTML, like Gecko) Chrome/88.0.4240.193 Safari/537.36" "-"
212.102.36.0 - - [30/Dec/2023:15:57:23 +0100] "GET /?author=2 HTTP/1.1" 200 24957 dartmoorrunners.co.uk "-" "Mozilla/5.0 (Windows NT 10.0; Win64; x64) AppleWebKit/537.36 (KHTML, like Gecko) Chrome/88.0.4240.193 Safari/537.36" "-"
212.102.36.0 - - [30/Dec/2023:15:57:23 +0100] "GET /?author=3 HTTP/1.1" 404 24763 dartmoorrunners.co.uk "-" "Mozilla/5.0 (Windows NT 10.0; Win64; x64) AppleWebKit/537.36 (KHTML, like Gecko) Chrome/88.0.4240.193 Safari/537.36" "-"
212.102.36.0 - - [30/Dec/2023:15:57:24 +0100] "GET /wp-json/wp/v2/users/ HTTP/1.1" 200 584 dartmoorrunners.co.uk "-" "Mozilla/5.0 (Windows NT 10.0; Win64; x64) AppleWebKit/537.36 (KHTML, like Gecko) Chrome/88.0.4240.193 Safari/537.36" "-"
212.102.36.0 - - [30/Dec/2023:15:57:24 +0100] "GET /wp-json/oembed/1.0/embed?url=http://dartmoorrunners.co.uk HTTP/1.1" 200 2425 dartmoorrunners.co.uk "-" "Mozilla/5.0 (Windows NT 10.0; Win64; x64) AppleWebKit/537.36 (KHTML, like Gecko) Chrome/88.0.4240.193 Safari/537.36" "-"
212.102.36.0 - - [30/Dec/2023:15:57:24 +0100] "POST /xmlrpc.php HTTP/1.1" 200 401 dartmoorrunners.co.uk "-" "Mozilla/5.0 (Windows NT 10.0; Win64; x64) AppleWebKit/537.36 (KHTML, like Gecko) Chrome/88.0.4240.193 Safari/537.36" "-"
212.102.36.0 - - [30/Dec/2023:15:57:25 +0100] "POST /xmlrpc.php HTTP/1.1" 200 401 dartmoorrunners.co.uk "-" "Mozilla/5.0 (Windows NT 10.0; Win64; x64) AppleWebKit/537.36 (KHTML, like Gecko) Chrome/88.0.4240.193 Safari/537.36" "-"
212.102.36.0 - - [30/Dec/2023:15:57:26 +0100] "POST /xmlrpc.php HTTP/1.1" 403 618 dartmoorrunners.co.uk "-" "Mozilla/5.0 (Windows NT 10.0; Win64; x64) AppleWebKit/537.36 (KHTML, like Gecko) Chrome/88.0.4240.193 Safari/537.36" "-"
82.165.88.0 - - [30/Dec/2023:17:13:48 +0100] "POST /wp-cron.php?doing_wp_cron=1703952828.4916670322418212890625 HTTP/1.1" 200 - dartmoorrunners.co.uk "http://dartmoorrunners.co.uk/wp-cron.php?doing_wp_cron=1703952828.4916670322418212890625" "WordPress/6.1.4; http://dartmoorrunners.co.uk" "-"
83.96.255.0 - - [30/Dec/2023:17:13:48 +0100] "POST /xmlrpc.php HTTP/1.1" 200 403 dartmoorrunners.co.uk "-" "Mozilla/5.0 (Windows NT 10.0; Win64; x64; rv:40.0) Gecko/20100101 Firefox/40.0" "-"
216.73.161.0 - - [30/Dec/2023:17:20:49 +0100] "GET / HTTP/1.1" 200 31575 dartmoorrunners.co.uk "-" "Go-http-client/1.1" "-"
216.73.161.0 - - [30/Dec/2023:17:20:50 +0100] "GET //wp-content/plugins/yyobang/mar.php HTTP/1.1" 301 - dartmoorrunners.co.uk "-" "Go-http-client/1.1" "-"
216.73.161.0 - - [30/Dec/2023:17:20:50 +0100] "GET /wp-content/plugins/yyobang/mar.php HTTP/1.1" 404 24763 dartmoorrunners.co.uk "http://dartmoorrunners.co.uk//wp-content/plugins/yyobang/mar.php" "Go-http-client/1.1" "-"
216.73.161.0 - - [30/Dec/2023:17:20:51 +0100] "GET //cgi-bin/class_api.php HTTP/1.1" 404 626 dartmoorrunners.co.uk "-" "Go-http-client/1.1" "-"
216.73.161.0 - - [30/Dec/2023:17:20:51 +0100] "GET //class_api.php HTTP/1.1" 301 - dartmoorrunners.co.uk "-" "Go-http-client/1.1" "-"
216.73.161.0 - - [30/Dec/2023:17:20:51 +0100] "GET /class_api.php HTTP/1.1" 404 24763 dartmoorrunners.co.uk "http://dartmoorrunners.co.uk//class_api.php" "Go-http-client/1.1" "-"
216.73.161.0 - - [30/Dec/2023:17:20:52 +0100] "GET //wp-content/languages/themes/class_api.php HTTP/1.1" 301 - dartmoorrunners.co.uk "-" "Go-http-client/1.1" "-"
216.73.161.0 - - [30/Dec/2023:17:20:53 +0100] "GET /wp-content/languages/themes/class_api.php HTTP/1.1" 404 24763 dartmoorrunners.co.uk "http://dartmoorrunners.co.uk//wp-content/languages/themes/class_api.php" "Go-http-client/1.1" "-"
216.73.161.0 - - [30/Dec/2023:17:20:53 +0100] "GET //wp-admin/includes/class_api.php HTTP/1.1" 301 - dartmoorrunners.co.uk "-" "Go-http-client/1.1" "-"
216.73.161.0 - - [30/Dec/2023:17:20:54 +0100] "GET /wp-admin/includes/class_api.php HTTP/1.1" 404 24763 dartmoorrunners.co.uk "http://dartmoorrunners.co.uk//wp-admin/includes/class_api.php" "Go-http-client/1.1" "-"
216.73.161.0 - - [30/Dec/2023:17:20:54 +0100] "GET //wp-admin/js/widgets/class_api.php HTTP/1.1" 301 - dartmoorrunners.co.uk "-" "Go-http-client/1.1" "-"
216.73.161.0 - - [30/Dec/2023:17:20:55 +0100] "GET /wp-admin/js/widgets/class_api.php HTTP/1.1" 404 24763 dartmoorrunners.co.uk "http://dartmoorrunners.co.uk//wp-admin/js/widgets/class_api.php" "Go-http-client/1.1" "-"
216.73.161.0 - - [30/Dec/2023:17:20:56 +0100] "GET //wp-admin/network/class_api.php HTTP/1.1" 301 - dartmoorrunners.co.uk "-" "Go-http-client/1.1" "-"
216.73.161.0 - - [30/Dec/2023:17:20:56 +0100] "GET /wp-admin/network/class_api.php HTTP/1.1" 404 24763 dartmoorrunners.co.uk "http://dartmoorrunners.co.uk//wp-admin/network/class_api.php" "Go-http-client/1.1" "-"
216.73.161.0 - - [30/Dec/2023:17:20:56 +0100] "GET //.tmb/class_api.php HTTP/1.1" 301 - dartmoorrunners.co.uk "-" "Go-http-client/1.1" "-"
216.73.161.0 - - [30/Dec/2023:17:20:57 +0100] "GET /.tmb/class_api.php HTTP/1.1" 404 24763 dartmoorrunners.co.uk "http://dartmoorrunners.co.uk//.tmb/class_api.php" "Go-http-client/1.1" "-"
216.73.161.0 - - [30/Dec/2023:17:20:57 +0100] "GET //assets/class_api.php HTTP/1.1" 301 - dartmoorrunners.co.uk "-" "Go-http-client/1.1" "-"
216.73.161.0 - - [30/Dec/2023:17:20:58 +0100] "GET /assets/class_api.php HTTP/1.1" 404 24763 dartmoorrunners.co.uk "http://dartmoorrunners.co.uk//assets/class_api.php" "Go-http-client/1.1" "-"
216.73.161.0 - - [30/Dec/2023:17:21:00 +0100] "GET //common/css/class_api.php HTTP/1.1" 301 - dartmoorrunners.co.uk "-" "Go-http-client/1.1" "-"
216.73.161.0 - - [30/Dec/2023:17:21:00 +0100] "GET /common/css/class_api.php HTTP/1.1" 404 24763 dartmoorrunners.co.uk "http://dartmoorrunners.co.uk//common/css/class_api.php" "Go-http-client/1.1" "-"
216.73.161.0 - - [30/Dec/2023:17:21:00 +0100] "GET //common/img/class_api.php HTTP/1.1" 301 - dartmoorrunners.co.uk "-" "Go-http-client/1.1" "-"
216.73.161.0 - - [30/Dec/2023:17:21:01 +0100] "GET /common/img/class_api.php HTTP/1.1" 404 24763 dartmoorrunners.co.uk "http://dartmoorrunners.co.uk//common/img/class_api.php" "Go-http-client/1.1" "-"
216.73.161.0 - - [30/Dec/2023:17:21:01 +0100] "GET //css/class_api.php HTTP/1.1" 301 - dartmoorrunners.co.uk "-" "Go-http-client/1.1" "-"
216.73.161.0 - - [30/Dec/2023:17:21:02 +0100] "GET /css/class_api.php HTTP/1.1" 404 24763 dartmoorrunners.co.uk "http://dartmoorrunners.co.uk//css/class_api.php" "Go-http-client/1.1" "-"
216.73.161.0 - - [30/Dec/2023:17:21:02 +0100] "GET //wp-admin/user/class_api.php HTTP/1.1" 301 - dartmoorrunners.co.uk "-" "Go-http-client/1.1" "-"
216.73.161.0 - - [30/Dec/2023:17:21:03 +0100] "GET /wp-admin/user/class_api.php HTTP/1.1" 404 24763 dartmoorrunners.co.uk "http://dartmoorrunners.co.uk//wp-admin/user/class_api.php" "Go-http-client/1.1" "-"
216.73.161.0 - - [30/Dec/2023:17:21:03 +0100] "GET //wp-content/languages/class_api.php HTTP/1.1" 301 - dartmoorrunners.co.uk "-" "Go-http-client/1.1" "-"
216.73.161.0 - - [30/Dec/2023:17:21:04 +0100] "GET /wp-content/languages/class_api.php HTTP/1.1" 404 24763 dartmoorrunners.co.uk "http://dartmoorrunners.co.uk//wp-content/languages/class_api.php" "Go-http-client/1.1" "-"
216.73.161.0 - - [30/Dec/2023:17:21:04 +0100] "GET //wp-content/upgrade/class_api.php HTTP/1.1" 301 - dartmoorrunners.co.uk "-" "Go-http-client/1.1" "-"
216.73.161.0 - - [30/Dec/2023:17:21:05 +0100] "GET /wp-content/upgrade/class_api.php HTTP/1.1" 404 24763 dartmoorrunners.co.uk "http://dartmoorrunners.co.uk//wp-content/upgrade/class_api.php" "Go-http-client/1.1" "-"
216.73.161.0 - - [30/Dec/2023:17:21:05 +0100] "GET //wp-includes/IXR/class_api.php HTTP/1.1" 301 - dartmoorrunners.co.uk "-" "Go-http-client/1.1" "-"
216.73.161.0 - - [30/Dec/2023:17:21:06 +0100] "GET /wp-includes/IXR/class_api.php HTTP/1.1" 404 24763 dartmoorrunners.co.uk "http://dartmoorrunners.co.uk//wp-includes/IXR/class_api.php" "Go-http-client/1.1" "-"
216.73.161.0 - - [30/Dec/2023:17:21:06 +0100] "GET //wp-includes/Requests/class_api.php HTTP/1.1" 301 - dartmoorrunners.co.uk "-" "Go-http-client/1.1" "-"
216.73.161.0 - - [30/Dec/2023:17:21:07 +0100] "GET /wp-includes/Requests/class_api.php HTTP/1.1" 404 24763 dartmoorrunners.co.uk "http://dartmoorrunners.co.uk//wp-includes/Requests/class_api.php" "Go-http-client/1.1" "-"
216.73.161.0 - - [30/Dec/2023:17:21:07 +0100] "GET //wp-includes/random_compat/class_api.php HTTP/1.1" 301 - dartmoorrunners.co.uk "-" "Go-http-client/1.1" "-"
216.73.161.0 - - [30/Dec/2023:17:21:07 +0100] "GET /wp-includes/random_compat/class_api.php HTTP/1.1" 404 24763 dartmoorrunners.co.uk "http://dartmoorrunners.co.uk//wp-includes/random_compat/class_api.php" "Go-http-client/1.1" "-"
216.73.161.0 - - [30/Dec/2023:17:21:08 +0100] "GET //wp-content/plugins/press/wp-class.php HTTP/1.1" 301 - dartmoorrunners.co.uk "-" "Go-http-client/1.1" "-"
216.73.161.0 - - [30/Dec/2023:17:21:08 +0100] "GET /wp-content/plugins/press/wp-class.php HTTP/1.1" 404 24763 dartmoorrunners.co.uk "http://dartmoorrunners.co.uk//wp-content/plugins/press/wp-class.php" "Go-http-client/1.1" "-"
191.101.41.0 - - [30/Dec/2023:17:21:12 +0100] "GET //wp-admin/css/colors/blue/license.php HTTP/1.1" 301 - dartmoorrunners.co.uk "-" "Go-http-client/1.1" "-"
191.101.41.0 - - [30/Dec/2023:17:21:13 +0100] "GET /wp-admin/css/colors/blue/license.php HTTP/1.1" 404 24763 dartmoorrunners.co.uk "http://dartmoorrunners.co.uk//wp-admin/css/colors/blue/license.php" "Go-http-client/1.1" "-"
191.101.41.0 - - [30/Dec/2023:17:21:13 +0100] "GET //css/license.php HTTP/1.1" 301 - dartmoorrunners.co.uk "-" "Go-http-client/1.1" "-"
191.101.41.0 - - [30/Dec/2023:17:21:14 +0100] "GET /css/license.php HTTP/1.1" 404 24763 dartmoorrunners.co.uk "http://dartmoorrunners.co.uk//css/license.php" "Go-http-client/1.1" "-"
191.101.41.0 - - [30/Dec/2023:17:21:14 +0100] "GET //wp-content/languages/themes/license.php HTTP/1.1" 301 - dartmoorrunners.co.uk "-" "Go-http-client/1.1" "-"
191.101.41.0 - - [30/Dec/2023:17:21:14 +0100] "GET /wp-content/languages/themes/license.php HTTP/1.1" 404 24763 dartmoorrunners.co.uk "http://dartmoorrunners.co.uk//wp-content/languages/themes/license.php" "Go-http-client/1.1" "-"
191.101.41.0 - - [30/Dec/2023:17:21:15 +0100] "GET //cgi-bin/license.php HTTP/1.1" 404 626 dartmoorrunners.co.uk "-" "Go-http-client/1.1" "-"
191.101.41.0 - - [30/Dec/2023:17:21:15 +0100] "GET //wp-admin/images/license.php HTTP/1.1" 301 - dartmoorrunners.co.uk "-" "Go-http-client/1.1" "-"
191.101.41.0 - - [30/Dec/2023:17:21:16 +0100] "GET /wp-admin/images/license.php HTTP/1.1" 404 24763 dartmoorrunners.co.uk "http://dartmoorrunners.co.uk//wp-admin/images/license.php" "Go-http-client/1.1" "-"
191.101.41.0 - - [30/Dec/2023:17:21:16 +0100] "GET //wp-admin/js/widgets/license.php HTTP/1.1" 301 - dartmoorrunners.co.uk "-" "Go-http-client/1.1" "-"
191.101.41.0 - - [30/Dec/2023:17:21:17 +0100] "GET /wp-admin/js/widgets/license.php HTTP/1.1" 404 24763 dartmoorrunners.co.uk "http://dartmoorrunners.co.uk//wp-admin/js/widgets/license.php" "Go-http-client/1.1" "-"
191.101.41.0 - - [30/Dec/2023:17:21:17 +0100] "GET //million.php HTTP/1.1" 301 - dartmoorrunners.co.uk "-" "Go-http-client/1.1" "-"
191.101.41.0 - - [30/Dec/2023:17:21:17 +0100] "GET /million.php HTTP/1.1" 404 24763 dartmoorrunners.co.uk "http://dartmoorrunners.co.uk//million.php" "Go-http-client/1.1" "-"
191.101.41.0 - - [30/Dec/2023:17:21:18 +0100] "GET //wp-admin/js/index.php HTTP/1.1" 301 - dartmoorrunners.co.uk "-" "Go-http-client/1.1" "-"
191.101.41.0 - - [30/Dec/2023:17:21:18 +0100] "GET /wp-admin/js/ HTTP/1.1" 403 618 dartmoorrunners.co.uk "http://dartmoorrunners.co.uk//wp-admin/js/index.php" "Go-http-client/1.1" "-"
191.101.41.0 - - [30/Dec/2023:17:21:19 +0100] "GET //wp-atom.php HTTP/1.1" 301 - dartmoorrunners.co.uk "-" "Go-http-client/1.1" "-"
191.101.41.0 - - [30/Dec/2023:17:21:19 +0100] "GET /feed/atom HTTP/1.1" 200 1481 dartmoorrunners.co.uk "http://dartmoorrunners.co.uk//wp-atom.php" "Go-http-client/1.1" "-"
191.101.41.0 - - [30/Dec/2023:17:21:20 +0100] "GET //delpaths.php HTTP/1.1" 301 - dartmoorrunners.co.uk "-" "Go-http-client/1.1" "-"
216.73.161.0 - - [30/Dec/2023:17:21:21 +0100] "GET /delpaths.php HTTP/1.1" 404 24763 dartmoorrunners.co.uk "http://dartmoorrunners.co.uk//delpaths.php" "Go-http-client/1.1" "-"
216.73.161.0 - - [30/Dec/2023:17:21:21 +0100] "GET //wp-includes/js/jcrop/cjfuns.php HTTP/1.1" 301 - dartmoorrunners.co.uk "-" "Go-http-client/1.1" "-"
216.73.161.0 - - [30/Dec/2023:17:21:22 +0100] "GET /wp-includes/js/jcrop/cjfuns.php HTTP/1.1" 404 24763 dartmoorrunners.co.uk "http://dartmoorrunners.co.uk//wp-includes/js/jcrop/cjfuns.php" "Go-http-client/1.1" "-"
216.73.161.0 - - [30/Dec/2023:17:21:23 +0100] "GET //wp-includes/js/jcrop/about.php HTTP/1.1" 301 - dartmoorrunners.co.uk "-" "Go-http-client/1.1" "-"
216.73.161.0 - - [30/Dec/2023:17:21:23 +0100] "GET /wp-includes/js/jcrop/about.php HTTP/1.1" 404 24763 dartmoorrunners.co.uk "http://dartmoorrunners.co.uk//wp-includes/js/jcrop/about.php" "Go-http-client/1.1" "-"
216.73.161.0 - - [30/Dec/2023:17:21:24 +0100] "GET //classsmtps.php HTTP/1.1" 301 - dartmoorrunners.co.uk "-" "Go-http-client/1.1" "-"
216.73.161.0 - - [30/Dec/2023:17:21:24 +0100] "GET /classsmtps.php HTTP/1.1" 404 24763 dartmoorrunners.co.uk "http://dartmoorrunners.co.uk//classsmtps.php" "Go-http-client/1.1" "-"
216.73.161.0 - - [30/Dec/2023:17:21:25 +0100] "GET //wp-content/themes/include.php HTTP/1.1" 301 - dartmoorrunners.co.uk "-" "Go-http-client/1.1" "-"
216.73.161.0 - - [30/Dec/2023:17:21:25 +0100] "GET /wp-content/themes/include.php HTTP/1.1" 404 24763 dartmoorrunners.co.uk "http://dartmoorrunners.co.uk//wp-content/themes/include.php" "Go-http-client/1.1" "-"
216.73.161.0 - - [30/Dec/2023:17:21:26 +0100] "GET //wp-content/plugins/WordPressCore/include.php HTTP/1.1" 301 - dartmoorrunners.co.uk "-" "Go-http-client/1.1" "-"
216.73.161.0 - - [30/Dec/2023:17:21:26 +0100] "GET /wp-content/plugins/WordPressCore/include.php HTTP/1.1" 404 24763 dartmoorrunners.co.uk "http://dartmoorrunners.co.uk//wp-content/plugins/WordPressCore/include.php" "Go-http-client/1.1" "-"
216.73.161.0 - - [30/Dec/2023:17:21:27 +0100] "GET //wp-includes/images/include.php HTTP/1.1" 301 - dartmoorrunners.co.uk "-" "Go-http-client/1.1" "-"
216.73.161.0 - - [30/Dec/2023:17:21:27 +0100] "GET /wp-includes/images/include.php HTTP/1.1" 404 24763 dartmoorrunners.co.uk "http://dartmoorrunners.co.uk//wp-includes/images/include.php" "Go-http-client/1.1" "-"
216.73.161.0 - - [30/Dec/2023:17:21:28 +0100] "GET //wp-content/themes/sketch/404.php HTTP/1.1" 301 - dartmoorrunners.co.uk "-" "Go-http-client/1.1" "-"
216.73.161.0 - - [30/Dec/2023:17:21:28 +0100] "GET /wp-content/themes/sketch/404.php HTTP/1.1" 404 24763 dartmoorrunners.co.uk "http://dartmoorrunners.co.uk//wp-content/themes/sketch/404.php" "Go-http-client/1.1" "-"
216.73.161.0 - - [30/Dec/2023:17:21:29 +0100] "GET //wp-content/include.php HTTP/1.1" 301 - dartmoorrunners.co.uk "-" "Go-http-client/1.1" "-"
216.73.161.0 - - [30/Dec/2023:17:21:29 +0100] "GET /wp-content/include.php HTTP/1.1" 404 24763 dartmoorrunners.co.uk "http://dartmoorrunners.co.uk//wp-content/include.php" "Go-http-client/1.1" "-"
216.73.161.0 - - [30/Dec/2023:17:21:30 +0100] "GET //wp-content/themes/twentyfive/include.php HTTP/1.1" 301 - dartmoorrunners.co.uk "-" "Go-http-client/1.1" "-"
216.73.161.0 - - [30/Dec/2023:17:21:30 +0100] "GET /wp-content/themes/twentyfive/include.php HTTP/1.1" 404 24763 dartmoorrunners.co.uk "http://dartmoorrunners.co.uk//wp-content/themes/twentyfive/include.php" "Go-http-client/1.1" "-"
216.73.161.0 - - [30/Dec/2023:17:21:30 +0100] "GET //wp-content/plugins/include.php HTTP/1.1" 301 - dartmoorrunners.co.uk "-" "Go-http-client/1.1" "-"
173.239.211.0 - - [30/Dec/2023:17:21:31 +0100] "GET /wp-content/plugins/include.php HTTP/1.1" 404 24763 dartmoorrunners.co.uk "http://dartmoorrunners.co.uk//wp-content/plugins/include.php" "Go-http-client/1.1" "-"
173.239.211.0 - - [30/Dec/2023:17:21:32 +0100] "GET //wp-admin/css/colors/blue/blue.php?wall= HTTP/1.1" 301 - dartmoorrunners.co.uk "-" "Go-http-client/1.1" "-"
173.239.211.0 - - [30/Dec/2023:17:21:32 +0100] "GET /wp-admin/css/colors/blue/blue.php?wall= HTTP/1.1" 404 24763 dartmoorrunners.co.uk "http://dartmoorrunners.co.uk//wp-admin/css/colors/blue/blue.php?wall=" "Go-http-client/1.1" "-"
173.239.211.0 - - [30/Dec/2023:17:21:33 +0100] "GET //fm1.php HTTP/1.1" 301 - dartmoorrunners.co.uk "-" "Go-http-client/1.1" "-"
173.239.211.0 - - [30/Dec/2023:17:21:33 +0100] "GET /fm1.php HTTP/1.1" 404 24763 dartmoorrunners.co.uk "http://dartmoorrunners.co.uk//fm1.php" "Go-http-client/1.1" "-"
173.239.211.0 - - [30/Dec/2023:17:21:33 +0100] "GET //M1.php HTTP/1.1" 301 - dartmoorrunners.co.uk "-" "Go-http-client/1.1" "-"
173.239.211.0 - - [30/Dec/2023:17:21:34 +0100] "GET /M1.php HTTP/1.1" 404 24763 dartmoorrunners.co.uk "http://dartmoorrunners.co.uk//M1.php" "Go-http-client/1.1" "-"
173.239.211.0 - - [30/Dec/2023:17:21:34 +0100] "GET //defaul1.php HTTP/1.1" 301 - dartmoorrunners.co.uk "-" "Go-http-client/1.1" "-"
173.239.211.0 - - [30/Dec/2023:17:21:35 +0100] "GET /defaul1.php HTTP/1.1" 404 24763 dartmoorrunners.co.uk "http://dartmoorrunners.co.uk//defaul1.php" "Go-http-client/1.1" "-"
173.239.211.0 - - [30/Dec/2023:17:21:35 +0100] "GET //wp-content/plugins/core-plugin/include.php HTTP/1.1" 301 - dartmoorrunners.co.uk "-" "Go-http-client/1.1" "-"
173.239.211.0 - - [30/Dec/2023:17:21:36 +0100] "GET /wp-content/plugins/core-plugin/include.php HTTP/1.1" 404 24763 dartmoorrunners.co.uk "http://dartmoorrunners.co.uk//wp-content/plugins/core-plugin/include.php" "Go-http-client/1.1" "-"
173.239.211.0 - - [30/Dec/2023:17:21:36 +0100] "GET //wp-includes/SimplePie/about.php HTTP/1.1" 301 - dartmoorrunners.co.uk "-" "Go-http-client/1.1" "-"
173.239.211.0 - - [30/Dec/2023:17:21:37 +0100] "GET /wp-includes/SimplePie/about.php HTTP/1.1" 404 24763 dartmoorrunners.co.uk "http://dartmoorrunners.co.uk//wp-includes/SimplePie/about.php" "Go-http-client/1.1" "-"
82.165.88.0 - - [30/Dec/2023:18:13:23 +0100] "POST /wp-cron.php?doing_wp_cron=1703956403.2973659038543701171875 HTTP/1.1" 200 - dartmoorrunners.co.uk "http://dartmoorrunners.co.uk/wp-cron.php?doing_wp_cron=1703956403.2973659038543701171875" "WordPress/6.1.4; http://dartmoorrunners.co.uk" "-"
47.128.228.0 - - [30/Dec/2023:18:13:23 +0100] "POST /wp-login.php HTTP/1.1" 200 9047 dartmoorrunners.co.uk "http://dartmoorrunners.co.uk/" "Mozilla/5.0 (Windows NT 6.1; WOW64; Trident/7.0; rv:11.0) like Gecko" "-"
81.13.219.0 - - [30/Dec/2023:18:27:49 +0100] "GET / HTTP/1.1" 301 - www.dartmoorrunners.co.uk "-" "Mozilla/5.0 (iPhone; CPU iPhone OS 17_1_2 like Mac OS X) AppleWebKit/605.1.15 (KHTML, like Gecko) Version/17.1.2 Mobile/15E148 Safari/604.1" "-"
81.13.219.0 - - [30/Dec/2023:18:27:49 +0100] "GET / HTTP/1.1" 200 31575 dartmoorrunners.co.uk "-" "Mozilla/5.0 (iPhone; CPU iPhone OS 17_1_2 like Mac OS X) AppleWebKit/605.1.15 (KHTML, like Gecko) Version/17.1.2 Mobile/15E148 Safari/604.1" "-"
81.13.219.0 - - [30/Dec/2023:18:27:49 +0100] "GET /apple-touch-icon-120x120-precomposed.png HTTP/1.1" 404 24763 dartmoorrunners.co.uk "-" "MobileSafari/8616.2.9.10.13 CFNetwork/1485 Darwin/23.1.0" "-"
81.13.219.0 - - [30/Dec/2023:18:27:50 +0100] "GET /apple-touch-icon-120x120.png HTTP/1.1" 404 24763 dartmoorrunners.co.uk "-" "MobileSafari/8616.2.9.10.13 CFNetwork/1485 Darwin/23.1.0" "-"
81.13.219.0 - - [30/Dec/2023:18:27:50 +0100] "GET /wp-content/uploads/2017/04/cropped-dartmoorrunnerslogo_normal-180x180.png HTTP/1.1" 200 55513 dartmoorrunners.co.uk "-" "MobileSafari/8616.2.9.10.13 CFNetwork/1485 Darwin/23.1.0" "-"
52.230.152.0 - - [30/Dec/2023:18:34:06 +0100] "GET /robots.txt HTTP/1.1" 200 121 dartmoorrunners.co.uk "-" "Mozilla/5.0 AppleWebKit/537.36 (KHTML, like Gecko; compatible; GPTBot/1.0; +https://openai.com/gptbot)" "-"
82.165.88.0 - - [30/Dec/2023:18:34:07 +0100] "POST /wp-cron.php?doing_wp_cron=1703957646.9840810298919677734375 HTTP/1.1" 200 - dartmoorrunners.co.uk "http://dartmoorrunners.co.uk/wp-cron.php?doing_wp_cron=1703957646.9840810298919677734375" "WordPress/6.1.4; http://dartmoorrunners.co.uk" "-"
52.230.152.0 - - [30/Dec/2023:18:34:13 +0100] "GET /results_16.html HTTP/1.1" 404 24763 dartmoorrunners.co.uk "-" "Mozilla/5.0 AppleWebKit/537.36 (KHTML, like Gecko; compatible; GPTBot/1.0; +https://openai.com/gptbot)" "-"
185.56.171.0 - - [30/Dec/2023:19:01:33 +0100] "POST /xmlrpc.php HTTP/1.1" 200 403 dartmoorrunners.co.uk "-" "Mozilla/5.0 (Windows NT 10.0; Win64; x64; rv:97.0) Gecko/20100101 Firefox/97.0" "-"
114.119.144.0 - - [30/Dec/2023:19:24:28 +0100] "GET /robots.txt HTTP/1.1" 200 121 dartmoorrunners.co.uk "-" "Mozilla/5.0 (compatible;PetalBot;+https://webmaster.petalsearch.com/site/petalbot)" "-"
82.165.88.0 - - [30/Dec/2023:20:01:18 +0100] "POST /wp-cron.php?doing_wp_cron=1703962878.2619459629058837890625 HTTP/1.1" 200 - dartmoorrunners.co.uk "http://dartmoorrunners.co.uk/wp-cron.php?doing_wp_cron=1703962878.2619459629058837890625" "WordPress/6.1.4; http://dartmoorrunners.co.uk" "-"
52.230.152.0 - - [30/Dec/2023:20:01:18 +0100] "GET /robots.txt HTTP/1.1" 200 121 dartmoorrunners.co.uk "-" "Mozilla/5.0 AppleWebKit/537.36 (KHTML, like Gecko; compatible; GPTBot/1.0; +https://openai.com/gptbot)" "-"
52.230.152.0 - - [30/Dec/2023:20:01:24 +0100] "GET /results/summer-series-2013-results HTTP/1.1" 200 25696 dartmoorrunners.co.uk "-" "Mozilla/5.0 AppleWebKit/537.36 (KHTML, like Gecko; compatible; GPTBot/1.0; +https://openai.com/gptbot)" "-"
81.94.150.0 - - [30/Dec/2023:20:13:57 +0100] "GET /gawean.php HTTP/1.1" 404 24763 dartmoorrunners.co.uk "-" "Mozilla/4.0 (compatible; MSIE 6.0; Windows NT 5.1; SV1)" "-"
2a09:bac2:3700:: - - [30/Dec/2023:20:14:10 +0100] "GET / HTTP/1.1" 200 31575 dartmoorrunners.co.uk "https://www.google.com/" "Mozilla/5.0 (iPhone; CPU iPhone OS 17_1_2 like Mac OS X) AppleWebKit/605.1.15 (KHTML, like Gecko) Version/17.1.2 Mobile/15E148 Safari/604.1" "-"
2a09:bac2:3700:: - - [30/Dec/2023:20:14:11 +0100] "GET /wp-content/themes/omega/style.css?ver=6.1.4 HTTP/1.1" 200 6552 dartmoorrunners.co.uk "http://dartmoorrunners.co.uk/" "Mozilla/5.0 (iPhone; CPU iPhone OS 17_1_2 like Mac OS X) AppleWebKit/605.1.15 (KHTML, like Gecko) Version/17.1.2 Mobile/15E148 Safari/604.1" "-"
