154.12.245.0 - - [16/Jan/2024:00:04:30 +0100] "GET /wp-admin/css/ HTTP/1.1" 403 618 dartmoorrunners.co.uk "binance.com" "Mozilla/5.0 (Windows NT 10.0; Win64; x64) AppleWebKit/537.36 (KHTML, like Gecko) Chrome/90.0.4430.85 Safari/537.36" "-"
82.165.88.0 - - [16/Jan/2024:00:08:30 +0100] "POST /wp-cron.php?doing_wp_cron=1705360110.3410999774932861328125 HTTP/1.1" 200 - dartmoorrunners.co.uk "http://dartmoorrunners.co.uk/wp-cron.php?doing_wp_cron=1705360110.3410999774932861328125" "WordPress/6.1.4; http://dartmoorrunners.co.uk" "-"
52.167.144.0 - - [16/Jan/2024:00:08:30 +0100] "GET /wp-json/wp/v2/pages/2 HTTP/1.1" 200 8903 dartmoorrunners.co.uk "-" "Mozilla/5.0 AppleWebKit/537.36 (KHTML, like Gecko; compatible; bingbot/2.0; +http://www.bing.com/bingbot.htm) Chrome/116.0.1938.76 Safari/537.36" "-"
185.220.102.0 - - [16/Jan/2024:00:13:24 +0100] "POST /xmlrpc.php HTTP/1.1" 200 403 dartmoorrunners.co.uk "-" "Mozilla/5.0 (X11; Ubuntu; Linux i686; rv:24.0) Gecko/20100101 Firefox/24.0" "-"
185.220.102.0 - - [16/Jan/2024:00:13:25 +0100] "POST /xmlrpc.php HTTP/1.1" 200 403 dartmoorrunners.co.uk "-" "Mozilla/5.0 (X11; Ubuntu; Linux i686; rv:24.0) Gecko/20100101 Firefox/24.0" "-"
185.220.102.0 - - [16/Jan/2024:00:13:26 +0100] "POST /xmlrpc.php HTTP/1.1" 403 618 dartmoorrunners.co.uk "-" "Mozilla/5.0 (X11; Ubuntu; Linux i686; rv:24.0) Gecko/20100101 Firefox/24.0" "-"
185.220.102.0 - - [16/Jan/2024:00:13:27 +0100] "POST /xmlrpc.php HTTP/1.1" 403 618 dartmoorrunners.co.uk "-" "Mozilla/5.0 (X11; Ubuntu; Linux i686; rv:24.0) Gecko/20100101 Firefox/24.0" "-"
185.220.102.0 - - [16/Jan/2024:00:13:28 +0100] "POST /xmlrpc.php HTTP/1.1" 403 618 dartmoorrunners.co.uk "-" "Mozilla/5.0 (X11; Ubuntu; Linux i686; rv:24.0) Gecko/20100101 Firefox/24.0" "-"
2a03:2880:3100:: - - [16/Jan/2024:00:24:10 +0100] "GET /wp-content/uploads/2017/04/cropped-dartmoorrunnerslogo_normal.png HTTP/1.1" 200 110052 dartmoorrunners.co.uk "-" "facebookexternalhit/1.1 (+http://www.facebook.com/externalhit_uatext.php)" "-"
2a03:2880:3200:: - - [16/Jan/2024:00:24:10 +0100] "GET /wp-content/uploads/2017/04/XmasBash2017Med-300x200.jpg HTTP/1.1" 200 19902 dartmoorrunners.co.uk "-" "facebookexternalhit/1.1 (+http://www.facebook.com/externalhit_uatext.php)" "-"
2a03:2880:3200:: - - [16/Jan/2024:00:24:10 +0100] "GET /wp-content/uploads/2017/04/ControlDog-300x225.jpg HTTP/1.1" 200 17221 dartmoorrunners.co.uk "-" "facebookexternalhit/1.1 (+http://www.facebook.com/externalhit_uatext.php)" "-"
2a03:2880:3100:: - - [16/Jan/2024:00:24:29 +0100] "GET /wp-content/uploads/2017/04/winter-2015-small-300x225.jpg HTTP/1.1" 200 17306 dartmoorrunners.co.uk "-" "facebookexternalhit/1.1 (+http://www.facebook.com/externalhit_uatext.php)" "-"
2a03:2880:3100:: - - [16/Jan/2024:00:24:30 +0100] "GET /wp-content/uploads/2017/04/Moorland-runner-cropped-300x212.jpg HTTP/1.1" 200 16206 dartmoorrunners.co.uk "-" "facebookexternalhit/1.1 (+http://www.facebook.com/externalhit_uatext.php)" "-"
2a03:2880:3000:: - - [16/Jan/2024:00:24:37 +0100] "GET / HTTP/1.1" 200 31573 dartmoorrunners.co.uk "-" "facebookexternalhit/1.1 (+http://www.facebook.com/externalhit_uatext.php)" "-"
82.165.88.0 - - [16/Jan/2024:00:43:11 +0100] "POST /wp-cron.php?doing_wp_cron=1705362191.4093298912048339843750 HTTP/1.1" 200 - dartmoorrunners.co.uk "http://dartmoorrunners.co.uk/wp-cron.php?doing_wp_cron=1705362191.4093298912048339843750" "WordPress/6.1.4; http://dartmoorrunners.co.uk" "-"
52.167.144.0 - - [16/Jan/2024:00:43:11 +0100] "GET /wp-sitemap.xml HTTP/1.1" 200 562 dartmoorrunners.co.uk "-" "Mozilla/5.0 AppleWebKit/537.36 (KHTML, like Gecko; compatible; bingbot/2.0; +http://www.bing.com/bingbot.htm) Chrome/116.0.1938.76 Safari/537.36" "-"
104.236.73.0 - - [16/Jan/2024:00:53:22 +0100] "GET /summer-series-2023 HTTP/1.1" 200 27248 dartmoorrunners.co.uk "-" "Mozilla/5.0 (Macintosh; Intel Mac OS X 10_15_7) AppleWebKit/537.36 (KHTML, like Gecko) Chrome/114.0.0.0 Safari/537.36" "-"
104.236.73.0 - - [16/Jan/2024:01:02:28 +0100] "GET /results/winter-series-2016-results HTTP/1.1" 200 25694 dartmoorrunners.co.uk "-" "Mozilla/5.0 (Macintosh; Intel Mac OS X 10_15_7) AppleWebKit/537.36 (KHTML, like Gecko) Chrome/114.0.0.0 Safari/537.36" "-"
66.249.79.0 - - [16/Jan/2024:01:06:06 +0100] "GET / HTTP/1.1" 200 31574 dartmoorrunners.co.uk "-" "Mozilla/5.0 (Linux; Android 6.0.1; Nexus 5X Build/MMB29P) AppleWebKit/537.36 (KHTML, like Gecko) Chrome/120.0.6099.216 Mobile Safari/537.36 (compatible; Googlebot/2.1; +http://www.google.com/bot.html)" "-"
178.128.127.0 - - [16/Jan/2024:01:50:22 +0100] "GET /wp-includes/css/modules.php HTTP/1.1" 404 24762 dartmoorrunners.co.uk "-" "python-requests/2.27.1" "-"
82.165.88.0 - - [16/Jan/2024:01:50:23 +0100] "POST /wp-cron.php?doing_wp_cron=1705366223.1981830596923828125000 HTTP/1.1" 200 - dartmoorrunners.co.uk "http://dartmoorrunners.co.uk/wp-cron.php?doing_wp_cron=1705366223.1981830596923828125000" "WordPress/6.1.4; http://dartmoorrunners.co.uk" "-"
178.128.127.0 - - [16/Jan/2024:01:50:23 +0100] "GET /wso.php HTTP/1.1" 404 24762 dartmoorrunners.co.uk "-" "python-requests/2.27.1" "-"
178.128.127.0 - - [16/Jan/2024:01:50:24 +0100] "GET /wp-content/plugins/upspy/index.php HTTP/1.1" 301 - dartmoorrunners.co.uk "-" "python-requests/2.27.1" "-"
178.128.127.0 - - [16/Jan/2024:01:50:24 +0100] "GET /wp-content/plugins/upspy/ HTTP/1.1" 404 24762 dartmoorrunners.co.uk "-" "python-requests/2.27.1" "-"
178.128.127.0 - - [16/Jan/2024:01:50:25 +0100] "GET /wp-content/plugins/ubh/index.php HTTP/1.1" 301 - dartmoorrunners.co.uk "-" "python-requests/2.27.1" "-"
178.128.127.0 - - [16/Jan/2024:01:50:25 +0100] "GET /wp-content/plugins/ubh/ HTTP/1.1" 404 24762 dartmoorrunners.co.uk "-" "python-requests/2.27.1" "-"
178.128.127.0 - - [16/Jan/2024:01:50:26 +0100] "GET /wp-content/plugins/vwcleanerplugin/bump.php?cache HTTP/1.1" 404 24762 dartmoorrunners.co.uk "-" "python-requests/2.27.1" "-"
178.128.127.0 - - [16/Jan/2024:01:50:27 +0100] "GET /wp-content/plugins/xichang/x.php?xi HTTP/1.1" 404 24762 dartmoorrunners.co.uk "-" "python-requests/2.27.1" "-"
178.128.127.0 - - [16/Jan/2024:01:50:27 +0100] "GET /wp-content/plugins/html404/index.html HTTP/1.1" 404 24762 dartmoorrunners.co.uk "-" "python-requests/2.27.1" "-"
178.128.127.0 - - [16/Jan/2024:01:50:28 +0100] "GET /wp-admin/shapes.php HTTP/1.1" 404 24762 dartmoorrunners.co.uk "-" "python-requests/2.27.1" "-"
178.128.127.0 - - [16/Jan/2024:01:50:28 +0100] "GET /olux.php HTTP/1.1" 404 24762 dartmoorrunners.co.uk "-" "python-requests/2.27.1" "-"
178.128.127.0 - - [16/Jan/2024:01:50:29 +0100] "GET /indoxploit.php HTTP/1.1" 404 24762 dartmoorrunners.co.uk "-" "python-requests/2.27.1" "-"
178.128.127.0 - - [16/Jan/2024:01:50:30 +0100] "GET / HTTP/1.1" 200 31574 dartmoorrunners.co.uk "-" "python-requests/2.27.1" "-"
178.128.127.0 - - [16/Jan/2024:01:50:30 +0100] "GET /up.php HTTP/1.1" 404 24762 dartmoorrunners.co.uk "-" "python-requests/2.27.1" "-"
178.128.127.0 - - [16/Jan/2024:01:50:31 +0100] "GET /upload.php HTTP/1.1" 404 24762 dartmoorrunners.co.uk "-" "python-requests/2.27.1" "-"
178.128.127.0 - - [16/Jan/2024:01:50:31 +0100] "GET /wp-content/uploads/ HTTP/1.1" 403 618 dartmoorrunners.co.uk "-" "python-requests/2.27.1" "-"
178.128.127.0 - - [16/Jan/2024:01:50:32 +0100] "GET /wp-content/uploads/2024/01/ HTTP/1.1" 403 618 dartmoorrunners.co.uk "-" "python-requests/2.27.1" "-"
178.128.127.0 - - [16/Jan/2024:01:50:32 +0100] "GET /shell.php HTTP/1.1" 404 24762 dartmoorrunners.co.uk "-" "python-requests/2.27.1" "-"
178.128.127.0 - - [16/Jan/2024:01:50:33 +0100] "GET /wp-admin/network/wp-footer.php HTTP/1.1" 404 24762 dartmoorrunners.co.uk "-" "python-requests/2.27.1" "-"
178.128.127.0 - - [16/Jan/2024:01:50:33 +0100] "GET /wp-info.php HTTP/1.1" 404 24762 dartmoorrunners.co.uk "-" "python-requests/2.27.1" "-"
178.128.127.0 - - [16/Jan/2024:01:50:34 +0100] "GET /wp-content/vuln.php HTTP/1.1" 404 24762 dartmoorrunners.co.uk "-" "python-requests/2.27.1" "-"
178.128.127.0 - - [16/Jan/2024:01:50:35 +0100] "GET /upel.php HTTP/1.1" 404 24762 dartmoorrunners.co.uk "-" "python-requests/2.27.1" "-"
178.128.127.0 - - [16/Jan/2024:01:50:39 +0100] "GET /wp-content/plugins/ppus/up.php HTTP/1.1" 404 24762 dartmoorrunners.co.uk "-" "python-requests/2.27.1" "-"
178.128.127.0 - - [16/Jan/2024:01:50:40 +0100] "GET /098.php HTTP/1.1" 404 24762 dartmoorrunners.co.uk "-" "python-requests/2.27.1" "-"
178.128.127.0 - - [16/Jan/2024:01:50:40 +0100] "GET /V5.php HTTP/1.1" 404 24762 dartmoorrunners.co.uk "-" "python-requests/2.27.1" "-"
178.128.127.0 - - [16/Jan/2024:01:50:41 +0100] "GET /new_license.php HTTP/1.1" 404 24762 dartmoorrunners.co.uk "-" "python-requests/2.27.1" "-"
178.128.127.0 - - [16/Jan/2024:01:50:41 +0100] "GET /wp-content/plugins/theme-configurator/mini.php HTTP/1.1" 404 24762 dartmoorrunners.co.uk "-" "python-requests/2.27.1" "-"
178.128.127.0 - - [16/Jan/2024:01:50:42 +0100] "GET /wp-content/plugins/widget-logic/mini.php HTTP/1.1" 404 24762 dartmoorrunners.co.uk "-" "python-requests/2.27.1" "-"
206.189.125.0 - - [16/Jan/2024:01:58:49 +0100] "GET /results/summer-series-2014-results HTTP/1.1" 200 25684 dartmoorrunners.co.uk "-" "Mozilla/5.0 (Macintosh; Intel Mac OS X 10_15_7) AppleWebKit/537.36 (KHTML, like Gecko) Chrome/114.0.0.0 Safari/537.36" "-"
51.222.158.0 - - [16/Jan/2024:02:06:12 +0100] "GET /wp-includes/wso.php HTTP/1.1" 404 24762 dartmoorrunners.co.uk "-" "Mozlila/5.0 (Linux; Android 7.0; SM-G892A Bulid/NRD90M; wv) AppleWebKit/537.36 (KHTML, like Gecko) Version/4.0 Chrome/60.0.3112.107 Moblie Safari/537.36" "-"
104.236.69.0 - - [16/Jan/2024:02:06:46 +0100] "GET /results/winter-series-2015-results HTTP/1.1" 200 25699 dartmoorrunners.co.uk "-" "Mozilla/5.0 (Macintosh; Intel Mac OS X 10_15_7) AppleWebKit/537.36 (KHTML, like Gecko) Chrome/114.0.0.0 Safari/537.36" "-"
82.165.88.0 - - [16/Jan/2024:02:37:54 +0100] "POST /wp-cron.php?doing_wp_cron=1705369074.5357038974761962890625 HTTP/1.1" 200 - dartmoorrunners.co.uk "http://dartmoorrunners.co.uk/wp-cron.php?doing_wp_cron=1705369074.5357038974761962890625" "WordPress/6.1.4; http://dartmoorrunners.co.uk" "-"
143.198.61.0 - - [16/Jan/2024:02:37:54 +0100] "GET /winter-series-2022-results HTTP/1.1" 200 25785 dartmoorrunners.co.uk "-" "Mozilla/5.0 (Macintosh; Intel Mac OS X 10_15_7) AppleWebKit/537.36 (KHTML, like Gecko) Chrome/114.0.0.0 Safari/537.36" "-"
66.249.76.0 - - [16/Jan/2024:02:43:56 +0100] "GET / HTTP/1.1" 200 31574 dartmoorrunners.co.uk "-" "Mozilla/5.0 (compatible; Googlebot/2.1; +http://www.google.com/bot.html)" "-"
142.93.192.0 - - [16/Jan/2024:03:22:30 +0100] "GET /wp-login.php HTTP/1.1" 503 299 dartmoorrunners.co.uk "-" "Mozilla/5.0 (X11; Ubuntu; Linux x86_64; rv:62.0) Gecko/20100101 Firefox/62.0" "-"
137.184.45.0 - - [16/Jan/2024:03:24:49 +0100] "GET /current-series-dates HTTP/1.1" 200 27886 dartmoorrunners.co.uk "-" "Mozilla/5.0 (Macintosh; Intel Mac OS X 10_15_7) AppleWebKit/537.36 (KHTML, like Gecko) Chrome/114.0.0.0 Safari/537.36" "-"
143.198.69.0 - - [16/Jan/2024:03:27:56 +0100] "GET /winter-series-2023 HTTP/1.1" 200 27620 dartmoorrunners.co.uk "-" "Mozilla/5.0 (Macintosh; Intel Mac OS X 10_15_7) AppleWebKit/537.36 (KHTML, like Gecko) Chrome/114.0.0.0 Safari/537.36" "-"
143.198.71.0 - - [16/Jan/2024:04:05:05 +0100] "GET /results/summer-series-2015-results HTTP/1.1" 200 25684 dartmoorrunners.co.uk "-" "Mozilla/5.0 (Macintosh; Intel Mac OS X 10_15_7) AppleWebKit/537.36 (KHTML, like Gecko) Chrome/114.0.0.0 Safari/537.36" "-"
82.165.88.0 - - [16/Jan/2024:04:05:05 +0100] "POST /wp-cron.php?doing_wp_cron=1705374305.4479029178619384765625 HTTP/1.1" 200 - dartmoorrunners.co.uk "http://dartmoorrunners.co.uk/wp-cron.php?doing_wp_cron=1705374305.4479029178619384765625" "WordPress/6.1.4; http://dartmoorrunners.co.uk" "-"
192.42.116.0 - - [16/Jan/2024:04:07:18 +0100] "POST /xmlrpc.php HTTP/1.1" 200 403 dartmoorrunners.co.uk "-" "Mozilla/5.0 (Macintosh; Intel Mac OS X 10_10; rv:33.0) Gecko/20100101 Firefox/33.0" "-"
192.42.116.0 - - [16/Jan/2024:04:07:19 +0100] "POST /xmlrpc.php HTTP/1.1" 200 403 dartmoorrunners.co.uk "-" "Mozilla/5.0 (Macintosh; Intel Mac OS X 10_10; rv:33.0) Gecko/20100101 Firefox/33.0" "-"
192.42.116.0 - - [16/Jan/2024:04:07:20 +0100] "POST /xmlrpc.php HTTP/1.1" 403 618 dartmoorrunners.co.uk "-" "Mozilla/5.0 (Macintosh; Intel Mac OS X 10_10; rv:33.0) Gecko/20100101 Firefox/33.0" "-"
192.42.116.0 - - [16/Jan/2024:04:07:21 +0100] "POST /xmlrpc.php HTTP/1.1" 403 618 dartmoorrunners.co.uk "-" "Mozilla/5.0 (Macintosh; Intel Mac OS X 10_10; rv:33.0) Gecko/20100101 Firefox/33.0" "-"
192.42.116.0 - - [16/Jan/2024:04:07:22 +0100] "POST /xmlrpc.php HTTP/1.1" 403 618 dartmoorrunners.co.uk "-" "Mozilla/5.0 (Macintosh; Intel Mac OS X 10_10; rv:33.0) Gecko/20100101 Firefox/33.0" "-"
206.189.125.0 - - [16/Jan/2024:04:38:59 +0100] "GET /results HTTP/1.1" 200 25107 dartmoorrunners.co.uk "-" "Mozilla/5.0 (Macintosh; Intel Mac OS X 10_15_7) AppleWebKit/537.36 (KHTML, like Gecko) Chrome/114.0.0.0 Safari/537.36" "-"
82.165.88.0 - - [16/Jan/2024:04:39:00 +0100] "POST /wp-cron.php?doing_wp_cron=1705376340.2119190692901611328125 HTTP/1.1" 200 - dartmoorrunners.co.uk "http://dartmoorrunners.co.uk/wp-cron.php?doing_wp_cron=1705376340.2119190692901611328125" "WordPress/6.1.4; http://dartmoorrunners.co.uk" "-"
23.137.249.0 - - [16/Jan/2024:04:54:15 +0100] "POST /xmlrpc.php HTTP/1.1" 200 403 dartmoorrunners.co.uk "-" "Mozilla/5.0 (Windows NT 6.1; Win64; x64) AppleWebKit/537.36 (KHTML, like Gecko) Chrome/74.0.3729.169 Safari/537.36" "-"
23.137.249.0 - - [16/Jan/2024:04:54:16 +0100] "POST /xmlrpc.php HTTP/1.1" 200 403 dartmoorrunners.co.uk "-" "Mozilla/5.0 (Windows NT 6.1; Win64; x64) AppleWebKit/537.36 (KHTML, like Gecko) Chrome/74.0.3729.169 Safari/537.36" "-"
23.137.249.0 - - [16/Jan/2024:04:54:17 +0100] "POST /xmlrpc.php HTTP/1.1" 403 618 dartmoorrunners.co.uk "-" "Mozilla/5.0 (Windows NT 6.1; Win64; x64) AppleWebKit/537.36 (KHTML, like Gecko) Chrome/74.0.3729.169 Safari/537.36" "-"
23.137.249.0 - - [16/Jan/2024:04:54:18 +0100] "POST /xmlrpc.php HTTP/1.1" 403 618 dartmoorrunners.co.uk "-" "Mozilla/5.0 (Windows NT 6.1; Win64; x64) AppleWebKit/537.36 (KHTML, like Gecko) Chrome/74.0.3729.169 Safari/537.36" "-"
23.137.249.0 - - [16/Jan/2024:04:54:19 +0100] "POST /xmlrpc.php HTTP/1.1" 403 618 dartmoorrunners.co.uk "-" "Mozilla/5.0 (Windows NT 6.1; Win64; x64) AppleWebKit/537.36 (KHTML, like Gecko) Chrome/74.0.3729.169 Safari/537.36" "-"
66.249.76.0 - - [16/Jan/2024:05:09:23 +0100] "GET /robots.txt HTTP/1.1" 200 121 dartmoorrunners.co.uk "-" "Mozilla/5.0 (compatible; Googlebot/2.1; +http://www.google.com/bot.html)" "-"
66.249.79.0 - - [16/Jan/2024:05:10:47 +0100] "GET /ads.txt HTTP/1.1" 200 160 dartmoorrunners.co.uk "-" "Mozilla/5.0 (compatible; Googlebot/2.1; +http://www.google.com/bot.html)" "-"
66.249.79.0 - - [16/Jan/2024:05:12:11 +0100] "GET /ads.txt HTTP/1.1" 200 160 dartmoorrunners.co.uk "-" "Mozilla/5.0 (compatible; Googlebot/2.1; +http://www.google.com/bot.html)" "-"
82.165.88.0 - - [16/Jan/2024:05:34:45 +0100] "POST /wp-cron.php?doing_wp_cron=1705379685.3114519119262695312500 HTTP/1.1" 200 - dartmoorrunners.co.uk "http://dartmoorrunners.co.uk/wp-cron.php?doing_wp_cron=1705379685.3114519119262695312500" "WordPress/6.1.4; http://dartmoorrunners.co.uk" "-"
49.13.119.0 - - [16/Jan/2024:05:34:45 +0100] "GET / HTTP/1.1" 200 31574 dartmoorrunners.co.uk "-" "Mozilla/5.0 (Macintosh; Intel Mac OS X 10_15_7) AppleWebKit/537.36 (KHTML, like Gecko) Chrome/120.0.6099.129 Safari/537.36" "-"
123.127.249.0 - - [16/Jan/2024:06:00:38 +0100] "GET /wp-content/uploads/2017/04/cropped-dartmoorrunnerslogo_normal.png HTTP/1.1" 200 110052 dartmoorrunners.co.uk "-" "Mozilla/5.0 (X11; Ubuntu; Linux x86_64; rv:72.0) Gecko/20100101 Firefox/72.0" "-"
143.198.69.0 - - [16/Jan/2024:06:27:01 +0100] "GET /summer-series-2019-results HTTP/1.1" 200 25726 dartmoorrunners.co.uk "-" "Mozilla/5.0 (Macintosh; Intel Mac OS X 10_15_7) AppleWebKit/537.36 (KHTML, like Gecko) Chrome/114.0.0.0 Safari/537.36" "-"
82.165.88.0 - - [16/Jan/2024:06:36:34 +0100] "POST /wp-cron.php?doing_wp_cron=1705383394.8346610069274902343750 HTTP/1.1" 200 - dartmoorrunners.co.uk "http://dartmoorrunners.co.uk/wp-cron.php?doing_wp_cron=1705383394.8346610069274902343750" "WordPress/6.1.4; http://dartmoorrunners.co.uk" "-"
40.77.167.0 - - [16/Jan/2024:06:36:34 +0100] "GET /wp-sitemap.xml HTTP/1.1" 200 562 dartmoorrunners.co.uk "-" "Mozilla/5.0 AppleWebKit/537.36 (KHTML, like Gecko; compatible; bingbot/2.0; +http://www.bing.com/bingbot.htm) Chrome/116.0.1938.76 Safari/537.36" "-"
137.184.42.0 - - [16/Jan/2024:06:44:05 +0100] "GET /results/summer-series-2013-results HTTP/1.1" 200 25695 dartmoorrunners.co.uk "-" "Mozilla/5.0 (Macintosh; Intel Mac OS X 10_15_7) AppleWebKit/537.36 (KHTML, like Gecko) Chrome/114.0.0.0 Safari/537.36" "-"
147.182.249.0 - - [16/Jan/2024:07:00:45 +0100] "GET /results/winter-series-2012-results HTTP/1.1" 200 25916 dartmoorrunners.co.uk "-" "Mozilla/5.0 (Macintosh; Intel Mac OS X 10_15_7) AppleWebKit/537.36 (KHTML, like Gecko) Chrome/114.0.0.0 Safari/537.36" "-"
111.207.155.0 - - [16/Jan/2024:07:15:14 +0100] "GET / HTTP/1.1" 200 31574 dartmoorrunners.co.uk "-" "Mozilla/5.0 Firefox/35.0" "-"
143.198.57.0 - - [16/Jan/2024:07:23:53 +0100] "GET /results/winter-series-2014-results HTTP/1.1" 200 25684 dartmoorrunners.co.uk "-" "Mozilla/5.0 (Macintosh; Intel Mac OS X 10_15_7) AppleWebKit/537.36 (KHTML, like Gecko) Chrome/114.0.0.0 Safari/537.36" "-"
4.240.34.0 - - [16/Jan/2024:07:28:50 +0100] "GET /wp-content/plugins/hellopress/wp_filemanager.php HTTP/1.1" 404 24762 dartmoorrunners.co.uk "-" "-" "-"
4.240.34.0 - - [16/Jan/2024:07:28:51 +0100] "GET /wp-content/themes/intense/block-css.php?mode=upload HTTP/1.1" 404 24762 dartmoorrunners.co.uk "-" "-" "-"
4.240.34.0 - - [16/Jan/2024:07:28:51 +0100] "GET /wp-admin/network/cloud.php HTTP/1.1" 404 24762 dartmoorrunners.co.uk "-" "-" "-"
4.240.34.0 - - [16/Jan/2024:07:28:52 +0100] "GET /cloud.php HTTP/1.1" 404 24762 dartmoorrunners.co.uk "-" "-" "-"
4.240.34.0 - - [16/Jan/2024:07:28:52 +0100] "GET /cgi-bin/cloud.php HTTP/1.1" 404 626 dartmoorrunners.co.uk "-" "-" "-"
4.240.34.0 - - [16/Jan/2024:07:28:52 +0100] "GET /wp-content/updates.php HTTP/1.1" 404 24762 dartmoorrunners.co.uk "-" "-" "-"
4.240.34.0 - - [16/Jan/2024:07:28:53 +0100] "GET /css/cloud.php HTTP/1.1" 404 24762 dartmoorrunners.co.uk "-" "-" "-"
4.240.34.0 - - [16/Jan/2024:07:28:53 +0100] "GET /wp-admin/user/cloud.php HTTP/1.1" 404 24762 dartmoorrunners.co.uk "-" "-" "-"
4.240.34.0 - - [16/Jan/2024:07:28:53 +0100] "GET /img/cloud.php HTTP/1.1" 404 24762 dartmoorrunners.co.uk "-" "-" "-"
4.240.34.0 - - [16/Jan/2024:07:28:54 +0100] "GET /wp-admin/css/colors/coffee/cloud.php HTTP/1.1" 404 24762 dartmoorrunners.co.uk "-" "-" "-"
4.240.34.0 - - [16/Jan/2024:07:28:54 +0100] "GET /wp-admin/images/cloud.php HTTP/1.1" 404 24762 dartmoorrunners.co.uk "-" "-" "-"
4.240.34.0 - - [16/Jan/2024:07:28:55 +0100] "GET /images/cloud.php HTTP/1.1" 404 24762 dartmoorrunners.co.uk "-" "-" "-"
4.240.34.0 - - [16/Jan/2024:07:28:55 +0100] "GET /wp-admin/js/widgets/cloud.php HTTP/1.1" 404 24762 dartmoorrunners.co.uk "-" "-" "-"
4.240.34.0 - - [16/Jan/2024:07:28:55 +0100] "GET /wp-includes/Requests/Text/admin.php HTTP/1.1" 404 24762 dartmoorrunners.co.uk "-" "-" "-"
4.240.34.0 - - [16/Jan/2024:07:28:56 +0100] "GET /wp-admin/css/colors/cloud.php HTTP/1.1" 404 24762 dartmoorrunners.co.uk "-" "-" "-"
4.240.34.0 - - [16/Jan/2024:07:28:56 +0100] "GET /wp-admin/includes/cloud.php HTTP/1.1" 404 24762 dartmoorrunners.co.uk "-" "-" "-"
4.240.34.0 - - [16/Jan/2024:07:28:57 +0100] "GET /wp-admin/css/colors/blue/cloud.php HTTP/1.1" 404 24762 dartmoorrunners.co.uk "-" "-" "-"
4.240.34.0 - - [16/Jan/2024:07:28:57 +0100] "GET /wp-admin/cloud.php HTTP/1.1" 404 24762 dartmoorrunners.co.uk "-" "-" "-"
82.165.88.0 - - [16/Jan/2024:07:32:30 +0100] "POST /wp-cron.php?doing_wp_cron=1705386750.2919418811798095703125 HTTP/1.1" 200 - dartmoorrunners.co.uk "http://dartmoorrunners.co.uk/wp-cron.php?doing_wp_cron=1705386750.2919418811798095703125" "WordPress/6.1.4; http://dartmoorrunners.co.uk" "-"
66.249.79.0 - - [16/Jan/2024:07:32:30 +0100] "GET / HTTP/1.1" 200 31574 dartmoorrunners.co.uk "-" "Mozilla/5.0 (compatible; Googlebot/2.1; +http://www.google.com/bot.html)" "-"
188.166.55.0 - - [16/Jan/2024:07:33:44 +0100] "GET /results/summer-series-2018-results HTTP/1.1" 200 25796 dartmoorrunners.co.uk "-" "Mozilla/5.0 (Macintosh; Intel Mac OS X 10_15_7) AppleWebKit/537.36 (KHTML, like Gecko) Chrome/114.0.0.0 Safari/537.36" "-"
188.166.51.0 - - [16/Jan/2024:07:34:40 +0100] "GET /results/winter-series-2011-results HTTP/1.1" 200 44855 dartmoorrunners.co.uk "-" "Mozilla/5.0 (Macintosh; Intel Mac OS X 10_15_7) AppleWebKit/537.36 (KHTML, like Gecko) Chrome/114.0.0.0 Safari/537.36" "-"
195.191.219.0 - - [16/Jan/2024:07:50:34 +0100] "GET /robots.txt HTTP/1.1" 200 121 dartmoorrunners.co.uk "-" "Mozilla/5.0 (compatible; MJ12bot/v1.4.8; http://mj12bot.com/)" "-"
195.191.219.0 - - [16/Jan/2024:07:50:37 +0100] "GET / HTTP/1.1" 200 31574 dartmoorrunners.co.uk "-" "Mozilla/5.0 (compatible; MJ12bot/v1.4.8; http://mj12bot.com/)" "-"
51.79.229.0 - - [16/Jan/2024:07:53:56 +0100] "GET /emergency.php HTTP/1.1" 404 24762 dartmoorrunners.co.uk "-" "Mozlila/5.0 (Linux; Android 7.0; SM-G892A Bulid/NRD90M; wv) AppleWebKit/537.36 (KHTML, like Gecko) Version/4.0 Chrome/60.0.3112.107 Moblie Safari/537.36" "-"
185.220.100.0 - - [16/Jan/2024:08:01:20 +0100] "POST /xmlrpc.php HTTP/1.1" 200 403 dartmoorrunners.co.uk "-" "Mozilla/5.0 (Windows NT 10.0; Win64; x64) AppleWebKit/537.36 (KHTML, like Gecko) Chrome/81.0.4044.138 Safari/537.36" "-"
185.220.100.0 - - [16/Jan/2024:08:01:21 +0100] "POST /xmlrpc.php HTTP/1.1" 200 403 dartmoorrunners.co.uk "-" "Mozilla/5.0 (Windows NT 10.0; Win64; x64) AppleWebKit/537.36 (KHTML, like Gecko) Chrome/81.0.4044.138 Safari/537.36" "-"
185.220.100.0 - - [16/Jan/2024:08:01:22 +0100] "POST /xmlrpc.php HTTP/1.1" 403 618 dartmoorrunners.co.uk "-" "Mozilla/5.0 (Windows NT 10.0; Win64; x64) AppleWebKit/537.36 (KHTML, like Gecko) Chrome/81.0.4044.138 Safari/537.36" "-"
185.220.100.0 - - [16/Jan/2024:08:01:24 +0100] "POST /xmlrpc.php HTTP/1.1" 403 618 dartmoorrunners.co.uk "-" "Mozilla/5.0 (Windows NT 10.0; Win64; x64) AppleWebKit/537.36 (KHTML, like Gecko) Chrome/81.0.4044.138 Safari/537.36" "-"
185.220.100.0 - - [16/Jan/2024:08:01:24 +0100] "POST /xmlrpc.php HTTP/1.1" 403 618 dartmoorrunners.co.uk "-" "Mozilla/5.0 (Windows NT 10.0; Win64; x64) AppleWebKit/537.36 (KHTML, like Gecko) Chrome/81.0.4044.138 Safari/537.36" "-"
142.93.167.0 - - [16/Jan/2024:08:05:55 +0100] "GET /results/winter-series-2013-results HTTP/1.1" 200 25733 dartmoorrunners.co.uk "-" "Mozilla/5.0 (Macintosh; Intel Mac OS X 10_15_7) AppleWebKit/537.36 (KHTML, like Gecko) Chrome/114.0.0.0 Safari/537.36" "-"
80.189.138.0 - - [16/Jan/2024:08:59:33 +0100] "GET / HTTP/1.1" 200 31574 dartmoorrunners.co.uk "https://www.google.com/" "Mozilla/5.0 (iPhone; CPU iPhone OS 17_2_1 like Mac OS X) AppleWebKit/605.1.15 (KHTML, like Gecko) Version/17.2 Mobile/15E148 Safari/604.1" "-"
82.165.88.0 - - [16/Jan/2024:08:59:34 +0100] "POST /wp-cron.php?doing_wp_cron=1705391974.8314468860626220703125 HTTP/1.1" 200 - dartmoorrunners.co.uk "http://dartmoorrunners.co.uk/wp-cron.php?doing_wp_cron=1705391974.8314468860626220703125" "WordPress/6.1.4; http://dartmoorrunners.co.uk" "-"
80.189.138.0 - - [16/Jan/2024:08:59:36 +0100] "GET /wp-includes/js/wp-emoji-release.min.js?ver=6.1.4 HTTP/1.1" 200 18617 dartmoorrunners.co.uk "http://dartmoorrunners.co.uk/" "Mozilla/5.0 (iPhone; CPU iPhone OS 17_2_1 like Mac OS X) AppleWebKit/605.1.15 (KHTML, like Gecko) Version/17.2 Mobile/15E148 Safari/604.1" "-"
80.189.138.0 - - [16/Jan/2024:08:59:36 +0100] "GET /wp-content/themes/omega/style.css?ver=6.1.4 HTTP/1.1" 200 6552 dartmoorrunners.co.uk "http://dartmoorrunners.co.uk/" "Mozilla/5.0 (iPhone; CPU iPhone OS 17_2_1 like Mac OS X) AppleWebKit/605.1.15 (KHTML, like Gecko) Version/17.2 Mobile/15E148 Safari/604.1" "-"
80.189.138.0 - - [16/Jan/2024:08:59:36 +0100] "GET /wp-includes/css/classic-themes.min.css?ver=1 HTTP/1.1" 200 189 dartmoorrunners.co.uk "http://dartmoorrunners.co.uk/" "Mozilla/5.0 (iPhone; CPU iPhone OS 17_2_1 like Mac OS X) AppleWebKit/605.1.15 (KHTML, like Gecko) Version/17.2 Mobile/15E148 Safari/604.1" "-"
80.189.138.0 - - [16/Jan/2024:08:59:36 +0100] "GET /wp-includes/css/dist/block-library/style.min.css?ver=6.1.4 HTTP/1.1" 200 16164 dartmoorrunners.co.uk "http://dartmoorrunners.co.uk/" "Mozilla/5.0 (iPhone; CPU iPhone OS 17_2_1 like Mac OS X) AppleWebKit/605.1.15 (KHTML, like Gecko) Version/17.2 Mobile/15E148 Safari/604.1" "-"
80.189.138.0 - - [16/Jan/2024:08:59:36 +0100] "GET /wp-content/uploads/2017/04/cropped-dartmoorrunnerslogo_normal.png HTTP/1.1" 200 110052 dartmoorrunners.co.uk "http://dartmoorrunners.co.uk/" "Mozilla/5.0 (iPhone; CPU iPhone OS 17_2_1 like Mac OS X) AppleWebKit/605.1.15 (KHTML, like Gecko) Version/17.2 Mobile/15E148 Safari/604.1" "-"
80.189.138.0 - - [16/Jan/2024:08:59:36 +0100] "GET /wp-content/uploads/2017/04/XmasBash2017Med.jpg HTTP/1.1" 200 200566 dartmoorrunners.co.uk "http://dartmoorrunners.co.uk/" "Mozilla/5.0 (iPhone; CPU iPhone OS 17_2_1 like Mac OS X) AppleWebKit/605.1.15 (KHTML, like Gecko) Version/17.2 Mobile/15E148 Safari/604.1" "-"
80.189.138.0 - - [16/Jan/2024:08:59:36 +0100] "GET /wp-content/uploads/2017/04/ControlDog-768x576.jpg HTTP/1.1" 200 85973 dartmoorrunners.co.uk "http://dartmoorrunners.co.uk/" "Mozilla/5.0 (iPhone; CPU iPhone OS 17_2_1 like Mac OS X) AppleWebKit/605.1.15 (KHTML, like Gecko) Version/17.2 Mobile/15E148 Safari/604.1" "-"
80.189.138.0 - - [16/Jan/2024:08:59:36 +0100] "GET /wp-content/uploads/2017/04/Moorland-runner-cropped.jpg HTTP/1.1" 200 437747 dartmoorrunners.co.uk "http://dartmoorrunners.co.uk/" "Mozilla/5.0 (iPhone; CPU iPhone OS 17_2_1 like Mac OS X) AppleWebKit/605.1.15 (KHTML, like Gecko) Version/17.2 Mobile/15E148 Safari/604.1" "-"
80.189.138.0 - - [16/Jan/2024:08:59:36 +0100] "GET /wp-content/uploads/2017/04/winter-2015-small.jpg HTTP/1.1" 200 202841 dartmoorrunners.co.uk "http://dartmoorrunners.co.uk/" "Mozilla/5.0 (iPhone; CPU iPhone OS 17_2_1 like Mac OS X) AppleWebKit/605.1.15 (KHTML, like Gecko) Version/17.2 Mobile/15E148 Safari/604.1" "-"
80.189.138.0 - - [16/Jan/2024:08:59:36 +0100] "GET /wp-content/uploads/2017/04/cropped-dartmoorrunnerslogo_normal-32x32.png HTTP/1.1" 200 2617 dartmoorrunners.co.uk "http://dartmoorrunners.co.uk/" "Mozilla/5.0 (iPhone; CPU iPhone OS 17_2_1 like Mac OS X) AppleWebKit/605.1.15 (KHTML, like Gecko) Version/17.2 Mobile/15E148 Safari/604.1" "-"
80.189.138.0 - - [16/Jan/2024:08:59:36 +0100] "GET /wp-content/uploads/2017/04/cropped-dartmoorrunnerslogo_normal-192x192.png HTTP/1.1" 200 59292 dartmoorrunners.co.uk "http://dartmoorrunners.co.uk/" "Mozilla/5.0 (iPhone; CPU iPhone OS 17_2_1 like Mac OS X) AppleWebKit/605.1.15 (KHTML, like Gecko) Version/17.2 Mobile/15E148 Safari/604.1" "-"
80.189.138.0 - - [16/Jan/2024:09:00:07 +0100] "GET / HTTP/1.1" 200 31574 dartmoorrunners.co.uk "https://www.google.com/" "Mozilla/5.0 (iPhone; CPU iPhone OS 17_2_1 like Mac OS X) AppleWebKit/605.1.15 (KHTML, like Gecko) Version/17.2 Mobile/15E148 Safari/604.1" "-"
80.189.138.0 - - [16/Jan/2024:09:00:11 +0100] "GET /winter-series-2023 HTTP/1.1" 200 27620 dartmoorrunners.co.uk "http://dartmoorrunners.co.uk/" "Mozilla/5.0 (iPhone; CPU iPhone OS 17_2_1 like Mac OS X) AppleWebKit/605.1.15 (KHTML, like Gecko) Version/17.2 Mobile/15E148 Safari/604.1" "-"
167.99.239.0 - - [16/Jan/2024:09:01:13 +0100] "GET / HTTP/1.1" 200 31574 dartmoorrunners.co.uk "-" "Mozilla/5.0 (X11; Linux x86_64) AppleWebKit/537.36 (KHTML, like Gecko) Chrome/108.0.0.0 Safari/537.36" "-"
137.184.170.0 - - [16/Jan/2024:10:12:24 +0100] "GET /results/summer-series-2016-results HTTP/1.1" 200 25699 dartmoorrunners.co.uk "-" "Mozilla/5.0 (Macintosh; Intel Mac OS X 10_15_7) AppleWebKit/537.36 (KHTML, like Gecko) Chrome/114.0.0.0 Safari/537.36" "-"
82.165.88.0 - - [16/Jan/2024:10:12:25 +0100] "POST /wp-cron.php?doing_wp_cron=1705396345.4345149993896484375000 HTTP/1.1" 200 - dartmoorrunners.co.uk "http://dartmoorrunners.co.uk/wp-cron.php?doing_wp_cron=1705396345.4345149993896484375000" "WordPress/6.1.4; http://dartmoorrunners.co.uk" "-"
82.165.88.0 - - [16/Jan/2024:10:32:39 +0100] "POST /wp-cron.php?doing_wp_cron=1705397559.9351680278778076171875 HTTP/1.1" 200 - dartmoorrunners.co.uk "http://dartmoorrunners.co.uk/wp-cron.php?doing_wp_cron=1705397559.9351680278778076171875" "WordPress/6.1.4; http://dartmoorrunners.co.uk" "-"
107.189.1.0 - - [16/Jan/2024:10:32:39 +0100] "POST /xmlrpc.php HTTP/1.1" 200 403 dartmoorrunners.co.uk "-" "Mozilla/5.0 (Windows NT 6.1; Win64; x64) AppleWebKit/537.36 (KHTML, like Gecko) Chrome/60.0.3112.90 Safari/537.36" "-"
107.189.1.0 - - [16/Jan/2024:10:32:41 +0100] "POST /xmlrpc.php HTTP/1.1" 200 403 dartmoorrunners.co.uk "-" "Mozilla/5.0 (Windows NT 6.1; Win64; x64) AppleWebKit/537.36 (KHTML, like Gecko) Chrome/60.0.3112.90 Safari/537.36" "-"
107.189.1.0 - - [16/Jan/2024:10:32:42 +0100] "POST /xmlrpc.php HTTP/1.1" 403 618 dartmoorrunners.co.uk "-" "Mozilla/5.0 (Windows NT 6.1; Win64; x64) AppleWebKit/537.36 (KHTML, like Gecko) Chrome/60.0.3112.90 Safari/537.36" "-"
107.189.1.0 - - [16/Jan/2024:10:32:43 +0100] "POST /xmlrpc.php HTTP/1.1" 403 618 dartmoorrunners.co.uk "-" "Mozilla/5.0 (Windows NT 6.1; Win64; x64) AppleWebKit/537.36 (KHTML, like Gecko) Chrome/60.0.3112.90 Safari/537.36" "-"
107.189.1.0 - - [16/Jan/2024:10:32:44 +0100] "POST /xmlrpc.php HTTP/1.1" 403 618 dartmoorrunners.co.uk "-" "Mozilla/5.0 (Windows NT 6.1; Win64; x64) AppleWebKit/537.36 (KHTML, like Gecko) Chrome/60.0.3112.90 Safari/537.36" "-"
66.249.79.0 - - [16/Jan/2024:10:55:02 +0100] "GET / HTTP/1.1" 200 31574 dartmoorrunners.co.uk "-" "Mozilla/5.0 (Linux; Android 6.0.1; Nexus 5X Build/MMB29P) AppleWebKit/537.36 (KHTML, like Gecko) Chrome/120.0.6099.216 Mobile Safari/537.36 (compatible; Googlebot/2.1; +http://www.google.com/bot.html)" "-"
95.156.226.0 - - [16/Jan/2024:10:59:58 +0100] "GET /wp-apxupx.php?apx=upx HTTP/1.1" 404 24762 dartmoorrunners.co.uk "www.google.com" "Mozlila/5.0 (Linux; Android 7.0; SM-G892A Bulid/NRD90M; wv) AppleWebKit/537.36 (KHTML, like Gecko) Version/4.0 Chrome/60.0.3112.107 Moblie Safari/537.36" "-"
4.224.53.0 - - [16/Jan/2024:11:06:31 +0100] "GET /wp-admin/css/ HTTP/1.1" 403 618 dartmoorrunners.co.uk "binance.com" "Mozilla/5.0 (Windows NT 10.0; Win64; x64) AppleWebKit/537.36 (KHTML, like Gecko) Chrome/90.0.4430.85 Safari/537.36" "-"
82.165.88.0 - - [16/Jan/2024:11:27:23 +0100] "POST /wp-cron.php?doing_wp_cron=1705400843.5121369361877441406250 HTTP/1.1" 200 - dartmoorrunners.co.uk "http://dartmoorrunners.co.uk/wp-cron.php?doing_wp_cron=1705400843.5121369361877441406250" "WordPress/6.1.4; http://dartmoorrunners.co.uk" "-"
185.196.220.0 - - [16/Jan/2024:11:27:23 +0100] "GET /wp-content/plugins/ai-engine/readme.txt HTTP/1.1" 404 24762 dartmoorrunners.co.uk "-" "Mozilla/5.0 (Macintosh; Intel Mac OS X 13_1) AppleWebKit/537.36 (KHTML, like Gecko) Chrome/109.0.0.0 Safari/537.36" "-"
82.165.88.0 - - [16/Jan/2024:11:55:21 +0100] "POST /wp-cron.php?doing_wp_cron=1705402521.4472110271453857421875 HTTP/1.1" 200 - dartmoorrunners.co.uk "http://dartmoorrunners.co.uk/wp-cron.php?doing_wp_cron=1705402521.4472110271453857421875" "WordPress/6.1.4; http://dartmoorrunners.co.uk" "-"
185.193.158.0 - - [16/Jan/2024:11:55:21 +0100] "POST /xmlrpc.php HTTP/1.1" 200 403 dartmoorrunners.co.uk "-" "Mozilla/5.0 (Windows NT 10.0; Win64; x64) AppleWebKit/537.36 (KHTML, like Gecko) Chrome/80.0.3987.149 Safari/537.36" "-"
185.193.158.0 - - [16/Jan/2024:11:55:22 +0100] "POST /xmlrpc.php HTTP/1.1" 200 403 dartmoorrunners.co.uk "-" "Mozilla/5.0 (Windows NT 10.0; Win64; x64) AppleWebKit/537.36 (KHTML, like Gecko) Chrome/80.0.3987.149 Safari/537.36" "-"
185.193.158.0 - - [16/Jan/2024:11:55:23 +0100] "POST /xmlrpc.php HTTP/1.1" 403 618 dartmoorrunners.co.uk "-" "Mozilla/5.0 (Windows NT 10.0; Win64; x64) AppleWebKit/537.36 (KHTML, like Gecko) Chrome/80.0.3987.149 Safari/537.36" "-"
185.193.158.0 - - [16/Jan/2024:11:55:24 +0100] "POST /xmlrpc.php HTTP/1.1" 403 618 dartmoorrunners.co.uk "-" "Mozilla/5.0 (Windows NT 10.0; Win64; x64) AppleWebKit/537.36 (KHTML, like Gecko) Chrome/80.0.3987.149 Safari/537.36" "-"
66.249.76.0 - - [16/Jan/2024:11:55:24 +0100] "GET / HTTP/1.1" 200 31574 dartmoorrunners.co.uk "-" "Mozilla/5.0 (compatible; Googlebot/2.1; +http://www.google.com/bot.html)" "-"
185.193.158.0 - - [16/Jan/2024:11:55:25 +0100] "POST /xmlrpc.php HTTP/1.1" 403 618 dartmoorrunners.co.uk "-" "Mozilla/5.0 (Windows NT 10.0; Win64; x64) AppleWebKit/537.36 (KHTML, like Gecko) Chrome/80.0.3987.149 Safari/537.36" "-"
95.108.213.0 - - [16/Jan/2024:11:58:49 +0100] "GET /robots.txt HTTP/1.1" 200 121 dartmoorrunners.co.uk "-" "Mozilla/5.0 (compatible; YandexBot/3.0; +http://yandex.com/bots)" "-"
95.108.213.0 - - [16/Jan/2024:11:58:50 +0100] "GET / HTTP/1.1" 200 31574 dartmoorrunners.co.uk "-" "Mozilla/5.0 (compatible; YandexBot/3.0; +http://yandex.com/bots)" "-"
157.90.209.0 - - [16/Jan/2024:12:29:38 +0100] "GET /robots.txt HTTP/1.1" 403 618 dartmoorrunners.co.uk "-" "Mozilla/5.0 (compatible; BLEXBot/1.0; +http://webmeup-crawler.com/)" "-"
157.90.209.0 - - [16/Jan/2024:12:29:38 +0100] "GET /sitemap HTTP/1.1" 403 618 dartmoorrunners.co.uk "-" "Mozilla/5.0 (compatible; BLEXBot/1.0; +http://webmeup-crawler.com/)" "-"
157.90.209.0 - - [16/Jan/2024:12:29:47 +0100] "GET /sitemap.txt HTTP/1.1" 403 618 dartmoorrunners.co.uk "-" "Mozilla/5.0 (compatible; BLEXBot/1.0; +http://webmeup-crawler.com/)" "-"
157.90.209.0 - - [16/Jan/2024:12:29:56 +0100] "GET / HTTP/1.1" 403 618 dartmoorrunners.co.uk "-" "Mozilla/5.0 (compatible; BLEXBot/1.0; +http://webmeup-crawler.com/)" "-"
51.222.253.0 - - [16/Jan/2024:12:50:59 +0100] "GET /robots.txt HTTP/1.1" 200 121 dartmoorrunners.co.uk "-" "Mozilla/5.0 (compatible; AhrefsBot/7.0; +http://ahrefs.com/robot/)" "-"
82.165.88.0 - - [16/Jan/2024:12:51:01 +0100] "POST /wp-cron.php?doing_wp_cron=1705405861.4851939678192138671875 HTTP/1.1" 200 - dartmoorrunners.co.uk "http://dartmoorrunners.co.uk/wp-cron.php?doing_wp_cron=1705405861.4851939678192138671875" "WordPress/6.1.4; http://dartmoorrunners.co.uk" "-"
17.241.219.0 - - [16/Jan/2024:13:10:24 +0100] "GET /robots.txt HTTP/1.1" 200 121 dartmoorrunners.co.uk "-" "Mozilla/5.0 (Macintosh; Intel Mac OS X 10_15_5) AppleWebKit/605.1.15 (KHTML, like Gecko) Version/13.1.1 Safari/605.1.15 (Applebot/0.1; +http://www.apple.com/go/applebot)" "-"
17.241.219.0 - - [16/Jan/2024:13:10:25 +0100] "GET / HTTP/1.1" 200 31574 dartmoorrunners.co.uk "-" "Mozilla/5.0 (Macintosh; Intel Mac OS X 10_15_5) AppleWebKit/605.1.15 (KHTML, like Gecko) Version/13.1.1 Safari/605.1.15 (Applebot/0.1; +http://www.apple.com/go/applebot)" "-"
17.241.219.0 - - [16/Jan/2024:13:17:15 +0100] "GET /wp-includes/js/wp-emoji-release.min.js?ver=6.1.4 HTTP/1.1" 200 18617 dartmoorrunners.co.uk "http://dartmoorrunners.co.uk/" "Mozilla/5.0 (Macintosh; Intel Mac OS X 10_15_5) AppleWebKit/605.1.15 (KHTML, like Gecko) Version/13.1.1 Safari/605.1.15 (Applebot/0.1; +http://www.apple.com/go/applebot)" "-"
17.241.75.0 - - [16/Jan/2024:13:17:15 +0100] "GET /wp-content/themes/omega/style.css?ver=6.1.4 HTTP/1.1" 200 6552 dartmoorrunners.co.uk "http://dartmoorrunners.co.uk/" "Mozilla/5.0 (Macintosh; Intel Mac OS X 10_15_5) AppleWebKit/605.1.15 (KHTML, like Gecko) Version/13.1.1 Safari/605.1.15 (Applebot/0.1; +http://www.apple.com/go/applebot)" "-"
17.241.227.0 - - [16/Jan/2024:13:17:16 +0100] "GET /wp-includes/css/dist/block-library/style.min.css?ver=6.1.4 HTTP/1.1" 200 16164 dartmoorrunners.co.uk "http://dartmoorrunners.co.uk/" "Mozilla/5.0 (Macintosh; Intel Mac OS X 10_15_5) AppleWebKit/605.1.15 (KHTML, like Gecko) Version/13.1.1 Safari/605.1.15 (Applebot/0.1; +http://www.apple.com/go/applebot)" "-"
17.241.227.0 - - [16/Jan/2024:13:17:16 +0100] "GET /wp-includes/css/classic-themes.min.css?ver=1 HTTP/1.1" 200 189 dartmoorrunners.co.uk "http://dartmoorrunners.co.uk/" "Mozilla/5.0 (Macintosh; Intel Mac OS X 10_15_5) AppleWebKit/605.1.15 (KHTML, like Gecko) Version/13.1.1 Safari/605.1.15 (Applebot/0.1; +http://www.apple.com/go/applebot)" "-"
106.119.167.0 - - [16/Jan/2024:14:16:39 +0100] "GET / HTTP/1.1" 301 - www.dartmoorrunners.co.uk "-" "Mozilla/5.0 (iPhone; CPU iPhone OS 13_2_3 like Mac OS X) AppleWebKit/605.1.15 (KHTML, like Gecko) Version/13.0.3 Mobile/15E148 Safari/604.1" "-"
82.165.88.0 - - [16/Jan/2024:14:16:39 +0100] "POST /wp-cron.php?doing_wp_cron=1705410999.9659590721130371093750 HTTP/1.1" 200 - dartmoorrunners.co.uk "http://dartmoorrunners.co.uk/wp-cron.php?doing_wp_cron=1705410999.9659590721130371093750" "WordPress/6.1.4; http://dartmoorrunners.co.uk" "-"
106.119.167.0 - - [16/Jan/2024:14:16:43 +0100] "GET / HTTP/1.1" 200 31574 dartmoorrunners.co.uk "http://www.dartmoorrunners.co.uk" "Mozilla/5.0 (iPhone; CPU iPhone OS 13_2_3 like Mac OS X) AppleWebKit/605.1.15 (KHTML, like Gecko) Version/13.0.3 Mobile/15E148 Safari/604.1" "-"
178.159.37.0 - - [16/Jan/2024:14:29:05 +0100] "GET /hello-world HTTP/1.1" 200 25914 dartmoorrunners.co.uk "http://dartmoorrunners.co.uk/hello-world" "Mozilla/5.0 (Windows NT 5.0; rv:30.1) Gecko/20100101 Firefox/30.1" "-"
178.159.37.0 - - [16/Jan/2024:14:29:05 +0100] "GET /wp-json/wp/v2/posts/1 HTTP/1.1" 200 1804 dartmoorrunners.co.uk "http://dartmoorrunners.co.uk/wp-json/wp/v2/posts/1" "Mozilla/5.0 (Windows NT 5.0; rv:30.1) Gecko/20100101 Firefox/30.1" "-"
45.135.237.0 - - [16/Jan/2024:14:31:08 +0100] "GET /style.php HTTP/1.1" 404 24762 dartmoorrunners.co.uk "www.google.com" "Mozlila/5.0 (Linux; Android 7.0; SM-G892A Bulid/NRD90M; wv) AppleWebKit/537.36 (KHTML, like Gecko) Version/4.0 Chrome/60.0.3112.107 Moblie Safari/537.36" "-"
82.165.88.0 - - [16/Jan/2024:14:31:09 +0100] "POST /wp-cron.php?doing_wp_cron=1705411869.0749170780181884765625 HTTP/1.1" 200 - dartmoorrunners.co.uk "http://dartmoorrunners.co.uk/wp-cron.php?doing_wp_cron=1705411869.0749170780181884765625" "WordPress/6.1.4; http://dartmoorrunners.co.uk" "-"
192.44.68.0 - - [16/Jan/2024:14:52:17 +0100] "GET /wp-content/uploads/2017/04/cropped-dartmoorrunnerslogo_normal.png HTTP/1.1" 200 110052 dartmoorrunners.co.uk "-" "Mozilla/5.0 (X11; Ubuntu; Linux x86_64; rv:72.0) Gecko/20100101 Firefox/72.0" "-"
51.83.42.0 - - [16/Jan/2024:14:56:00 +0100] "POST /wp-login.php HTTP/1.1" 200 9057 dartmoorrunners.co.uk "-" "Mozilla/5.0 (Windows NT 10.0; Win64; x64) AppleWebKit/537.36 (KHTML, like Gecko) Chrome/73.0.3683.75 Safari/537.36" "-"
184.154.76.0 - - [16/Jan/2024:15:37:41 +0100] "GET / HTTP/1.1" 301 - www.dartmoorrunners.co.uk "http://www.google.com/url?url=www.dartmoorrunners.co.uk&yahoo.com" "Mozilla/5.0 (compatible; MSIE 9.0; Windows NT 6.1; WOW64; Trident/6.0)" "-"
82.165.88.0 - - [16/Jan/2024:15:37:42 +0100] "POST /wp-cron.php?doing_wp_cron=1705415862.2482299804687500000000 HTTP/1.1" 200 - dartmoorrunners.co.uk "http://dartmoorrunners.co.uk/wp-cron.php?doing_wp_cron=1705415862.2482299804687500000000" "WordPress/6.1.4; http://dartmoorrunners.co.uk" "-"
184.154.76.0 - - [16/Jan/2024:15:37:43 +0100] "GET / HTTP/1.1" 200 31574 dartmoorrunners.co.uk "http://www.google.com/url?url=dartmoorrunners.co.uk&yahoo.com" "Mozilla/5.0 (compatible; MSIE 9.0; Windows NT 6.1; WOW64; Trident/6.0)" "-"
184.154.76.0 - - [16/Jan/2024:15:37:44 +0100] "GET /th1s_1s_a_4o4.html HTTP/1.1" 404 24762 dartmoorrunners.co.uk "-" "SiteLockSpider [en] (WinNT; I ;Nav)" "-"
184.154.76.0 - - [16/Jan/2024:15:37:45 +0100] "GET /summer-series-2023 HTTP/1.1" 200 27249 dartmoorrunners.co.uk "-" "SiteLockSpider [en] (WinNT; I ;Nav)" "-"
184.154.76.0 - - [16/Jan/2024:15:37:46 +0100] "GET /winter-series-2023 HTTP/1.1" 200 27620 dartmoorrunners.co.uk "-" "SiteLockSpider [en] (WinNT; I ;Nav)" "-"
184.154.76.0 - - [16/Jan/2024:15:37:46 +0100] "GET /results/winter-series-2014-results HTTP/1.1" 200 25684 dartmoorrunners.co.uk "http://www.google.com/url?url=dartmoorrunners.co.uk&yahoo.com" "Mozilla/5.0 (compatible; MSIE 9.0; Windows NT 6.1; WOW64; Trident/6.0)" "-"
184.154.76.0 - - [16/Jan/2024:15:37:47 +0100] "GET /results/winter-series-2015-results HTTP/1.1" 200 25699 dartmoorrunners.co.uk "-" "SiteLockSpider [en] (WinNT; I ;Nav)" "-"
184.154.76.0 - - [16/Jan/2024:15:37:48 +0100] "GET /results/summer-series-2012-results HTTP/1.1" 200 39431 dartmoorrunners.co.uk "-" "SiteLockSpider [en] (WinNT; I ;Nav)" "-"
184.154.76.0 - - [16/Jan/2024:15:37:48 +0100] "GET /xmlrpc.php HTTP/1.1" 405 42 dartmoorrunners.co.uk "-" "SiteLockSpider [en] (WinNT; I ;Nav)" "-"
184.154.76.0 - - [16/Jan/2024:15:37:49 +0100] "GET /wp-includes/js/wp-emoji-release.min.js?ver=6.1.4 HTTP/1.1" 200 18617 dartmoorrunners.co.uk "http://www.google.com/url?url=dartmoorrunners.co.uk&yahoo.com" "Mozilla/5.0 (compatible; MSIE 9.0; Windows NT 6.1; WOW64; Trident/6.0)" "-"
184.154.76.0 - - [16/Jan/2024:15:37:49 +0100] "GET /results HTTP/1.1" 200 25107 dartmoorrunners.co.uk "-" "SiteLockSpider [en] (WinNT; I ;Nav)" "-"
184.154.76.0 - - [16/Jan/2024:15:37:50 +0100] "GET /results/summer-series-2014-results HTTP/1.1" 200 25684 dartmoorrunners.co.uk "-" "SiteLockSpider [en] (WinNT; I ;Nav)" "-"
184.154.76.0 - - [16/Jan/2024:15:37:51 +0100] "GET /wp-json/wp/v2/pages/2 HTTP/1.1" 200 8903 dartmoorrunners.co.uk "http://www.google.com/url?url=dartmoorrunners.co.uk&yahoo.com" "Mozilla/5.0 (compatible; MSIE 9.0; Windows NT 6.1; WOW64; Trident/6.0)" "-"
184.154.76.0 - - [16/Jan/2024:15:37:51 +0100] "GET /wp-json/wp/v2/pages/%5C%22http:%5C/%5C/dartmoorrunners.co.uk%5C/%5C%22 HTTP/1.1" 404 114 dartmoorrunners.co.uk "http://www.google.com/url?url=dartmoorrunners.co.uk&yahoo.com" "Mozilla/5.0 (compatible; MSIE 9.0; Windows NT 6.1; WOW64; Trident/6.0)" "-"
184.154.76.0 - - [16/Jan/2024:15:37:52 +0100] "GET /wp-json/oembed/1.0/embed?url=http%3A%2F%2Fdartmoorrunners.co.uk%2Fresults%2Fwinter-series-2015-results&format=xml HTTP/1.1" 200 2627 dartmoorrunners.co.uk "http://www.google.com/url?url=dartmoorrunners.co.uk&yahoo.com" "Mozilla/5.0 (compatible; MSIE 9.0; Windows NT 6.1; WOW64; Trident/6.0)" "-"
184.154.76.0 - - [16/Jan/2024:15:37:52 +0100] "GET /winter-series-2022-results HTTP/1.1" 200 25785 dartmoorrunners.co.uk "-" "SiteLockSpider [en] (WinNT; I ;Nav)" "-"
184.154.76.0 - - [16/Jan/2024:15:37:53 +0100] "GET /wp-json/wp/v2/pages/71 HTTP/1.1" 200 2031 dartmoorrunners.co.uk "-" "SiteLockSpider [en] (WinNT; I ;Nav)" "-"
184.154.76.0 - - [16/Jan/2024:15:37:54 +0100] "GET /wp-json/wp/v2/pages/16 HTTP/1.1" 200 1542 dartmoorrunners.co.uk "-" "SiteLockSpider [en] (WinNT; I ;Nav)" "-"
184.154.76.0 - - [16/Jan/2024:15:37:54 +0100] "GET /comments/feed HTTP/1.1" 200 827 dartmoorrunners.co.uk "http://www.google.com/url?url=dartmoorrunners.co.uk&yahoo.com" "Mozilla/5.0 (compatible; MSIE 9.0; Windows NT 6.1; WOW64; Trident/6.0)" "-"
184.154.76.0 - - [16/Jan/2024:15:37:55 +0100] "GET /wp-json/oembed/1.0/embed?url=http%3A%2F%2Fdartmoorrunners.co.uk%2Fsummer-series-2023 HTTP/1.1" 200 2502 dartmoorrunners.co.uk "-" "SiteLockSpider [en] (WinNT; I ;Nav)" "-"
184.154.76.0 - - [16/Jan/2024:15:37:55 +0100] "GET /wp-json/oembed/1.0/embed?url=http%3A%2F%2Fdartmoorrunners.co.uk%2Fresults%2Fsummer-series-2012-results HTTP/1.1" 200 2560 dartmoorrunners.co.uk "-" "SiteLockSpider [en] (WinNT; I ;Nav)" "-"
184.154.76.0 - - [16/Jan/2024:15:37:56 +0100] "GET / HTTP/1.1" 200 31574 dartmoorrunners.co.uk "-" "SiteLockSpider [en] (WinNT; I ;Nav)" "-"
184.154.76.0 - - [16/Jan/2024:15:37:57 +0100] "GET //wp-content/plugins/wp-file-manager/readme.txt HTTP/1.1" 301 - dartmoorrunners.co.uk "-" "SiteLockSpider [en] (WinNT; I ;Nav)" "-"
185.220.101.0 - - [16/Jan/2024:15:48:50 +0100] "POST /xmlrpc.php HTTP/1.1" 200 403 dartmoorrunners.co.uk "-" "Mozilla/5.0 (X11; Linux x86_64; rv:52.0) Gecko/20100101 Firefox/52.0" "-"
185.220.101.0 - - [16/Jan/2024:15:48:51 +0100] "POST /xmlrpc.php HTTP/1.1" 200 403 dartmoorrunners.co.uk "-" "Mozilla/5.0 (X11; Linux x86_64; rv:52.0) Gecko/20100101 Firefox/52.0" "-"
185.220.101.0 - - [16/Jan/2024:15:48:52 +0100] "POST /xmlrpc.php HTTP/1.1" 403 618 dartmoorrunners.co.uk "-" "Mozilla/5.0 (X11; Linux x86_64; rv:52.0) Gecko/20100101 Firefox/52.0" "-"
185.220.101.0 - - [16/Jan/2024:15:48:53 +0100] "POST /xmlrpc.php HTTP/1.1" 403 618 dartmoorrunners.co.uk "-" "Mozilla/5.0 (X11; Linux x86_64; rv:52.0) Gecko/20100101 Firefox/52.0" "-"
185.220.101.0 - - [16/Jan/2024:15:48:54 +0100] "POST /xmlrpc.php HTTP/1.1" 403 618 dartmoorrunners.co.uk "-" "Mozilla/5.0 (X11; Linux x86_64; rv:52.0) Gecko/20100101 Firefox/52.0" "-"
185.254.196.0 - - [16/Jan/2024:16:10:23 +0100] "POST /xmlrpc.php HTTP/1.1" 200 403 dartmoorrunners.co.uk "-" "Mozilla/5.0 (Windows NT 5.1; Win64; x64) AppleWebKit/537.36 (KHTML, like Gecko) Chrome/60.0.3112.90 Safari/537.36" "-"
185.254.196.0 - - [16/Jan/2024:16:10:24 +0100] "POST /xmlrpc.php HTTP/1.1" 200 403 dartmoorrunners.co.uk "-" "Mozilla/5.0 (Windows NT 5.1; Win64; x64) AppleWebKit/537.36 (KHTML, like Gecko) Chrome/60.0.3112.90 Safari/537.36" "-"
185.254.196.0 - - [16/Jan/2024:16:10:25 +0100] "POST /xmlrpc.php HTTP/1.1" 403 618 dartmoorrunners.co.uk "-" "Mozilla/5.0 (Windows NT 5.1; Win64; x64) AppleWebKit/537.36 (KHTML, like Gecko) Chrome/60.0.3112.90 Safari/537.36" "-"
185.254.196.0 - - [16/Jan/2024:16:10:26 +0100] "POST /xmlrpc.php HTTP/1.1" 403 618 dartmoorrunners.co.uk "-" "Mozilla/5.0 (Windows NT 5.1; Win64; x64) AppleWebKit/537.36 (KHTML, like Gecko) Chrome/60.0.3112.90 Safari/537.36" "-"
185.254.196.0 - - [16/Jan/2024:16:10:27 +0100] "POST /xmlrpc.php HTTP/1.1" 403 618 dartmoorrunners.co.uk "-" "Mozilla/5.0 (Windows NT 5.1; Win64; x64) AppleWebKit/537.36 (KHTML, like Gecko) Chrome/60.0.3112.90 Safari/537.36" "-"
2a00:23c8:2e00:: - - [16/Jan/2024:16:18:47 +0100] "GET / HTTP/1.1" 200 31574 dartmoorrunners.co.uk "-" "Mozilla/5.0 (Macintosh; Intel Mac OS X 10.15; rv:121.0) Gecko/20100101 Firefox/121.0" "-"
2a00:23c8:2e00:: - - [16/Jan/2024:16:18:47 +0100] "GET /wp-includes/css/dist/block-library/style.min.css?ver=6.1.4 HTTP/1.1" 200 16164 dartmoorrunners.co.uk "http://dartmoorrunners.co.uk/" "Mozilla/5.0 (Macintosh; Intel Mac OS X 10.15; rv:121.0) Gecko/20100101 Firefox/121.0" "-"
2a00:23c8:2e00:: - - [16/Jan/2024:16:18:47 +0100] "GET /wp-includes/css/classic-themes.min.css?ver=1 HTTP/1.1" 200 189 dartmoorrunners.co.uk "http://dartmoorrunners.co.uk/" "Mozilla/5.0 (Macintosh; Intel Mac OS X 10.15; rv:121.0) Gecko/20100101 Firefox/121.0" "-"
2a00:23c8:2e00:: - - [16/Jan/2024:16:18:47 +0100] "GET /wp-content/themes/omega/style.css?ver=6.1.4 HTTP/1.1" 200 6552 dartmoorrunners.co.uk "http://dartmoorrunners.co.uk/" "Mozilla/5.0 (Macintosh; Intel Mac OS X 10.15; rv:121.0) Gecko/20100101 Firefox/121.0" "-"
2a00:23c8:2e00:: - - [16/Jan/2024:16:18:47 +0100] "GET /wp-includes/js/wp-emoji-release.min.js?ver=6.1.4 HTTP/1.1" 200 18617 dartmoorrunners.co.uk "http://dartmoorrunners.co.uk/" "Mozilla/5.0 (Macintosh; Intel Mac OS X 10.15; rv:121.0) Gecko/20100101 Firefox/121.0" "-"
2a00:23c8:2e00:: - - [16/Jan/2024:16:18:47 +0100] "GET /wp-content/uploads/2017/04/cropped-dartmoorrunnerslogo_normal.png HTTP/1.1" 200 110052 dartmoorrunners.co.uk "http://dartmoorrunners.co.uk/" "Mozilla/5.0 (Macintosh; Intel Mac OS X 10.15; rv:121.0) Gecko/20100101 Firefox/121.0" "-"
2a00:23c8:2e00:: - - [16/Jan/2024:16:18:47 +0100] "GET /wp-content/uploads/2017/04/XmasBash2017Med.jpg HTTP/1.1" 200 200566 dartmoorrunners.co.uk "http://dartmoorrunners.co.uk/" "Mozilla/5.0 (Macintosh; Intel Mac OS X 10.15; rv:121.0) Gecko/20100101 Firefox/121.0" "-"
2a00:23c8:2e00:: - - [16/Jan/2024:16:18:47 +0100] "GET /wp-content/uploads/2017/04/ControlDog-768x576.jpg HTTP/1.1" 200 85973 dartmoorrunners.co.uk "http://dartmoorrunners.co.uk/" "Mozilla/5.0 (Macintosh; Intel Mac OS X 10.15; rv:121.0) Gecko/20100101 Firefox/121.0" "-"
2a00:23c8:2e00:: - - [16/Jan/2024:16:18:47 +0100] "GET /wp-content/uploads/2017/04/winter-2015-small.jpg HTTP/1.1" 200 202841 dartmoorrunners.co.uk "http://dartmoorrunners.co.uk/" "Mozilla/5.0 (Macintosh; Intel Mac OS X 10.15; rv:121.0) Gecko/20100101 Firefox/121.0" "-"
2a00:23c8:2e00:: - - [16/Jan/2024:16:18:47 +0100] "GET /wp-content/uploads/2017/04/Moorland-runner-cropped.jpg HTTP/1.1" 200 437747 dartmoorrunners.co.uk "http://dartmoorrunners.co.uk/" "Mozilla/5.0 (Macintosh; Intel Mac OS X 10.15; rv:121.0) Gecko/20100101 Firefox/121.0" "-"
2a00:23c8:2e00:: - - [16/Jan/2024:16:18:48 +0100] "GET /wp-content/uploads/2017/04/cropped-dartmoorrunnerslogo_normal-192x192.png HTTP/1.1" 200 59292 dartmoorrunners.co.uk "http://dartmoorrunners.co.uk/" "Mozilla/5.0 (Macintosh; Intel Mac OS X 10.15; rv:121.0) Gecko/20100101 Firefox/121.0" "-"
2a00:23c8:2e00:: - - [16/Jan/2024:16:18:48 +0100] "GET /wp-content/uploads/2017/04/cropped-dartmoorrunnerslogo_normal-32x32.png HTTP/1.1" 200 2617 dartmoorrunners.co.uk "http://dartmoorrunners.co.uk/" "Mozilla/5.0 (Macintosh; Intel Mac OS X 10.15; rv:121.0) Gecko/20100101 Firefox/121.0" "-"
68.178.165.0 - - [16/Jan/2024:16:19:39 +0100] "POST /wp-login.php HTTP/1.1" 200 9057 dartmoorrunners.co.uk "-" "Mozilla/5.0 (Windows NT 6.1; Win64; x64) AppleWebKit/537.36 (KHTML, like Gecko) Chrome/60.0.3112.113 Safari/537.36" "-"
2a00:23c8:2e00:: - - [16/Jan/2024:16:21:07 +0100] "GET /winter-series-2023 HTTP/1.1" 200 27620 dartmoorrunners.co.uk "http://dartmoorrunners.co.uk/" "Mozilla/5.0 (Macintosh; Intel Mac OS X 10.15; rv:121.0) Gecko/20100101 Firefox/121.0" "-"
194.38.22.0 - - [16/Jan/2024:16:21:17 +0100] "GET /wp-content/plugins/fix/up.php HTTP/1.1" 404 24762 dartmoorrunners.co.uk "-" "ALittle Client" "-"
52.167.144.0 - - [16/Jan/2024:16:25:10 +0100] "GET /wp-sitemap-taxonomies-category-1.xml HTTP/1.1" 200 269 dartmoorrunners.co.uk "-" "Mozilla/5.0 AppleWebKit/537.36 (KHTML, like Gecko; compatible; bingbot/2.0; +http://www.bing.com/bingbot.htm) Chrome/116.0.1938.76 Safari/537.36" "-"
