82.165.88.0 - - [08/Feb/2024:00:29:42 +0100] "POST /wp-cron.php?doing_wp_cron=1707348582.2661590576171875000000 HTTP/1.1" 200 - dartmoorrunners.co.uk "http://dartmoorrunners.co.uk/wp-cron.php?doing_wp_cron=1707348582.2661590576171875000000" "WordPress/6.1.5; http://dartmoorrunners.co.uk" "-"
66.249.79.0 - - [08/Feb/2024:00:29:42 +0100] "GET /results/summer-series-2013-results HTTP/1.1" 200 25697 dartmoorrunners.co.uk "-" "Mozilla/5.0 (Linux; Android 6.0.1; Nexus 5X Build/MMB29P) AppleWebKit/537.36 (KHTML, like Gecko) Chrome/121.0.6167.85 Mobile Safari/537.36 (compatible; Googlebot/2.1; +http://www.google.com/bot.html)" "-"
66.249.79.0 - - [08/Feb/2024:00:29:47 +0100] "GET /wp-includes/css/classic-themes.min.css?ver=1 HTTP/1.1" 200 189 dartmoorrunners.co.uk "http://dartmoorrunners.co.uk/results/summer-series-2013-results" "Mozilla/5.0 (Linux; Android 6.0.1; Nexus 5X Build/MMB29P) AppleWebKit/537.36 (KHTML, like Gecko) Chrome/121.0.6167.85 Mobile Safari/537.36 (compatible; Googlebot/2.1; +http://www.google.com/bot.html)" "-"
87.236.146.0 - - [08/Feb/2024:00:29:53 +0100] "POST /wp-content/plugins/backup-backup/includes/backup-heart.php HTTP/1.1" 503 299 dartmoorrunners.co.uk "-" "python-requests/2.31.0" "-"
87.236.146.0 - - [08/Feb/2024:00:29:53 +0100] "GET /wp-content/plugins/backup-backup/includes/f HTTP/1.1" 404 24764 dartmoorrunners.co.uk "-" "python-requests/2.31.0" "-"
51.222.253.0 - - [08/Feb/2024:00:35:22 +0100] "GET /robots.txt HTTP/1.1" 200 121 dartmoorrunners.co.uk "-" "Mozilla/5.0 (compatible; AhrefsBot/7.0; +http://ahrefs.com/robot/)" "-"
82.165.88.0 - - [08/Feb/2024:01:43:05 +0100] "POST /wp-cron.php?doing_wp_cron=1707352985.5051360130310058593750 HTTP/1.1" 200 - dartmoorrunners.co.uk "http://dartmoorrunners.co.uk/wp-cron.php?doing_wp_cron=1707352985.5051360130310058593750" "WordPress/6.1.5; http://dartmoorrunners.co.uk" "-"
95.108.213.0 - - [08/Feb/2024:01:43:05 +0100] "GET /robots.txt HTTP/1.1" 301 - www.dartmoorrunners.co.uk "-" "Mozilla/5.0 (compatible; YandexBot/3.0; +http://yandex.com/bots)" "-"
95.108.213.0 - - [08/Feb/2024:01:43:06 +0100] "GET /robots.txt HTTP/1.1" 200 121 dartmoorrunners.co.uk "-" "Mozilla/5.0 (compatible; YandexBot/3.0; +http://yandex.com/bots)" "-"
213.180.203.0 - - [08/Feb/2024:01:43:06 +0100] "GET / HTTP/1.1" 301 - www.dartmoorrunners.co.uk "-" "Mozilla/5.0 (compatible; YandexBot/3.0; +http://yandex.com/bots)" "-"
213.180.203.0 - - [08/Feb/2024:01:45:10 +0100] "GET /robots.txt HTTP/1.1" 301 - www.dartmoorrunners.co.uk "-" "Mozilla/5.0 (compatible; YandexBot/3.0; +http://yandex.com/bots)" "-"
213.180.203.0 - - [08/Feb/2024:01:45:10 +0100] "GET /robots.txt HTTP/1.1" 200 121 dartmoorrunners.co.uk "-" "Mozilla/5.0 (compatible; YandexBot/3.0; +http://yandex.com/bots)" "-"
213.180.203.0 - - [08/Feb/2024:01:45:11 +0100] "GET / HTTP/1.1" 301 - www.dartmoorrunners.co.uk "-" "Mozilla/5.0 (compatible; YandexBot/3.0; +http://yandex.com/bots)" "-"
82.165.88.0 - - [08/Feb/2024:03:12:49 +0100] "POST /wp-cron.php?doing_wp_cron=1707358369.8505270481109619140625 HTTP/1.1" 200 - dartmoorrunners.co.uk "http://dartmoorrunners.co.uk/wp-cron.php?doing_wp_cron=1707358369.8505270481109619140625" "WordPress/6.1.5; http://dartmoorrunners.co.uk" "-"
87.250.224.0 - - [08/Feb/2024:03:12:49 +0100] "GET /robots.txt HTTP/1.1" 200 121 dartmoorrunners.co.uk "-" "Mozilla/5.0 (compatible; YandexBot/3.0; +http://yandex.com/bots)" "-"
95.108.213.0 - - [08/Feb/2024:03:12:50 +0100] "GET / HTTP/1.1" 200 31575 dartmoorrunners.co.uk "-" "Mozilla/5.0 (compatible; YandexBot/3.0; +http://yandex.com/bots)" "-"
87.250.224.0 - - [08/Feb/2024:03:14:55 +0100] "GET / HTTP/1.1" 200 31575 dartmoorrunners.co.uk "-" "Mozilla/5.0 (compatible; YandexBot/3.0; +http://yandex.com/bots)" "-"
202.64.124.0 - - [08/Feb/2024:03:57:59 +0100] "POST /wp-login.php HTTP/1.1" 200 9043 dartmoorrunners.co.uk "http://dartmoorrunners.co.uk/" "Mozilla/5.0 (Windows NT 6.1; WOW64; Trident/7.0; rv:11.0) like Gecko" "-"
82.165.88.0 - - [08/Feb/2024:03:57:59 +0100] "POST /wp-cron.php?doing_wp_cron=1707361079.8626480102539062500000 HTTP/1.1" 200 - dartmoorrunners.co.uk "http://dartmoorrunners.co.uk/wp-cron.php?doing_wp_cron=1707361079.8626480102539062500000" "WordPress/6.1.5; http://dartmoorrunners.co.uk" "-"
202.64.124.0 - - [08/Feb/2024:03:58:11 +0100] "POST /wp-login.php HTTP/1.1" 200 9053 dartmoorrunners.co.uk "http://dartmoorrunners.co.uk/" "Mozilla/5.0 (Windows NT 6.1; WOW64; Trident/7.0; rv:11.0) like Gecko" "-"
54.229.109.0 - - [08/Feb/2024:04:18:24 +0100] "GET /summer-series-2023 HTTP/1.1" 301 - www.dartmoorrunners.co.uk "-" "Mozilla/5.0 (Windows NT 6.2; WOW64)" "-"
54.229.109.0 - - [08/Feb/2024:04:18:24 +0100] "GET /summer-series-2023 HTTP/1.1" 200 27250 dartmoorrunners.co.uk "-" "Mozilla/5.0 (Windows NT 6.2; WOW64)" "-"
192.42.116.0 - - [08/Feb/2024:04:28:04 +0100] "POST /xmlrpc.php HTTP/1.1" 200 403 dartmoorrunners.co.uk "-" "Mozilla/5.0 (Windows NT 10.0; WOW64) AppleWebKit/537.36 (KHTML, like Gecko) Chrome/72.0.3626.121 Safari/537.36" "-"
192.42.116.0 - - [08/Feb/2024:04:28:05 +0100] "POST /xmlrpc.php HTTP/1.1" 200 403 dartmoorrunners.co.uk "-" "Mozilla/5.0 (Windows NT 10.0; WOW64) AppleWebKit/537.36 (KHTML, like Gecko) Chrome/72.0.3626.121 Safari/537.36" "-"
192.42.116.0 - - [08/Feb/2024:04:28:06 +0100] "POST /xmlrpc.php HTTP/1.1" 403 618 dartmoorrunners.co.uk "-" "Mozilla/5.0 (Windows NT 10.0; WOW64) AppleWebKit/537.36 (KHTML, like Gecko) Chrome/72.0.3626.121 Safari/537.36" "-"
192.42.116.0 - - [08/Feb/2024:04:28:07 +0100] "POST /xmlrpc.php HTTP/1.1" 403 618 dartmoorrunners.co.uk "-" "Mozilla/5.0 (Windows NT 10.0; WOW64) AppleWebKit/537.36 (KHTML, like Gecko) Chrome/72.0.3626.121 Safari/537.36" "-"
192.42.116.0 - - [08/Feb/2024:04:28:08 +0100] "POST /xmlrpc.php HTTP/1.1" 403 618 dartmoorrunners.co.uk "-" "Mozilla/5.0 (Windows NT 10.0; WOW64) AppleWebKit/537.36 (KHTML, like Gecko) Chrome/72.0.3626.121 Safari/537.36" "-"
82.165.88.0 - - [08/Feb/2024:05:12:50 +0100] "POST /wp-cron.php?doing_wp_cron=1707365570.7554750442504882812500 HTTP/1.1" 200 - dartmoorrunners.co.uk "http://dartmoorrunners.co.uk/wp-cron.php?doing_wp_cron=1707365570.7554750442504882812500" "WordPress/6.1.5; http://dartmoorrunners.co.uk" "-"
95.108.213.0 - - [08/Feb/2024:05:12:50 +0100] "GET /robots.txt HTTP/1.1" 301 - www.dartmoorrunners.co.uk "-" "Mozilla/5.0 (compatible; YandexBot/3.0; +http://yandex.com/bots)" "-"
95.108.213.0 - - [08/Feb/2024:05:13:22 +0100] "GET /robots.txt HTTP/1.1" 200 121 dartmoorrunners.co.uk "-" "Mozilla/5.0 (compatible; YandexBot/3.0; +http://yandex.com/bots)" "-"
213.180.203.0 - - [08/Feb/2024:05:13:23 +0100] "GET / HTTP/1.1" 301 - www.dartmoorrunners.co.uk "-" "Mozilla/5.0 (compatible; YandexBot/3.0; +http://yandex.com/bots)" "-"
5.255.231.0 - - [08/Feb/2024:05:14:55 +0100] "GET /robots.txt HTTP/1.1" 301 - www.dartmoorrunners.co.uk "-" "Mozilla/5.0 (compatible; YandexBot/3.0; +http://yandex.com/bots)" "-"
5.255.231.0 - - [08/Feb/2024:05:14:55 +0100] "GET /robots.txt HTTP/1.1" 200 121 dartmoorrunners.co.uk "-" "Mozilla/5.0 (compatible; YandexBot/3.0; +http://yandex.com/bots)" "-"
5.255.231.0 - - [08/Feb/2024:05:14:56 +0100] "GET / HTTP/1.1" 301 - www.dartmoorrunners.co.uk "-" "Mozilla/5.0 (compatible; YandexBot/3.0; +http://yandex.com/bots)" "-"
172.233.201.0 - - [08/Feb/2024:05:22:28 +0100] "GET //wp-content/plugins/fix/up.php HTTP/1.1" 301 - dartmoorrunners.co.uk "-" "Mozilla/5.0 (Windows NT 10.0; Win64; x64) AppleWebKit/537.36 (KHTML, like Gecko) Chrome/85.0.4183.102 Safari/537.36" "-"
172.233.201.0 - - [08/Feb/2024:05:22:28 +0100] "GET /wp-content/plugins/fix/up.php HTTP/1.1" 404 24763 dartmoorrunners.co.uk "-" "Mozilla/5.0 (Windows NT 10.0; Win64; x64) AppleWebKit/537.36 (KHTML, like Gecko) Chrome/85.0.4183.102 Safari/537.36" "-"
82.165.88.0 - - [08/Feb/2024:05:48:12 +0100] "POST /wp-cron.php?doing_wp_cron=1707367692.3063271045684814453125 HTTP/1.1" 200 - dartmoorrunners.co.uk "http://dartmoorrunners.co.uk/wp-cron.php?doing_wp_cron=1707367692.3063271045684814453125" "WordPress/6.1.5; http://dartmoorrunners.co.uk" "-"
195.191.219.0 - - [08/Feb/2024:05:48:12 +0100] "GET /robots.txt HTTP/1.1" 200 121 dartmoorrunners.co.uk "-" "Mozilla/5.0 (compatible; MJ12bot/v1.4.8; http://mj12bot.com/)" "-"
195.191.219.0 - - [08/Feb/2024:05:48:14 +0100] "GET / HTTP/1.1" 200 31575 dartmoorrunners.co.uk "-" "Mozilla/5.0 (compatible; MJ12bot/v1.4.8; http://mj12bot.com/)" "-"
66.249.76.0 - - [08/Feb/2024:06:07:45 +0100] "GET /robots.txt HTTP/1.1" 200 121 dartmoorrunners.co.uk "-" "Mozilla/5.0 (compatible; Googlebot/2.1; +http://www.google.com/bot.html)" "-"
66.249.79.0 - - [08/Feb/2024:06:07:57 +0100] "GET / HTTP/1.1" 200 31575 dartmoorrunners.co.uk "-" "Mozilla/5.0 (compatible; Googlebot/2.1; +http://www.google.com/bot.html)" "-"
213.180.203.0 - - [08/Feb/2024:06:30:59 +0100] "GET /robots.txt HTTP/1.1" 200 121 dartmoorrunners.co.uk "-" "Mozilla/5.0 (compatible; YandexBot/3.0; +http://yandex.com/bots)" "-"
82.165.88.0 - - [08/Feb/2024:06:31:00 +0100] "POST /wp-cron.php?doing_wp_cron=1707370259.9912350177764892578125 HTTP/1.1" 200 - dartmoorrunners.co.uk "http://dartmoorrunners.co.uk/wp-cron.php?doing_wp_cron=1707370259.9912350177764892578125" "WordPress/6.1.5; http://dartmoorrunners.co.uk" "-"
213.180.203.0 - - [08/Feb/2024:06:31:00 +0100] "GET / HTTP/1.1" 200 31575 dartmoorrunners.co.uk "-" "Mozilla/5.0 (compatible; YandexBot/3.0; +http://yandex.com/bots)" "-"
5.255.231.0 - - [08/Feb/2024:06:32:54 +0100] "GET / HTTP/1.1" 200 31575 dartmoorrunners.co.uk "-" "Mozilla/5.0 (compatible; YandexBot/3.0; +http://yandex.com/bots)" "-"
13.112.99.0 - - [08/Feb/2024:06:33:35 +0100] "POST /wp-login.php HTTP/1.1" 200 9043 dartmoorrunners.co.uk "http://dartmoorrunners.co.uk/" "Mozilla/5.0 (Windows NT 6.1; WOW64; Trident/7.0; rv:11.0) like Gecko" "-"
18.183.236.0 - - [08/Feb/2024:06:33:36 +0100] "POST /wp-login.php HTTP/1.1" 200 9053 dartmoorrunners.co.uk "http://dartmoorrunners.co.uk/" "Mozilla/5.0 (Windows NT 6.1; WOW64; Trident/7.0; rv:11.0) like Gecko" "-"
66.249.79.0 - - [08/Feb/2024:07:16:16 +0100] "GET /ads.txt HTTP/1.1" 200 160 dartmoorrunners.co.uk "-" "Mozilla/5.0 (compatible; Googlebot/2.1; +http://www.google.com/bot.html)" "-"
5.188.62.0 - - [08/Feb/2024:07:54:53 +0100] "GET /wp-login.php?wp_lang=en_US HTTP/1.1" 200 6947 dartmoorrunners.co.uk "-" "Mozilla/5.0 (Windows NT 10.0; Win64; x64) AppleWebKit/537.36 (KHTML, like Gecko) Chrome/100.0.4895.86 Safari/537.36" "-"
82.165.88.0 - - [08/Feb/2024:07:54:55 +0100] "POST /wp-cron.php?doing_wp_cron=1707375295.0323839187622070312500 HTTP/1.1" 200 - dartmoorrunners.co.uk "http://dartmoorrunners.co.uk/wp-cron.php?doing_wp_cron=1707375295.0323839187622070312500" "WordPress/6.1.5; http://dartmoorrunners.co.uk" "-"
5.188.62.0 - - [08/Feb/2024:07:54:55 +0100] "GET /wp-login.php?wp_lang=en_US HTTP/1.1" 200 6947 dartmoorrunners.co.uk "-" "Mozilla/5.0 (Windows NT 6.1; WOW64) AppleWebKit/537.36 (KHTML, like Gecko) Chrome/100.0.4758.11 Safari/537.36" "-"
5.188.62.0 - - [08/Feb/2024:07:55:00 +0100] "POST /wp-login.php?wp_lang=en_US HTTP/1.1" 200 7367 dartmoorrunners.co.uk "-" "Mozilla/5.0 (Windows NT 10.0; Win64; x64) AppleWebKit/537.36 (KHTML, like Gecko) Chrome/100.0.4895.86 Safari/537.36" "-"
5.188.62.0 - - [08/Feb/2024:07:55:00 +0100] "POST /wp-login.php?wp_lang=en_US HTTP/1.1" 200 7377 dartmoorrunners.co.uk "-" "Mozilla/5.0 (Windows NT 6.1; WOW64) AppleWebKit/537.36 (KHTML, like Gecko) Chrome/100.0.4758.11 Safari/537.36" "-"
5.255.231.0 - - [08/Feb/2024:08:42:40 +0100] "GET /robots.txt HTTP/1.1" 301 - www.dartmoorrunners.co.uk "-" "Mozilla/5.0 (compatible; YandexBot/3.0; +http://yandex.com/bots)" "-"
82.165.88.0 - - [08/Feb/2024:08:42:41 +0100] "POST /wp-cron.php?doing_wp_cron=1707378161.1047959327697753906250 HTTP/1.1" 200 - dartmoorrunners.co.uk "http://dartmoorrunners.co.uk/wp-cron.php?doing_wp_cron=1707378161.1047959327697753906250" "WordPress/6.1.5; http://dartmoorrunners.co.uk" "-"
5.255.231.0 - - [08/Feb/2024:08:42:42 +0100] "GET /robots.txt HTTP/1.1" 200 121 dartmoorrunners.co.uk "-" "Mozilla/5.0 (compatible; YandexBot/3.0; +http://yandex.com/bots)" "-"
5.255.231.0 - - [08/Feb/2024:08:42:43 +0100] "GET / HTTP/1.1" 301 - www.dartmoorrunners.co.uk "-" "Mozilla/5.0 (compatible; YandexBot/3.0; +http://yandex.com/bots)" "-"
87.250.224.0 - - [08/Feb/2024:08:44:46 +0100] "GET /robots.txt HTTP/1.1" 301 - www.dartmoorrunners.co.uk "-" "Mozilla/5.0 (compatible; YandexBot/3.0; +http://yandex.com/bots)" "-"
87.250.224.0 - - [08/Feb/2024:08:44:46 +0100] "GET /robots.txt HTTP/1.1" 200 121 dartmoorrunners.co.uk "-" "Mozilla/5.0 (compatible; YandexBot/3.0; +http://yandex.com/bots)" "-"
5.255.231.0 - - [08/Feb/2024:08:44:47 +0100] "GET / HTTP/1.1" 301 - www.dartmoorrunners.co.uk "-" "Mozilla/5.0 (compatible; YandexBot/3.0; +http://yandex.com/bots)" "-"
82.165.88.0 - - [08/Feb/2024:09:51:07 +0100] "POST /wp-cron.php?doing_wp_cron=1707382267.8505260944366455078125 HTTP/1.1" 200 - dartmoorrunners.co.uk "http://dartmoorrunners.co.uk/wp-cron.php?doing_wp_cron=1707382267.8505260944366455078125" "WordPress/6.1.5; http://dartmoorrunners.co.uk" "-"
87.250.224.0 - - [08/Feb/2024:09:51:07 +0100] "GET /robots.txt HTTP/1.1" 200 121 dartmoorrunners.co.uk "-" "Mozilla/5.0 (compatible; YandexBot/3.0; +http://yandex.com/bots)" "-"
5.255.231.0 - - [08/Feb/2024:09:51:08 +0100] "GET / HTTP/1.1" 200 31575 dartmoorrunners.co.uk "-" "Mozilla/5.0 (compatible; YandexBot/3.0; +http://yandex.com/bots)" "-"
95.108.213.0 - - [08/Feb/2024:09:52:55 +0100] "GET /robots.txt HTTP/1.1" 200 121 dartmoorrunners.co.uk "-" "Mozilla/5.0 (compatible; YandexBot/3.0; +http://yandex.com/bots)" "-"
87.250.224.0 - - [08/Feb/2024:09:52:55 +0100] "GET / HTTP/1.1" 200 31575 dartmoorrunners.co.uk "-" "Mozilla/5.0 (compatible; YandexBot/3.0; +http://yandex.com/bots)" "-"
52.167.144.0 - - [08/Feb/2024:10:09:20 +0100] "GET /sitemap.xml HTTP/1.1" 302 - dartmoorrunners.co.uk "-" "Mozilla/5.0 AppleWebKit/537.36 (KHTML, like Gecko; compatible; bingbot/2.0; +http://www.bing.com/bingbot.htm) Chrome/116.0.1938.76 Safari/537.36" "-"
52.167.144.0 - - [08/Feb/2024:10:09:21 +0100] "GET /wp-sitemap.xml HTTP/1.1" 200 562 dartmoorrunners.co.uk "-" "Mozilla/5.0 AppleWebKit/537.36 (KHTML, like Gecko; compatible; bingbot/2.0; +http://www.bing.com/bingbot.htm) Chrome/116.0.1938.76 Safari/537.36" "-"
57.180.253.0 - - [08/Feb/2024:10:10:03 +0100] "POST /wp-login.php HTTP/1.1" 200 9043 dartmoorrunners.co.uk "http://dartmoorrunners.co.uk/" "Mozilla/5.0 (Windows NT 6.1; WOW64; Trident/7.0; rv:11.0) like Gecko" "-"
38.150.13.0 - - [08/Feb/2024:10:10:04 +0100] "POST /wp-login.php HTTP/1.1" 200 9053 dartmoorrunners.co.uk "http://dartmoorrunners.co.uk/" "Mozilla/5.0 (Windows NT 6.1; WOW64; Trident/7.0; rv:11.0) like Gecko" "-"
192.42.116.0 - - [08/Feb/2024:10:13:29 +0100] "POST /xmlrpc.php HTTP/1.1" 200 403 dartmoorrunners.co.uk "-" "Mozilla/5.0 (Windows NT 10.0; Win64; x64) AppleWebKit/537.36 (KHTML, like Gecko) Chrome/81.0.4044.138 Safari/537.36" "-"
192.42.116.0 - - [08/Feb/2024:10:13:30 +0100] "POST /xmlrpc.php HTTP/1.1" 200 403 dartmoorrunners.co.uk "-" "Mozilla/5.0 (Windows NT 10.0; Win64; x64) AppleWebKit/537.36 (KHTML, like Gecko) Chrome/81.0.4044.138 Safari/537.36" "-"
192.42.116.0 - - [08/Feb/2024:10:13:31 +0100] "POST /xmlrpc.php HTTP/1.1" 403 618 dartmoorrunners.co.uk "-" "Mozilla/5.0 (Windows NT 10.0; Win64; x64) AppleWebKit/537.36 (KHTML, like Gecko) Chrome/81.0.4044.138 Safari/537.36" "-"
192.42.116.0 - - [08/Feb/2024:10:13:32 +0100] "POST /xmlrpc.php HTTP/1.1" 403 618 dartmoorrunners.co.uk "-" "Mozilla/5.0 (Windows NT 10.0; Win64; x64) AppleWebKit/537.36 (KHTML, like Gecko) Chrome/81.0.4044.138 Safari/537.36" "-"
192.42.116.0 - - [08/Feb/2024:10:13:33 +0100] "POST /xmlrpc.php HTTP/1.1" 403 618 dartmoorrunners.co.uk "-" "Mozilla/5.0 (Windows NT 10.0; Win64; x64) AppleWebKit/537.36 (KHTML, like Gecko) Chrome/81.0.4044.138 Safari/537.36" "-"
130.255.162.0 - - [08/Feb/2024:10:22:49 +0100] "GET /robots.txt HTTP/1.1" 200 121 dartmoorrunners.co.uk "-" "Mozilla/5.0 (Windows NT 10.0; Win64; x64) AppleWebKit/537.36 (KHTML, like Gecko) Chrome/102.0.5005.63 Safari/537.36" "-"
93.158.98.0 - - [08/Feb/2024:10:22:49 +0100] "GET /wp-sitemap.xml HTTP/1.1" 200 562 dartmoorrunners.co.uk "-" "Mozilla/5.0 (Windows NT 10.0; Win64; x64) AppleWebKit/537.36 (KHTML, like Gecko) Chrome/102.0.5005.63 Safari/537.36" "-"
146.247.229.0 - - [08/Feb/2024:10:22:49 +0100] "GET /humans.txt HTTP/1.1" 404 24763 dartmoorrunners.co.uk "-" "Mozilla/5.0 (Windows NT 10.0; Win64; x64) AppleWebKit/537.36 (KHTML, like Gecko) Chrome/102.0.5005.63 Safari/537.36" "-"
130.255.163.0 - - [08/Feb/2024:10:22:50 +0100] "GET /ads.txt HTTP/1.1" 200 160 dartmoorrunners.co.uk "-" "Mozilla/5.0 (Windows NT 10.0; Win64; x64) AppleWebKit/537.36 (KHTML, like Gecko) Chrome/102.0.5005.63 Safari/537.36" "-"
151.248.1.0 - - [08/Feb/2024:10:22:50 +0100] "GET / HTTP/1.1" 200 31575 dartmoorrunners.co.uk "-" "Mozilla/5.0 (Windows NT 10.0; Win64; x64) AppleWebKit/537.36 (KHTML, like Gecko) Chrome/102.0.5005.63 Safari/537.36" "-"
82.165.88.0 - - [08/Feb/2024:11:01:03 +0100] "POST /wp-cron.php?doing_wp_cron=1707386463.4656310081481933593750 HTTP/1.1" 200 - dartmoorrunners.co.uk "http://dartmoorrunners.co.uk/wp-cron.php?doing_wp_cron=1707386463.4656310081481933593750" "WordPress/6.1.5; http://dartmoorrunners.co.uk" "-"
40.77.167.0 - - [08/Feb/2024:11:01:03 +0100] "GET /sitemap.xml HTTP/1.1" 302 - dartmoorrunners.co.uk "-" "Mozilla/5.0 AppleWebKit/537.36 (KHTML, like Gecko; compatible; bingbot/2.0; +http://www.bing.com/bingbot.htm) Chrome/116.0.1938.76 Safari/537.36" "-"
40.77.167.0 - - [08/Feb/2024:11:01:04 +0100] "GET /wp-sitemap.xml HTTP/1.1" 200 562 dartmoorrunners.co.uk "-" "Mozilla/5.0 AppleWebKit/537.36 (KHTML, like Gecko; compatible; bingbot/2.0; +http://www.bing.com/bingbot.htm) Chrome/116.0.1938.76 Safari/537.36" "-"
114.119.136.0 - - [08/Feb/2024:11:03:10 +0100] "GET /robots.txt HTTP/1.1" 200 121 dartmoorrunners.co.uk "-" "Mozilla/5.0 (compatible;PetalBot;+https://webmaster.petalsearch.com/site/petalbot)" "-"
82.165.88.0 - - [08/Feb/2024:11:19:06 +0100] "POST /wp-cron.php?doing_wp_cron=1707387546.5620300769805908203125 HTTP/1.1" 200 - dartmoorrunners.co.uk "http://dartmoorrunners.co.uk/wp-cron.php?doing_wp_cron=1707387546.5620300769805908203125" "WordPress/6.1.5; http://dartmoorrunners.co.uk" "-"
5.188.62.0 - - [08/Feb/2024:11:19:06 +0100] "GET /wp-login.php?wp_lang=en_US HTTP/1.1" 200 6947 dartmoorrunners.co.uk "-" "Mozilla/5.0 (Windows NT 6.1; WOW64) AppleWebKit/537.36 (KHTML, like Gecko) Chrome/100.0.4896.127 Safari/537.36" "-"
5.188.62.0 - - [08/Feb/2024:11:19:11 +0100] "POST /wp-login.php?wp_lang=en_US HTTP/1.1" 200 7367 dartmoorrunners.co.uk "-" "Mozilla/5.0 (Windows NT 6.1; WOW64) AppleWebKit/537.36 (KHTML, like Gecko) Chrome/100.0.4896.127 Safari/537.36" "-"
54.36.148.0 - - [08/Feb/2024:11:26:15 +0100] "GET /results/summer-series-2012-results HTTP/1.1" 200 39432 dartmoorrunners.co.uk "-" "Mozilla/5.0 (compatible; AhrefsBot/7.0; +http://ahrefs.com/robot/)" "-"
82.165.88.0 - - [08/Feb/2024:11:38:05 +0100] "POST /wp-cron.php?doing_wp_cron=1707388685.8363769054412841796875 HTTP/1.1" 200 - dartmoorrunners.co.uk "http://dartmoorrunners.co.uk/wp-cron.php?doing_wp_cron=1707388685.8363769054412841796875" "WordPress/6.1.5; http://dartmoorrunners.co.uk" "-"
207.46.13.0 - - [08/Feb/2024:11:38:05 +0100] "GET /robots.txt HTTP/1.1" 301 - www.dartmoorrunners.co.uk "-" "Mozilla/5.0 AppleWebKit/537.36 (KHTML, like Gecko; compatible; bingbot/2.0; +http://www.bing.com/bingbot.htm) Chrome/116.0.1938.76 Safari/537.36" "-"
207.46.13.0 - - [08/Feb/2024:11:38:06 +0100] "GET /robots.txt HTTP/1.1" 200 121 dartmoorrunners.co.uk "-" "Mozilla/5.0 AppleWebKit/537.36 (KHTML, like Gecko; compatible; bingbot/2.0; +http://www.bing.com/bingbot.htm) Chrome/116.0.1938.76 Safari/537.36" "-"
40.77.167.0 - - [08/Feb/2024:11:38:11 +0100] "GET /sitemap.xml HTTP/1.1" 302 - www.dartmoorrunners.co.uk "-" "Mozilla/5.0 AppleWebKit/537.36 (KHTML, like Gecko; compatible; bingbot/2.0; +http://www.bing.com/bingbot.htm) Chrome/116.0.1938.76 Safari/537.36" "-"
40.77.167.0 - - [08/Feb/2024:11:38:20 +0100] "GET /wp-sitemap.xml HTTP/1.1" 200 562 dartmoorrunners.co.uk "-" "Mozilla/5.0 AppleWebKit/537.36 (KHTML, like Gecko; compatible; bingbot/2.0; +http://www.bing.com/bingbot.htm) Chrome/116.0.1938.76 Safari/537.36" "-"
213.180.203.0 - - [08/Feb/2024:12:17:58 +0100] "GET /robots.txt HTTP/1.1" 301 - www.dartmoorrunners.co.uk "-" "Mozilla/5.0 (compatible; YandexBot/3.0; +http://yandex.com/bots)" "-"
213.180.203.0 - - [08/Feb/2024:12:17:58 +0100] "GET /robots.txt HTTP/1.1" 200 121 dartmoorrunners.co.uk "-" "Mozilla/5.0 (compatible; YandexBot/3.0; +http://yandex.com/bots)" "-"
5.255.231.0 - - [08/Feb/2024:12:17:59 +0100] "GET / HTTP/1.1" 301 - www.dartmoorrunners.co.uk "-" "Mozilla/5.0 (compatible; YandexBot/3.0; +http://yandex.com/bots)" "-"
87.250.224.0 - - [08/Feb/2024:12:20:02 +0100] "GET / HTTP/1.1" 301 - www.dartmoorrunners.co.uk "-" "Mozilla/5.0 (compatible; YandexBot/3.0; +http://yandex.com/bots)" "-"
66.249.79.0 - - [08/Feb/2024:12:34:44 +0100] "GET / HTTP/1.1" 200 31575 dartmoorrunners.co.uk "-" "Mozilla/5.0 (compatible; Googlebot/2.1; +http://www.google.com/bot.html)" "-"
82.165.88.0 - - [08/Feb/2024:12:34:45 +0100] "POST /wp-cron.php?doing_wp_cron=1707392085.1308729648590087890625 HTTP/1.1" 200 - dartmoorrunners.co.uk "http://dartmoorrunners.co.uk/wp-cron.php?doing_wp_cron=1707392085.1308729648590087890625" "WordPress/6.1.5; http://dartmoorrunners.co.uk" "-"
213.180.203.0 - - [08/Feb/2024:13:15:48 +0100] "GET /robots.txt HTTP/1.1" 200 121 dartmoorrunners.co.uk "-" "Mozilla/5.0 (compatible; YandexBot/3.0; +http://yandex.com/bots)" "-"
95.108.213.0 - - [08/Feb/2024:13:15:48 +0100] "GET / HTTP/1.1" 200 31575 dartmoorrunners.co.uk "-" "Mozilla/5.0 (compatible; YandexBot/3.0; +http://yandex.com/bots)" "-"
95.108.213.0 - - [08/Feb/2024:13:17:22 +0100] "GET /robots.txt HTTP/1.1" 200 121 dartmoorrunners.co.uk "-" "Mozilla/5.0 (compatible; YandexBot/3.0; +http://yandex.com/bots)" "-"
5.255.231.0 - - [08/Feb/2024:13:17:23 +0100] "GET / HTTP/1.1" 200 31575 dartmoorrunners.co.uk "-" "Mozilla/5.0 (compatible; YandexBot/3.0; +http://yandex.com/bots)" "-"
52.167.144.0 - - [08/Feb/2024:13:23:26 +0100] "GET /wp-sitemap-users-1.xml HTTP/1.1" 200 261 dartmoorrunners.co.uk "-" "Mozilla/5.0 AppleWebKit/537.36 (KHTML, like Gecko; compatible; bingbot/2.0; +http://www.bing.com/bingbot.htm) Chrome/116.0.1938.76 Safari/537.36" "-"
66.249.78.0 - - [08/Feb/2024:13:43:48 +0100] "GET / HTTP/1.1" 200 31575 dartmoorrunners.co.uk "-" "Mozilla/5.0 (compatible; Googlebot/2.1; +http://www.google.com/bot.html)" "-"
82.165.88.0 - - [08/Feb/2024:13:43:49 +0100] "POST /wp-cron.php?doing_wp_cron=1707396229.1547110080718994140625 HTTP/1.1" 200 - dartmoorrunners.co.uk "http://dartmoorrunners.co.uk/wp-cron.php?doing_wp_cron=1707396229.1547110080718994140625" "WordPress/6.1.5; http://dartmoorrunners.co.uk" "-"
54.169.249.0 - - [08/Feb/2024:13:45:14 +0100] "POST /wp-login.php HTTP/1.1" 200 9043 dartmoorrunners.co.uk "http://dartmoorrunners.co.uk/" "Mozilla/5.0 (Windows NT 6.1; WOW64; Trident/7.0; rv:11.0) like Gecko" "-"
52.221.239.0 - - [08/Feb/2024:13:45:20 +0100] "POST /wp-login.php HTTP/1.1" 200 9053 dartmoorrunners.co.uk "http://dartmoorrunners.co.uk/" "Mozilla/5.0 (Windows NT 6.1; WOW64; Trident/7.0; rv:11.0) like Gecko" "-"
184.154.76.0 - - [08/Feb/2024:14:34:05 +0100] "GET / HTTP/1.1" 301 - www.dartmoorrunners.co.uk "http://www.google.com/url?url=www.dartmoorrunners.co.uk&yahoo.com" "Mozilla/5.0 (compatible; MSIE 9.0; Windows NT 6.1; WOW64; Trident/6.0)" "-"
82.165.88.0 - - [08/Feb/2024:14:34:06 +0100] "POST /wp-cron.php?doing_wp_cron=1707399246.1315569877624511718750 HTTP/1.1" 200 - dartmoorrunners.co.uk "http://dartmoorrunners.co.uk/wp-cron.php?doing_wp_cron=1707399246.1315569877624511718750" "WordPress/6.1.5; http://dartmoorrunners.co.uk" "-"
184.154.76.0 - - [08/Feb/2024:14:34:07 +0100] "GET / HTTP/1.1" 200 31575 dartmoorrunners.co.uk "http://www.google.com/url?url=dartmoorrunners.co.uk&yahoo.com" "Mozilla/5.0 (compatible; MSIE 9.0; Windows NT 6.1; WOW64; Trident/6.0)" "-"
184.154.76.0 - - [08/Feb/2024:14:34:09 +0100] "GET /th1s_1s_a_4o4.html HTTP/1.1" 404 24763 dartmoorrunners.co.uk "-" "SiteLockSpider [en] (WinNT; I ;Nav)" "-"
184.154.76.0 - - [08/Feb/2024:14:34:10 +0100] "GET /wp-includes/js/wp-emoji-release.min.js?ver=6.1.5 HTTP/1.1" 200 18617 dartmoorrunners.co.uk "http://www.google.com/url?url=dartmoorrunners.co.uk&yahoo.com" "Mozilla/5.0 (compatible; MSIE 9.0; Windows NT 6.1; WOW64; Trident/6.0)" "-"
184.154.76.0 - - [08/Feb/2024:14:34:11 +0100] "GET /summer-series-2019-results HTTP/1.1" 200 25727 dartmoorrunners.co.uk "-" "SiteLockSpider [en] (WinNT; I ;Nav)" "-"
184.154.76.0 - - [08/Feb/2024:14:34:12 +0100] "GET / HTTP/1.1" 200 31575 dartmoorrunners.co.uk "-" "SiteLockSpider [en] (WinNT; I ;Nav)" "-"
184.154.76.0 - - [08/Feb/2024:14:34:13 +0100] "GET /feed HTTP/1.1" 200 1728 dartmoorrunners.co.uk "-" "SiteLockSpider [en] (WinNT; I ;Nav)" "-"
184.154.76.0 - - [08/Feb/2024:14:34:14 +0100] "GET /results/winter-series-2013-results HTTP/1.1" 200 25734 dartmoorrunners.co.uk "http://www.google.com/url?url=dartmoorrunners.co.uk&yahoo.com" "Mozilla/5.0 (compatible; MSIE 9.0; Windows NT 6.1; WOW64; Trident/6.0)" "-"
184.154.76.0 - - [08/Feb/2024:14:34:16 +0100] "GET /xmlrpc.php?rsd HTTP/1.1" 200 834 dartmoorrunners.co.uk "-" "SiteLockSpider [en] (WinNT; I ;Nav)" "-"
184.154.76.0 - - [08/Feb/2024:14:34:16 +0100] "GET /results/summer-series-2015-results HTTP/1.1" 200 25685 dartmoorrunners.co.uk "-" "SiteLockSpider [en] (WinNT; I ;Nav)" "-"
184.154.76.0 - - [08/Feb/2024:14:34:18 +0100] "GET /results/summer-series-2014-results HTTP/1.1" 200 25685 dartmoorrunners.co.uk "-" "SiteLockSpider [en] (WinNT; I ;Nav)" "-"
184.154.76.0 - - [08/Feb/2024:14:34:19 +0100] "GET /winter-series-2019-results HTTP/1.1" 200 25727 dartmoorrunners.co.uk "-" "SiteLockSpider [en] (WinNT; I ;Nav)" "-"
184.154.76.0 - - [08/Feb/2024:14:34:20 +0100] "GET /results/summer-series-2017-results HTTP/1.1" 200 25706 dartmoorrunners.co.uk "-" "SiteLockSpider [en] (WinNT; I ;Nav)" "-"
184.154.76.0 - - [08/Feb/2024:14:34:21 +0100] "GET /wp-json/oembed/1.0/embed?url=http%3A%2F%2Fdartmoorrunners.co.uk%2Fresults%2Fsummer-series-2017-results HTTP/1.1" 200 2560 dartmoorrunners.co.uk "http://www.google.com/url?url=dartmoorrunners.co.uk&yahoo.com" "Mozilla/5.0 (compatible; MSIE 9.0; Windows NT 6.1; WOW64; Trident/6.0)" "-"
184.154.76.0 - - [08/Feb/2024:14:34:22 +0100] "GET /wp-json/wp/v2/pages/363 HTTP/1.1" 200 2074 dartmoorrunners.co.uk "http://www.google.com/url?url=dartmoorrunners.co.uk&yahoo.com" "Mozilla/5.0 (compatible; MSIE 9.0; Windows NT 6.1; WOW64; Trident/6.0)" "-"
184.154.76.0 - - [08/Feb/2024:14:34:22 +0100] "GET /wp-json/oembed/1.0/embed?url=http%3A%2F%2Fdartmoorrunners.co.uk%2F&format=xml HTTP/1.1" 200 2495 dartmoorrunners.co.uk "-" "SiteLockSpider [en] (WinNT; I ;Nav)" "-"
184.154.76.0 - - [08/Feb/2024:14:34:23 +0100] "GET /wp-json/oembed/1.0/embed?url=http%3A%2F%2Fdartmoorrunners.co.uk%2Fresults%2Fsummer-series-2014-results HTTP/1.1" 200 2560 dartmoorrunners.co.uk "-" "SiteLockSpider [en] (WinNT; I ;Nav)" "-"
184.154.76.0 - - [08/Feb/2024:14:34:24 +0100] "GET /wp-json/oembed/1.0/embed?url=http%3A%2F%2Fdartmoorrunners.co.uk%2Fsummer-series-2019-results&format=xml HTTP/1.1" 200 2611 dartmoorrunners.co.uk "-" "SiteLockSpider [en] (WinNT; I ;Nav)" "-"
184.154.76.0 - - [08/Feb/2024:14:34:24 +0100] "GET /wp-json/oembed/1.0/embed?url=http%3A%2F%2Fdartmoorrunners.co.uk%2Fresults%2Fsummer-series-2014-results&format=xml HTTP/1.1" 200 2627 dartmoorrunners.co.uk "-" "SiteLockSpider [en] (WinNT; I ;Nav)" "-"
184.154.76.0 - - [08/Feb/2024:14:34:25 +0100] "GET /comments/feed HTTP/1.1" 200 827 dartmoorrunners.co.uk "http://www.google.com/url?url=dartmoorrunners.co.uk&yahoo.com" "Mozilla/5.0 (compatible; MSIE 9.0; Windows NT 6.1; WOW64; Trident/6.0)" "-"
184.154.76.0 - - [08/Feb/2024:14:34:26 +0100] "GET /feed/readme.html HTTP/1.1" 404 24763 dartmoorrunners.co.uk "-" "SiteLockSpider [en] (WinNT; I ;Nav)" "-"
184.154.76.0 - - [08/Feb/2024:14:34:26 +0100] "GET /readme.html HTTP/1.1" 200 7389 dartmoorrunners.co.uk "-" "SiteLockSpider [en] (WinNT; I ;Nav)" "-"
87.250.224.0 - - [08/Feb/2024:15:57:04 +0100] "GET /robots.txt HTTP/1.1" 301 - www.dartmoorrunners.co.uk "-" "Mozilla/5.0 (compatible; YandexBot/3.0; +http://yandex.com/bots)" "-"
82.165.88.0 - - [08/Feb/2024:15:57:05 +0100] "POST /wp-cron.php?doing_wp_cron=1707404225.2585649490356445312500 HTTP/1.1" 200 - dartmoorrunners.co.uk "http://dartmoorrunners.co.uk/wp-cron.php?doing_wp_cron=1707404225.2585649490356445312500" "WordPress/6.1.5; http://dartmoorrunners.co.uk" "-"
87.250.224.0 - - [08/Feb/2024:15:57:06 +0100] "GET /robots.txt HTTP/1.1" 200 121 dartmoorrunners.co.uk "-" "Mozilla/5.0 (compatible; YandexBot/3.0; +http://yandex.com/bots)" "-"
95.108.213.0 - - [08/Feb/2024:15:57:07 +0100] "GET / HTTP/1.1" 301 - www.dartmoorrunners.co.uk "-" "Mozilla/5.0 (compatible; YandexBot/3.0; +http://yandex.com/bots)" "-"
5.255.231.0 - - [08/Feb/2024:15:59:10 +0100] "GET / HTTP/1.1" 301 - www.dartmoorrunners.co.uk "-" "Mozilla/5.0 (compatible; YandexBot/3.0; +http://yandex.com/bots)" "-"
185.220.101.0 - - [08/Feb/2024:16:00:06 +0100] "POST /xmlrpc.php HTTP/1.1" 200 403 dartmoorrunners.co.uk "-" "Mozilla/5.0 (Macintosh; Intel Mac OS X 10_11_6) AppleWebKit/605.1.15 (KHTML, like Gecko) Version/11.1.2 Safari/605.1.15" "-"
185.220.101.0 - - [08/Feb/2024:16:00:07 +0100] "POST /xmlrpc.php HTTP/1.1" 200 403 dartmoorrunners.co.uk "-" "Mozilla/5.0 (Macintosh; Intel Mac OS X 10_11_6) AppleWebKit/605.1.15 (KHTML, like Gecko) Version/11.1.2 Safari/605.1.15" "-"
185.220.101.0 - - [08/Feb/2024:16:00:08 +0100] "POST /xmlrpc.php HTTP/1.1" 403 618 dartmoorrunners.co.uk "-" "Mozilla/5.0 (Macintosh; Intel Mac OS X 10_11_6) AppleWebKit/605.1.15 (KHTML, like Gecko) Version/11.1.2 Safari/605.1.15" "-"
185.220.101.0 - - [08/Feb/2024:16:00:09 +0100] "POST /xmlrpc.php HTTP/1.1" 403 618 dartmoorrunners.co.uk "-" "Mozilla/5.0 (Macintosh; Intel Mac OS X 10_11_6) AppleWebKit/605.1.15 (KHTML, like Gecko) Version/11.1.2 Safari/605.1.15" "-"
185.220.101.0 - - [08/Feb/2024:16:00:11 +0100] "POST /xmlrpc.php HTTP/1.1" 403 618 dartmoorrunners.co.uk "-" "Mozilla/5.0 (Macintosh; Intel Mac OS X 10_11_6) AppleWebKit/605.1.15 (KHTML, like Gecko) Version/11.1.2 Safari/605.1.15" "-"
82.165.88.0 - - [08/Feb/2024:16:30:13 +0100] "POST /wp-cron.php?doing_wp_cron=1707406213.8898510932922363281250 HTTP/1.1" 200 - dartmoorrunners.co.uk "http://dartmoorrunners.co.uk/wp-cron.php?doing_wp_cron=1707406213.8898510932922363281250" "WordPress/6.1.5; http://dartmoorrunners.co.uk" "-"
54.229.109.0 - - [08/Feb/2024:16:30:13 +0100] "GET /current-series-dates HTTP/1.1" 301 - www.dartmoorrunners.co.uk "-" "Mozilla/5.0 (Windows NT 6.2; WOW64)" "-"
54.229.109.0 - - [08/Feb/2024:16:30:14 +0100] "GET /current-series-dates HTTP/1.1" 200 27887 dartmoorrunners.co.uk "-" "Mozilla/5.0 (Windows NT 6.2; WOW64)" "-"
205.185.126.0 - - [08/Feb/2024:16:36:31 +0100] "GET //?author=10 HTTP/1.1" 301 - dartmoorrunners.co.uk "http://www.google.com.hk" "Mozilla/5.0 (Windows NT 6.1; WOW64) AppleWebKit/537.36 (KHTML, like Gecko) Chrome/42.0.2311.90 Safari/537.36" "-"
205.185.126.0 - - [08/Feb/2024:16:36:31 +0100] "GET /?author=10 HTTP/1.1" 404 24763 dartmoorrunners.co.uk "http://www.google.com.hk" "Mozilla/5.0 (Windows NT 6.1; WOW64) AppleWebKit/537.36 (KHTML, like Gecko) Chrome/42.0.2311.90 Safari/537.36" "-"
213.180.203.0 - - [08/Feb/2024:16:39:02 +0100] "GET /robots.txt HTTP/1.1" 200 121 dartmoorrunners.co.uk "-" "Mozilla/5.0 (compatible; YandexBot/3.0; +http://yandex.com/bots)" "-"
213.180.203.0 - - [08/Feb/2024:16:39:02 +0100] "GET / HTTP/1.1" 200 31575 dartmoorrunners.co.uk "-" "Mozilla/5.0 (compatible; YandexBot/3.0; +http://yandex.com/bots)" "-"
95.108.213.0 - - [08/Feb/2024:16:41:08 +0100] "GET / HTTP/1.1" 200 31575 dartmoorrunners.co.uk "-" "Mozilla/5.0 (compatible; YandexBot/3.0; +http://yandex.com/bots)" "-"
82.165.88.0 - - [08/Feb/2024:17:18:20 +0100] "POST /wp-cron.php?doing_wp_cron=1707409100.2547359466552734375000 HTTP/1.1" 200 - dartmoorrunners.co.uk "http://dartmoorrunners.co.uk/wp-cron.php?doing_wp_cron=1707409100.2547359466552734375000" "WordPress/6.1.5; http://dartmoorrunners.co.uk" "-"
207.46.13.0 - - [08/Feb/2024:17:18:20 +0100] "GET /robots.txt HTTP/1.1" 200 121 dartmoorrunners.co.uk "-" "Mozilla/5.0 AppleWebKit/537.36 (KHTML, like Gecko; compatible; bingbot/2.0; +http://www.bing.com/bingbot.htm) Chrome/116.0.1938.76 Safari/537.36" "-"
52.167.144.0 - - [08/Feb/2024:17:18:24 +0100] "GET /wp-sitemap.xml HTTP/1.1" 200 562 dartmoorrunners.co.uk "-" "Mozilla/5.0 AppleWebKit/537.36 (KHTML, like Gecko; compatible; bingbot/2.0; +http://www.bing.com/bingbot.htm) Chrome/116.0.1938.76 Safari/537.36" "-"
52.167.144.0 - - [08/Feb/2024:17:34:15 +0100] "GET /wp-sitemap.xml HTTP/1.1" 200 562 dartmoorrunners.co.uk "-" "Mozilla/5.0 AppleWebKit/537.36 (KHTML, like Gecko; compatible; bingbot/2.0; +http://www.bing.com/bingbot.htm) Chrome/116.0.1938.76 Safari/537.36" "-"
82.165.88.0 - - [08/Feb/2024:17:34:16 +0100] "POST /wp-cron.php?doing_wp_cron=1707410056.0267379283905029296875 HTTP/1.1" 200 - dartmoorrunners.co.uk "http://dartmoorrunners.co.uk/wp-cron.php?doing_wp_cron=1707410056.0267379283905029296875" "WordPress/6.1.5; http://dartmoorrunners.co.uk" "-"
51.158.237.0 - - [08/Feb/2024:17:44:24 +0100] "GET /wp-sitemap-posts-page-1.xml HTTP/1.1" 200 2150 dartmoorrunners.co.uk "-" "Mozilla/5.0 (Macintosh; Intel Mac OS X 10_15_7) AppleWebKit/537.36 (KHTML, like Gecko) Chrome/115.0.0.0 Safari/537.36" "-"
51.158.232.0 - - [08/Feb/2024:17:49:41 +0100] "GET /wp-sitemap-users-1.xml HTTP/1.1" 200 261 dartmoorrunners.co.uk "-" "Mozilla/5.0 (Windows NT 10.0; Win64; x64) AppleWebKit/537.36 (KHTML, like Gecko) Chrome/117.0.0.0 Safari/537.36" "-"
51.158.239.0 - - [08/Feb/2024:17:54:17 +0100] "GET /wp-sitemap-posts-post-1.xml HTTP/1.1" 200 258 dartmoorrunners.co.uk "-" "Mozilla/5.0 (Macintosh; Intel Mac OS X 10_15_7) AppleWebKit/605.1.15 (KHTML, like Gecko) Version/16.6 Safari/605.1.15" "-"
54.95.167.0 - - [08/Feb/2024:17:54:20 +0100] "POST /wp-login.php HTTP/1.1" 200 9043 dartmoorrunners.co.uk "http://dartmoorrunners.co.uk/" "Mozilla/5.0 (Windows NT 6.1; WOW64; Trident/7.0; rv:11.0) like Gecko" "-"
35.77.83.0 - - [08/Feb/2024:17:54:22 +0100] "POST /wp-login.php HTTP/1.1" 200 9053 dartmoorrunners.co.uk "http://dartmoorrunners.co.uk/" "Mozilla/5.0 (Windows NT 6.1; WOW64; Trident/7.0; rv:11.0) like Gecko" "-"
51.158.237.0 - - [08/Feb/2024:17:57:35 +0100] "GET /wp-sitemap-taxonomies-category-1.xml HTTP/1.1" 200 269 dartmoorrunners.co.uk "-" "Mozilla/5.0 (Windows NT 10.0; Win64; x64) AppleWebKit/537.36 (KHTML, like Gecko) Chrome/117.0.0.0 Safari/537.36 Edg/117.0.2045.36" "-"
154.195.99.0 - - [08/Feb/2024:18:25:09 +0100] "GET / HTTP/1.1" 200 31575 dartmoorrunners.co.uk "http://dartmoorrunners.co.uk/" "Mozilla/5.0 (Windows NT 10.0; Win64; x64) AppleWebKit/537.36 (KHTML, like Gecko) Chrome/119.0.0.0 Safari/537.36" "-"
8.217.251.0 - - [08/Feb/2024:18:52:23 +0100] "GET /wp-content/uploads/2017/04/Moorland-runner-cropped-300x212.jpg HTTP/1.1" 200 16206 dartmoorrunners.co.uk "-" "python-requests/2.31.0" "-"
170.64.189.0 - - [08/Feb/2024:19:18:44 +0100] "GET /wp-content/plugins/core-plugin/include.php HTTP/1.1" 404 24763 dartmoorrunners.co.uk "-" "Mozilla/5.0 (Linux; Android 7.1.1; Nokia 2) AppleWebKit/537.36 (KHTML, like Gecko) Chrome/71.0.3578.83 Mobile Safari/537.36" "-"
82.165.88.0 - - [08/Feb/2024:19:18:45 +0100] "POST /wp-cron.php?doing_wp_cron=1707416325.1178810596466064453125 HTTP/1.1" 200 - dartmoorrunners.co.uk "http://dartmoorrunners.co.uk/wp-cron.php?doing_wp_cron=1707416325.1178810596466064453125" "WordPress/6.1.5; http://dartmoorrunners.co.uk" "-"
82.165.88.0 - - [08/Feb/2024:19:30:34 +0100] "POST /wp-cron.php?doing_wp_cron=1707417034.4213631153106689453125 HTTP/1.1" 200 - dartmoorrunners.co.uk "http://dartmoorrunners.co.uk/wp-cron.php?doing_wp_cron=1707417034.4213631153106689453125" "WordPress/6.1.5; http://dartmoorrunners.co.uk" "-"
213.180.203.0 - - [08/Feb/2024:19:30:34 +0100] "GET /robots.txt HTTP/1.1" 301 - www.dartmoorrunners.co.uk "-" "Mozilla/5.0 (compatible; YandexBot/3.0; +http://yandex.com/bots)" "-"
213.180.203.0 - - [08/Feb/2024:19:30:34 +0100] "GET /robots.txt HTTP/1.1" 200 121 dartmoorrunners.co.uk "-" "Mozilla/5.0 (compatible; YandexBot/3.0; +http://yandex.com/bots)" "-"
95.108.213.0 - - [08/Feb/2024:19:30:35 +0100] "GET / HTTP/1.1" 301 - www.dartmoorrunners.co.uk "-" "Mozilla/5.0 (compatible; YandexBot/3.0; +http://yandex.com/bots)" "-"
66.249.76.0 - - [08/Feb/2024:19:31:28 +0100] "GET / HTTP/1.1" 200 31575 dartmoorrunners.co.uk "-" "Mozilla/5.0 (compatible; Googlebot/2.1; +http://www.google.com/bot.html)" "-"
95.108.213.0 - - [08/Feb/2024:19:32:40 +0100] "GET / HTTP/1.1" 301 - www.dartmoorrunners.co.uk "-" "Mozilla/5.0 (compatible; YandexBot/3.0; +http://yandex.com/bots)" "-"
87.250.224.0 - - [08/Feb/2024:19:53:39 +0100] "GET /robots.txt HTTP/1.1" 200 121 dartmoorrunners.co.uk "-" "Mozilla/5.0 (compatible; YandexBot/3.0; +http://yandex.com/bots)" "-"
87.250.224.0 - - [08/Feb/2024:19:53:40 +0100] "GET / HTTP/1.1" 200 31575 dartmoorrunners.co.uk "-" "Mozilla/5.0 (compatible; YandexBot/3.0; +http://yandex.com/bots)" "-"
213.180.203.0 - - [08/Feb/2024:19:55:45 +0100] "GET / HTTP/1.1" 200 31575 dartmoorrunners.co.uk "-" "Mozilla/5.0 (compatible; YandexBot/3.0; +http://yandex.com/bots)" "-"
2a02:c7e:3000:: - - [08/Feb/2024:20:03:46 +0100] "GET / HTTP/1.1" 200 31575 dartmoorrunners.co.uk "-" "Mozilla/5.0 (Linux; Android 12; SAMSUNG SM-G973F) AppleWebKit/537.36 (KHTML, like Gecko) SamsungBrowser/23.0 Chrome/115.0.0.0 Mobile Safari/537.36" "-"
2a02:c7e:3000:: - - [08/Feb/2024:20:03:49 +0100] "GET /wp-content/themes/omega/style.css?ver=6.1.5 HTTP/1.1" 200 6552 dartmoorrunners.co.uk "http://dartmoorrunners.co.uk/" "Mozilla/5.0 (Linux; Android 12; SAMSUNG SM-G973F) AppleWebKit/537.36 (KHTML, like Gecko) SamsungBrowser/23.0 Chrome/115.0.0.0 Mobile Safari/537.36" "-"
2a02:c7e:3000:: - - [08/Feb/2024:20:03:49 +0100] "GET /wp-includes/css/dist/block-library/style.min.css?ver=6.1.5 HTTP/1.1" 200 16164 dartmoorrunners.co.uk "http://dartmoorrunners.co.uk/" "Mozilla/5.0 (Linux; Android 12; SAMSUNG SM-G973F) AppleWebKit/537.36 (KHTML, like Gecko) SamsungBrowser/23.0 Chrome/115.0.0.0 Mobile Safari/537.36" "-"
2a02:c7e:3000:: - - [08/Feb/2024:20:03:49 +0100] "GET /wp-includes/css/classic-themes.min.css?ver=1 HTTP/1.1" 200 189 dartmoorrunners.co.uk "http://dartmoorrunners.co.uk/" "Mozilla/5.0 (Linux; Android 12; SAMSUNG SM-G973F) AppleWebKit/537.36 (KHTML, like Gecko) SamsungBrowser/23.0 Chrome/115.0.0.0 Mobile Safari/537.36" "-"
2a02:c7e:3000:: - - [08/Feb/2024:20:03:49 +0100] "GET /wp-content/uploads/2017/04/cropped-dartmoorrunnerslogo_normal.png HTTP/1.1" 200 110052 dartmoorrunners.co.uk "http://dartmoorrunners.co.uk/" "Mozilla/5.0 (Linux; Android 12; SAMSUNG SM-G973F) AppleWebKit/537.36 (KHTML, like Gecko) SamsungBrowser/23.0 Chrome/115.0.0.0 Mobile Safari/537.36" "-"
2a02:c7e:3000:: - - [08/Feb/2024:20:03:49 +0100] "GET /wp-content/uploads/2017/04/XmasBash2017Med.jpg HTTP/1.1" 200 200566 dartmoorrunners.co.uk "http://dartmoorrunners.co.uk/" "Mozilla/5.0 (Linux; Android 12; SAMSUNG SM-G973F) AppleWebKit/537.36 (KHTML, like Gecko) SamsungBrowser/23.0 Chrome/115.0.0.0 Mobile Safari/537.36" "-"
2a02:c7e:3000:: - - [08/Feb/2024:20:03:49 +0100] "GET /wp-content/uploads/2017/04/ControlDog-1024x768.jpg HTTP/1.1" 200 147847 dartmoorrunners.co.uk "http://dartmoorrunners.co.uk/" "Mozilla/5.0 (Linux; Android 12; SAMSUNG SM-G973F) AppleWebKit/537.36 (KHTML, like Gecko) SamsungBrowser/23.0 Chrome/115.0.0.0 Mobile Safari/537.36" "-"
2a02:c7e:3000:: - - [08/Feb/2024:20:03:49 +0100] "GET /wp-content/uploads/2017/04/winter-2015-small.jpg HTTP/1.1" 200 202841 dartmoorrunners.co.uk "http://dartmoorrunners.co.uk/" "Mozilla/5.0 (Linux; Android 12; SAMSUNG SM-G973F) AppleWebKit/537.36 (KHTML, like Gecko) SamsungBrowser/23.0 Chrome/115.0.0.0 Mobile Safari/537.36" "-"
2a02:c7e:3000:: - - [08/Feb/2024:20:03:51 +0100] "GET /wp-includes/js/wp-emoji-release.min.js?ver=6.1.5 HTTP/1.1" 200 18617 dartmoorrunners.co.uk "http://dartmoorrunners.co.uk/" "Mozilla/5.0 (Linux; Android 12; SAMSUNG SM-G973F) AppleWebKit/537.36 (KHTML, like Gecko) SamsungBrowser/23.0 Chrome/115.0.0.0 Mobile Safari/537.36" "-"
2a02:c7e:3000:: - - [08/Feb/2024:20:03:51 +0100] "GET /wp-content/uploads/2017/04/Moorland-runner-cropped.jpg HTTP/1.1" 200 437747 dartmoorrunners.co.uk "http://dartmoorrunners.co.uk/" "Mozilla/5.0 (Linux; Android 12; SAMSUNG SM-G973F) AppleWebKit/537.36 (KHTML, like Gecko) SamsungBrowser/23.0 Chrome/115.0.0.0 Mobile Safari/537.36" "-"
2a02:c7e:3000:: - - [08/Feb/2024:20:03:51 +0100] "GET /wp-content/uploads/2017/04/cropped-dartmoorrunnerslogo_normal-192x192.png HTTP/1.1" 200 59292 dartmoorrunners.co.uk "http://dartmoorrunners.co.uk/" "Mozilla/5.0 (Linux; Android 12; SAMSUNG SM-G973F) AppleWebKit/537.36 (KHTML, like Gecko) SamsungBrowser/23.0 Chrome/115.0.0.0 Mobile Safari/537.36" "-"
2a02:c7e:3000:: - - [08/Feb/2024:20:03:51 +0100] "GET /wp-content/uploads/2017/04/cropped-dartmoorrunnerslogo_normal-180x180.png HTTP/1.1" 200 55513 dartmoorrunners.co.uk "http://dartmoorrunners.co.uk/" "Mozilla/5.0 (Linux; Android 12; SAMSUNG SM-G973F) AppleWebKit/537.36 (KHTML, like Gecko) SamsungBrowser/23.0 Chrome/115.0.0.0 Mobile Safari/537.36" "-"
54.36.148.0 - - [08/Feb/2024:20:11:37 +0100] "GET /robots.txt HTTP/1.1" 200 121 dartmoorrunners.co.uk "-" "Mozilla/5.0 (compatible; AhrefsBot/7.0; +http://ahrefs.com/robot/)" "-"
162.243.6.0 - - [08/Feb/2024:21:23:32 +0100] "GET /index.php?t1 HTTP/1.1" 301 - dartmoorrunners.co.uk "dartmoorrunners.co.uk" "Mozilla/5.0 (Windows NT 6.1; Win64; x64) AppleWebKit/537.36 (KHTML, like Gecko) Chrome/242.02.8301.120 Safari/537.36" "-"
82.165.88.0 - - [08/Feb/2024:21:23:33 +0100] "POST /wp-cron.php?doing_wp_cron=1707423813.0508449077606201171875 HTTP/1.1" 200 - dartmoorrunners.co.uk "http://dartmoorrunners.co.uk/wp-cron.php?doing_wp_cron=1707423813.0508449077606201171875" "WordPress/6.1.5; http://dartmoorrunners.co.uk" "-"
162.243.6.0 - - [08/Feb/2024:21:23:34 +0100] "GET /?t1 HTTP/1.1" 200 31575 dartmoorrunners.co.uk "dartmoorrunners.co.uk" "Mozilla/5.0 (Windows NT 6.1; Win64; x64) AppleWebKit/537.36 (KHTML, like Gecko) Chrome/242.02.8301.120 Safari/537.36" "-"
162.243.6.0 - - [08/Feb/2024:21:24:40 +0100] "GET /index.php?t3 HTTP/1.1" 301 - dartmoorrunners.co.uk "dartmoorrunners.co.uk" "Mozilla/5.0 (Windows NT 6.1; Win64; x64) AppleWebKit/537.36 (KHTML, like Gecko) Chrome/242.02.8301.120 Safari/537.36" "-"
162.243.6.0 - - [08/Feb/2024:21:24:41 +0100] "GET /?t3 HTTP/1.1" 200 31575 dartmoorrunners.co.uk "dartmoorrunners.co.uk" "Mozilla/5.0 (Windows NT 6.1; Win64; x64) AppleWebKit/537.36 (KHTML, like Gecko) Chrome/242.02.8301.120 Safari/537.36" "-"
162.243.6.0 - - [08/Feb/2024:21:24:46 +0100] "GET /index.php?t2 HTTP/1.1" 301 - dartmoorrunners.co.uk "dartmoorrunners.co.uk" "Mozilla/5.0 (Windows NT 6.1; Win64; x64) AppleWebKit/537.36 (KHTML, like Gecko) Chrome/242.02.8301.120 Safari/537.36" "-"
162.243.6.0 - - [08/Feb/2024:21:24:47 +0100] "GET /?t2 HTTP/1.1" 200 31575 dartmoorrunners.co.uk "dartmoorrunners.co.uk" "Mozilla/5.0 (Windows NT 6.1; Win64; x64) AppleWebKit/537.36 (KHTML, like Gecko) Chrome/242.02.8301.120 Safari/537.36" "-"
37.148.161.0 - - [08/Feb/2024:21:39:35 +0100] "GET /.svn/wc.db HTTP/1.1" 404 24763 dartmoorrunners.co.uk "-" "Mozilla/5.0 (Linux; Android 9; SAMSUNG SM-N950F Build/PPR1.180610.011) AppleWebKit/537.36 (KHTML, like Gecko) SamsungBrowser/9.4 Chrome/67.0.3396.87 Mobile Safari/537.36" "-"
82.165.88.0 - - [08/Feb/2024:21:39:35 +0100] "POST /wp-cron.php?doing_wp_cron=1707424775.4039819240570068359375 HTTP/1.1" 200 - dartmoorrunners.co.uk "http://dartmoorrunners.co.uk/wp-cron.php?doing_wp_cron=1707424775.4039819240570068359375" "WordPress/6.1.5; http://dartmoorrunners.co.uk" "-"
37.148.161.0 - - [08/Feb/2024:21:39:35 +0100] "GET /.svn/entries HTTP/1.1" 404 24763 dartmoorrunners.co.uk "-" "Mozilla/5.0 (Macintosh; Intel Mac OS X 10_9_5) AppleWebKit/537.78.1 (KHTML like Gecko) Version/7.0.6 Safari/537.78.1" "-"
23.129.64.0 - - [08/Feb/2024:21:46:48 +0100] "GET / HTTP/1.1" 200 31575 dartmoorrunners.co.uk "http://dartmoorrunners.co.uk" "Mozilla/5.0 (Windows NT 10.0; Win64; x64) AppleWebKit/537.36 (KHTML, like Gecko) Chrome/83.0.4103.116 Safari/537.36" "-"
185.220.100.0 - - [08/Feb/2024:21:46:53 +0100] "GET /?author=1 HTTP/1.1" 301 - dartmoorrunners.co.uk "http://dartmoorrunners.co.uk/" "Mozilla/5.0 (Windows NT 6.3; WOW64; Trident/7.0; rv:11.0) like Gecko" "-"
185.220.100.0 - - [08/Feb/2024:21:46:55 +0100] "GET /author/dradmin HTTP/1.1" 200 25901 dartmoorrunners.co.uk "http://dartmoorrunners.co.uk/" "Mozilla/5.0 (Windows NT 6.3; WOW64; Trident/7.0; rv:11.0) like Gecko" "-"
95.111.238.0 - - [08/Feb/2024:21:46:57 +0100] "GET /?author=2 HTTP/1.1" 200 24957 dartmoorrunners.co.uk "http://dartmoorrunners.co.uk/" "Mozilla/5.0 (Windows NT 6.1; WOW64; rv:53.0) Gecko/20100101 Firefox/53.0" "-"
109.70.100.0 - - [08/Feb/2024:21:46:58 +0100] "GET /?author=3 HTTP/1.1" 404 24763 dartmoorrunners.co.uk "http://dartmoorrunners.co.uk/" "Mozilla/5.0 (Windows NT 10.0; Win64; x64) AppleWebKit/537.36 (KHTML, like Gecko) Chrome/86.0.4240.111 Safari/537.36" "-"
185.220.101.0 - - [08/Feb/2024:21:47:05 +0100] "GET /?author=5 HTTP/1.1" 404 24763 dartmoorrunners.co.uk "http://dartmoorrunners.co.uk/" "Mozilla/5.0 (X11; Ubuntu; Linux i686; rv:24.0) Gecko/20100101 Firefox/24.0" "-"
185.129.61.0 - - [08/Feb/2024:21:47:07 +0100] "GET /wp-json/wp/v2/users/1 HTTP/1.1" 200 582 dartmoorrunners.co.uk "http://dartmoorrunners.co.uk/" "Mozilla/5.0 (Windows NT 10.0; Win64; x64) AppleWebKit/537.36 (KHTML, like Gecko) Chrome/86.0.4240.111 Safari/537.36" "-"
185.220.101.0 - - [08/Feb/2024:21:47:08 +0100] "GET /wp-json/wp/v2/users/2 HTTP/1.1" 401 108 dartmoorrunners.co.uk "http://dartmoorrunners.co.uk/" "Mozilla/5.0 (Windows; U; Windows NT 5.1; en-US; rv:1.7.5) Gecko/20041107 Firefox/1.0" "-"
185.220.101.0 - - [08/Feb/2024:21:47:09 +0100] "GET /wp-json/wp/v2/users/3 HTTP/1.1" 404 82 dartmoorrunners.co.uk "http://dartmoorrunners.co.uk/" "Mozilla/5.0 (Windows NT 10.0; Win64; x64; rv:70.0) Gecko/20100101 Firefox/70.0" "-"
23.129.64.0 - - [08/Feb/2024:21:47:11 +0100] "GET /wp-json/wp/v2/users/4 HTTP/1.1" 404 82 dartmoorrunners.co.uk "http://dartmoorrunners.co.uk/" "Mozilla/5.0 (Macintosh; Intel Mac OS X 10_13_6) AppleWebKit/605.1.15 (KHTML, like Gecko) Version/12.1.1 Safari/605.1.15" "-"
185.220.101.0 - - [08/Feb/2024:21:47:12 +0100] "GET /wp-json/wp/v2/users/5 HTTP/1.1" 404 82 dartmoorrunners.co.uk "http://dartmoorrunners.co.uk/" "Mozilla/5.0 (iPhone; CPU iPhone OS 14_4 like Mac OS X) AppleWebKit/605.1.15 (KHTML, like Gecko) Mobile/15E148" "-"
172.233.16.0 - - [08/Feb/2024:21:49:59 +0100] "POST /xmlrpc.php HTTP/1.1" 200 403 dartmoorrunners.co.uk "-" "Mozilla/5.0 (Windows NT 10.0; Win64; x64) AppleWebKit/537.36 (KHTML, like Gecko) Chrome/64.0.3282.140 Safari/537.36 Edge/17.17134" "-"
172.233.16.0 - - [08/Feb/2024:21:50:01 +0100] "POST /xmlrpc.php HTTP/1.1" 200 403 dartmoorrunners.co.uk "-" "Mozilla/5.0 (Windows NT 10.0; Win64; x64) AppleWebKit/537.36 (KHTML, like Gecko) Chrome/64.0.3282.140 Safari/537.36 Edge/17.17134" "-"
172.233.16.0 - - [08/Feb/2024:21:50:02 +0100] "POST /xmlrpc.php HTTP/1.1" 403 618 dartmoorrunners.co.uk "-" "Mozilla/5.0 (Windows NT 10.0; Win64; x64) AppleWebKit/537.36 (KHTML, like Gecko) Chrome/64.0.3282.140 Safari/537.36 Edge/17.17134" "-"
172.233.16.0 - - [08/Feb/2024:21:50:03 +0100] "POST /xmlrpc.php HTTP/1.1" 403 618 dartmoorrunners.co.uk "-" "Mozilla/5.0 (Windows NT 10.0; Win64; x64) AppleWebKit/537.36 (KHTML, like Gecko) Chrome/64.0.3282.140 Safari/537.36 Edge/17.17134" "-"
172.233.16.0 - - [08/Feb/2024:21:50:04 +0100] "POST /xmlrpc.php HTTP/1.1" 403 618 dartmoorrunners.co.uk "-" "Mozilla/5.0 (Windows NT 10.0; Win64; x64) AppleWebKit/537.36 (KHTML, like Gecko) Chrome/64.0.3282.140 Safari/537.36 Edge/17.17134" "-"
104.28.224.0 - - [08/Feb/2024:22:19:51 +0100] "POST /wp-login.php HTTP/1.1" 200 9043 dartmoorrunners.co.uk "http://dartmoorrunners.co.uk/" "Mozilla/5.0 (Windows NT 6.1; WOW64; Trident/7.0; rv:11.0) like Gecko" "-"
3.0.99.0 - - [08/Feb/2024:22:19:53 +0100] "POST /wp-login.php HTTP/1.1" 200 9053 dartmoorrunners.co.uk "http://dartmoorrunners.co.uk/" "Mozilla/5.0 (Windows NT 6.1; WOW64; Trident/7.0; rv:11.0) like Gecko" "-"
43.128.100.0 - - [08/Feb/2024:22:20:34 +0100] "GET / HTTP/1.1" 301 - www.dartmoorrunners.co.uk "-" "Mozilla/5.0 (iPhone; CPU iPhone OS 13_2_3 like Mac OS X) AppleWebKit/605.1.15 (KHTML, like Gecko) Version/13.0.3 Mobile/15E148 Safari/604.1" "-"
43.128.100.0 - - [08/Feb/2024:22:20:38 +0100] "GET / HTTP/1.1" 200 31575 dartmoorrunners.co.uk "http://www.dartmoorrunners.co.uk" "Mozilla/5.0 (iPhone; CPU iPhone OS 13_2_3 like Mac OS X) AppleWebKit/605.1.15 (KHTML, like Gecko) Version/13.0.3 Mobile/15E148 Safari/604.1" "-"
82.165.88.0 - - [08/Feb/2024:22:48:59 +0100] "POST /wp-cron.php?doing_wp_cron=1707428939.9797079563140869140625 HTTP/1.1" 200 - dartmoorrunners.co.uk "http://dartmoorrunners.co.uk/wp-cron.php?doing_wp_cron=1707428939.9797079563140869140625" "WordPress/6.1.5; http://dartmoorrunners.co.uk" "-"
104.243.34.0 - - [08/Feb/2024:22:48:59 +0100] "GET //.env HTTP/1.1" 301 - dartmoorrunners.co.uk "-" "Go-http-client/1.1" "-"
104.243.34.0 - - [08/Feb/2024:22:49:00 +0100] "GET /.env HTTP/1.1" 404 24763 dartmoorrunners.co.uk "http://dartmoorrunners.co.uk//.env" "Go-http-client/1.1" "-"
104.243.34.0 - - [08/Feb/2024:22:52:27 +0100] "GET //.env HTTP/1.1" 301 - dartmoorrunners.co.uk "-" "Go-http-client/1.1" "-"
104.243.34.0 - - [08/Feb/2024:22:52:27 +0100] "GET /.env HTTP/1.1" 404 24763 dartmoorrunners.co.uk "http://dartmoorrunners.co.uk//.env" "Go-http-client/1.1" "-"
