46.246.8.0 - - [17/Feb/2024:00:27:38 +0100] "GET / HTTP/1.1" 200 31573 dartmoorrunners.co.uk "http://DARTMOORRUNNERS.CO.UK" "Mozilla/5.0 (Windows NT 10.0) AppleWebKit/537.36 (KHTML, like Gecko) Chrome/114.0.0.0 Safari/537.36" "-"
192.42.116.0 - - [17/Feb/2024:00:32:12 +0100] "POST /xmlrpc.php HTTP/1.1" 200 403 dartmoorrunners.co.uk "-" "Mozilla/5.0 (Macintosh; Intel Mac OS X 10_11_6) AppleWebKit/601.7.8 (KHTML, like Gecko)" "-"
82.165.88.0 - - [17/Feb/2024:00:32:13 +0100] "POST /wp-cron.php?doing_wp_cron=1708126333.0397710800170898437500 HTTP/1.1" 200 - dartmoorrunners.co.uk "http://dartmoorrunners.co.uk/wp-cron.php?doing_wp_cron=1708126333.0397710800170898437500" "WordPress/6.1.5; http://dartmoorrunners.co.uk" "-"
192.42.116.0 - - [17/Feb/2024:00:32:14 +0100] "POST /xmlrpc.php HTTP/1.1" 200 403 dartmoorrunners.co.uk "-" "Mozilla/5.0 (Macintosh; Intel Mac OS X 10_11_6) AppleWebKit/601.7.8 (KHTML, like Gecko)" "-"
192.42.116.0 - - [17/Feb/2024:00:32:15 +0100] "POST /xmlrpc.php HTTP/1.1" 403 618 dartmoorrunners.co.uk "-" "Mozilla/5.0 (Macintosh; Intel Mac OS X 10_11_6) AppleWebKit/601.7.8 (KHTML, like Gecko)" "-"
192.42.116.0 - - [17/Feb/2024:00:32:16 +0100] "POST /xmlrpc.php HTTP/1.1" 403 618 dartmoorrunners.co.uk "-" "Mozilla/5.0 (Macintosh; Intel Mac OS X 10_11_6) AppleWebKit/601.7.8 (KHTML, like Gecko)" "-"
192.42.116.0 - - [17/Feb/2024:00:32:17 +0100] "POST /xmlrpc.php HTTP/1.1" 403 618 dartmoorrunners.co.uk "-" "Mozilla/5.0 (Macintosh; Intel Mac OS X 10_11_6) AppleWebKit/601.7.8 (KHTML, like Gecko)" "-"
66.249.76.0 - - [17/Feb/2024:01:01:58 +0100] "GET /results/winter-series-2014-results HTTP/1.1" 200 25685 dartmoorrunners.co.uk "-" "Mozilla/5.0 (Linux; Android 6.0.1; Nexus 5X Build/MMB29P) AppleWebKit/537.36 (KHTML, like Gecko) Chrome/121.0.6167.85 Mobile Safari/537.36 (compatible; Googlebot/2.1; +http://www.google.com/bot.html)" "-"
172.174.237.0 - - [17/Feb/2024:01:17:39 +0100] "GET / HTTP/1.1" 200 31575 dartmoorrunners.co.uk "-" "Mozilla/5.0 (X11; Linux x86_64; rv:83.0) Gecko/20100101 Firefox/83.0" "-"
66.249.72.0 - - [17/Feb/2024:01:18:09 +0100] "GET / HTTP/1.1" 200 31575 dartmoorrunners.co.uk "-" "Mozilla/5.0 (compatible; Googlebot/2.1; +http://www.google.com/bot.html)" "-"
213.180.203.0 - - [17/Feb/2024:01:27:39 +0100] "GET /robots.txt HTTP/1.1" 200 121 dartmoorrunners.co.uk "-" "Mozilla/5.0 (compatible; YandexBot/3.0; +http://yandex.com/bots)" "-"
213.180.203.0 - - [17/Feb/2024:01:27:40 +0100] "GET / HTTP/1.1" 200 31575 dartmoorrunners.co.uk "-" "Mozilla/5.0 (compatible; YandexBot/3.0; +http://yandex.com/bots)" "-"
82.165.88.0 - - [17/Feb/2024:01:29:44 +0100] "POST /wp-cron.php?doing_wp_cron=1708129784.8002319335937500000000 HTTP/1.1" 200 - dartmoorrunners.co.uk "http://dartmoorrunners.co.uk/wp-cron.php?doing_wp_cron=1708129784.8002319335937500000000" "WordPress/6.1.5; http://dartmoorrunners.co.uk" "-"
95.108.213.0 - - [17/Feb/2024:01:29:44 +0100] "GET / HTTP/1.1" 200 31575 dartmoorrunners.co.uk "-" "Mozilla/5.0 (compatible; YandexBot/3.0; +http://yandex.com/bots)" "-"
40.77.167.0 - - [17/Feb/2024:01:57:38 +0100] "GET /wp-sitemap-posts-page-1.xml HTTP/1.1" 200 2150 dartmoorrunners.co.uk "-" "Mozilla/5.0 AppleWebKit/537.36 (KHTML, like Gecko; compatible; bingbot/2.0; +http://www.bing.com/bingbot.htm) Chrome/116.0.1938.76 Safari/537.36" "-"
82.165.88.0 - - [17/Feb/2024:02:37:32 +0100] "POST /wp-cron.php?doing_wp_cron=1708133852.3936340808868408203125 HTTP/1.1" 200 - dartmoorrunners.co.uk "http://dartmoorrunners.co.uk/wp-cron.php?doing_wp_cron=1708133852.3936340808868408203125" "WordPress/6.1.5; http://dartmoorrunners.co.uk" "-"
95.108.213.0 - - [17/Feb/2024:02:37:32 +0100] "GET /robots.txt HTTP/1.1" 301 - www.dartmoorrunners.co.uk "-" "Mozilla/5.0 (compatible; YandexBot/3.0; +http://yandex.com/bots)" "-"
95.108.213.0 - - [17/Feb/2024:02:37:33 +0100] "GET /robots.txt HTTP/1.1" 200 121 dartmoorrunners.co.uk "-" "Mozilla/5.0 (compatible; YandexBot/3.0; +http://yandex.com/bots)" "-"
87.250.224.0 - - [17/Feb/2024:02:37:33 +0100] "GET / HTTP/1.1" 301 - www.dartmoorrunners.co.uk "-" "Mozilla/5.0 (compatible; YandexBot/3.0; +http://yandex.com/bots)" "-"
95.108.213.0 - - [17/Feb/2024:02:39:37 +0100] "GET / HTTP/1.1" 301 - www.dartmoorrunners.co.uk "-" "Mozilla/5.0 (compatible; YandexBot/3.0; +http://yandex.com/bots)" "-"
179.43.143.0 - - [17/Feb/2024:03:16:15 +0100] "GET /.hg/hgrc HTTP/1.1" 404 24763 dartmoorrunners.co.uk "-" "Mozilla/5.0 (X11; Linux x86_64) AppleWebKit/537.36 (KHTML, like Gecko) Chrome/71.0.3578.98 Safari/537.36 OPR/58.0.3135.107" "-"
81.94.159.0 - - [17/Feb/2024:03:21:39 +0100] "GET /wp-content/plugins/acf-frontend-form-element/readme.txt HTTP/1.1" 404 24763 dartmoorrunners.co.uk "-" "Mozilla/4.0 (compatible; MSIE 6.0; Windows NT 5.1; SV1)" "-"
2a03:2880:2700:: - - [17/Feb/2024:03:25:30 +0100] "GET /robots.txt HTTP/1.1" 200 121 dartmoorrunners.co.uk "-" "facebookexternalhit/1.1 (+http://www.facebook.com/externalhit_uatext.php)" "-"
2a03:2880:2700:: - - [17/Feb/2024:03:25:30 +0100] "GET /wp-content/uploads/2017/04/cropped-dartmoorrunnerslogo_normal.png HTTP/1.1" 200 110052 dartmoorrunners.co.uk "-" "facebookexternalhit/1.1 (+http://www.facebook.com/externalhit_uatext.php)" "-"
5.188.62.0 - - [17/Feb/2024:03:33:47 +0100] "GET /wp-login.php?wp_lang=en_US HTTP/1.1" 200 6947 dartmoorrunners.co.uk "-" "Mozilla/5.0 (Windows NT 6.1; WOW64) AppleWebKit/537.36 (KHTML, like Gecko) Chrome/99.0.4844.84 Safari/537.36" "-"
5.188.62.0 - - [17/Feb/2024:03:33:47 +0100] "GET /wp-login.php?wp_lang=en_US HTTP/1.1" 200 6947 dartmoorrunners.co.uk "-" "Mozilla/5.0 (Windows NT 6.1; WOW64) AppleWebKit/537.36 (KHTML, like Gecko) Chrome/99.0.4844.84 Safari/537.36" "-"
82.165.88.0 - - [17/Feb/2024:03:33:48 +0100] "POST /wp-cron.php?doing_wp_cron=1708137228.0979230403900146484375 HTTP/1.1" 200 - dartmoorrunners.co.uk "http://dartmoorrunners.co.uk/wp-cron.php?doing_wp_cron=1708137228.0979230403900146484375" "WordPress/6.1.5; http://dartmoorrunners.co.uk" "-"
5.188.62.0 - - [17/Feb/2024:03:33:52 +0100] "POST /wp-login.php?wp_lang=en_US HTTP/1.1" 200 7377 dartmoorrunners.co.uk "-" "Mozilla/5.0 (Windows NT 6.1; WOW64) AppleWebKit/537.36 (KHTML, like Gecko) Chrome/99.0.4844.84 Safari/537.36" "-"
5.188.62.0 - - [17/Feb/2024:03:33:53 +0100] "POST /wp-login.php?wp_lang=en_US HTTP/1.1" 503 299 dartmoorrunners.co.uk "-" "Mozilla/5.0 (Windows NT 6.1; WOW64) AppleWebKit/537.36 (KHTML, like Gecko) Chrome/99.0.4844.84 Safari/537.36" "-"
192.71.126.0 - - [17/Feb/2024:03:54:49 +0100] "GET /robots.txt HTTP/1.1" 200 121 dartmoorrunners.co.uk "-" "Mozilla/5.0 (Linux; Android 7.1.2; 17MB150WB Build/NZH54D; wv) AppleWebKit/537.36 (KHTML, like Gecko) Version/4.0 Chrome/72.0.3626.121 Safari/537.36" "-"
192.71.126.0 - - [17/Feb/2024:03:54:49 +0100] "GET /wp-sitemap.xml HTTP/1.1" 200 562 dartmoorrunners.co.uk "-" "Mozilla/5.0 (Linux; Android 7.1.2; 17MB150WB Build/NZH54D; wv) AppleWebKit/537.36 (KHTML, like Gecko) Version/4.0 Chrome/72.0.3626.121 Safari/537.36" "-"
192.71.2.0 - - [17/Feb/2024:03:54:50 +0100] "GET /humans.txt HTTP/1.1" 404 24763 dartmoorrunners.co.uk "-" "Mozilla/5.0 (Linux; Android 7.1.2; 17MB150WB Build/NZH54D; wv) AppleWebKit/537.36 (KHTML, like Gecko) Version/4.0 Chrome/72.0.3626.121 Safari/537.36" "-"
192.71.142.0 - - [17/Feb/2024:03:54:50 +0100] "GET /ads.txt HTTP/1.1" 200 160 dartmoorrunners.co.uk "-" "Mozilla/5.0 (Linux; Android 7.1.2; 17MB150WB Build/NZH54D; wv) AppleWebKit/537.36 (KHTML, like Gecko) Version/4.0 Chrome/72.0.3626.121 Safari/537.36" "-"
192.71.12.0 - - [17/Feb/2024:03:54:50 +0100] "GET / HTTP/1.1" 200 31575 dartmoorrunners.co.uk "-" "Mozilla/5.0 (Linux; Android 7.1.2; 17MB150WB Build/NZH54D; wv) AppleWebKit/537.36 (KHTML, like Gecko) Version/4.0 Chrome/72.0.3626.121 Safari/537.36" "-"
192.185.81.0 - - [17/Feb/2024:04:16:45 +0100] "GET /wp-configs.php HTTP/1.1" 404 24763 dartmoorrunners.co.uk "http://simplesite.com" "Mozilla/5.0 (Windows; U; Windows NT 5.1; en-US) AppleWebKit/533.4 (KHTML, like Gecko) Chrome/5.0.375.99 Safari/533.4" "-"
82.165.88.0 - - [17/Feb/2024:04:44:32 +0100] "POST /wp-cron.php?doing_wp_cron=1708141472.9107038974761962890625 HTTP/1.1" 200 - dartmoorrunners.co.uk "http://dartmoorrunners.co.uk/wp-cron.php?doing_wp_cron=1708141472.9107038974761962890625" "WordPress/6.1.5; http://dartmoorrunners.co.uk" "-"
179.43.143.0 - - [17/Feb/2024:04:44:32 +0100] "GET /.hg/hgrc HTTP/1.1" 404 24763 dartmoorrunners.co.uk "-" "Mozilla/5.0 (Linux; Android 4.4.2; SM-T230NU Build/KOT49H) AppleWebKit/537.36 (KHTML, like Gecko) Chrome/51.0.2704.81 Safari/537.36" "-"
195.191.219.0 - - [17/Feb/2024:04:58:10 +0100] "GET /robots.txt HTTP/1.1" 200 121 dartmoorrunners.co.uk "-" "Mozilla/5.0 (compatible; MJ12bot/v1.4.8; http://mj12bot.com/)" "-"
195.191.219.0 - - [17/Feb/2024:04:58:13 +0100] "GET / HTTP/1.1" 200 31575 dartmoorrunners.co.uk "-" "Mozilla/5.0 (compatible; MJ12bot/v1.4.8; http://mj12bot.com/)" "-"
5.255.231.0 - - [17/Feb/2024:04:58:19 +0100] "GET /robots.txt HTTP/1.1" 200 121 dartmoorrunners.co.uk "-" "Mozilla/5.0 (compatible; YandexBot/3.0; +http://yandex.com/bots)" "-"
213.180.203.0 - - [17/Feb/2024:04:58:19 +0100] "GET / HTTP/1.1" 200 31575 dartmoorrunners.co.uk "-" "Mozilla/5.0 (compatible; YandexBot/3.0; +http://yandex.com/bots)" "-"
95.108.213.0 - - [17/Feb/2024:05:00:23 +0100] "GET / HTTP/1.1" 200 31575 dartmoorrunners.co.uk "-" "Mozilla/5.0 (compatible; YandexBot/3.0; +http://yandex.com/bots)" "-"
167.86.110.0 - - [17/Feb/2024:05:08:44 +0100] "GET /simple.php HTTP/1.1" 404 24763 dartmoorrunners.co.uk "www.google.com" "Mozlila/5.0 (Linux; Android 7.0; SM-G892A Bulid/NRD90M; wv) AppleWebKit/537.36 (KHTML, like Gecko) Version/4.0 Chrome/60.0.3112.107 Moblie Safari/537.36" "-"
80.66.79.0 - - [17/Feb/2024:05:18:00 +0100] "GET / HTTP/1.1" 200 21981 dartmoorrunners.co.uk "https://prime-girls.ru/" "Mozilla/4.0 (compatible; MSIE 6.0; Windows NT 5.2; Win64; x64; SV1; .NET CLR 2.0.50727)" "-"
80.66.79.0 - - [17/Feb/2024:05:18:00 +0100] "GET / HTTP/1.1" 200 31575 dartmoorrunners.co.uk "https://prime-girls.ru/" "Mozilla/4.0 (compatible; MSIE 6.0; Windows NT 5.2; Win64; x64; SV1; .NET CLR 2.0.50727)" "-"
80.66.79.0 - - [17/Feb/2024:05:18:01 +0100] "GET / HTTP/1.1" 200 31575 dartmoorrunners.co.uk "https://prime-girls.ru/" "Mozilla/4.0 (compatible; MSIE 6.0; Windows NT 5.2; Win64; x64; SV1; .NET CLR 2.0.50727)" "-"
52.167.144.0 - - [17/Feb/2024:05:23:42 +0100] "GET /wp-sitemap-posts-post-1.xml HTTP/1.1" 200 258 dartmoorrunners.co.uk "-" "Mozilla/5.0 AppleWebKit/537.36 (KHTML, like Gecko; compatible; bingbot/2.0; +http://www.bing.com/bingbot.htm) Chrome/116.0.1938.76 Safari/537.36" "-"
82.165.88.0 - - [17/Feb/2024:06:14:46 +0100] "POST /wp-cron.php?doing_wp_cron=1708146886.7882959842681884765625 HTTP/1.1" 200 - dartmoorrunners.co.uk "http://dartmoorrunners.co.uk/wp-cron.php?doing_wp_cron=1708146886.7882959842681884765625" "WordPress/6.1.5; http://dartmoorrunners.co.uk" "-"
95.108.213.0 - - [17/Feb/2024:06:14:46 +0100] "GET /robots.txt HTTP/1.1" 301 - www.dartmoorrunners.co.uk "-" "Mozilla/5.0 (compatible; YandexBot/3.0; +http://yandex.com/bots)" "-"
95.108.213.0 - - [17/Feb/2024:06:14:47 +0100] "GET /robots.txt HTTP/1.1" 200 121 dartmoorrunners.co.uk "-" "Mozilla/5.0 (compatible; YandexBot/3.0; +http://yandex.com/bots)" "-"
213.180.203.0 - - [17/Feb/2024:06:14:48 +0100] "GET / HTTP/1.1" 301 - www.dartmoorrunners.co.uk "-" "Mozilla/5.0 (compatible; YandexBot/3.0; +http://yandex.com/bots)" "-"
95.108.213.0 - - [17/Feb/2024:06:16:52 +0100] "GET / HTTP/1.1" 301 - www.dartmoorrunners.co.uk "-" "Mozilla/5.0 (compatible; YandexBot/3.0; +http://yandex.com/bots)" "-"
80.67.167.0 - - [17/Feb/2024:06:26:04 +0100] "POST /xmlrpc.php HTTP/1.1" 200 403 dartmoorrunners.co.uk "-" "Mozilla/5.0 (Windows NT 10.0; Win64; x64) AppleWebKit/537.36 (KHTML, like Gecko) Chrome/85.0.4183.121 Safari/537.36" "-"
80.67.167.0 - - [17/Feb/2024:06:26:05 +0100] "POST /xmlrpc.php HTTP/1.1" 200 403 dartmoorrunners.co.uk "-" "Mozilla/5.0 (Windows NT 10.0; Win64; x64) AppleWebKit/537.36 (KHTML, like Gecko) Chrome/85.0.4183.121 Safari/537.36" "-"
80.67.167.0 - - [17/Feb/2024:06:26:06 +0100] "POST /xmlrpc.php HTTP/1.1" 403 618 dartmoorrunners.co.uk "-" "Mozilla/5.0 (Windows NT 10.0; Win64; x64) AppleWebKit/537.36 (KHTML, like Gecko) Chrome/85.0.4183.121 Safari/537.36" "-"
80.67.167.0 - - [17/Feb/2024:06:26:07 +0100] "POST /xmlrpc.php HTTP/1.1" 403 618 dartmoorrunners.co.uk "-" "Mozilla/5.0 (Windows NT 10.0; Win64; x64) AppleWebKit/537.36 (KHTML, like Gecko) Chrome/85.0.4183.121 Safari/537.36" "-"
80.67.167.0 - - [17/Feb/2024:06:26:08 +0100] "POST /xmlrpc.php HTTP/1.1" 403 618 dartmoorrunners.co.uk "-" "Mozilla/5.0 (Windows NT 10.0; Win64; x64) AppleWebKit/537.36 (KHTML, like Gecko) Chrome/85.0.4183.121 Safari/537.36" "-"
82.165.88.0 - - [17/Feb/2024:06:37:24 +0100] "POST /wp-cron.php?doing_wp_cron=1708148244.5921580791473388671875 HTTP/1.1" 200 - dartmoorrunners.co.uk "http://dartmoorrunners.co.uk/wp-cron.php?doing_wp_cron=1708148244.5921580791473388671875" "WordPress/6.1.5; http://dartmoorrunners.co.uk" "-"
66.249.72.0 - - [17/Feb/2024:06:37:24 +0100] "GET /sample-page/feed HTTP/1.1" 200 819 dartmoorrunners.co.uk "-" "Mozilla/5.0 (Linux; Android 6.0.1; Nexus 5X Build/MMB29P) AppleWebKit/537.36 (KHTML, like Gecko) Chrome/121.0.6167.85 Mobile Safari/537.36 (compatible; Googlebot/2.1; +http://www.google.com/bot.html)" "-"
78.138.99.0 - - [17/Feb/2024:06:45:51 +0100] "GET / HTTP/1.1" 200 31575 dartmoorrunners.co.uk "http://dartmoorrunners.co.uk/" "Mozilla/5.0 (Windows NT 6.1; Win64; x64) AppleWebKit/537.36 (KHTML, like Gecko) Chrome/108.0.0.0 Safari/537.36" "-"
66.249.76.0 - - [17/Feb/2024:06:51:35 +0100] "GET /results/summer-series-2012-results HTTP/1.1" 200 39432 dartmoorrunners.co.uk "-" "Mozilla/5.0 (Linux; Android 6.0.1; Nexus 5X Build/MMB29P) AppleWebKit/537.36 (KHTML, like Gecko) Chrome/121.0.6167.85 Mobile Safari/537.36 (compatible; Googlebot/2.1; +http://www.google.com/bot.html)" "-"
82.165.88.0 - - [17/Feb/2024:07:42:42 +0100] "POST /wp-cron.php?doing_wp_cron=1708152162.9064190387725830078125 HTTP/1.1" 200 - dartmoorrunners.co.uk "http://dartmoorrunners.co.uk/wp-cron.php?doing_wp_cron=1708152162.9064190387725830078125" "WordPress/6.1.5; http://dartmoorrunners.co.uk" "-"
132.148.121.0 - - [17/Feb/2024:07:42:42 +0100] "GET /?author=1 HTTP/1.1" 301 - dartmoorrunners.co.uk "-" "ddg_android/5.169.0 (com.duckduckgo.mobile.android; Android API 33)" "-"
132.148.121.0 - - [17/Feb/2024:07:42:43 +0100] "GET /author/dradmin HTTP/1.1" 200 25901 dartmoorrunners.co.uk "-" "ddg_android/5.169.0 (com.duckduckgo.mobile.android; Android API 33)" "-"
66.249.72.0 - - [17/Feb/2024:07:51:34 +0100] "GET / HTTP/1.1" 200 31575 dartmoorrunners.co.uk "-" "Mozilla/5.0 (compatible; Googlebot/2.1; +http://www.google.com/bot.html)" "-"
66.249.72.0 - - [17/Feb/2024:08:21:24 +0100] "GET /ads.txt HTTP/1.1" 200 160 dartmoorrunners.co.uk "-" "Mozilla/5.0 (compatible; Googlebot/2.1; +http://www.google.com/bot.html)" "-"
5.255.231.0 - - [17/Feb/2024:08:26:26 +0100] "GET /robots.txt HTTP/1.1" 200 121 dartmoorrunners.co.uk "-" "Mozilla/5.0 (compatible; YandexBot/3.0; +http://yandex.com/bots)" "-"
95.108.213.0 - - [17/Feb/2024:08:26:27 +0100] "GET / HTTP/1.1" 200 31575 dartmoorrunners.co.uk "-" "Mozilla/5.0 (compatible; YandexBot/3.0; +http://yandex.com/bots)" "-"
5.255.231.0 - - [17/Feb/2024:08:28:52 +0100] "GET / HTTP/1.1" 200 31575 dartmoorrunners.co.uk "-" "Mozilla/5.0 (compatible; YandexBot/3.0; +http://yandex.com/bots)" "-"
159.223.231.0 - - [17/Feb/2024:08:46:48 +0100] "GET / HTTP/1.1" 200 31575 dartmoorrunners.co.uk "-" "Mozilla/5.0 (X11; Linux x86_64) AppleWebKit/537.36 (KHTML, like Gecko) Chrome/108.0.0.0 Safari/537.36" "-"
82.165.88.0 - - [17/Feb/2024:08:46:49 +0100] "POST /wp-cron.php?doing_wp_cron=1708156009.1326320171356201171875 HTTP/1.1" 200 - dartmoorrunners.co.uk "http://dartmoorrunners.co.uk/wp-cron.php?doing_wp_cron=1708156009.1326320171356201171875" "WordPress/6.1.5; http://dartmoorrunners.co.uk" "-"
66.249.72.0 - - [17/Feb/2024:08:51:35 +0100] "GET / HTTP/1.1" 200 31575 dartmoorrunners.co.uk "-" "Mozilla/5.0 (compatible; Googlebot/2.1; +http://www.google.com/bot.html)" "-"
66.249.72.0 - - [17/Feb/2024:08:52:19 +0100] "GET /sample-page/feed HTTP/1.1" 200 819 dartmoorrunners.co.uk "-" "Mozilla/5.0 (compatible; Googlebot/2.1; +http://www.google.com/bot.html)" "-"
66.249.76.0 - - [17/Feb/2024:09:00:09 +0100] "GET /feed HTTP/1.1" 200 1728 dartmoorrunners.co.uk "-" "Mozilla/5.0 (Linux; Android 6.0.1; Nexus 5X Build/MMB29P) AppleWebKit/537.36 (KHTML, like Gecko) Chrome/121.0.6167.85 Mobile Safari/537.36 (compatible; Googlebot/2.1; +http://www.google.com/bot.html)" "-"
82.165.88.0 - - [17/Feb/2024:09:48:09 +0100] "POST /wp-cron.php?doing_wp_cron=1708159689.8772609233856201171875 HTTP/1.1" 200 - dartmoorrunners.co.uk "http://dartmoorrunners.co.uk/wp-cron.php?doing_wp_cron=1708159689.8772609233856201171875" "WordPress/6.1.5; http://dartmoorrunners.co.uk" "-"
173.249.52.0 - - [17/Feb/2024:09:48:09 +0100] "GET /wp-content/lol.php HTTP/1.1" 404 24763 dartmoorrunners.co.uk "-" "Mozlila/5.0 (Linux; Android 7.0; SM-G892A Bulid/NRD90M; wv) AppleWebKit/537.36 (KHTML, like Gecko) Version/4.0 Chrome/60.0.3112.107 Moblie Safari/537.36" "-"
173.249.52.0 - - [17/Feb/2024:09:48:17 +0100] "GET /lol.php HTTP/1.1" 404 24763 dartmoorrunners.co.uk "-" "Mozlila/5.0 (Linux; Android 7.0; SM-G892A Bulid/NRD90M; wv) AppleWebKit/537.36 (KHTML, like Gecko) Version/4.0 Chrome/60.0.3112.107 Moblie Safari/537.36" "-"
173.249.52.0 - - [17/Feb/2024:09:48:25 +0100] "GET /ll.php HTTP/1.1" 404 24763 dartmoorrunners.co.uk "-" "Mozlila/5.0 (Linux; Android 7.0; SM-G892A Bulid/NRD90M; wv) AppleWebKit/537.36 (KHTML, like Gecko) Version/4.0 Chrome/60.0.3112.107 Moblie Safari/537.36" "-"
173.249.52.0 - - [17/Feb/2024:09:48:39 +0100] "GET /wp-content/plugins/lol.php HTTP/1.1" 404 24763 dartmoorrunners.co.uk "-" "Mozlila/5.0 (Linux; Android 7.0; SM-G892A Bulid/NRD90M; wv) AppleWebKit/537.36 (KHTML, like Gecko) Version/4.0 Chrome/60.0.3112.107 Moblie Safari/537.36" "-"
173.249.52.0 - - [17/Feb/2024:09:48:49 +0100] "GET /wp-includes/lol.php HTTP/1.1" 404 24763 dartmoorrunners.co.uk "-" "Mozlila/5.0 (Linux; Android 7.0; SM-G892A Bulid/NRD90M; wv) AppleWebKit/537.36 (KHTML, like Gecko) Version/4.0 Chrome/60.0.3112.107 Moblie Safari/537.36" "-"
173.249.52.0 - - [17/Feb/2024:09:49:03 +0100] "GET /wp-admin/lol.php HTTP/1.1" 404 24763 dartmoorrunners.co.uk "-" "Mozlila/5.0 (Linux; Android 7.0; SM-G892A Bulid/NRD90M; wv) AppleWebKit/537.36 (KHTML, like Gecko) Version/4.0 Chrome/60.0.3112.107 Moblie Safari/537.36" "-"
87.250.224.0 - - [17/Feb/2024:09:51:02 +0100] "GET /robots.txt HTTP/1.1" 301 - www.dartmoorrunners.co.uk "-" "Mozilla/5.0 (compatible; YandexBot/3.0; +http://yandex.com/bots)" "-"
87.250.224.0 - - [17/Feb/2024:09:51:03 +0100] "GET /robots.txt HTTP/1.1" 200 121 dartmoorrunners.co.uk "-" "Mozilla/5.0 (compatible; YandexBot/3.0; +http://yandex.com/bots)" "-"
5.255.231.0 - - [17/Feb/2024:09:51:03 +0100] "GET / HTTP/1.1" 301 - www.dartmoorrunners.co.uk "-" "Mozilla/5.0 (compatible; YandexBot/3.0; +http://yandex.com/bots)" "-"
213.180.203.0 - - [17/Feb/2024:09:53:09 +0100] "GET / HTTP/1.1" 301 - www.dartmoorrunners.co.uk "-" "Mozilla/5.0 (compatible; YandexBot/3.0; +http://yandex.com/bots)" "-"
2a00:6800:: - - [17/Feb/2024:10:20:03 +0100] "GET / HTTP/1.1" 200 31575 dartmoorrunners.co.uk "-" "Mozilla/5.0 (Windows NT 10.0; Win64; x64) AppleWebKit/537.36 (KHTML, like Gecko) Chrome/91.0.4472.114 Safari/537.36 Edg/91.0.864.54" "-"
54.36.148.0 - - [17/Feb/2024:11:20:54 +0100] "GET /robots.txt HTTP/1.1" 200 121 dartmoorrunners.co.uk "-" "Mozilla/5.0 (compatible; AhrefsBot/7.0; +http://ahrefs.com/robot/)" "-"
82.165.88.0 - - [17/Feb/2024:11:20:55 +0100] "POST /wp-cron.php?doing_wp_cron=1708165255.1263151168823242187500 HTTP/1.1" 200 - dartmoorrunners.co.uk "http://dartmoorrunners.co.uk/wp-cron.php?doing_wp_cron=1708165255.1263151168823242187500" "WordPress/6.1.5; http://dartmoorrunners.co.uk" "-"
82.165.88.0 - - [17/Feb/2024:11:53:54 +0100] "POST /wp-cron.php?doing_wp_cron=1708167234.8250811100006103515625 HTTP/1.1" 200 - dartmoorrunners.co.uk "http://dartmoorrunners.co.uk/wp-cron.php?doing_wp_cron=1708167234.8250811100006103515625" "WordPress/6.1.5; http://dartmoorrunners.co.uk" "-"
87.250.224.0 - - [17/Feb/2024:11:53:54 +0100] "GET /robots.txt HTTP/1.1" 200 121 dartmoorrunners.co.uk "-" "Mozilla/5.0 (compatible; YandexBot/3.0; +http://yandex.com/bots)" "-"
5.255.231.0 - - [17/Feb/2024:11:53:55 +0100] "GET / HTTP/1.1" 200 31575 dartmoorrunners.co.uk "-" "Mozilla/5.0 (compatible; YandexBot/3.0; +http://yandex.com/bots)" "-"
95.108.213.0 - - [17/Feb/2024:11:56:00 +0100] "GET / HTTP/1.1" 200 31575 dartmoorrunners.co.uk "-" "Mozilla/5.0 (compatible; YandexBot/3.0; +http://yandex.com/bots)" "-"
51.222.253.0 - - [17/Feb/2024:12:21:31 +0100] "GET /results/summer-series-2012-results HTTP/1.1" 200 39432 dartmoorrunners.co.uk "-" "Mozilla/5.0 (compatible; AhrefsBot/7.0; +http://ahrefs.com/robot/)" "-"
74.208.106.0 - - [17/Feb/2024:12:21:34 +0100] "POST /xmlrpc.php HTTP/1.1" 200 403 dartmoorrunners.co.uk "-" "Mozilla/5.0 (Macintosh; Intel Mac OS X 10_11_3) AppleWebKit/601.4.4 (KHTML, like Gecko) Version/9.0.3 Safari/601.4.4" "-"
74.208.106.0 - - [17/Feb/2024:12:21:35 +0100] "POST /xmlrpc.php HTTP/1.1" 200 403 dartmoorrunners.co.uk "-" "Mozilla/5.0 (Macintosh; Intel Mac OS X 10_11_3) AppleWebKit/601.4.4 (KHTML, like Gecko) Version/9.0.3 Safari/601.4.4" "-"
74.208.106.0 - - [17/Feb/2024:12:21:36 +0100] "POST /xmlrpc.php HTTP/1.1" 403 618 dartmoorrunners.co.uk "-" "Mozilla/5.0 (Macintosh; Intel Mac OS X 10_11_3) AppleWebKit/601.4.4 (KHTML, like Gecko) Version/9.0.3 Safari/601.4.4" "-"
74.208.106.0 - - [17/Feb/2024:12:21:37 +0100] "POST /xmlrpc.php HTTP/1.1" 403 618 dartmoorrunners.co.uk "-" "Mozilla/5.0 (Macintosh; Intel Mac OS X 10_11_3) AppleWebKit/601.4.4 (KHTML, like Gecko) Version/9.0.3 Safari/601.4.4" "-"
74.208.106.0 - - [17/Feb/2024:12:21:38 +0100] "POST /xmlrpc.php HTTP/1.1" 403 618 dartmoorrunners.co.uk "-" "Mozilla/5.0 (Macintosh; Intel Mac OS X 10_11_3) AppleWebKit/601.4.4 (KHTML, like Gecko) Version/9.0.3 Safari/601.4.4" "-"
66.249.76.0 - - [17/Feb/2024:12:26:50 +0100] "GET /results/winter-series-2014-results HTTP/1.1" 200 25685 dartmoorrunners.co.uk "-" "Mozilla/5.0 (Linux; Android 6.0.1; Nexus 5X Build/MMB29P) AppleWebKit/537.36 (KHTML, like Gecko) Chrome/121.0.6167.85 Mobile Safari/537.36 (compatible; Googlebot/2.1; +http://www.google.com/bot.html)" "-"
66.249.72.0 - - [17/Feb/2024:12:26:59 +0100] "GET /wp-content/themes/omega/style.css?ver=6.1.5 HTTP/1.1" 200 6552 dartmoorrunners.co.uk "http://dartmoorrunners.co.uk/results/winter-series-2014-results" "Mozilla/5.0 (Linux; Android 6.0.1; Nexus 5X Build/MMB29P) AppleWebKit/537.36 (KHTML, like Gecko) Chrome/121.0.6167.85 Mobile Safari/537.36 (compatible; Googlebot/2.1; +http://www.google.com/bot.html)" "-"
82.165.88.0 - - [17/Feb/2024:12:38:05 +0100] "POST /wp-cron.php?doing_wp_cron=1708169885.9004139900207519531250 HTTP/1.1" 200 - dartmoorrunners.co.uk "http://dartmoorrunners.co.uk/wp-cron.php?doing_wp_cron=1708169885.9004139900207519531250" "WordPress/6.1.5; http://dartmoorrunners.co.uk" "-"
143.95.150.0 - - [17/Feb/2024:12:38:05 +0100] "GET /wp-content/themes/hello-element/footer.php HTTP/1.1" 404 24763 dartmoorrunners.co.uk "http://simplesite.com" "Mozilla/5.0 (Windows; U; Windows NT 5.1; en-US) AppleWebKit/533.4 (KHTML, like Gecko) Chrome/5.0.375.99 Safari/533.4" "-"
194.233.91.0 - - [17/Feb/2024:13:03:08 +0100] "GET /wp-admin/dropdown.php HTTP/1.1" 404 24763 dartmoorrunners.co.uk "http://simplesite.com" "Mozilla/5.0 (Windows; U; Windows NT 5.1; en-US) AppleWebKit/533.4 (KHTML, like Gecko) Chrome/5.0.375.99 Safari/533.4" "-"
66.249.76.0 - - [17/Feb/2024:13:20:41 +0100] "GET /results/winter-series-2013-results HTTP/1.1" 200 25734 dartmoorrunners.co.uk "-" "Mozilla/5.0 (Linux; Android 13; Pixel 4) AppleWebKit/537.36 (KHTML, like Gecko) Chrome/121.0.6167.85 Mobile Safari/537.36 (compatible; Googlebot/2.1; +http://www.google.com/bot.html)" "-"
66.249.72.0 - - [17/Feb/2024:13:20:41 +0100] "GET /wp-includes/js/wp-emoji-release.min.js?ver=6.1.5 HTTP/1.1" 200 18617 dartmoorrunners.co.uk "http://dartmoorrunners.co.uk/results/winter-series-2013-results" "Mozilla/5.0 (Linux; Android 13; Pixel 4) AppleWebKit/537.36 (KHTML, like Gecko) Chrome/121.0.6167.85 Mobile Safari/537.36 (compatible; Googlebot/2.1; +http://www.google.com/bot.html)" "-"
66.249.76.0 - - [17/Feb/2024:13:20:41 +0100] "GET /wp-includes/css/classic-themes.min.css?ver=1 HTTP/1.1" 200 189 dartmoorrunners.co.uk "http://dartmoorrunners.co.uk/results/winter-series-2013-results" "Mozilla/5.0 (Linux; Android 13; Pixel 4) AppleWebKit/537.36 (KHTML, like Gecko) Chrome/121.0.6167.85 Mobile Safari/537.36 (compatible; Googlebot/2.1; +http://www.google.com/bot.html)" "-"
66.249.72.0 - - [17/Feb/2024:13:20:41 +0100] "GET /wp-includes/css/dist/block-library/style.min.css?ver=6.1.5 HTTP/1.1" 200 16164 dartmoorrunners.co.uk "http://dartmoorrunners.co.uk/results/winter-series-2013-results" "Mozilla/5.0 (Linux; Android 13; Pixel 4) AppleWebKit/537.36 (KHTML, like Gecko) Chrome/121.0.6167.85 Mobile Safari/537.36 (compatible; Googlebot/2.1; +http://www.google.com/bot.html)" "-"
66.249.72.0 - - [17/Feb/2024:13:20:41 +0100] "GET /wp-content/themes/omega/style.css?ver=6.1.5 HTTP/1.1" 200 6552 dartmoorrunners.co.uk "http://dartmoorrunners.co.uk/results/winter-series-2013-results" "Mozilla/5.0 (Linux; Android 13; Pixel 4) AppleWebKit/537.36 (KHTML, like Gecko) Chrome/121.0.6167.85 Mobile Safari/537.36 (compatible; Googlebot/2.1; +http://www.google.com/bot.html)" "-"
66.249.72.0 - - [17/Feb/2024:13:20:41 +0100] "GET /wp-content/uploads/2017/04/Moorland-runner-cropped.jpg HTTP/1.1" 200 437747 dartmoorrunners.co.uk "http://dartmoorrunners.co.uk/results/winter-series-2013-results" "Mozilla/5.0 (Linux; Android 13; Pixel 4) AppleWebKit/537.36 (KHTML, like Gecko) Chrome/121.0.6167.85 Mobile Safari/537.36 (compatible; Googlebot/2.1; +http://www.google.com/bot.html)" "-"
66.249.72.0 - - [17/Feb/2024:13:20:42 +0100] "GET /wp-content/uploads/2017/04/ControlDog-768x576.jpg HTTP/1.1" 200 85973 dartmoorrunners.co.uk "http://dartmoorrunners.co.uk/results/winter-series-2013-results" "Mozilla/5.0 (Linux; Android 13; Pixel 4) AppleWebKit/537.36 (KHTML, like Gecko) Chrome/121.0.6167.85 Mobile Safari/537.36 (compatible; Googlebot/2.1; +http://www.google.com/bot.html)" "-"
66.249.72.0 - - [17/Feb/2024:13:20:42 +0100] "GET /wp-content/uploads/2017/04/XmasBash2017Med.jpg HTTP/1.1" 200 200566 dartmoorrunners.co.uk "http://dartmoorrunners.co.uk/results/winter-series-2013-results" "Mozilla/5.0 (Linux; Android 13; Pixel 4) AppleWebKit/537.36 (KHTML, like Gecko) Chrome/121.0.6167.85 Mobile Safari/537.36 (compatible; Googlebot/2.1; +http://www.google.com/bot.html)" "-"
66.249.72.0 - - [17/Feb/2024:13:20:42 +0100] "GET /wp-content/uploads/2017/04/cropped-dartmoorrunnerslogo_normal.png HTTP/1.1" 200 110052 dartmoorrunners.co.uk "http://dartmoorrunners.co.uk/results/winter-series-2013-results" "Mozilla/5.0 (Linux; Android 13; Pixel 4) AppleWebKit/537.36 (KHTML, like Gecko) Chrome/121.0.6167.85 Mobile Safari/537.36 (compatible; Googlebot/2.1; +http://www.google.com/bot.html)" "-"
66.249.76.0 - - [17/Feb/2024:13:20:42 +0100] "GET /wp-content/uploads/2017/04/winter-2015-small.jpg HTTP/1.1" 200 202841 dartmoorrunners.co.uk "http://dartmoorrunners.co.uk/results/winter-series-2013-results" "Mozilla/5.0 (Linux; Android 13; Pixel 4) AppleWebKit/537.36 (KHTML, like Gecko) Chrome/121.0.6167.85 Mobile Safari/537.36 (compatible; Googlebot/2.1; +http://www.google.com/bot.html)" "-"
82.165.88.0 - - [17/Feb/2024:13:32:33 +0100] "POST /wp-cron.php?doing_wp_cron=1708173153.3104000091552734375000 HTTP/1.1" 200 - dartmoorrunners.co.uk "http://dartmoorrunners.co.uk/wp-cron.php?doing_wp_cron=1708173153.3104000091552734375000" "WordPress/6.1.5; http://dartmoorrunners.co.uk" "-"
5.255.231.0 - - [17/Feb/2024:13:32:33 +0100] "GET /robots.txt HTTP/1.1" 301 - www.dartmoorrunners.co.uk "-" "Mozilla/5.0 (compatible; YandexBot/3.0; +http://yandex.com/bots)" "-"
5.255.231.0 - - [17/Feb/2024:13:32:33 +0100] "GET /robots.txt HTTP/1.1" 200 121 dartmoorrunners.co.uk "-" "Mozilla/5.0 (compatible; YandexBot/3.0; +http://yandex.com/bots)" "-"
5.255.231.0 - - [17/Feb/2024:13:32:34 +0100] "GET / HTTP/1.1" 301 - www.dartmoorrunners.co.uk "-" "Mozilla/5.0 (compatible; YandexBot/3.0; +http://yandex.com/bots)" "-"
5.255.231.0 - - [17/Feb/2024:13:34:38 +0100] "GET / HTTP/1.1" 301 - www.dartmoorrunners.co.uk "-" "Mozilla/5.0 (compatible; YandexBot/3.0; +http://yandex.com/bots)" "-"
185.220.101.0 - - [17/Feb/2024:13:53:03 +0100] "GET / HTTP/1.1" 200 31575 dartmoorrunners.co.uk "dartmoorrunners.co.uk" "Mozilla/5.0 (Windows NT 6.1; WOW64) AppleWebKit/537.36 (KHTML, like Gecko) Chrome/49.0.2573.0 Safari/537.36" "-"
185.220.101.0 - - [17/Feb/2024:13:53:06 +0100] "GET / HTTP/1.1" 200 31575 dartmoorrunners.co.uk "http://dartmoorrunners.co.uk" "Mozilla/5.0 (Windows NT 6.1; WOW64) AppleWebKit/537.36 (KHTML, like Gecko) Chrome/49.0.2573.0 Safari/537.36" "-"
185.220.101.0 - - [17/Feb/2024:13:53:14 +0100] "GET /comments/feed HTTP/1.1" 200 827 dartmoorrunners.co.uk "http://dartmoorrunners.co.uk/comments/feed" "Mozilla/5.0 (Windows NT 6.1; WOW64) AppleWebKit/537.36 (KHTML, like Gecko) Chrome/49.0.2573.0 Safari/537.36" "-"
104.244.73.0 - - [17/Feb/2024:13:53:25 +0100] "GET /current-series-dates HTTP/1.1" 200 27887 dartmoorrunners.co.uk "http://dartmoorrunners.co.uk/current-series-dates" "Mozilla/5.0 (Windows NT 6.1; WOW64) AppleWebKit/537.36 (KHTML, like Gecko) Chrome/49.0.2573.0 Safari/537.36" "-"
104.244.73.0 - - [17/Feb/2024:13:53:26 +0100] "GET /dates_16.html HTTP/1.1" 404 24763 dartmoorrunners.co.uk "http://dartmoorrunners.co.uk/dates_16.html" "Mozilla/5.0 (Windows NT 6.1; WOW64) AppleWebKit/537.36 (KHTML, like Gecko) Chrome/49.0.2573.0 Safari/537.36" "-"
104.244.73.0 - - [17/Feb/2024:13:53:26 +0100] "GET /dates_17.html HTTP/1.1" 404 24763 dartmoorrunners.co.uk "http://dartmoorrunners.co.uk/dates_17.html" "Mozilla/5.0 (Windows NT 6.1; WOW64) AppleWebKit/537.36 (KHTML, like Gecko) Chrome/49.0.2573.0 Safari/537.36" "-"
104.244.73.0 - - [17/Feb/2024:13:53:27 +0100] "GET /dates_18.html HTTP/1.1" 404 24763 dartmoorrunners.co.uk "http://dartmoorrunners.co.uk/dates_18.html" "Mozilla/5.0 (Windows NT 6.1; WOW64) AppleWebKit/537.36 (KHTML, like Gecko) Chrome/49.0.2573.0 Safari/537.36" "-"
104.244.73.0 - - [17/Feb/2024:13:53:28 +0100] "GET /dates_19.html HTTP/1.1" 404 24763 dartmoorrunners.co.uk "http://dartmoorrunners.co.uk/dates_19.html" "Mozilla/5.0 (Windows NT 6.1; WOW64) AppleWebKit/537.36 (KHTML, like Gecko) Chrome/49.0.2573.0 Safari/537.36" "-"
104.244.73.0 - - [17/Feb/2024:13:53:28 +0100] "GET /dates_20.html HTTP/1.1" 404 24763 dartmoorrunners.co.uk "http://dartmoorrunners.co.uk/dates_20.html" "Mozilla/5.0 (Windows NT 6.1; WOW64) AppleWebKit/537.36 (KHTML, like Gecko) Chrome/49.0.2573.0 Safari/537.36" "-"
104.244.73.0 - - [17/Feb/2024:13:53:29 +0100] "GET /dates_21.html HTTP/1.1" 404 24763 dartmoorrunners.co.uk "http://dartmoorrunners.co.uk/dates_21.html" "Mozilla/5.0 (Windows NT 6.1; WOW64) AppleWebKit/537.36 (KHTML, like Gecko) Chrome/49.0.2573.0 Safari/537.36" "-"
104.244.73.0 - - [17/Feb/2024:13:53:39 +0100] "GET /dates_22.html HTTP/1.1" 404 24763 dartmoorrunners.co.uk "http://dartmoorrunners.co.uk/dates_22.html" "Mozilla/5.0 (Windows NT 6.1; WOW64) AppleWebKit/537.36 (KHTML, like Gecko) Chrome/49.0.2573.0 Safari/537.36" "-"
209.141.55.0 - - [17/Feb/2024:13:53:47 +0100] "GET /dates_23.html HTTP/1.1" 404 24763 dartmoorrunners.co.uk "http://dartmoorrunners.co.uk/dates_23.html" "Mozilla/5.0 (Windows NT 6.1; WOW64) AppleWebKit/537.36 (KHTML, like Gecko) Chrome/49.0.2573.0 Safari/537.36" "-"
192.42.116.0 - - [17/Feb/2024:13:54:03 +0100] "GET /dates_24.html HTTP/1.1" 404 24763 dartmoorrunners.co.uk "http://dartmoorrunners.co.uk/dates_24.html" "Mozilla/5.0 (Windows NT 6.1; WOW64) AppleWebKit/537.36 (KHTML, like Gecko) Chrome/49.0.2573.0 Safari/537.36" "-"
192.42.116.0 - - [17/Feb/2024:13:54:05 +0100] "GET /dates_25.html HTTP/1.1" 404 24763 dartmoorrunners.co.uk "http://dartmoorrunners.co.uk/dates_25.html" "Mozilla/5.0 (Windows NT 6.1; WOW64) AppleWebKit/537.36 (KHTML, like Gecko) Chrome/49.0.2573.0 Safari/537.36" "-"
192.42.116.0 - - [17/Feb/2024:13:54:09 +0100] "GET /dates_26.html HTTP/1.1" 404 24763 dartmoorrunners.co.uk "http://dartmoorrunners.co.uk/dates_26.html" "Mozilla/5.0 (Windows NT 6.1; WOW64) AppleWebKit/537.36 (KHTML, like Gecko) Chrome/49.0.2573.0 Safari/537.36" "-"
45.83.104.0 - - [17/Feb/2024:13:54:13 +0100] "GET /feed HTTP/1.1" 200 1728 dartmoorrunners.co.uk "http://dartmoorrunners.co.uk/feed" "Mozilla/5.0 (Windows NT 6.1; WOW64) AppleWebKit/537.36 (KHTML, like Gecko) Chrome/49.0.2573.0 Safari/537.36" "-"
45.83.104.0 - - [17/Feb/2024:13:54:16 +0100] "GET /results HTTP/1.1" 200 25108 dartmoorrunners.co.uk "http://dartmoorrunners.co.uk/results" "Mozilla/5.0 (Windows NT 6.1; WOW64) AppleWebKit/537.36 (KHTML, like Gecko) Chrome/49.0.2573.0 Safari/537.36" "-"
45.83.104.0 - - [17/Feb/2024:13:54:17 +0100] "GET /results/summer-series-2012-results HTTP/1.1" 200 39432 dartmoorrunners.co.uk "http://dartmoorrunners.co.uk/results/summer-series-2012-results" "Mozilla/5.0 (Windows NT 6.1; WOW64) AppleWebKit/537.36 (KHTML, like Gecko) Chrome/49.0.2573.0 Safari/537.36" "-"
45.83.104.0 - - [17/Feb/2024:13:54:19 +0100] "GET /results/summer-series-2013-results HTTP/1.1" 200 25696 dartmoorrunners.co.uk "http://dartmoorrunners.co.uk/results/summer-series-2013-results" "Mozilla/5.0 (Windows NT 6.1; WOW64) AppleWebKit/537.36 (KHTML, like Gecko) Chrome/49.0.2573.0 Safari/537.36" "-"
45.83.104.0 - - [17/Feb/2024:13:54:20 +0100] "GET /results/summer-series-2014-results HTTP/1.1" 200 25685 dartmoorrunners.co.uk "http://dartmoorrunners.co.uk/results/summer-series-2014-results" "Mozilla/5.0 (Windows NT 6.1; WOW64) AppleWebKit/537.36 (KHTML, like Gecko) Chrome/49.0.2573.0 Safari/537.36" "-"
45.83.104.0 - - [17/Feb/2024:13:54:21 +0100] "GET /results/summer-series-2015-results HTTP/1.1" 200 25685 dartmoorrunners.co.uk "http://dartmoorrunners.co.uk/results/summer-series-2015-results" "Mozilla/5.0 (Windows NT 6.1; WOW64) AppleWebKit/537.36 (KHTML, like Gecko) Chrome/49.0.2573.0 Safari/537.36" "-"
198.50.207.0 - - [17/Feb/2024:13:54:24 +0100] "GET /results/summer-series-2016-results HTTP/1.1" 200 25700 dartmoorrunners.co.uk "http://dartmoorrunners.co.uk/results/summer-series-2016-results" "Mozilla/5.0 (Windows NT 6.1; WOW64) AppleWebKit/537.36 (KHTML, like Gecko) Chrome/49.0.2573.0 Safari/537.36" "-"
198.50.207.0 - - [17/Feb/2024:13:54:29 +0100] "GET /results/summer-series-2017-results HTTP/1.1" 200 25706 dartmoorrunners.co.uk "http://dartmoorrunners.co.uk/results/summer-series-2017-results" "Mozilla/5.0 (Windows NT 6.1; WOW64) AppleWebKit/537.36 (KHTML, like Gecko) Chrome/49.0.2573.0 Safari/537.36" "-"
185.220.100.0 - - [17/Feb/2024:13:54:33 +0100] "GET /results/summer-series-2018-results HTTP/1.1" 200 25797 dartmoorrunners.co.uk "http://dartmoorrunners.co.uk/results/summer-series-2018-results" "Mozilla/5.0 (Windows NT 6.1; WOW64) AppleWebKit/537.36 (KHTML, like Gecko) Chrome/49.0.2573.0 Safari/537.36" "-"
185.220.100.0 - - [17/Feb/2024:13:54:34 +0100] "GET /results/winter-series-2011-results HTTP/1.1" 200 44856 dartmoorrunners.co.uk "http://dartmoorrunners.co.uk/results/winter-series-2011-results" "Mozilla/5.0 (Windows NT 6.1; WOW64) AppleWebKit/537.36 (KHTML, like Gecko) Chrome/49.0.2573.0 Safari/537.36" "-"
185.220.100.0 - - [17/Feb/2024:13:54:37 +0100] "GET /results/winter-series-2012-results HTTP/1.1" 200 25917 dartmoorrunners.co.uk "http://dartmoorrunners.co.uk/results/winter-series-2012-results" "Mozilla/5.0 (Windows NT 6.1; WOW64) AppleWebKit/537.36 (KHTML, like Gecko) Chrome/49.0.2573.0 Safari/537.36" "-"
185.220.100.0 - - [17/Feb/2024:13:54:38 +0100] "GET /results/winter-series-2013-results HTTP/1.1" 200 25734 dartmoorrunners.co.uk "http://dartmoorrunners.co.uk/results/winter-series-2013-results" "Mozilla/5.0 (Windows NT 6.1; WOW64) AppleWebKit/537.36 (KHTML, like Gecko) Chrome/49.0.2573.0 Safari/537.36" "-"
185.220.100.0 - - [17/Feb/2024:13:54:39 +0100] "GET /results/winter-series-2014-results HTTP/1.1" 200 25685 dartmoorrunners.co.uk "http://dartmoorrunners.co.uk/results/winter-series-2014-results" "Mozilla/5.0 (Windows NT 6.1; WOW64) AppleWebKit/537.36 (KHTML, like Gecko) Chrome/49.0.2573.0 Safari/537.36" "-"
185.220.100.0 - - [17/Feb/2024:13:54:41 +0100] "GET /results/winter-series-2015-results HTTP/1.1" 200 25700 dartmoorrunners.co.uk "http://dartmoorrunners.co.uk/results/winter-series-2015-results" "Mozilla/5.0 (Windows NT 6.1; WOW64) AppleWebKit/537.36 (KHTML, like Gecko) Chrome/49.0.2573.0 Safari/537.36" "-"
185.220.100.0 - - [17/Feb/2024:13:54:42 +0100] "GET /results/winter-series-2016-results HTTP/1.1" 200 25695 dartmoorrunners.co.uk "http://dartmoorrunners.co.uk/results/winter-series-2016-results" "Mozilla/5.0 (Windows NT 6.1; WOW64) AppleWebKit/537.36 (KHTML, like Gecko) Chrome/49.0.2573.0 Safari/537.36" "-"
185.220.100.0 - - [17/Feb/2024:13:54:43 +0100] "GET /results_16.html HTTP/1.1" 404 24763 dartmoorrunners.co.uk "http://dartmoorrunners.co.uk/results_16.html" "Mozilla/5.0 (Windows NT 6.1; WOW64) AppleWebKit/537.36 (KHTML, like Gecko) Chrome/49.0.2573.0 Safari/537.36" "-"
45.83.104.0 - - [17/Feb/2024:13:54:45 +0100] "GET /results_17.html HTTP/1.1" 404 24763 dartmoorrunners.co.uk "http://dartmoorrunners.co.uk/results_17.html" "Mozilla/5.0 (Windows NT 6.1; WOW64) AppleWebKit/537.36 (KHTML, like Gecko) Chrome/49.0.2573.0 Safari/537.36" "-"
45.83.104.0 - - [17/Feb/2024:13:54:58 +0100] "GET /results_18.html HTTP/1.1" 404 24763 dartmoorrunners.co.uk "http://dartmoorrunners.co.uk/results_18.html" "Mozilla/5.0 (Windows NT 6.1; WOW64) AppleWebKit/537.36 (KHTML, like Gecko) Chrome/49.0.2573.0 Safari/537.36" "-"
45.141.215.0 - - [17/Feb/2024:13:55:08 +0100] "GET /results_19.html HTTP/1.1" 404 24763 dartmoorrunners.co.uk "http://dartmoorrunners.co.uk/results_19.html" "Mozilla/5.0 (Windows NT 6.1; WOW64) AppleWebKit/537.36 (KHTML, like Gecko) Chrome/49.0.2573.0 Safari/537.36" "-"
45.141.215.0 - - [17/Feb/2024:13:55:09 +0100] "GET /results_20.html HTTP/1.1" 404 24763 dartmoorrunners.co.uk "http://dartmoorrunners.co.uk/results_20.html" "Mozilla/5.0 (Windows NT 6.1; WOW64) AppleWebKit/537.36 (KHTML, like Gecko) Chrome/49.0.2573.0 Safari/537.36" "-"
45.141.215.0 - - [17/Feb/2024:13:55:10 +0100] "GET /results_21.html HTTP/1.1" 404 24763 dartmoorrunners.co.uk "http://dartmoorrunners.co.uk/results_21.html" "Mozilla/5.0 (Windows NT 6.1; WOW64) AppleWebKit/537.36 (KHTML, like Gecko) Chrome/49.0.2573.0 Safari/537.36" "-"
45.141.215.0 - - [17/Feb/2024:13:55:11 +0100] "GET /results_22.html HTTP/1.1" 404 24763 dartmoorrunners.co.uk "http://dartmoorrunners.co.uk/results_22.html" "Mozilla/5.0 (Windows NT 6.1; WOW64) AppleWebKit/537.36 (KHTML, like Gecko) Chrome/49.0.2573.0 Safari/537.36" "-"
45.141.215.0 - - [17/Feb/2024:13:55:12 +0100] "GET /results_23.html HTTP/1.1" 404 24763 dartmoorrunners.co.uk "http://dartmoorrunners.co.uk/results_23.html" "Mozilla/5.0 (Windows NT 6.1; WOW64) AppleWebKit/537.36 (KHTML, like Gecko) Chrome/49.0.2573.0 Safari/537.36" "-"
45.141.215.0 - - [17/Feb/2024:13:55:13 +0100] "GET /results_24.html HTTP/1.1" 404 24763 dartmoorrunners.co.uk "http://dartmoorrunners.co.uk/results_24.html" "Mozilla/5.0 (Windows NT 6.1; WOW64) AppleWebKit/537.36 (KHTML, like Gecko) Chrome/49.0.2573.0 Safari/537.36" "-"
45.141.215.0 - - [17/Feb/2024:13:55:14 +0100] "GET /results_25.html HTTP/1.1" 404 24763 dartmoorrunners.co.uk "http://dartmoorrunners.co.uk/results_25.html" "Mozilla/5.0 (Windows NT 6.1; WOW64) AppleWebKit/537.36 (KHTML, like Gecko) Chrome/49.0.2573.0 Safari/537.36" "-"
45.141.215.0 - - [17/Feb/2024:13:55:15 +0100] "GET /results_26.html HTTP/1.1" 404 24763 dartmoorrunners.co.uk "http://dartmoorrunners.co.uk/results_26.html" "Mozilla/5.0 (Windows NT 6.1; WOW64) AppleWebKit/537.36 (KHTML, like Gecko) Chrome/49.0.2573.0 Safari/537.36" "-"
45.141.215.0 - - [17/Feb/2024:13:55:16 +0100] "GET /sample-page/feed HTTP/1.1" 200 819 dartmoorrunners.co.uk "http://dartmoorrunners.co.uk/sample-page/feed" "Mozilla/5.0 (Windows NT 6.1; WOW64) AppleWebKit/537.36 (KHTML, like Gecko) Chrome/49.0.2573.0 Safari/537.36" "-"
192.42.116.0 - - [17/Feb/2024:13:55:17 +0100] "GET /summer-series-2019-results HTTP/1.1" 200 25727 dartmoorrunners.co.uk "http://dartmoorrunners.co.uk/summer-series-2019-results" "Mozilla/5.0 (Windows NT 6.1; WOW64) AppleWebKit/537.36 (KHTML, like Gecko) Chrome/49.0.2573.0 Safari/537.36" "-"
192.42.116.0 - - [17/Feb/2024:13:55:17 +0100] "GET /summer-series-2023 HTTP/1.1" 200 27250 dartmoorrunners.co.uk "http://dartmoorrunners.co.uk/summer-series-2023" "Mozilla/5.0 (Windows NT 6.1; WOW64) AppleWebKit/537.36 (KHTML, like Gecko) Chrome/49.0.2573.0 Safari/537.36" "-"
192.42.116.0 - - [17/Feb/2024:13:55:18 +0100] "GET /summer_series_2010.html HTTP/1.1" 404 24763 dartmoorrunners.co.uk "http://dartmoorrunners.co.uk/summer_series_2010.html" "Mozilla/5.0 (Windows NT 6.1; WOW64) AppleWebKit/537.36 (KHTML, like Gecko) Chrome/49.0.2573.0 Safari/537.36" "-"
192.42.116.0 - - [17/Feb/2024:13:55:19 +0100] "GET /winter-series-2019-results HTTP/1.1" 200 25727 dartmoorrunners.co.uk "http://dartmoorrunners.co.uk/winter-series-2019-results" "Mozilla/5.0 (Windows NT 6.1; WOW64) AppleWebKit/537.36 (KHTML, like Gecko) Chrome/49.0.2573.0 Safari/537.36" "-"
192.42.116.0 - - [17/Feb/2024:13:55:20 +0100] "GET /winter-series-2022-results HTTP/1.1" 200 25786 dartmoorrunners.co.uk "http://dartmoorrunners.co.uk/winter-series-2022-results" "Mozilla/5.0 (Windows NT 6.1; WOW64) AppleWebKit/537.36 (KHTML, like Gecko) Chrome/49.0.2573.0 Safari/537.36" "-"
192.42.116.0 - - [17/Feb/2024:13:55:21 +0100] "GET /winter-series-2023 HTTP/1.1" 200 27640 dartmoorrunners.co.uk "http://dartmoorrunners.co.uk/winter-series-2023" "Mozilla/5.0 (Windows NT 6.1; WOW64) AppleWebKit/537.36 (KHTML, like Gecko) Chrome/49.0.2573.0 Safari/537.36" "-"
192.42.116.0 - - [17/Feb/2024:13:55:22 +0100] "GET /winter-series-results-2017 HTTP/1.1" 200 25719 dartmoorrunners.co.uk "http://dartmoorrunners.co.uk/winter-series-results-2017" "Mozilla/5.0 (Windows NT 6.1; WOW64) AppleWebKit/537.36 (KHTML, like Gecko) Chrome/49.0.2573.0 Safari/537.36" "-"
192.42.116.0 - - [17/Feb/2024:13:55:23 +0100] "GET /winter-series-results-2018 HTTP/1.1" 200 25719 dartmoorrunners.co.uk "http://dartmoorrunners.co.uk/winter-series-results-2018" "Mozilla/5.0 (Windows NT 6.1; WOW64) AppleWebKit/537.36 (KHTML, like Gecko) Chrome/49.0.2573.0 Safari/537.36" "-"
192.42.116.0 - - [17/Feb/2024:13:55:24 +0100] "GET /winter_series_2009.html HTTP/1.1" 404 24763 dartmoorrunners.co.uk "http://dartmoorrunners.co.uk/winter_series_2009.html" "Mozilla/5.0 (Windows NT 6.1; WOW64) AppleWebKit/537.36 (KHTML, like Gecko) Chrome/49.0.2573.0 Safari/537.36" "-"
192.42.116.0 - - [17/Feb/2024:13:55:25 +0100] "GET /winter_series_2010.html HTTP/1.1" 404 24763 dartmoorrunners.co.uk "http://dartmoorrunners.co.uk/winter_series_2010.html" "Mozilla/5.0 (Windows NT 6.1; WOW64) AppleWebKit/537.36 (KHTML, like Gecko) Chrome/49.0.2573.0 Safari/537.36" "-"
192.42.116.0 - - [17/Feb/2024:13:55:25 +0100] "GET /wp-json HTTP/1.1" 200 164417 dartmoorrunners.co.uk "http://dartmoorrunners.co.uk/wp-json" "Mozilla/5.0 (Windows NT 6.1; WOW64) AppleWebKit/537.36 (KHTML, like Gecko) Chrome/49.0.2573.0 Safari/537.36" "-"
192.42.116.0 - - [17/Feb/2024:13:55:26 +0100] "GET /wp-json/oembed/1.0/embed?url=http%3A%2F%2Fdartmoorrunners.co.uk%2F HTTP/1.1" 200 2425 dartmoorrunners.co.uk "http://dartmoorrunners.co.uk/wp-json/oembed/1.0/embed?url=http%3A%2F%2Fdartmoorrunners.co.uk%2F" "Mozilla/5.0 (Windows NT 6.1; WOW64) AppleWebKit/537.36 (KHTML, like Gecko) Chrome/49.0.2573.0 Safari/537.36" "-"
192.42.116.0 - - [17/Feb/2024:13:55:27 +0100] "GET /wp-json/oembed/1.0/embed?url=http%3A%2F%2Fdartmoorrunners.co.uk%2F&format=xml HTTP/1.1" 200 2495 dartmoorrunners.co.uk "http://dartmoorrunners.co.uk/wp-json/oembed/1.0/embed?url=http%3A%2F%2Fdartmoorrunners.co.uk%2F&format=xml" "Mozilla/5.0 (Windows NT 6.1; WOW64) AppleWebKit/537.36 (KHTML, like Gecko) Chrome/49.0.2573.0 Safari/537.36" "-"
46.232.251.0 - - [17/Feb/2024:13:55:27 +0100] "GET /wp-json/wp/v2/pages/2 HTTP/1.1" 200 8903 dartmoorrunners.co.uk "http://dartmoorrunners.co.uk/wp-json/wp/v2/pages/2" "Mozilla/5.0 (Windows NT 6.1; WOW64) AppleWebKit/537.36 (KHTML, like Gecko) Chrome/49.0.2573.0 Safari/537.36" "-"
46.232.251.0 - - [17/Feb/2024:13:55:28 +0100] "GET /xmlrpc.php HTTP/1.1" 405 42 dartmoorrunners.co.uk "http://dartmoorrunners.co.uk/xmlrpc.php" "Mozilla/5.0 (Windows NT 6.1; WOW64) AppleWebKit/537.36 (KHTML, like Gecko) Chrome/49.0.2573.0 Safari/537.36" "-"
46.232.251.0 - - [17/Feb/2024:13:55:30 +0100] "GET /xmlrpc.php?rsd HTTP/1.1" 200 834 dartmoorrunners.co.uk "http://dartmoorrunners.co.uk/xmlrpc.php?rsd" "Mozilla/5.0 (Windows NT 6.1; WOW64) AppleWebKit/537.36 (KHTML, like Gecko) Chrome/49.0.2573.0 Safari/537.36" "-"
2a03:2880:2700:: - - [17/Feb/2024:14:57:46 +0100] "GET /dates_24.html HTTP/1.1" 404 24763 dartmoorrunners.co.uk "-" "facebookexternalhit/1.1 (+http://www.facebook.com/externalhit_uatext.php)" "-"
2a03:2880:2700:: - - [17/Feb/2024:14:57:46 +0100] "GET /dates_24.html HTTP/1.1" 404 24763 dartmoorrunners.co.uk "-" "facebookexternalhit/1.1 (+http://www.facebook.com/externalhit_uatext.php)" "-"
82.165.88.0 - - [17/Feb/2024:14:57:47 +0100] "POST /wp-cron.php?doing_wp_cron=1708178267.0747480392456054687500 HTTP/1.1" 200 - dartmoorrunners.co.uk "http://dartmoorrunners.co.uk/wp-cron.php?doing_wp_cron=1708178267.0747480392456054687500" "WordPress/6.1.5; http://dartmoorrunners.co.uk" "-"
5.255.231.0 - - [17/Feb/2024:15:32:04 +0100] "GET /robots.txt HTTP/1.1" 200 121 dartmoorrunners.co.uk "-" "Mozilla/5.0 (compatible; YandexBot/3.0; +http://yandex.com/bots)" "-"
82.165.88.0 - - [17/Feb/2024:15:32:04 +0100] "POST /wp-cron.php?doing_wp_cron=1708180324.9621798992156982421875 HTTP/1.1" 200 - dartmoorrunners.co.uk "http://dartmoorrunners.co.uk/wp-cron.php?doing_wp_cron=1708180324.9621798992156982421875" "WordPress/6.1.5; http://dartmoorrunners.co.uk" "-"
213.180.203.0 - - [17/Feb/2024:15:32:06 +0100] "GET / HTTP/1.1" 200 31575 dartmoorrunners.co.uk "-" "Mozilla/5.0 (compatible; YandexBot/3.0; +http://yandex.com/bots)" "-"
213.180.203.0 - - [17/Feb/2024:15:34:09 +0100] "GET / HTTP/1.1" 200 31575 dartmoorrunners.co.uk "-" "Mozilla/5.0 (compatible; YandexBot/3.0; +http://yandex.com/bots)" "-"
66.249.72.0 - - [17/Feb/2024:15:42:09 +0100] "GET /robots.txt HTTP/1.1" 200 121 dartmoorrunners.co.uk "-" "Mozilla/5.0 (compatible; Googlebot/2.1; +http://www.google.com/bot.html)" "-"
66.249.76.0 - - [17/Feb/2024:15:42:31 +0100] "GET / HTTP/1.1" 200 31575 dartmoorrunners.co.uk "-" "Mozilla/5.0 (compatible; Googlebot/2.1; +http://www.google.com/bot.html)" "-"
162.19.127.0 - - [17/Feb/2024:16:19:14 +0100] "GET /.env HTTP/1.1" 404 24763 dartmoorrunners.co.uk "-" "Mozilla/5.0 (Macintosh;                 Intel Mac OS X 10_10_1) AppleWebKit/537.36 (KHTML,                 like Gecko) Chrome/39.0.2171.95 Safari/537.36" "-"
162.19.127.0 - - [17/Feb/2024:16:19:18 +0100] "GET /core/.env HTTP/1.1" 404 24763 dartmoorrunners.co.uk "-" "Mozilla/5.0 (Macintosh;                 Intel Mac OS X 10_10_1) AppleWebKit/537.36 (KHTML,                 like Gecko) Chrome/39.0.2171.95 Safari/537.36" "-"
162.19.127.0 - - [17/Feb/2024:16:19:22 +0100] "GET /vendor/.env HTTP/1.1" 404 24763 dartmoorrunners.co.uk "-" "Mozilla/5.0 (Macintosh;                 Intel Mac OS X 10_10_1) AppleWebKit/537.36 (KHTML,                 like Gecko) Chrome/39.0.2171.95 Safari/537.36" "-"
162.19.127.0 - - [17/Feb/2024:16:19:29 +0100] "POST / HTTP/1.1" 200 31575 dartmoorrunners.co.uk "-" "Mozilla/5.0 (Macintosh;                 Intel Mac OS X 10_10_1) AppleWebKit/537.36 (KHTML,                 like Gecko) Chrome/39.0.2171.95 Safari/537.36" "-"
94.173.119.0 - - [17/Feb/2024:16:21:53 +0100] "GET /wp-includes/css/classic-themes.min.css?ver=1 HTTP/1.1" 200 189 dartmoorrunners.co.uk "-" "Mozilla/5.0 (Linux; Android 10; K) AppleWebKit/537.36 (KHTML, like Gecko) Chrome/121.0.0.0 Mobile Safari/537.36" "-"
94.173.119.0 - - [17/Feb/2024:16:21:53 +0100] "GET /wp-includes/css/dist/block-library/style.min.css?ver=6.1.5 HTTP/1.1" 200 16164 dartmoorrunners.co.uk "-" "Mozilla/5.0 (Linux; Android 10; K) AppleWebKit/537.36 (KHTML, like Gecko) Chrome/121.0.0.0 Mobile Safari/537.36" "-"
94.173.119.0 - - [17/Feb/2024:16:21:53 +0100] "GET /wp-content/themes/omega/style.css?ver=6.1.5 HTTP/1.1" 200 6552 dartmoorrunners.co.uk "-" "Mozilla/5.0 (Linux; Android 10; K) AppleWebKit/537.36 (KHTML, like Gecko) Chrome/121.0.0.0 Mobile Safari/537.36" "-"
94.173.119.0 - - [17/Feb/2024:16:21:53 +0100] "GET / HTTP/1.1" 200 31575 dartmoorrunners.co.uk "-" "Mozilla/5.0 (Linux; Android 10; K) AppleWebKit/537.36 (KHTML, like Gecko) Chrome/121.0.0.0 Mobile Safari/537.36" "-"
94.173.119.0 - - [17/Feb/2024:16:21:54 +0100] "GET /wp-content/uploads/2017/04/cropped-dartmoorrunnerslogo_normal.png HTTP/1.1" 200 110052 dartmoorrunners.co.uk "http://dartmoorrunners.co.uk/" "Mozilla/5.0 (Linux; Android 10; K) AppleWebKit/537.36 (KHTML, like Gecko) Chrome/121.0.0.0 Mobile Safari/537.36" "-"
94.173.119.0 - - [17/Feb/2024:16:21:54 +0100] "GET /wp-content/uploads/2017/04/XmasBash2017Med.jpg HTTP/1.1" 200 200566 dartmoorrunners.co.uk "http://dartmoorrunners.co.uk/" "Mozilla/5.0 (Linux; Android 10; K) AppleWebKit/537.36 (KHTML, like Gecko) Chrome/121.0.0.0 Mobile Safari/537.36" "-"
94.173.119.0 - - [17/Feb/2024:16:21:54 +0100] "GET /wp-content/uploads/2017/04/ControlDog-768x576.jpg HTTP/1.1" 200 85973 dartmoorrunners.co.uk "http://dartmoorrunners.co.uk/" "Mozilla/5.0 (Linux; Android 10; K) AppleWebKit/537.36 (KHTML, like Gecko) Chrome/121.0.0.0 Mobile Safari/537.36" "-"
