185.191.171.0 - - [03/Feb/2024:00:05:33 +0100] "GET /robots.txt HTTP/1.1" 200 121 dartmoorrunners.co.uk "-" "Mozilla/5.0 (compatible; SemrushBot/7~bl; +http://www.semrush.com/bot.html)" "-"
185.191.171.0 - - [03/Feb/2024:00:05:34 +0100] "GET /results/summer-series-2017-results HTTP/1.1" 200 25704 dartmoorrunners.co.uk "-" "Mozilla/5.0 (compatible; SemrushBot/7~bl; +http://www.semrush.com/bot.html)" "-"
213.180.203.0 - - [03/Feb/2024:00:46:17 +0100] "GET /robots.txt HTTP/1.1" 301 - www.dartmoorrunners.co.uk "-" "Mozilla/5.0 (compatible; YandexBot/3.0; +http://yandex.com/bots)" "-"
82.165.88.0 - - [03/Feb/2024:00:46:18 +0100] "POST /wp-cron.php?doing_wp_cron=1706917578.2014338970184326171875 HTTP/1.1" 200 - dartmoorrunners.co.uk "http://dartmoorrunners.co.uk/wp-cron.php?doing_wp_cron=1706917578.2014338970184326171875" "WordPress/6.1.5; http://dartmoorrunners.co.uk" "-"
213.180.203.0 - - [03/Feb/2024:00:46:18 +0100] "GET /robots.txt HTTP/1.1" 200 121 dartmoorrunners.co.uk "-" "Mozilla/5.0 (compatible; YandexBot/3.0; +http://yandex.com/bots)" "-"
95.108.213.0 - - [03/Feb/2024:00:46:19 +0100] "GET / HTTP/1.1" 301 - www.dartmoorrunners.co.uk "-" "Mozilla/5.0 (compatible; YandexBot/3.0; +http://yandex.com/bots)" "-"
5.255.231.0 - - [03/Feb/2024:00:48:24 +0100] "GET / HTTP/1.1" 301 - www.dartmoorrunners.co.uk "-" "Mozilla/5.0 (compatible; YandexBot/3.0; +http://yandex.com/bots)" "-"
15.204.182.0 - - [03/Feb/2024:02:18:08 +0100] "GET / HTTP/1.1" 200 31575 dartmoorrunners.co.uk "-" "Mozilla/5.0 (X11; Linux x86_64) AppleWebKit/537.36 (KHTML, like Gecko) Chrome/120.0.0.0 Safari/537.36" "-"
82.165.88.0 - - [03/Feb/2024:02:18:09 +0100] "POST /wp-cron.php?doing_wp_cron=1706923089.1024711132049560546875 HTTP/1.1" 200 - dartmoorrunners.co.uk "http://dartmoorrunners.co.uk/wp-cron.php?doing_wp_cron=1706923089.1024711132049560546875" "WordPress/6.1.5; http://dartmoorrunners.co.uk" "-"
66.249.76.0 - - [03/Feb/2024:02:20:08 +0100] "GET /sample-page/feed HTTP/1.1" 200 819 dartmoorrunners.co.uk "-" "Mozilla/5.0 (Linux; Android 6.0.1; Nexus 5X Build/MMB29P) AppleWebKit/537.36 (KHTML, like Gecko) Chrome/121.0.6167.85 Mobile Safari/537.36 (compatible; Googlebot/2.1; +http://www.google.com/bot.html)" "-"
5.255.231.0 - - [03/Feb/2024:02:23:38 +0100] "GET /robots.txt HTTP/1.1" 200 121 dartmoorrunners.co.uk "-" "Mozilla/5.0 (compatible; YandexBot/3.0; +http://yandex.com/bots)" "-"
95.108.213.0 - - [03/Feb/2024:02:23:38 +0100] "GET / HTTP/1.1" 200 31575 dartmoorrunners.co.uk "-" "Mozilla/5.0 (compatible; YandexBot/3.0; +http://yandex.com/bots)" "-"
87.250.224.0 - - [03/Feb/2024:02:25:44 +0100] "GET / HTTP/1.1" 200 31575 dartmoorrunners.co.uk "-" "Mozilla/5.0 (compatible; YandexBot/3.0; +http://yandex.com/bots)" "-"
185.191.171.0 - - [03/Feb/2024:02:26:05 +0100] "GET /robots.txt HTTP/1.1" 200 121 dartmoorrunners.co.uk "-" "Mozilla/5.0 (compatible; SemrushBot/7~bl; +http://www.semrush.com/bot.html)" "-"
185.191.171.0 - - [03/Feb/2024:02:26:06 +0100] "GET /results/winter-series-2014-results HTTP/1.1" 200 25685 dartmoorrunners.co.uk "-" "Mozilla/5.0 (compatible; SemrushBot/7~bl; +http://www.semrush.com/bot.html)" "-"
82.165.88.0 - - [03/Feb/2024:02:29:15 +0100] "POST /wp-cron.php?doing_wp_cron=1706923755.6210739612579345703125 HTTP/1.1" 200 - dartmoorrunners.co.uk "http://dartmoorrunners.co.uk/wp-cron.php?doing_wp_cron=1706923755.6210739612579345703125" "WordPress/6.1.5; http://dartmoorrunners.co.uk" "-"
66.249.79.0 - - [03/Feb/2024:02:29:15 +0100] "GET /sample-page/feed HTTP/1.1" 200 819 dartmoorrunners.co.uk "-" "Mozilla/5.0 (compatible; Googlebot/2.1; +http://www.google.com/bot.html)" "-"
185.191.171.0 - - [03/Feb/2024:02:31:03 +0100] "GET /category/uncategorized HTTP/1.1" 200 25838 dartmoorrunners.co.uk "-" "Mozilla/5.0 (compatible; SemrushBot/7~bl; +http://www.semrush.com/bot.html)" "-"
15.204.182.0 - - [03/Feb/2024:02:50:15 +0100] "GET / HTTP/1.1" 301 - www.dartmoorrunners.co.uk "-" "Mozilla/5.0 (X11; Linux x86_64) AppleWebKit/537.36 (KHTML, like Gecko) Chrome/120.0.0.0 Safari/537.36" "-"
15.204.182.0 - - [03/Feb/2024:02:50:15 +0100] "GET / HTTP/1.1" 200 31575 dartmoorrunners.co.uk "http://www.dartmoorrunners.co.uk/" "Mozilla/5.0 (X11; Linux x86_64) AppleWebKit/537.36 (KHTML, like Gecko) Chrome/120.0.0.0 Safari/537.36" "-"
51.254.199.0 - - [03/Feb/2024:03:14:37 +0100] "GET / HTTP/1.1" 200 31575 dartmoorrunners.co.uk "-" "Mozilla/5.0 (Windows NT 10.0; Win64; x64; rv:118.0) Gecko/20100101 Firefox/118.0" "-"
82.165.88.0 - - [03/Feb/2024:03:30:25 +0100] "POST /wp-cron.php?doing_wp_cron=1706927425.4199368953704833984375 HTTP/1.1" 200 - dartmoorrunners.co.uk "http://dartmoorrunners.co.uk/wp-cron.php?doing_wp_cron=1706927425.4199368953704833984375" "WordPress/6.1.5; http://dartmoorrunners.co.uk" "-"
13.229.104.0 - - [03/Feb/2024:03:30:25 +0100] "POST /wp-login.php HTTP/1.1" 200 9043 dartmoorrunners.co.uk "http://dartmoorrunners.co.uk/" "Mozilla/5.0 (Windows NT 6.1; WOW64; Trident/7.0; rv:11.0) like Gecko" "-"
80.66.79.0 - - [03/Feb/2024:03:59:15 +0100] "GET / HTTP/1.1" 200 425 dartmoorrunners.co.uk "https://dbshop.ru/" "Mozilla/4.0 (compatible; MSIE 6.0; Windows NT 5.1; SV1; FunWebProducts; .NET CLR 1.1.4322; PeoplePal 6.2)" "-"
80.66.79.0 - - [03/Feb/2024:03:59:16 +0100] "GET / HTTP/1.1" 200 22134 dartmoorrunners.co.uk "https://dbshop.ru/" "Mozilla/4.0 (compatible; MSIE 6.0; Windows NT 5.1; SV1; FunWebProducts; .NET CLR 1.1.4322; PeoplePal 6.2)" "-"
80.66.79.0 - - [03/Feb/2024:03:59:17 +0100] "GET / HTTP/1.1" 200 31575 dartmoorrunners.co.uk "https://dbshop.ru/" "Mozilla/4.0 (compatible; MSIE 6.0; Windows NT 5.1; SV1; FunWebProducts; .NET CLR 1.1.4322; PeoplePal 6.2)" "-"
82.165.88.0 - - [03/Feb/2024:03:59:15 +0100] "POST /wp-cron.php?doing_wp_cron=1706929155.6805889606475830078125 HTTP/1.1" 200 - dartmoorrunners.co.uk "http://dartmoorrunners.co.uk/wp-cron.php?doing_wp_cron=1706929155.6805889606475830078125" "WordPress/6.1.5; http://dartmoorrunners.co.uk" "-"
192.42.116.0 - - [03/Feb/2024:04:06:21 +0100] "POST /xmlrpc.php HTTP/1.1" 200 403 dartmoorrunners.co.uk "-" "Mozilla/5.0 (X11; Ubuntu; Linux i686; rv:24.0) Gecko/20100101 Firefox/24.0" "-"
192.42.116.0 - - [03/Feb/2024:04:06:22 +0100] "POST /xmlrpc.php HTTP/1.1" 200 403 dartmoorrunners.co.uk "-" "Mozilla/5.0 (X11; Ubuntu; Linux i686; rv:24.0) Gecko/20100101 Firefox/24.0" "-"
192.42.116.0 - - [03/Feb/2024:04:06:23 +0100] "POST /xmlrpc.php HTTP/1.1" 403 618 dartmoorrunners.co.uk "-" "Mozilla/5.0 (X11; Ubuntu; Linux i686; rv:24.0) Gecko/20100101 Firefox/24.0" "-"
192.42.116.0 - - [03/Feb/2024:04:06:24 +0100] "POST /xmlrpc.php HTTP/1.1" 403 618 dartmoorrunners.co.uk "-" "Mozilla/5.0 (X11; Ubuntu; Linux i686; rv:24.0) Gecko/20100101 Firefox/24.0" "-"
192.42.116.0 - - [03/Feb/2024:04:06:25 +0100] "POST /xmlrpc.php HTTP/1.1" 403 618 dartmoorrunners.co.uk "-" "Mozilla/5.0 (X11; Ubuntu; Linux i686; rv:24.0) Gecko/20100101 Firefox/24.0" "-"
66.249.79.0 - - [03/Feb/2024:04:16:11 +0100] "GET /ads.txt HTTP/1.1" 200 160 dartmoorrunners.co.uk "-" "Mozilla/5.0 (compatible; Googlebot/2.1; +http://www.google.com/bot.html)" "-"
213.180.203.0 - - [03/Feb/2024:04:24:55 +0100] "GET /robots.txt HTTP/1.1" 301 - www.dartmoorrunners.co.uk "-" "Mozilla/5.0 (compatible; YandexBot/3.0; +http://yandex.com/bots)" "-"
213.180.203.0 - - [03/Feb/2024:04:24:56 +0100] "GET /robots.txt HTTP/1.1" 200 121 dartmoorrunners.co.uk "-" "Mozilla/5.0 (compatible; YandexBot/3.0; +http://yandex.com/bots)" "-"
95.108.213.0 - - [03/Feb/2024:04:24:56 +0100] "GET / HTTP/1.1" 301 - www.dartmoorrunners.co.uk "-" "Mozilla/5.0 (compatible; YandexBot/3.0; +http://yandex.com/bots)" "-"
213.180.203.0 - - [03/Feb/2024:04:27:02 +0100] "GET / HTTP/1.1" 301 - www.dartmoorrunners.co.uk "-" "Mozilla/5.0 (compatible; YandexBot/3.0; +http://yandex.com/bots)" "-"
82.165.88.0 - - [03/Feb/2024:04:29:34 +0100] "POST /wp-cron.php?doing_wp_cron=1706930974.5989179611206054687500 HTTP/1.1" 200 - dartmoorrunners.co.uk "http://dartmoorrunners.co.uk/wp-cron.php?doing_wp_cron=1706930974.5989179611206054687500" "WordPress/6.1.5; http://dartmoorrunners.co.uk" "-"
5.255.231.0 - - [03/Feb/2024:04:29:34 +0100] "GET /robots.txt HTTP/1.1" 200 121 dartmoorrunners.co.uk "-" "Mozilla/5.0 (compatible; YandexBot/3.0; +http://yandex.com/bots)" "-"
87.250.224.0 - - [03/Feb/2024:04:29:35 +0100] "GET /winter_series_2009.html HTTP/1.1" 404 24763 dartmoorrunners.co.uk "-" "Mozilla/5.0 (compatible; YandexBot/3.0; +http://yandex.com/bots)" "-"
85.208.96.0 - - [03/Feb/2024:04:37:38 +0100] "GET /robots.txt HTTP/1.1" 200 121 dartmoorrunners.co.uk "-" "Mozilla/5.0 (compatible; SemrushBot/7~bl; +http://www.semrush.com/bot.html)" "-"
85.208.96.0 - - [03/Feb/2024:04:37:38 +0100] "GET /results/summer-series-2016-results HTTP/1.1" 200 25700 dartmoorrunners.co.uk "-" "Mozilla/5.0 (compatible; SemrushBot/7~bl; +http://www.semrush.com/bot.html)" "-"
66.249.79.0 - - [03/Feb/2024:04:37:53 +0100] "GET /feed HTTP/1.1" 200 1728 dartmoorrunners.co.uk "-" "Mozilla/5.0 (Linux; Android 6.0.1; Nexus 5X Build/MMB29P) AppleWebKit/537.36 (KHTML, like Gecko) Chrome/121.0.6167.85 Mobile Safari/537.36 (compatible; Googlebot/2.1; +http://www.google.com/bot.html)" "-"
66.249.76.0 - - [03/Feb/2024:04:49:07 +0100] "GET /results/summer-series-2016-results HTTP/1.1" 200 25700 dartmoorrunners.co.uk "-" "Mozilla/5.0 (Linux; Android 6.0.1; Nexus 5X Build/MMB29P) AppleWebKit/537.36 (KHTML, like Gecko) Chrome/121.0.6167.85 Mobile Safari/537.36 (compatible; Googlebot/2.1; +http://www.google.com/bot.html)" "-"
66.249.79.0 - - [03/Feb/2024:05:27:03 +0100] "GET / HTTP/1.1" 200 31575 dartmoorrunners.co.uk "-" "Mozilla/5.0 (compatible; Googlebot/2.1; +http://www.google.com/bot.html)" "-"
213.180.203.0 - - [03/Feb/2024:05:50:07 +0100] "GET /robots.txt HTTP/1.1" 200 121 dartmoorrunners.co.uk "-" "Mozilla/5.0 (compatible; YandexBot/3.0; +http://yandex.com/bots)" "-"
82.165.88.0 - - [03/Feb/2024:05:50:08 +0100] "POST /wp-cron.php?doing_wp_cron=1706935808.1226511001586914062500 HTTP/1.1" 200 - dartmoorrunners.co.uk "http://dartmoorrunners.co.uk/wp-cron.php?doing_wp_cron=1706935808.1226511001586914062500" "WordPress/6.1.5; http://dartmoorrunners.co.uk" "-"
5.255.231.0 - - [03/Feb/2024:05:50:08 +0100] "GET / HTTP/1.1" 200 31575 dartmoorrunners.co.uk "-" "Mozilla/5.0 (compatible; YandexBot/3.0; +http://yandex.com/bots)" "-"
65.21.225.0 - - [03/Feb/2024:05:51:52 +0100] "GET /wp-configs.php HTTP/1.1" 404 24763 dartmoorrunners.co.uk "http://simplesite.com" "Mozilla/5.0 (Windows; U; Windows NT 5.1; en-US) AppleWebKit/533.4 (KHTML, like Gecko) Chrome/5.0.375.99 Safari/533.4" "-"
5.255.231.0 - - [03/Feb/2024:05:52:13 +0100] "GET / HTTP/1.1" 200 31575 dartmoorrunners.co.uk "-" "Mozilla/5.0 (compatible; YandexBot/3.0; +http://yandex.com/bots)" "-"
195.191.219.0 - - [03/Feb/2024:05:58:42 +0100] "GET /robots.txt HTTP/1.1" 200 121 dartmoorrunners.co.uk "-" "Mozilla/5.0 (compatible; MJ12bot/v1.4.8; http://mj12bot.com/)" "-"
195.191.219.0 - - [03/Feb/2024:05:58:45 +0100] "GET / HTTP/1.1" 200 31575 dartmoorrunners.co.uk "-" "Mozilla/5.0 (compatible; MJ12bot/v1.4.8; http://mj12bot.com/)" "-"
38.150.13.0 - - [03/Feb/2024:06:15:00 +0100] "POST /wp-login.php HTTP/1.1" 200 9043 dartmoorrunners.co.uk "http://dartmoorrunners.co.uk/" "Mozilla/5.0 (Windows NT 6.1; WOW64; Trident/7.0; rv:11.0) like Gecko" "-"
38.150.13.0 - - [03/Feb/2024:06:15:05 +0100] "POST /wp-login.php HTTP/1.1" 200 9053 dartmoorrunners.co.uk "http://dartmoorrunners.co.uk/" "Mozilla/5.0 (Windows NT 6.1; WOW64; Trident/7.0; rv:11.0) like Gecko" "-"
162.19.127.0 - - [03/Feb/2024:06:25:46 +0100] "GET /.env HTTP/1.1" 404 24763 dartmoorrunners.co.uk "-" "Mozilla/5.0 (Macintosh;                 Intel Mac OS X 10_10_1) AppleWebKit/537.36 (KHTML,                 like Gecko) Chrome/39.0.2171.95 Safari/537.36" "-"
162.19.127.0 - - [03/Feb/2024:06:25:48 +0100] "GET /sendgrid.env HTTP/1.1" 404 24763 dartmoorrunners.co.uk "-" "Mozilla/5.0 (Macintosh;                 Intel Mac OS X 10_10_1) AppleWebKit/537.36 (KHTML,                 like Gecko) Chrome/39.0.2171.95 Safari/537.36" "-"
162.19.127.0 - - [03/Feb/2024:06:25:49 +0100] "GET /core/.env HTTP/1.1" 404 24763 dartmoorrunners.co.uk "-" "Mozilla/5.0 (Macintosh;                 Intel Mac OS X 10_10_1) AppleWebKit/537.36 (KHTML,                 like Gecko) Chrome/39.0.2171.95 Safari/537.36" "-"
162.19.127.0 - - [03/Feb/2024:06:25:51 +0100] "GET /vendor/.env HTTP/1.1" 404 24763 dartmoorrunners.co.uk "-" "Mozilla/5.0 (Macintosh;                 Intel Mac OS X 10_10_1) AppleWebKit/537.36 (KHTML,                 like Gecko) Chrome/39.0.2171.95 Safari/537.36" "-"
162.19.127.0 - - [03/Feb/2024:06:25:54 +0100] "GET /assets/.env HTTP/1.1" 404 24763 dartmoorrunners.co.uk "-" "Mozilla/5.0 (Macintosh;                 Intel Mac OS X 10_10_1) AppleWebKit/537.36 (KHTML,                 like Gecko) Chrome/39.0.2171.95 Safari/537.36" "-"
162.19.127.0 - - [03/Feb/2024:06:25:56 +0100] "GET /storage/.env HTTP/1.1" 404 24763 dartmoorrunners.co.uk "-" "Mozilla/5.0 (Macintosh;                 Intel Mac OS X 10_10_1) AppleWebKit/537.36 (KHTML,                 like Gecko) Chrome/39.0.2171.95 Safari/537.36" "-"
162.19.127.0 - - [03/Feb/2024:06:25:58 +0100] "GET /public/.env HTTP/1.1" 404 24763 dartmoorrunners.co.uk "-" "Mozilla/5.0 (Macintosh;                 Intel Mac OS X 10_10_1) AppleWebKit/537.36 (KHTML,                 like Gecko) Chrome/39.0.2171.95 Safari/537.36" "-"
162.19.127.0 - - [03/Feb/2024:06:26:00 +0100] "GET /app/.env HTTP/1.1" 404 24763 dartmoorrunners.co.uk "-" "Mozilla/5.0 (Macintosh;                 Intel Mac OS X 10_10_1) AppleWebKit/537.36 (KHTML,                 like Gecko) Chrome/39.0.2171.95 Safari/537.36" "-"
162.19.127.0 - - [03/Feb/2024:06:26:00 +0100] "GET /admin/.env HTTP/1.1" 404 24763 dartmoorrunners.co.uk "-" "Mozilla/5.0 (Macintosh;                 Intel Mac OS X 10_10_1) AppleWebKit/537.36 (KHTML,                 like Gecko) Chrome/39.0.2171.95 Safari/537.36" "-"
162.19.127.0 - - [03/Feb/2024:06:26:01 +0100] "GET /laravel/.env HTTP/1.1" 404 24763 dartmoorrunners.co.uk "-" "Mozilla/5.0 (Macintosh;                 Intel Mac OS X 10_10_1) AppleWebKit/537.36 (KHTML,                 like Gecko) Chrome/39.0.2171.95 Safari/537.36" "-"
162.19.127.0 - - [03/Feb/2024:06:26:02 +0100] "POST / HTTP/1.1" 200 31575 dartmoorrunners.co.uk "-" "Mozilla/5.0 (Macintosh;                 Intel Mac OS X 10_10_1) AppleWebKit/537.36 (KHTML,                 like Gecko) Chrome/39.0.2171.95 Safari/537.36" "-"
162.19.127.0 - - [03/Feb/2024:06:26:02 +0100] "GET /vendor/phpunit/phpunit/src/Util/PHP/eval-stdin.php HTTP/1.1" 404 24763 dartmoorrunners.co.uk "-" "Mozilla/5.0 (Macintosh;                 Intel Mac OS X 10_10_1) AppleWebKit/537.36 (KHTML,                 like Gecko) Chrome/39.0.2171.95 Safari/537.36" "-"
82.165.88.0 - - [03/Feb/2024:06:30:48 +0100] "POST /wp-cron.php?doing_wp_cron=1706938248.7263131141662597656250 HTTP/1.1" 200 - dartmoorrunners.co.uk "http://dartmoorrunners.co.uk/wp-cron.php?doing_wp_cron=1706938248.7263131141662597656250" "WordPress/6.1.5; http://dartmoorrunners.co.uk" "-"
66.249.79.0 - - [03/Feb/2024:06:30:48 +0100] "GET / HTTP/1.1" 200 31575 dartmoorrunners.co.uk "-" "Mozilla/5.0 (compatible; Googlebot/2.1; +http://www.google.com/bot.html)" "-"
52.192.176.0 - - [03/Feb/2024:07:08:15 +0100] "POST /wp-login.php HTTP/1.1" 200 9043 dartmoorrunners.co.uk "http://dartmoorrunners.co.uk/" "Mozilla/5.0 (Windows NT 6.1; WOW64; Trident/7.0; rv:11.0) like Gecko" "-"
52.192.176.0 - - [03/Feb/2024:07:08:27 +0100] "POST /wp-login.php HTTP/1.1" 200 9053 dartmoorrunners.co.uk "http://dartmoorrunners.co.uk/" "Mozilla/5.0 (Windows NT 6.1; WOW64; Trident/7.0; rv:11.0) like Gecko" "-"
45.80.158.0 - - [03/Feb/2024:08:04:25 +0100] "HEAD /wordpress HTTP/1.1" 404 - dartmoorrunners.co.uk "-" "Mozilla/5.0 (Windows NT 10.0; Win64; x64) AppleWebKit/537.36 (KHTML, like Gecko) Chrome/74.0.3729.169 Safari/537.36" "-"
82.165.88.0 - - [03/Feb/2024:08:04:31 +0100] "POST /wp-cron.php?doing_wp_cron=1706943871.5568690299987792968750 HTTP/1.1" 200 - dartmoorrunners.co.uk "http://dartmoorrunners.co.uk/wp-cron.php?doing_wp_cron=1706943871.5568690299987792968750" "WordPress/6.1.5; http://dartmoorrunners.co.uk" "-"
45.80.158.0 - - [03/Feb/2024:08:04:32 +0100] "HEAD / HTTP/1.1" 200 - dartmoorrunners.co.uk "-" "Mozilla/5.0 (Windows NT 10.0; Win64; x64) AppleWebKit/537.36 (KHTML, like Gecko) Chrome/74.0.3729.169 Safari/537.36" "-"
45.80.158.0 - - [03/Feb/2024:08:04:32 +0100] "HEAD /wp HTTP/1.1" 404 - dartmoorrunners.co.uk "-" "Mozilla/5.0 (Windows NT 10.0; Win64; x64) AppleWebKit/537.36 (KHTML, like Gecko) Chrome/74.0.3729.169 Safari/537.36" "-"
45.80.158.0 - - [03/Feb/2024:08:04:32 +0100] "HEAD /bc HTTP/1.1" 404 - dartmoorrunners.co.uk "-" "Mozilla/5.0 (Windows NT 10.0; Win64; x64) AppleWebKit/537.36 (KHTML, like Gecko) Chrome/74.0.3729.169 Safari/537.36" "-"
45.80.158.0 - - [03/Feb/2024:08:04:32 +0100] "HEAD /bk HTTP/1.1" 404 - dartmoorrunners.co.uk "-" "Mozilla/5.0 (Windows NT 10.0; Win64; x64) AppleWebKit/537.36 (KHTML, like Gecko) Chrome/74.0.3729.169 Safari/537.36" "-"
45.80.158.0 - - [03/Feb/2024:08:04:33 +0100] "HEAD /backup HTTP/1.1" 404 - dartmoorrunners.co.uk "-" "Mozilla/5.0 (Windows NT 10.0; Win64; x64) AppleWebKit/537.36 (KHTML, like Gecko) Chrome/74.0.3729.169 Safari/537.36" "-"
45.80.158.0 - - [03/Feb/2024:08:04:33 +0100] "HEAD /old HTTP/1.1" 404 - dartmoorrunners.co.uk "-" "Mozilla/5.0 (Windows NT 10.0; Win64; x64) AppleWebKit/537.36 (KHTML, like Gecko) Chrome/74.0.3729.169 Safari/537.36" "-"
45.80.158.0 - - [03/Feb/2024:08:04:33 +0100] "HEAD /new HTTP/1.1" 404 - dartmoorrunners.co.uk "-" "Mozilla/5.0 (Windows NT 10.0; Win64; x64) AppleWebKit/537.36 (KHTML, like Gecko) Chrome/74.0.3729.169 Safari/537.36" "-"
45.80.158.0 - - [03/Feb/2024:08:04:33 +0100] "HEAD /main HTTP/1.1" 404 - dartmoorrunners.co.uk "-" "Mozilla/5.0 (Windows NT 10.0; Win64; x64) AppleWebKit/537.36 (KHTML, like Gecko) Chrome/74.0.3729.169 Safari/537.36" "-"
45.80.158.0 - - [03/Feb/2024:08:04:34 +0100] "HEAD /home HTTP/1.1" 404 - dartmoorrunners.co.uk "-" "Mozilla/5.0 (Windows NT 10.0; Win64; x64) AppleWebKit/537.36 (KHTML, like Gecko) Chrome/74.0.3729.169 Safari/537.36" "-"
95.108.213.0 - - [03/Feb/2024:08:04:50 +0100] "GET /robots.txt HTTP/1.1" 301 - www.dartmoorrunners.co.uk "-" "Mozilla/5.0 (compatible; YandexBot/3.0; +http://yandex.com/bots)" "-"
95.108.213.0 - - [03/Feb/2024:08:04:50 +0100] "GET /robots.txt HTTP/1.1" 200 121 dartmoorrunners.co.uk "-" "Mozilla/5.0 (compatible; YandexBot/3.0; +http://yandex.com/bots)" "-"
213.180.203.0 - - [03/Feb/2024:08:04:51 +0100] "GET / HTTP/1.1" 301 - www.dartmoorrunners.co.uk "-" "Mozilla/5.0 (compatible; YandexBot/3.0; +http://yandex.com/bots)" "-"
95.108.213.0 - - [03/Feb/2024:08:06:55 +0100] "GET / HTTP/1.1" 301 - www.dartmoorrunners.co.uk "-" "Mozilla/5.0 (compatible; YandexBot/3.0; +http://yandex.com/bots)" "-"
92.223.85.0 - - [03/Feb/2024:08:21:32 +0100] "GET /wp-content/plugins/hellopress/wp_filemanager.php HTTP/1.1" 404 24763 dartmoorrunners.co.uk "-" "-" "-"
92.223.85.0 - - [03/Feb/2024:08:21:33 +0100] "GET /wp-content/themes/intense/block-css.php?mode=upload HTTP/1.1" 404 24763 dartmoorrunners.co.uk "-" "-" "-"
92.223.85.0 - - [03/Feb/2024:08:21:35 +0100] "GET /wp-admin/network/cloud.php HTTP/1.1" 404 24763 dartmoorrunners.co.uk "-" "-" "-"
92.223.85.0 - - [03/Feb/2024:08:21:35 +0100] "GET /cloud.php HTTP/1.1" 404 24763 dartmoorrunners.co.uk "-" "-" "-"
92.223.85.0 - - [03/Feb/2024:08:21:36 +0100] "GET /cgi-bin/cloud.php HTTP/1.1" 404 626 dartmoorrunners.co.uk "-" "-" "-"
92.223.85.0 - - [03/Feb/2024:08:21:36 +0100] "GET /wp-content/updates.php HTTP/1.1" 404 24763 dartmoorrunners.co.uk "-" "-" "-"
92.223.85.0 - - [03/Feb/2024:08:21:37 +0100] "GET /css/cloud.php HTTP/1.1" 404 24763 dartmoorrunners.co.uk "-" "-" "-"
92.223.85.0 - - [03/Feb/2024:08:21:37 +0100] "GET /wp-admin/user/cloud.php HTTP/1.1" 404 24763 dartmoorrunners.co.uk "-" "-" "-"
92.223.85.0 - - [03/Feb/2024:08:21:38 +0100] "GET /img/cloud.php HTTP/1.1" 404 24763 dartmoorrunners.co.uk "-" "-" "-"
92.223.85.0 - - [03/Feb/2024:08:21:38 +0100] "GET /wp-admin/css/colors/coffee/cloud.php HTTP/1.1" 404 24763 dartmoorrunners.co.uk "-" "-" "-"
92.223.85.0 - - [03/Feb/2024:08:21:39 +0100] "GET /wp-admin/images/cloud.php HTTP/1.1" 404 24763 dartmoorrunners.co.uk "-" "-" "-"
92.223.85.0 - - [03/Feb/2024:08:21:40 +0100] "GET /images/cloud.php HTTP/1.1" 404 24763 dartmoorrunners.co.uk "-" "-" "-"
92.223.85.0 - - [03/Feb/2024:08:21:40 +0100] "GET /wp-admin/js/widgets/cloud.php HTTP/1.1" 404 24763 dartmoorrunners.co.uk "-" "-" "-"
92.223.85.0 - - [03/Feb/2024:08:21:41 +0100] "GET /wp-includes/Requests/Text/admin.php HTTP/1.1" 404 24763 dartmoorrunners.co.uk "-" "-" "-"
92.223.85.0 - - [03/Feb/2024:08:21:41 +0100] "GET /wp-admin/css/colors/cloud.php HTTP/1.1" 404 24763 dartmoorrunners.co.uk "-" "-" "-"
92.223.85.0 - - [03/Feb/2024:08:21:42 +0100] "GET /wp-admin/includes/cloud.php HTTP/1.1" 404 24763 dartmoorrunners.co.uk "-" "-" "-"
92.223.85.0 - - [03/Feb/2024:08:21:43 +0100] "GET /wp-admin/css/colors/blue/cloud.php HTTP/1.1" 404 24763 dartmoorrunners.co.uk "-" "-" "-"
92.223.85.0 - - [03/Feb/2024:08:21:43 +0100] "GET /wp-admin/cloud.php HTTP/1.1" 404 24763 dartmoorrunners.co.uk "-" "-" "-"
92.223.85.0 - - [03/Feb/2024:08:21:44 +0100] "GET /updates.php HTTP/1.1" 404 24763 dartmoorrunners.co.uk "-" "-" "-"
92.223.85.0 - - [03/Feb/2024:08:21:46 +0100] "GET /libraries/legacy/updates.php HTTP/1.1" 404 24763 dartmoorrunners.co.uk "-" "-" "-"
92.223.85.0 - - [03/Feb/2024:08:21:46 +0100] "GET /libraries/phpmailer/updates.php HTTP/1.1" 404 24763 dartmoorrunners.co.uk "-" "-" "-"
92.223.85.0 - - [03/Feb/2024:08:21:47 +0100] "GET /libraries/vendor/updates.php HTTP/1.1" 404 24763 dartmoorrunners.co.uk "-" "-" "-"
92.223.85.0 - - [03/Feb/2024:08:21:47 +0100] "GET /alfa-rex.php7 HTTP/1.1" 404 24763 dartmoorrunners.co.uk "-" "-" "-"
92.223.85.0 - - [03/Feb/2024:08:21:48 +0100] "GET /alfanew.php HTTP/1.1" 404 24763 dartmoorrunners.co.uk "-" "-" "-"
92.223.85.0 - - [03/Feb/2024:08:21:48 +0100] "GET /wp-content/plugins/Cache/Cache.php HTTP/1.1" 404 24763 dartmoorrunners.co.uk "-" "-" "-"
92.223.85.0 - - [03/Feb/2024:08:21:49 +0100] "GET /wp-admin/js/widgets/about.php7 HTTP/1.1" 404 24763 dartmoorrunners.co.uk "-" "-" "-"
92.223.85.0 - - [03/Feb/2024:08:21:50 +0100] "GET /wp-p.php7 HTTP/1.1" 404 24763 dartmoorrunners.co.uk "-" "-" "-"
92.223.85.0 - - [03/Feb/2024:08:21:50 +0100] "GET /wp-admin/repeater.php HTTP/1.1" 404 24763 dartmoorrunners.co.uk "-" "-" "-"
92.223.85.0 - - [03/Feb/2024:08:21:51 +0100] "GET /wp-includes/repeater.php HTTP/1.1" 404 24763 dartmoorrunners.co.uk "-" "-" "-"
92.223.85.0 - - [03/Feb/2024:08:21:52 +0100] "GET /wp-content/repeater.php HTTP/1.1" 404 24763 dartmoorrunners.co.uk "-" "-" "-"
92.223.85.0 - - [03/Feb/2024:08:21:53 +0100] "GET /wsoyanz.php HTTP/1.1" 404 24763 dartmoorrunners.co.uk "-" "-" "-"
92.223.85.0 - - [03/Feb/2024:08:21:54 +0100] "GET /yanz.php HTTP/1.1" 404 24763 dartmoorrunners.co.uk "-" "-" "-"
92.223.85.0 - - [03/Feb/2024:08:21:54 +0100] "GET /wp-admin/js/about.php HTTP/1.1" 404 24763 dartmoorrunners.co.uk "-" "-" "-"
92.223.85.0 - - [03/Feb/2024:08:21:55 +0100] "GET /wp-content/plugins/seoo/wsoyanz.php HTTP/1.1" 404 24763 dartmoorrunners.co.uk "-" "-" "-"
92.223.85.0 - - [03/Feb/2024:08:21:55 +0100] "GET /wp-content/plugins/seoo/wsoyanz1.php HTTP/1.1" 404 24763 dartmoorrunners.co.uk "-" "-" "-"
92.223.85.0 - - [03/Feb/2024:08:21:56 +0100] "GET /cache-compat.php HTTP/1.1" 404 24763 dartmoorrunners.co.uk "-" "-" "-"
92.223.85.0 - - [03/Feb/2024:08:21:56 +0100] "GET /ajax-actions.php HTTP/1.1" 404 24763 dartmoorrunners.co.uk "-" "-" "-"
92.223.85.0 - - [03/Feb/2024:08:21:57 +0100] "GET /wp-admin/ajax-actions.php HTTP/1.1" 404 24763 dartmoorrunners.co.uk "-" "-" "-"
92.223.85.0 - - [03/Feb/2024:08:21:58 +0100] "GET /wp-consar.php HTTP/1.1" 404 24763 dartmoorrunners.co.uk "-" "-" "-"
92.223.85.0 - - [03/Feb/2024:08:21:58 +0100] "GET /repeater.php HTTP/1.1" 404 24763 dartmoorrunners.co.uk "-" "-" "-"
92.223.85.0 - - [03/Feb/2024:08:21:59 +0100] "GET /admin-post.php HTTP/1.1" 404 24763 dartmoorrunners.co.uk "-" "-" "-"
92.223.85.0 - - [03/Feb/2024:08:22:00 +0100] "GET /wp-admin/maint/maint/ajax-actions.php HTTP/1.1" 404 24763 dartmoorrunners.co.uk "-" "-" "-"
92.223.85.0 - - [03/Feb/2024:08:22:00 +0100] "GET /wp-admin/dropdown.php HTTP/1.1" 404 24763 dartmoorrunners.co.uk "-" "-" "-"
92.223.85.0 - - [03/Feb/2024:08:22:01 +0100] "GET /wp-admin/css/index.php HTTP/1.1" 301 - dartmoorrunners.co.uk "-" "-" "-"
92.223.85.0 - - [03/Feb/2024:08:22:01 +0100] "GET /wp-admin/css/ HTTP/1.1" 403 618 dartmoorrunners.co.uk "-" "-" "-"
92.223.85.0 - - [03/Feb/2024:08:22:02 +0100] "GET /dropdown.php HTTP/1.1" 404 24763 dartmoorrunners.co.uk "-" "-" "-"
92.223.85.0 - - [03/Feb/2024:08:22:02 +0100] "GET /about.php HTTP/1.1" 404 24763 dartmoorrunners.co.uk "-" "-" "-"
92.223.85.0 - - [03/Feb/2024:08:22:03 +0100] "GET /admin.php HTTP/1.1" 404 24763 dartmoorrunners.co.uk "-" "-" "-"
92.223.85.0 - - [03/Feb/2024:08:22:03 +0100] "GET /about.php7 HTTP/1.1" 404 24763 dartmoorrunners.co.uk "-" "-" "-"
43.155.169.0 - - [03/Feb/2024:08:31:44 +0100] "GET / HTTP/1.1" 200 31575 dartmoorrunners.co.uk "-" "Mozilla/5.0 (iPhone; CPU iPhone OS 13_2_3 like Mac OS X) AppleWebKit/605.1.15 (KHTML, like Gecko) Version/13.0.3 Mobile/15E148 Safari/604.1" "-"
82.165.88.0 - - [03/Feb/2024:08:31:45 +0100] "POST /wp-cron.php?doing_wp_cron=1706945505.1300048828125000000000 HTTP/1.1" 200 - dartmoorrunners.co.uk "http://dartmoorrunners.co.uk/wp-cron.php?doing_wp_cron=1706945505.1300048828125000000000" "WordPress/6.1.5; http://dartmoorrunners.co.uk" "-"
5.255.100.0 - - [03/Feb/2024:08:32:50 +0100] "POST /xmlrpc.php HTTP/1.1" 200 403 dartmoorrunners.co.uk "-" "Mozilla/5.0 (Windows NT 10.0; Win64; x64) AppleWebKit/537.36 (KHTML, like Gecko) Chrome/64.0.3282.140 Safari/537.36 Edge/18.17763" "-"
5.255.100.0 - - [03/Feb/2024:08:32:51 +0100] "POST /xmlrpc.php HTTP/1.1" 200 403 dartmoorrunners.co.uk "-" "Mozilla/5.0 (Windows NT 10.0; Win64; x64) AppleWebKit/537.36 (KHTML, like Gecko) Chrome/64.0.3282.140 Safari/537.36 Edge/18.17763" "-"
5.255.100.0 - - [03/Feb/2024:08:32:52 +0100] "POST /xmlrpc.php HTTP/1.1" 403 618 dartmoorrunners.co.uk "-" "Mozilla/5.0 (Windows NT 10.0; Win64; x64) AppleWebKit/537.36 (KHTML, like Gecko) Chrome/64.0.3282.140 Safari/537.36 Edge/18.17763" "-"
5.255.100.0 - - [03/Feb/2024:08:32:53 +0100] "POST /xmlrpc.php HTTP/1.1" 403 618 dartmoorrunners.co.uk "-" "Mozilla/5.0 (Windows NT 10.0; Win64; x64) AppleWebKit/537.36 (KHTML, like Gecko) Chrome/64.0.3282.140 Safari/537.36 Edge/18.17763" "-"
5.255.100.0 - - [03/Feb/2024:08:32:54 +0100] "POST /xmlrpc.php HTTP/1.1" 403 618 dartmoorrunners.co.uk "-" "Mozilla/5.0 (Windows NT 10.0; Win64; x64) AppleWebKit/537.36 (KHTML, like Gecko) Chrome/64.0.3282.140 Safari/537.36 Edge/18.17763" "-"
103.72.79.0 - - [03/Feb/2024:08:35:44 +0100] "GET /style.php?sig=rename HTTP/1.1" 404 24763 dartmoorrunners.co.uk "-" "Mozilla/5.0 (Linux; Android 11; SM-A705FN) AppleWebKit/537.36 (KHTML, like Gecko) Chrome/89.0.4389.105 Mobile Safari/537.36 OPR/63.3.3216.58675" "-"
2a01:4f8:100:: - - [03/Feb/2024:08:38:56 +0100] "GET / HTTP/1.1" 200 31575 dartmoorrunners.co.uk "-" "Mozilla/5.0 (Windows NT 10.0; Win64; x64) AppleWebKit/537.36 (KHTML, like Gecko) Chrome/58.0.3029.110 Safari/537.3" "-"
165.22.205.0 - - [03/Feb/2024:09:09:40 +0100] "GET / HTTP/1.1" 200 31575 dartmoorrunners.co.uk "-" "Mozilla/5.0 (X11; Linux x86_64) AppleWebKit/537.36 (KHTML, like Gecko) Chrome/108.0.0.0 Safari/537.36" "-"
2a00:6800:: - - [03/Feb/2024:09:16:27 +0100] "GET /results/winter-series-2011-results HTTP/1.1" 200 44856 dartmoorrunners.co.uk "-" "Mozilla/5.0 (Windows NT 10.0; Win64; x64) AppleWebKit/537.36 (KHTML, like Gecko) Chrome/91.0.4472.114 Safari/537.36 Edg/91.0.864.54" "-"
5.255.231.0 - - [03/Feb/2024:09:18:54 +0100] "GET /robots.txt HTTP/1.1" 200 121 dartmoorrunners.co.uk "-" "Mozilla/5.0 (compatible; YandexBot/3.0; +http://yandex.com/bots)" "-"
87.250.224.0 - - [03/Feb/2024:09:18:54 +0100] "GET / HTTP/1.1" 200 31575 dartmoorrunners.co.uk "-" "Mozilla/5.0 (compatible; YandexBot/3.0; +http://yandex.com/bots)" "-"
87.250.224.0 - - [03/Feb/2024:09:20:24 +0100] "GET / HTTP/1.1" 200 31575 dartmoorrunners.co.uk "-" "Mozilla/5.0 (compatible; YandexBot/3.0; +http://yandex.com/bots)" "-"
82.165.88.0 - - [03/Feb/2024:09:39:18 +0100] "POST /wp-cron.php?doing_wp_cron=1706949558.5912249088287353515625 HTTP/1.1" 200 - dartmoorrunners.co.uk "http://dartmoorrunners.co.uk/wp-cron.php?doing_wp_cron=1706949558.5912249088287353515625" "WordPress/6.1.5; http://dartmoorrunners.co.uk" "-"
146.190.88.0 - - [03/Feb/2024:09:39:18 +0100] "GET /.env HTTP/1.1" 404 24763 dartmoorrunners.co.uk "-" "Mozilla/5.0 (Linux; U; Android 4.4.2; en-US; HM NOTE 1W Build/KOT49H) AppleWebKit/534.30 (KHTML, like Gecko) Version/4.0 UCBrowser/11.0.5.850 U3/0.8.0 Mobile Safari/534.30" "-"
146.190.88.0 - - [03/Feb/2024:09:39:19 +0100] "POST / HTTP/1.1" 200 31575 dartmoorrunners.co.uk "-" "Mozilla/5.0 (Linux; U; Android 4.4.2; en-US; HM NOTE 1W Build/KOT49H) AppleWebKit/534.30 (KHTML, like Gecko) Version/4.0 UCBrowser/11.0.5.850 U3/0.8.0 Mobile Safari/534.30" "-"
192.185.179.0 - - [03/Feb/2024:09:46:57 +0100] "GET /wp-content/plugins/editor/fx.php HTTP/1.1" 404 24763 dartmoorrunners.co.uk "http://simplesite.com" "Mozilla/5.0 (Windows; U; Windows NT 5.1; en-US) AppleWebKit/533.4 (KHTML, like Gecko) Chrome/5.0.375.99 Safari/533.4" "-"
95.145.8.0 - - [03/Feb/2024:11:38:27 +0100] "GET / HTTP/1.1" 200 122 dartmoorrunners.co.uk "-" "Mozilla/5.0 (Macintosh; Intel Mac OS X 10_15_7) AppleWebKit/605.1.15 (KHTML, like Gecko) Version/16.6.1 Safari/605.1.15" "-"
82.165.88.0 - - [03/Feb/2024:11:38:34 +0100] "POST /wp-cron.php?doing_wp_cron=1706956714.0771949291229248046875 HTTP/1.1" 200 - dartmoorrunners.co.uk "http://dartmoorrunners.co.uk/wp-cron.php?doing_wp_cron=1706956714.0771949291229248046875" "WordPress/6.1.5; http://dartmoorrunners.co.uk" "-"
213.180.203.0 - - [03/Feb/2024:11:47:21 +0100] "GET /robots.txt HTTP/1.1" 301 - www.dartmoorrunners.co.uk "-" "Mozilla/5.0 (compatible; YandexBot/3.0; +http://yandex.com/bots)" "-"
213.180.203.0 - - [03/Feb/2024:11:47:22 +0100] "GET /robots.txt HTTP/1.1" 200 121 dartmoorrunners.co.uk "-" "Mozilla/5.0 (compatible; YandexBot/3.0; +http://yandex.com/bots)" "-"
5.255.231.0 - - [03/Feb/2024:11:47:23 +0100] "GET / HTTP/1.1" 301 - www.dartmoorrunners.co.uk "-" "Mozilla/5.0 (compatible; YandexBot/3.0; +http://yandex.com/bots)" "-"
87.250.224.0 - - [03/Feb/2024:11:49:26 +0100] "GET / HTTP/1.1" 301 - www.dartmoorrunners.co.uk "-" "Mozilla/5.0 (compatible; YandexBot/3.0; +http://yandex.com/bots)" "-"
95.108.213.0 - - [03/Feb/2024:12:44:16 +0100] "GET /robots.txt HTTP/1.1" 200 121 dartmoorrunners.co.uk "-" "Mozilla/5.0 (compatible; YandexBot/3.0; +http://yandex.com/bots)" "-"
82.165.88.0 - - [03/Feb/2024:12:44:19 +0100] "POST /wp-cron.php?doing_wp_cron=1706960659.4087860584259033203125 HTTP/1.1" 200 - dartmoorrunners.co.uk "http://dartmoorrunners.co.uk/wp-cron.php?doing_wp_cron=1706960659.4087860584259033203125" "WordPress/6.1.5; http://dartmoorrunners.co.uk" "-"
5.255.231.0 - - [03/Feb/2024:12:44:20 +0100] "GET / HTTP/1.1" 200 31575 dartmoorrunners.co.uk "-" "Mozilla/5.0 (compatible; YandexBot/3.0; +http://yandex.com/bots)" "-"
87.250.224.0 - - [03/Feb/2024:12:45:50 +0100] "GET / HTTP/1.1" 200 31575 dartmoorrunners.co.uk "-" "Mozilla/5.0 (compatible; YandexBot/3.0; +http://yandex.com/bots)" "-"
185.220.101.0 - - [03/Feb/2024:12:59:25 +0100] "POST /xmlrpc.php HTTP/1.1" 200 403 dartmoorrunners.co.uk "-" "Mozilla/5.0 (Windows NT 10.0; Win64; x64) AppleWebKit/537.36 (KHTML, like Gecko) Chrome/80.0.3987.149 Safari/537.36" "-"
185.220.101.0 - - [03/Feb/2024:12:59:26 +0100] "POST /xmlrpc.php HTTP/1.1" 200 403 dartmoorrunners.co.uk "-" "Mozilla/5.0 (Windows NT 10.0; Win64; x64) AppleWebKit/537.36 (KHTML, like Gecko) Chrome/80.0.3987.149 Safari/537.36" "-"
185.220.101.0 - - [03/Feb/2024:12:59:27 +0100] "POST /xmlrpc.php HTTP/1.1" 403 618 dartmoorrunners.co.uk "-" "Mozilla/5.0 (Windows NT 10.0; Win64; x64) AppleWebKit/537.36 (KHTML, like Gecko) Chrome/80.0.3987.149 Safari/537.36" "-"
185.220.101.0 - - [03/Feb/2024:12:59:28 +0100] "POST /xmlrpc.php HTTP/1.1" 403 618 dartmoorrunners.co.uk "-" "Mozilla/5.0 (Windows NT 10.0; Win64; x64) AppleWebKit/537.36 (KHTML, like Gecko) Chrome/80.0.3987.149 Safari/537.36" "-"
185.220.101.0 - - [03/Feb/2024:12:59:29 +0100] "POST /xmlrpc.php HTTP/1.1" 403 618 dartmoorrunners.co.uk "-" "Mozilla/5.0 (Windows NT 10.0; Win64; x64) AppleWebKit/537.36 (KHTML, like Gecko) Chrome/80.0.3987.149 Safari/537.36" "-"
66.249.76.0 - - [03/Feb/2024:13:09:23 +0100] "GET / HTTP/1.1" 200 31575 dartmoorrunners.co.uk "-" "Mozilla/5.0 (compatible; Googlebot/2.1; +http://www.google.com/bot.html)" "-"
66.249.76.0 - - [03/Feb/2024:13:09:33 +0100] "GET /wp-includes/js/wp-emoji-release.min.js?ver=6.1.5 HTTP/1.1" 200 18617 dartmoorrunners.co.uk "http://dartmoorrunners.co.uk/" "Mozilla/5.0 AppleWebKit/537.36 (KHTML, like Gecko; compatible; Googlebot/2.1; +http://www.google.com/bot.html) Chrome/121.0.6167.85 Safari/537.36" "-"
66.249.76.0 - - [03/Feb/2024:13:09:34 +0100] "GET /wp-includes/css/classic-themes.min.css?ver=1 HTTP/1.1" 200 189 dartmoorrunners.co.uk "http://dartmoorrunners.co.uk/" "Mozilla/5.0 AppleWebKit/537.36 (KHTML, like Gecko; compatible; Googlebot/2.1; +http://www.google.com/bot.html) Chrome/121.0.6167.85 Safari/537.36" "-"
66.249.76.0 - - [03/Feb/2024:13:09:34 +0100] "GET /wp-content/themes/omega/style.css?ver=6.1.5 HTTP/1.1" 200 6552 dartmoorrunners.co.uk "http://dartmoorrunners.co.uk/" "Mozilla/5.0 AppleWebKit/537.36 (KHTML, like Gecko; compatible; Googlebot/2.1; +http://www.google.com/bot.html) Chrome/121.0.6167.85 Safari/537.36" "-"
66.249.79.0 - - [03/Feb/2024:13:09:34 +0100] "GET /wp-includes/css/dist/block-library/style.min.css?ver=6.1.5 HTTP/1.1" 200 16164 dartmoorrunners.co.uk "http://dartmoorrunners.co.uk/" "Mozilla/5.0 AppleWebKit/537.36 (KHTML, like Gecko; compatible; Googlebot/2.1; +http://www.google.com/bot.html) Chrome/121.0.6167.85 Safari/537.36" "-"
18.141.192.0 - - [03/Feb/2024:13:34:59 +0100] "POST /wp-login.php HTTP/1.1" 200 9043 dartmoorrunners.co.uk "http://dartmoorrunners.co.uk/" "Mozilla/5.0 (Windows NT 6.1; WOW64; Trident/7.0; rv:11.0) like Gecko" "-"
82.165.88.0 - - [03/Feb/2024:13:35:07 +0100] "POST /wp-cron.php?doing_wp_cron=1706963707.0129261016845703125000 HTTP/1.1" 200 - dartmoorrunners.co.uk "http://dartmoorrunners.co.uk/wp-cron.php?doing_wp_cron=1706963707.0129261016845703125000" "WordPress/6.1.5; http://dartmoorrunners.co.uk" "-"
202.64.124.0 - - [03/Feb/2024:13:35:09 +0100] "POST /wp-login.php HTTP/1.1" 200 9053 dartmoorrunners.co.uk "http://dartmoorrunners.co.uk/" "Mozilla/5.0 (Windows NT 6.1; WOW64; Trident/7.0; rv:11.0) like Gecko" "-"
91.134.209.0 - - [03/Feb/2024:13:39:28 +0100] "GET /index.php?of=1&a=1 HTTP/1.1" 301 - dartmoorrunners.co.uk "dartmoorrunners.co.uk" "Mozilla/5.0 (Windows NT 6.1; Win64; x64) AppleWebKit/537.36 (KHTML, like Gecko) Chrome/242.02.8301.120 Safari/537.36" "-"
91.134.209.0 - - [03/Feb/2024:13:39:28 +0100] "GET /?of=1&a=1 HTTP/1.1" 200 31575 dartmoorrunners.co.uk "dartmoorrunners.co.uk" "Mozilla/5.0 (Windows NT 6.1; Win64; x64) AppleWebKit/537.36 (KHTML, like Gecko) Chrome/242.02.8301.120 Safari/537.36" "-"
91.134.248.0 - - [03/Feb/2024:13:39:34 +0100] "GET /wp-admin/install.php HTTP/1.1" 200 1324 dartmoorrunners.co.uk "http://simplesite.com" "Mozilla/5.0 (Windows; U; Windows NT 5.1; en-US) AppleWebKit/533.4 (KHTML, like Gecko) Chrome/5.0.375.99 Safari/533.4" "-"
2001:41d0:: - - [03/Feb/2024:14:00:42 +0100] "POST /index.php HTTP/1.1" 200 31575 dartmoorrunners.co.uk "-" "Mozilla/5.0 (Windows NT 6.0; Win64; x64) AppleWebKit/537.36 (KHTML, like Gecko) Chrome/65.0.3152.119 Safari/537.36" "-"
2001:41d0:: - - [03/Feb/2024:14:01:26 +0100] "POST /wp-head.php HTTP/1.1" 404 24763 dartmoorrunners.co.uk "-" "Mozilla/5.0 (Windows NT 6.0; Win64; x64) AppleWebKit/537.36 (KHTML, like Gecko) Chrome/65.0.3152.119 Safari/537.36" "-"
2001:41d0:: - - [03/Feb/2024:14:14:03 +0100] "GET /inputs.php HTTP/1.1" 404 22504 dartmoorrunners.co.uk "dartmoorrunners.co.uk" "Mozilla/5.1 (Windows NT 6.0; WOW64) AppleWebKit/537.37 (KHTML, like Gecko) Chrome/58.0.1145.75 Safari/537.37" "-"
66.249.66.0 - - [03/Feb/2024:14:17:36 +0100] "GET /results/summer-series-2013-results HTTP/1.1" 200 25696 dartmoorrunners.co.uk "-" "Mozilla/5.0 (Linux; Android 6.0.1; Nexus 5X Build/MMB29P) AppleWebKit/537.36 (KHTML, like Gecko) Chrome/121.0.6167.85 Mobile Safari/537.36 (compatible; Googlebot/2.1; +http://www.google.com/bot.html)" "-"
54.36.148.0 - - [03/Feb/2024:14:19:45 +0100] "GET /robots.txt HTTP/1.1" 200 121 dartmoorrunners.co.uk "-" "Mozilla/5.0 (compatible; AhrefsBot/7.0; +http://ahrefs.com/robot/)" "-"
217.116.232.0 - - [03/Feb/2024:14:42:56 +0100] "GET /wordpress/ HTTP/1.1" 404 24763 dartmoorrunners.co.uk "-" "-" "-"
82.165.88.0 - - [03/Feb/2024:14:42:58 +0100] "POST /wp-cron.php?doing_wp_cron=1706967777.9598240852355957031250 HTTP/1.1" 200 - dartmoorrunners.co.uk "http://dartmoorrunners.co.uk/wp-cron.php?doing_wp_cron=1706967777.9598240852355957031250" "WordPress/6.1.5; http://dartmoorrunners.co.uk" "-"
40.77.167.0 - - [03/Feb/2024:14:53:47 +0100] "GET /wp-sitemap.xml HTTP/1.1" 200 562 dartmoorrunners.co.uk "-" "Mozilla/5.0 AppleWebKit/537.36 (KHTML, like Gecko; compatible; bingbot/2.0; +http://www.bing.com/bingbot.htm) Chrome/116.0.1938.76 Safari/537.36" "-"
2a09:bac2:3700:: - - [03/Feb/2024:15:22:52 +0100] "GET / HTTP/1.1" 200 31575 dartmoorrunners.co.uk "-" "Mozilla/5.0 (iPhone; CPU iPhone OS 17_2_1 like Mac OS X) AppleWebKit/605.1.15 (KHTML, like Gecko) Version/17.2 Mobile/15E148 Safari/604.1" "-"
2a09:bac2:3700:: - - [03/Feb/2024:15:22:52 +0100] "GET /wp-includes/js/wp-emoji-release.min.js?ver=6.1.5 HTTP/1.1" 200 18617 dartmoorrunners.co.uk "http://dartmoorrunners.co.uk/" "Mozilla/5.0 (iPhone; CPU iPhone OS 17_2_1 like Mac OS X) AppleWebKit/605.1.15 (KHTML, like Gecko) Version/17.2 Mobile/15E148 Safari/604.1" "-"
2a09:bac2:3700:: - - [03/Feb/2024:15:22:52 +0100] "GET /wp-includes/css/dist/block-library/style.min.css?ver=6.1.5 HTTP/1.1" 200 16164 dartmoorrunners.co.uk "http://dartmoorrunners.co.uk/" "Mozilla/5.0 (iPhone; CPU iPhone OS 17_2_1 like Mac OS X) AppleWebKit/605.1.15 (KHTML, like Gecko) Version/17.2 Mobile/15E148 Safari/604.1" "-"
2a09:bac2:3700:: - - [03/Feb/2024:15:22:52 +0100] "GET /wp-content/themes/omega/style.css?ver=6.1.5 HTTP/1.1" 200 6552 dartmoorrunners.co.uk "http://dartmoorrunners.co.uk/" "Mozilla/5.0 (iPhone; CPU iPhone OS 17_2_1 like Mac OS X) AppleWebKit/605.1.15 (KHTML, like Gecko) Version/17.2 Mobile/15E148 Safari/604.1" "-"
2a09:bac2:3700:: - - [03/Feb/2024:15:22:52 +0100] "GET /wp-includes/css/classic-themes.min.css?ver=1 HTTP/1.1" 200 189 dartmoorrunners.co.uk "http://dartmoorrunners.co.uk/" "Mozilla/5.0 (iPhone; CPU iPhone OS 17_2_1 like Mac OS X) AppleWebKit/605.1.15 (KHTML, like Gecko) Version/17.2 Mobile/15E148 Safari/604.1" "-"
2a09:bac2:3700:: - - [03/Feb/2024:15:22:52 +0100] "GET /wp-content/uploads/2017/04/XmasBash2017Med.jpg HTTP/1.1" 200 200566 dartmoorrunners.co.uk "http://dartmoorrunners.co.uk/" "Mozilla/5.0 (iPhone; CPU iPhone OS 17_2_1 like Mac OS X) AppleWebKit/605.1.15 (KHTML, like Gecko) Version/17.2 Mobile/15E148 Safari/604.1" "-"
5.255.231.0 - - [03/Feb/2024:15:27:20 +0100] "GET /robots.txt HTTP/1.1" 301 - www.dartmoorrunners.co.uk "-" "Mozilla/5.0 (compatible; YandexBot/3.0; +http://yandex.com/bots)" "-"
5.255.231.0 - - [03/Feb/2024:15:27:20 +0100] "GET /robots.txt HTTP/1.1" 200 121 dartmoorrunners.co.uk "-" "Mozilla/5.0 (compatible; YandexBot/3.0; +http://yandex.com/bots)" "-"
95.108.213.0 - - [03/Feb/2024:15:27:21 +0100] "GET / HTTP/1.1" 301 - www.dartmoorrunners.co.uk "-" "Mozilla/5.0 (compatible; YandexBot/3.0; +http://yandex.com/bots)" "-"
95.108.213.0 - - [03/Feb/2024:16:08:35 +0100] "GET /robots.txt HTTP/1.1" 200 121 dartmoorrunners.co.uk "-" "Mozilla/5.0 (compatible; YandexBot/3.0; +http://yandex.com/bots)" "-"
82.165.88.0 - - [03/Feb/2024:16:08:36 +0100] "POST /wp-cron.php?doing_wp_cron=1706972915.9199850559234619140625 HTTP/1.1" 200 - dartmoorrunners.co.uk "http://dartmoorrunners.co.uk/wp-cron.php?doing_wp_cron=1706972915.9199850559234619140625" "WordPress/6.1.5; http://dartmoorrunners.co.uk" "-"
5.255.231.0 - - [03/Feb/2024:16:08:37 +0100] "GET / HTTP/1.1" 200 31575 dartmoorrunners.co.uk "-" "Mozilla/5.0 (compatible; YandexBot/3.0; +http://yandex.com/bots)" "-"
95.108.213.0 - - [03/Feb/2024:16:10:40 +0100] "GET / HTTP/1.1" 200 31575 dartmoorrunners.co.uk "-" "Mozilla/5.0 (compatible; YandexBot/3.0; +http://yandex.com/bots)" "-"
82.165.88.0 - - [03/Feb/2024:16:39:41 +0100] "POST /wp-cron.php?doing_wp_cron=1706974781.6894500255584716796875 HTTP/1.1" 200 - dartmoorrunners.co.uk "http://dartmoorrunners.co.uk/wp-cron.php?doing_wp_cron=1706974781.6894500255584716796875" "WordPress/6.1.5; http://dartmoorrunners.co.uk" "-"
37.139.53.0 - - [03/Feb/2024:16:39:41 +0100] "GET /summer-series-2018 HTTP/1.1" 200 28055 dartmoorrunners.co.uk "http://dartmoorrunners.co.uk/" "Mozilla/5.0 (Macintosh; Intel Mac OS X 12_5) AppleWebKit/537.36 (KHTML, like Gecko) Chrome/114.0.0.0 Safari/537.36 Edg/114.0.1264.71" "-"
37.139.53.0 - - [03/Feb/2024:16:39:46 +0100] "GET /wp-login.php?action=register HTTP/1.1" 302 - dartmoorrunners.co.uk "http://dartmoorrunners.co.uk/" "Mozilla/5.0 (Windows NT 6.3; Win64; x64) AppleWebKit/537.36 (KHTML, like Gecko) Chrome/103.0.0.0 Safari/537.36" "-"
37.139.53.0 - - [03/Feb/2024:16:39:47 +0100] "GET /wp-login.php?registration=disabled HTTP/1.1" 200 8789 dartmoorrunners.co.uk "http://dartmoorrunners.co.uk/wp-login.php?action=register" "Mozilla/5.0 (Windows NT 6.3; Win64; x64) AppleWebKit/537.36 (KHTML, like Gecko) Chrome/103.0.0.0 Safari/537.36" "-"
40.77.167.0 - - [03/Feb/2024:16:46:50 +0100] "GET / HTTP/1.1" 200 31575 dartmoorrunners.co.uk "-" "Mozilla/5.0 AppleWebKit/537.36 (KHTML, like Gecko; compatible; bingbot/2.0; +http://www.bing.com/bingbot.htm) Chrome/116.0.1938.76 Safari/537.36" "-"
38.150.13.0 - - [03/Feb/2024:17:00:34 +0100] "POST /wp-login.php HTTP/1.1" 200 9043 dartmoorrunners.co.uk "http://dartmoorrunners.co.uk/" "Mozilla/5.0 (Windows NT 6.1; WOW64; Trident/7.0; rv:11.0) like Gecko" "-"
82.165.88.0 - - [03/Feb/2024:17:25:46 +0100] "POST /wp-cron.php?doing_wp_cron=1706977546.8665020465850830078125 HTTP/1.1" 200 - dartmoorrunners.co.uk "http://dartmoorrunners.co.uk/wp-cron.php?doing_wp_cron=1706977546.8665020465850830078125" "WordPress/6.1.5; http://dartmoorrunners.co.uk" "-"
92.205.185.0 - - [03/Feb/2024:17:25:46 +0100] "POST /xmlrpc.php HTTP/1.1" 200 403 dartmoorrunners.co.uk "-" "Mozilla/5.0 (Macintosh; Intel Mac OS X 10_9_3) AppleWebKit/537.75.14 (KHTML, like Gecko) Version/7.0.3 Safari/E7FBAF" "-"
92.205.185.0 - - [03/Feb/2024:17:25:47 +0100] "POST /xmlrpc.php HTTP/1.1" 200 403 dartmoorrunners.co.uk "-" "Mozilla/5.0 (Macintosh; Intel Mac OS X 10_9_3) AppleWebKit/537.75.14 (KHTML, like Gecko) Version/7.0.3 Safari/E7FBAF" "-"
92.205.185.0 - - [03/Feb/2024:17:25:48 +0100] "POST /xmlrpc.php HTTP/1.1" 403 618 dartmoorrunners.co.uk "-" "Mozilla/5.0 (Macintosh; Intel Mac OS X 10_9_3) AppleWebKit/537.75.14 (KHTML, like Gecko) Version/7.0.3 Safari/E7FBAF" "-"
92.205.185.0 - - [03/Feb/2024:17:25:49 +0100] "POST /xmlrpc.php HTTP/1.1" 403 618 dartmoorrunners.co.uk "-" "Mozilla/5.0 (Macintosh; Intel Mac OS X 10_9_3) AppleWebKit/537.75.14 (KHTML, like Gecko) Version/7.0.3 Safari/E7FBAF" "-"
92.205.185.0 - - [03/Feb/2024:17:25:50 +0100] "POST /xmlrpc.php HTTP/1.1" 403 618 dartmoorrunners.co.uk "-" "Mozilla/5.0 (Macintosh; Intel Mac OS X 10_9_3) AppleWebKit/537.75.14 (KHTML, like Gecko) Version/7.0.3 Safari/E7FBAF" "-"
54.36.148.0 - - [03/Feb/2024:17:26:16 +0100] "GET /robots.txt HTTP/1.1" 301 - www.dartmoorrunners.co.uk "-" "Mozilla/5.0 (compatible; AhrefsBot/7.0; +http://ahrefs.com/robot/)" "-"
54.36.148.0 - - [03/Feb/2024:17:26:16 +0100] "GET /robots.txt HTTP/1.1" 200 121 dartmoorrunners.co.uk "-" "Mozilla/5.0 (compatible; AhrefsBot/7.0; +http://ahrefs.com/robot/)" "-"
54.36.148.0 - - [03/Feb/2024:17:26:17 +0100] "GET /dates_20.html HTTP/1.1" 301 - www.dartmoorrunners.co.uk "-" "Mozilla/5.0 (compatible; AhrefsBot/7.0; +http://ahrefs.com/robot/)" "-"
82.165.88.0 - - [03/Feb/2024:17:40:43 +0100] "POST /wp-cron.php?doing_wp_cron=1706978443.8085999488830566406250 HTTP/1.1" 200 - dartmoorrunners.co.uk "http://dartmoorrunners.co.uk/wp-cron.php?doing_wp_cron=1706978443.8085999488830566406250" "WordPress/6.1.5; http://dartmoorrunners.co.uk" "-"
66.249.76.0 - - [03/Feb/2024:17:40:43 +0100] "GET /results/summer-series-2016-results HTTP/1.1" 200 25700 dartmoorrunners.co.uk "-" "Mozilla/5.0 (Linux; Android 6.0.1; Nexus 5X Build/MMB29P) AppleWebKit/537.36 (KHTML, like Gecko) Chrome/121.0.6167.85 Mobile Safari/537.36 (compatible; Googlebot/2.1; +http://www.google.com/bot.html)" "-"
3.143.228.0 - - [03/Feb/2024:17:50:11 +0100] "GET /.git/config HTTP/1.1" 403 618 dartmoorrunners.co.uk "-" "Mozilla/5.0 (Linux; Android 6.0; Nexus 5 Build/MRA58N) AppleWebKit/537.36 (KHTML, like Gecko) Chrome/76.0.3809.100 Mobile Safari/537.36" "-"
17.241.75.0 - - [03/Feb/2024:18:07:43 +0100] "GET /robots.txt HTTP/1.1" 200 121 dartmoorrunners.co.uk "-" "Mozilla/5.0 (Macintosh; Intel Mac OS X 10_15_5) AppleWebKit/605.1.15 (KHTML, like Gecko) Version/13.1.1 Safari/605.1.15 (Applebot/0.1; +http://www.apple.com/go/applebot)" "-"
17.241.75.0 - - [03/Feb/2024:18:07:43 +0100] "GET /results/summer-series-2018-results HTTP/1.1" 200 25797 dartmoorrunners.co.uk "-" "Mozilla/5.0 (Macintosh; Intel Mac OS X 10_15_5) AppleWebKit/605.1.15 (KHTML, like Gecko) Version/13.1.1 Safari/605.1.15 (Applebot/0.1; +http://www.apple.com/go/applebot)" "-"
5.255.231.0 - - [03/Feb/2024:19:02:05 +0100] "GET /robots.txt HTTP/1.1" 301 - www.dartmoorrunners.co.uk "-" "Mozilla/5.0 (compatible; YandexBot/3.0; +http://yandex.com/bots)" "-"
82.165.88.0 - - [03/Feb/2024:19:02:06 +0100] "POST /wp-cron.php?doing_wp_cron=1706983326.0152909755706787109375 HTTP/1.1" 200 - dartmoorrunners.co.uk "http://dartmoorrunners.co.uk/wp-cron.php?doing_wp_cron=1706983326.0152909755706787109375" "WordPress/6.1.5; http://dartmoorrunners.co.uk" "-"
5.255.231.0 - - [03/Feb/2024:19:02:06 +0100] "GET /robots.txt HTTP/1.1" 200 121 dartmoorrunners.co.uk "-" "Mozilla/5.0 (compatible; YandexBot/3.0; +http://yandex.com/bots)" "-"
213.180.203.0 - - [03/Feb/2024:19:02:07 +0100] "GET / HTTP/1.1" 301 - www.dartmoorrunners.co.uk "-" "Mozilla/5.0 (compatible; YandexBot/3.0; +http://yandex.com/bots)" "-"
57.128.81.0 - - [03/Feb/2024:19:02:48 +0100] "GET / HTTP/1.1" 301 - www.dartmoorrunners.co.uk "-" "Mozilla/5.0 (Windows NT 10.0; Win64; x64; rv:109.0) Gecko/20100101 Firefox/119.0" "-"
57.128.81.0 - - [03/Feb/2024:19:02:48 +0100] "GET / HTTP/1.1" 200 31575 dartmoorrunners.co.uk "http://www.dartmoorrunners.co.uk" "Mozilla/5.0 (Windows NT 10.0; Win64; x64; rv:109.0) Gecko/20100101 Firefox/119.0" "-"
57.128.81.0 - - [03/Feb/2024:19:02:48 +0100] "GET /ads.txt HTTP/1.1" 200 160 dartmoorrunners.co.uk "-" "Mozilla/5.0 (Windows NT 10.0; Win64; x64; rv:109.0) Gecko/20100101 Firefox/119.0" "-"
213.180.203.0 - - [03/Feb/2024:19:04:12 +0100] "GET / HTTP/1.1" 301 - www.dartmoorrunners.co.uk "-" "Mozilla/5.0 (compatible; YandexBot/3.0; +http://yandex.com/bots)" "-"
66.249.66.0 - - [03/Feb/2024:19:18:56 +0100] "GET / HTTP/1.1" 200 31575 dartmoorrunners.co.uk "-" "Mozilla/5.0 (compatible; Googlebot/2.1; +http://www.google.com/bot.html)" "-"
66.249.66.0 - - [03/Feb/2024:19:19:09 +0100] "GET /wp-includes/js/wp-emoji-release.min.js?ver=6.1.5 HTTP/1.1" 200 18617 dartmoorrunners.co.uk "http://dartmoorrunners.co.uk/" "Mozilla/5.0 AppleWebKit/537.36 (KHTML, like Gecko; compatible; Googlebot/2.1; +http://www.google.com/bot.html) Chrome/121.0.6167.85 Safari/537.36" "-"
66.249.76.0 - - [03/Feb/2024:19:19:09 +0100] "GET /wp-includes/css/dist/block-library/style.min.css?ver=6.1.5 HTTP/1.1" 200 16164 dartmoorrunners.co.uk "http://dartmoorrunners.co.uk/" "Mozilla/5.0 AppleWebKit/537.36 (KHTML, like Gecko; compatible; Googlebot/2.1; +http://www.google.com/bot.html) Chrome/121.0.6167.85 Safari/537.36" "-"
184.154.139.0 - - [03/Feb/2024:19:21:22 +0100] "GET / HTTP/1.1" 301 - www.dartmoorrunners.co.uk "http://www.google.com/url?url=www.dartmoorrunners.co.uk&yahoo.com" "Mozilla/5.0 (compatible; MSIE 9.0; Windows NT 6.1; WOW64; Trident/6.0)" "-"
184.154.139.0 - - [03/Feb/2024:19:21:22 +0100] "GET / HTTP/1.1" 200 31575 dartmoorrunners.co.uk "http://www.google.com/url?url=dartmoorrunners.co.uk&yahoo.com" "Mozilla/5.0 (compatible; MSIE 9.0; Windows NT 6.1; WOW64; Trident/6.0)" "-"
184.154.139.0 - - [03/Feb/2024:19:21:23 +0100] "GET /th1s_1s_a_4o4.html HTTP/1.1" 404 24763 dartmoorrunners.co.uk "-" "SiteLockSpider [en] (WinNT; I ;Nav)" "-"
184.154.139.0 - - [03/Feb/2024:19:21:24 +0100] "GET /results/winter-series-2012-results HTTP/1.1" 200 25917 dartmoorrunners.co.uk "http://www.google.com/url?url=dartmoorrunners.co.uk&yahoo.com" "Mozilla/5.0 (compatible; MSIE 9.0; Windows NT 6.1; WOW64; Trident/6.0)" "-"
184.154.139.0 - - [03/Feb/2024:19:21:25 +0100] "GET /wp-json/oembed/1.0/embed?url=http%3A%2F%2Fdartmoorrunners.co.uk%2F&format=xml HTTP/1.1" 200 2495 dartmoorrunners.co.uk "http://www.google.com/url?url=dartmoorrunners.co.uk&yahoo.com" "Mozilla/5.0 (compatible; MSIE 9.0; Windows NT 6.1; WOW64; Trident/6.0)" "-"
184.154.139.0 - - [03/Feb/2024:19:21:25 +0100] "GET /comments/feed HTTP/1.1" 200 827 dartmoorrunners.co.uk "http://www.google.com/url?url=dartmoorrunners.co.uk&yahoo.com" "Mozilla/5.0 (compatible; MSIE 9.0; Windows NT 6.1; WOW64; Trident/6.0)" "-"
184.154.139.0 - - [03/Feb/2024:19:21:26 +0100] "GET /wp-json/ HTTP/1.1" 200 164417 dartmoorrunners.co.uk "http://www.google.com/url?url=dartmoorrunners.co.uk&yahoo.com" "Mozilla/5.0 (compatible; MSIE 9.0; Windows NT 6.1; WOW64; Trident/6.0)" "-"
