95.108.213.0 - - [05/Feb/2024:00:16:08 +0100] "GET /robots.txt HTTP/1.1" 301 - www.dartmoorrunners.co.uk "-" "Mozilla/5.0 (compatible; YandexBot/3.0; +http://yandex.com/bots)" "-"
95.108.213.0 - - [05/Feb/2024:00:16:09 +0100] "GET /robots.txt HTTP/1.1" 200 121 dartmoorrunners.co.uk "-" "Mozilla/5.0 (compatible; YandexBot/3.0; +http://yandex.com/bots)" "-"
5.255.231.0 - - [05/Feb/2024:00:16:09 +0100] "GET / HTTP/1.1" 301 - www.dartmoorrunners.co.uk "-" "Mozilla/5.0 (compatible; YandexBot/3.0; +http://yandex.com/bots)" "-"
213.180.203.0 - - [05/Feb/2024:00:18:13 +0100] "GET / HTTP/1.1" 301 - www.dartmoorrunners.co.uk "-" "Mozilla/5.0 (compatible; YandexBot/3.0; +http://yandex.com/bots)" "-"
104.167.222.0 - - [05/Feb/2024:00:36:17 +0100] "GET / HTTP/1.1" 200 31573 dartmoorrunners.co.uk "-" "User-Agent: SEOlyt/1.0 (SEO analysis tool; https://seolyt.com)" "-"
82.165.88.0 - - [05/Feb/2024:00:36:18 +0100] "POST /wp-cron.php?doing_wp_cron=1707089778.2119300365447998046875 HTTP/1.1" 200 - dartmoorrunners.co.uk "http://dartmoorrunners.co.uk/wp-cron.php?doing_wp_cron=1707089778.2119300365447998046875" "WordPress/6.1.5; http://dartmoorrunners.co.uk" "-"
66.249.69.0 - - [05/Feb/2024:01:11:02 +0100] "GET /robots.txt HTTP/1.1" 200 121 dartmoorrunners.co.uk "-" "Mozilla/5.0 (compatible; Googlebot/2.1; +http://www.google.com/bot.html)" "-"
66.249.69.0 - - [05/Feb/2024:01:11:41 +0100] "GET / HTTP/1.1" 200 31573 dartmoorrunners.co.uk "-" "Mozilla/5.0 (compatible; Googlebot/2.1; +http://www.google.com/bot.html)" "-"
82.165.88.0 - - [05/Feb/2024:01:33:20 +0100] "POST /wp-cron.php?doing_wp_cron=1707093200.6756730079650878906250 HTTP/1.1" 200 - dartmoorrunners.co.uk "http://dartmoorrunners.co.uk/wp-cron.php?doing_wp_cron=1707093200.6756730079650878906250" "WordPress/6.1.5; http://dartmoorrunners.co.uk" "-"
192.42.116.0 - - [05/Feb/2024:01:33:20 +0100] "POST /xmlrpc.php HTTP/1.1" 200 403 dartmoorrunners.co.uk "-" "Mozilla/5.0 (Windows NT 10.0; Win64; x64) AppleWebKit/537.36 (KHTML, like Gecko) Chrome/78.0.3904.108 Safari/537.36" "-"
192.42.116.0 - - [05/Feb/2024:01:33:22 +0100] "POST /xmlrpc.php HTTP/1.1" 200 403 dartmoorrunners.co.uk "-" "Mozilla/5.0 (Windows NT 10.0; Win64; x64) AppleWebKit/537.36 (KHTML, like Gecko) Chrome/78.0.3904.108 Safari/537.36" "-"
192.42.116.0 - - [05/Feb/2024:01:33:23 +0100] "POST /xmlrpc.php HTTP/1.1" 403 618 dartmoorrunners.co.uk "-" "Mozilla/5.0 (Windows NT 10.0; Win64; x64) AppleWebKit/537.36 (KHTML, like Gecko) Chrome/78.0.3904.108 Safari/537.36" "-"
192.42.116.0 - - [05/Feb/2024:01:33:24 +0100] "POST /xmlrpc.php HTTP/1.1" 403 618 dartmoorrunners.co.uk "-" "Mozilla/5.0 (Windows NT 10.0; Win64; x64) AppleWebKit/537.36 (KHTML, like Gecko) Chrome/78.0.3904.108 Safari/537.36" "-"
192.42.116.0 - - [05/Feb/2024:01:33:25 +0100] "POST /xmlrpc.php HTTP/1.1" 403 618 dartmoorrunners.co.uk "-" "Mozilla/5.0 (Windows NT 10.0; Win64; x64) AppleWebKit/537.36 (KHTML, like Gecko) Chrome/78.0.3904.108 Safari/537.36" "-"
154.54.249.0 - - [05/Feb/2024:01:51:32 +0100] "GET /robots.txt HTTP/1.1" 200 121 dartmoorrunners.co.uk "-" "Mozilla/5.0 (compatible; Barkrowler/0.9; +https://babbar.tech/crawler)" "-"
154.54.249.0 - - [05/Feb/2024:01:55:06 +0100] "GET /winter-series-results-2017 HTTP/1.1" 200 25717 dartmoorrunners.co.uk "-" "Mozilla/5.0 (compatible; Barkrowler/0.9; +https://babbar.tech/crawler)" "-"
154.54.249.0 - - [05/Feb/2024:02:00:32 +0100] "GET /winter-series-2023 HTTP/1.1" 200 27638 dartmoorrunners.co.uk "-" "Mozilla/5.0 (compatible; Barkrowler/0.9; +https://babbar.tech/crawler)" "-"
154.54.249.0 - - [05/Feb/2024:02:04:20 +0100] "GET /results/summer-series-2018-results HTTP/1.1" 200 25795 dartmoorrunners.co.uk "-" "Mozilla/5.0 (compatible; Barkrowler/0.9; +https://babbar.tech/crawler)" "-"
154.54.249.0 - - [05/Feb/2024:02:07:59 +0100] "GET /results/summer-series-2013-results HTTP/1.1" 200 25694 dartmoorrunners.co.uk "-" "Mozilla/5.0 (compatible; Barkrowler/0.9; +https://babbar.tech/crawler)" "-"
52.167.144.0 - - [05/Feb/2024:02:19:57 +0100] "GET /wp-sitemap.xml HTTP/1.1" 200 562 dartmoorrunners.co.uk "-" "Mozilla/5.0 AppleWebKit/537.36 (KHTML, like Gecko; compatible; bingbot/2.0; +http://www.bing.com/bingbot.htm) Chrome/116.0.1938.76 Safari/537.36" "-"
66.249.76.0 - - [05/Feb/2024:02:24:19 +0100] "GET /results/winter-series-2014-results HTTP/1.1" 200 25683 dartmoorrunners.co.uk "-" "Mozilla/5.0 (Linux; Android 6.0.1; Nexus 5X Build/MMB29P) AppleWebKit/537.36 (KHTML, like Gecko) Chrome/121.0.6167.85 Mobile Safari/537.36 (compatible; Googlebot/2.1; +http://www.google.com/bot.html)" "-"
82.165.88.0 - - [05/Feb/2024:02:31:31 +0100] "POST /wp-cron.php?doing_wp_cron=1707096691.5200560092926025390625 HTTP/1.1" 200 - dartmoorrunners.co.uk "http://dartmoorrunners.co.uk/wp-cron.php?doing_wp_cron=1707096691.5200560092926025390625" "WordPress/6.1.5; http://dartmoorrunners.co.uk" "-"
5.255.231.0 - - [05/Feb/2024:02:31:31 +0100] "GET /robots.txt HTTP/1.1" 200 121 dartmoorrunners.co.uk "-" "Mozilla/5.0 (compatible; YandexBot/3.0; +http://yandex.com/bots)" "-"
213.180.203.0 - - [05/Feb/2024:02:31:32 +0100] "GET / HTTP/1.1" 200 31573 dartmoorrunners.co.uk "-" "Mozilla/5.0 (compatible; YandexBot/3.0; +http://yandex.com/bots)" "-"
213.180.203.0 - - [05/Feb/2024:02:33:36 +0100] "GET / HTTP/1.1" 200 31573 dartmoorrunners.co.uk "-" "Mozilla/5.0 (compatible; YandexBot/3.0; +http://yandex.com/bots)" "-"
18.139.84.0 - - [05/Feb/2024:03:04:59 +0100] "POST /wp-login.php HTTP/1.1" 200 9043 dartmoorrunners.co.uk "http://dartmoorrunners.co.uk/" "Mozilla/5.0 (Windows NT 6.1; WOW64; Trident/7.0; rv:11.0) like Gecko" "-"
18.183.174.0 - - [05/Feb/2024:03:05:02 +0100] "POST /wp-login.php HTTP/1.1" 200 9053 dartmoorrunners.co.uk "http://dartmoorrunners.co.uk/" "Mozilla/5.0 (Windows NT 6.1; WOW64; Trident/7.0; rv:11.0) like Gecko" "-"
52.167.144.0 - - [05/Feb/2024:03:12:30 +0100] "GET /wp-sitemap-posts-page-1.xml HTTP/1.1" 200 2150 dartmoorrunners.co.uk "-" "Mozilla/5.0 AppleWebKit/537.36 (KHTML, like Gecko; compatible; bingbot/2.0; +http://www.bing.com/bingbot.htm) Chrome/116.0.1938.76 Safari/537.36" "-"
84.246.85.0 - - [05/Feb/2024:03:23:18 +0100] "GET / HTTP/1.1" 200 31573 dartmoorrunners.co.uk "-" "2ip bot/1.1 (+http://2ip.io)" "-"
84.246.85.0 - - [05/Feb/2024:03:23:22 +0100] "GET / HTTP/1.1" 200 31573 dartmoorrunners.co.uk "-" "2ip bot/1.1 (+http://2ip.io)" "-"
84.246.85.0 - - [05/Feb/2024:03:23:25 +0100] "GET / HTTP/1.1" 200 31573 dartmoorrunners.co.uk "-" "2ip bot/1.1 (+http://2ip.io)" "-"
5.255.231.0 - - [05/Feb/2024:03:52:04 +0100] "GET /robots.txt HTTP/1.1" 301 - www.dartmoorrunners.co.uk "-" "Mozilla/5.0 (compatible; YandexBot/3.0; +http://yandex.com/bots)" "-"
82.165.88.0 - - [05/Feb/2024:03:52:04 +0100] "POST /wp-cron.php?doing_wp_cron=1707101524.7788610458374023437500 HTTP/1.1" 200 - dartmoorrunners.co.uk "http://dartmoorrunners.co.uk/wp-cron.php?doing_wp_cron=1707101524.7788610458374023437500" "WordPress/6.1.5; http://dartmoorrunners.co.uk" "-"
5.255.231.0 - - [05/Feb/2024:03:52:06 +0100] "GET /robots.txt HTTP/1.1" 200 121 dartmoorrunners.co.uk "-" "Mozilla/5.0 (compatible; YandexBot/3.0; +http://yandex.com/bots)" "-"
5.255.231.0 - - [05/Feb/2024:03:52:06 +0100] "GET / HTTP/1.1" 301 - www.dartmoorrunners.co.uk "-" "Mozilla/5.0 (compatible; YandexBot/3.0; +http://yandex.com/bots)" "-"
5.255.231.0 - - [05/Feb/2024:03:54:10 +0100] "GET / HTTP/1.1" 301 - www.dartmoorrunners.co.uk "-" "Mozilla/5.0 (compatible; YandexBot/3.0; +http://yandex.com/bots)" "-"
66.249.76.0 - - [05/Feb/2024:04:15:35 +0100] "GET /ads.txt HTTP/1.1" 200 160 dartmoorrunners.co.uk "-" "Mozilla/5.0 (compatible; Googlebot/2.1; +http://www.google.com/bot.html)" "-"
2a01:4f8:100:: - - [05/Feb/2024:04:17:33 +0100] "GET / HTTP/1.1" 200 31573 dartmoorrunners.co.uk "-" "Mozilla/5.0 (Windows NT 10.0; Win64; x64) AppleWebKit/537.36 (KHTML, like Gecko) Chrome/58.0.3029.110 Safari/537.3" "-"
104.28.224.0 - - [05/Feb/2024:04:28:03 +0100] "POST /wp-login.php HTTP/1.1" 200 9043 dartmoorrunners.co.uk "http://dartmoorrunners.co.uk/" "Mozilla/5.0 (Windows NT 6.1; WOW64; Trident/7.0; rv:11.0) like Gecko" "-"
104.28.224.0 - - [05/Feb/2024:04:28:15 +0100] "POST /wp-login.php HTTP/1.1" 200 9053 dartmoorrunners.co.uk "http://dartmoorrunners.co.uk/" "Mozilla/5.0 (Windows NT 6.1; WOW64; Trident/7.0; rv:11.0) like Gecko" "-"
82.165.88.0 - - [05/Feb/2024:04:50:40 +0100] "POST /wp-cron.php?doing_wp_cron=1707105040.8182809352874755859375 HTTP/1.1" 200 - dartmoorrunners.co.uk "http://dartmoorrunners.co.uk/wp-cron.php?doing_wp_cron=1707105040.8182809352874755859375" "WordPress/6.1.5; http://dartmoorrunners.co.uk" "-"
78.110.50.0 - - [05/Feb/2024:04:50:40 +0100] "GET /simple.php HTTP/1.1" 404 24761 dartmoorrunners.co.uk "http://simplesite.com" "Mozilla/5.0 (Windows; U; Windows NT 5.1; en-US) AppleWebKit/533.4 (KHTML, like Gecko) Chrome/5.0.375.99 Safari/533.4" "-"
2605:340:: - - [05/Feb/2024:04:55:13 +0100] "GET /wp-content/uploads/2017/04/cropped-dartmoorrunnerslogo_normal.png HTTP/1.1" 200 110052 dartmoorrunners.co.uk "-" "python-requests/2.27.1" "-"
195.191.219.0 - - [05/Feb/2024:05:01:46 +0100] "GET /robots.txt HTTP/1.1" 200 121 dartmoorrunners.co.uk "-" "Mozilla/5.0 (compatible; MJ12bot/v1.4.8; http://mj12bot.com/)" "-"
195.191.219.0 - - [05/Feb/2024:05:01:48 +0100] "GET / HTTP/1.1" 200 31573 dartmoorrunners.co.uk "-" "Mozilla/5.0 (compatible; MJ12bot/v1.4.8; http://mj12bot.com/)" "-"
17.241.75.0 - - [05/Feb/2024:05:05:34 +0100] "GET /robots.txt HTTP/1.1" 200 121 dartmoorrunners.co.uk "-" "Mozilla/5.0 (Macintosh; Intel Mac OS X 10_15_5) AppleWebKit/605.1.15 (KHTML, like Gecko) Version/13.1.1 Safari/605.1.15 (Applebot/0.1; +http://www.apple.com/go/applebot)" "-"
17.241.75.0 - - [05/Feb/2024:05:05:35 +0100] "GET / HTTP/1.1" 200 31573 dartmoorrunners.co.uk "-" "Mozilla/5.0 (Macintosh; Intel Mac OS X 10_15_5) AppleWebKit/605.1.15 (KHTML, like Gecko) Version/13.1.1 Safari/605.1.15 (Applebot/0.1; +http://www.apple.com/go/applebot)" "-"
17.22.237.0 - - [05/Feb/2024:05:18:08 +0100] "GET /wp-includes/js/wp-emoji-release.min.js?ver=6.1.5 HTTP/1.1" 200 18617 dartmoorrunners.co.uk "http://dartmoorrunners.co.uk/" "Mozilla/5.0 (Macintosh; Intel Mac OS X 10_15_5) AppleWebKit/605.1.15 (KHTML, like Gecko) Version/13.1.1 Safari/605.1.15 (Applebot/0.1; +http://www.apple.com/go/applebot)" "-"
17.22.245.0 - - [05/Feb/2024:05:18:08 +0100] "GET /wp-includes/css/dist/block-library/style.min.css?ver=6.1.5 HTTP/1.1" 200 16164 dartmoorrunners.co.uk "http://dartmoorrunners.co.uk/" "Mozilla/5.0 (Macintosh; Intel Mac OS X 10_15_5) AppleWebKit/605.1.15 (KHTML, like Gecko) Version/13.1.1 Safari/605.1.15 (Applebot/0.1; +http://www.apple.com/go/applebot)" "-"
17.22.253.0 - - [05/Feb/2024:05:18:09 +0100] "GET /wp-content/themes/omega/style.css?ver=6.1.5 HTTP/1.1" 200 6552 dartmoorrunners.co.uk "http://dartmoorrunners.co.uk/" "Mozilla/5.0 (Macintosh; Intel Mac OS X 10_15_5) AppleWebKit/605.1.15 (KHTML, like Gecko) Version/13.1.1 Safari/605.1.15 (Applebot/0.1; +http://www.apple.com/go/applebot)" "-"
17.22.245.0 - - [05/Feb/2024:05:18:09 +0100] "GET /wp-includes/css/classic-themes.min.css?ver=1 HTTP/1.1" 200 189 dartmoorrunners.co.uk "http://dartmoorrunners.co.uk/" "Mozilla/5.0 (Macintosh; Intel Mac OS X 10_15_5) AppleWebKit/605.1.15 (KHTML, like Gecko) Version/13.1.1 Safari/605.1.15 (Applebot/0.1; +http://www.apple.com/go/applebot)" "-"
3.0.19.0 - - [05/Feb/2024:05:26:52 +0100] "POST /wp-login.php HTTP/1.1" 200 9043 dartmoorrunners.co.uk "http://dartmoorrunners.co.uk/" "Mozilla/5.0 (Windows NT 6.1; WOW64; Trident/7.0; rv:11.0) like Gecko" "-"
104.28.224.0 - - [05/Feb/2024:05:26:53 +0100] "POST /wp-login.php HTTP/1.1" 200 9053 dartmoorrunners.co.uk "http://dartmoorrunners.co.uk/" "Mozilla/5.0 (Windows NT 6.1; WOW64; Trident/7.0; rv:11.0) like Gecko" "-"
3.0.19.0 - - [05/Feb/2024:05:26:55 +0100] "POST /wp-login.php HTTP/1.1" 503 299 dartmoorrunners.co.uk "http://dartmoorrunners.co.uk/" "Mozilla/5.0 (Windows NT 6.1; WOW64; Trident/7.0; rv:11.0) like Gecko" "-"
3.0.19.0 - - [05/Feb/2024:05:27:04 +0100] "POST /wp-login.php HTTP/1.1" 200 9043 dartmoorrunners.co.uk "http://dartmoorrunners.co.uk/" "Mozilla/5.0 (Windows NT 6.1; WOW64; Trident/7.0; rv:11.0) like Gecko" "-"
3.0.19.0 - - [05/Feb/2024:05:27:08 +0100] "POST /wp-login.php HTTP/1.1" 503 299 dartmoorrunners.co.uk "http://dartmoorrunners.co.uk/" "Mozilla/5.0 (Windows NT 6.1; WOW64; Trident/7.0; rv:11.0) like Gecko" "-"
82.165.88.0 - - [05/Feb/2024:05:29:41 +0100] "POST /wp-cron.php?doing_wp_cron=1707107381.3556790351867675781250 HTTP/1.1" 200 - dartmoorrunners.co.uk "http://dartmoorrunners.co.uk/wp-cron.php?doing_wp_cron=1707107381.3556790351867675781250" "WordPress/6.1.5; http://dartmoorrunners.co.uk" "-"
66.249.76.0 - - [05/Feb/2024:05:29:41 +0100] "GET / HTTP/1.1" 200 31573 dartmoorrunners.co.uk "-" "Mozilla/5.0 (compatible; Googlebot/2.1; +http://www.google.com/bot.html)" "-"
40.77.167.0 - - [05/Feb/2024:05:43:00 +0100] "GET / HTTP/1.1" 200 31573 dartmoorrunners.co.uk "-" "Mozilla/5.0 AppleWebKit/537.36 (KHTML, like Gecko; compatible; bingbot/2.0; +http://www.bing.com/bingbot.htm) Chrome/116.0.1938.76 Safari/537.36" "-"
95.108.213.0 - - [05/Feb/2024:05:56:43 +0100] "GET /robots.txt HTTP/1.1" 200 121 dartmoorrunners.co.uk "-" "Mozilla/5.0 (compatible; YandexBot/3.0; +http://yandex.com/bots)" "-"
213.180.203.0 - - [05/Feb/2024:05:56:43 +0100] "GET / HTTP/1.1" 200 31573 dartmoorrunners.co.uk "-" "Mozilla/5.0 (compatible; YandexBot/3.0; +http://yandex.com/bots)" "-"
213.180.203.0 - - [05/Feb/2024:05:58:41 +0100] "GET / HTTP/1.1" 200 31573 dartmoorrunners.co.uk "-" "Mozilla/5.0 (compatible; YandexBot/3.0; +http://yandex.com/bots)" "-"
82.165.88.0 - - [05/Feb/2024:06:32:21 +0100] "POST /wp-cron.php?doing_wp_cron=1707111141.6978030204772949218750 HTTP/1.1" 200 - dartmoorrunners.co.uk "http://dartmoorrunners.co.uk/wp-cron.php?doing_wp_cron=1707111141.6978030204772949218750" "WordPress/6.1.5; http://dartmoorrunners.co.uk" "-"
66.249.76.0 - - [05/Feb/2024:06:32:21 +0100] "GET / HTTP/1.1" 200 31573 dartmoorrunners.co.uk "-" "Mozilla/5.0 (compatible; Googlebot/2.1; +http://www.google.com/bot.html)" "-"
52.167.144.0 - - [05/Feb/2024:06:42:54 +0100] "GET /wp-sitemap.xml HTTP/1.1" 200 562 dartmoorrunners.co.uk "-" "Mozilla/5.0 AppleWebKit/537.36 (KHTML, like Gecko; compatible; bingbot/2.0; +http://www.bing.com/bingbot.htm) Chrome/116.0.1938.76 Safari/537.36" "-"
113.66.33.0 - - [05/Feb/2024:06:56:58 +0100] "HEAD / HTTP/1.1" 200 - dartmoorrunners.co.uk "-" "python-requests/2.25.1" "-"
113.66.33.0 - - [05/Feb/2024:06:56:59 +0100] "POST /wp-json/post-smtp/v1/connect-app HTTP/1.1" 404 114 dartmoorrunners.co.uk "-" "Mozilla/5.0 (Windows NT 10.0; Win64; x64) AppleWebKit/537.36 (KHTML, like Gecko) Chrome/115.0.0.0 Safari/537.36 OPR/101.0.0.0" "-"
113.66.33.0 - - [05/Feb/2024:06:57:00 +0100] "GET /?rest_route=/wp/v2/users HTTP/1.1" 200 584 dartmoorrunners.co.uk "-" "Mozilla/5.0 (Linux; Android 4.1.2; Nexus 7 Build/JZ054K) AppleWebKit/535.19 (KHTML, like Gecko) Chrome/18.0.1025.166 Safari/535.19" "-"
113.66.33.0 - - [05/Feb/2024:06:57:01 +0100] "POST /wp-login.php?action=lostpassword HTTP/1.1" 302 - dartmoorrunners.co.uk "http://dartmoorrunners.co.uk/wp-login.php?action=lostpassword" "Mozilla/5.0 (Windows NT 10.0; Win64; x64) AppleWebKit/537.36 (KHTML, like Gecko) Chrome/113.0.0.0 Safari/537.36" "-"
113.66.33.0 - - [05/Feb/2024:06:57:03 +0100] "GET /wp-login.php?checkemail=confirm HTTP/1.1" 200 2981 dartmoorrunners.co.uk "http://dartmoorrunners.co.uk/wp-login.php?action=lostpassword" "Mozilla/5.0 (Windows NT 10.0; Win64; x64) AppleWebKit/537.36 (KHTML, like Gecko) Chrome/113.0.0.0 Safari/537.36" "-"
113.66.33.0 - - [05/Feb/2024:06:57:05 +0100] "GET /wp-json/post-smtp/v1/get-logs HTTP/1.1" 404 114 dartmoorrunners.co.uk "-" "Mozilla/5.0 (Windows NT 6.1; Win64; x64) AppleWebKit/537.36 (KHTML, like Gecko) Chrome/109.0.0.0 Safari/537.36" "-"
89.147.108.0 - - [05/Feb/2024:07:15:55 +0100] "POST /xmlrpc.php HTTP/1.1" 200 403 dartmoorrunners.co.uk "-" "Mozilla/5.0 (Windows NT 10.0; Win64; x64) AppleWebKit/537.36 (KHTML, like Gecko) Chrome/87.0.4280.88 Safari/537.36" "-"
89.147.108.0 - - [05/Feb/2024:07:15:56 +0100] "POST /xmlrpc.php HTTP/1.1" 200 403 dartmoorrunners.co.uk "-" "Mozilla/5.0 (Windows NT 10.0; Win64; x64) AppleWebKit/537.36 (KHTML, like Gecko) Chrome/87.0.4280.88 Safari/537.36" "-"
89.147.108.0 - - [05/Feb/2024:07:15:57 +0100] "POST /xmlrpc.php HTTP/1.1" 403 618 dartmoorrunners.co.uk "-" "Mozilla/5.0 (Windows NT 10.0; Win64; x64) AppleWebKit/537.36 (KHTML, like Gecko) Chrome/87.0.4280.88 Safari/537.36" "-"
89.147.108.0 - - [05/Feb/2024:07:15:58 +0100] "POST /xmlrpc.php HTTP/1.1" 403 618 dartmoorrunners.co.uk "-" "Mozilla/5.0 (Windows NT 10.0; Win64; x64) AppleWebKit/537.36 (KHTML, like Gecko) Chrome/87.0.4280.88 Safari/537.36" "-"
89.147.108.0 - - [05/Feb/2024:07:15:59 +0100] "POST /xmlrpc.php HTTP/1.1" 403 618 dartmoorrunners.co.uk "-" "Mozilla/5.0 (Windows NT 10.0; Win64; x64) AppleWebKit/537.36 (KHTML, like Gecko) Chrome/87.0.4280.88 Safari/537.36" "-"
54.36.148.0 - - [05/Feb/2024:07:21:24 +0100] "GET /robots.txt HTTP/1.1" 200 121 dartmoorrunners.co.uk "-" "Mozilla/5.0 (compatible; AhrefsBot/7.0; +http://ahrefs.com/robot/)" "-"
54.36.148.0 - - [05/Feb/2024:07:21:27 +0100] "GET /results/winter-series-2013-results HTTP/1.1" 200 25732 dartmoorrunners.co.uk "-" "Mozilla/5.0 (compatible; AhrefsBot/7.0; +http://ahrefs.com/robot/)" "-"
82.165.88.0 - - [05/Feb/2024:07:32:29 +0100] "POST /wp-cron.php?doing_wp_cron=1707114749.2434089183807373046875 HTTP/1.1" 200 - dartmoorrunners.co.uk "http://dartmoorrunners.co.uk/wp-cron.php?doing_wp_cron=1707114749.2434089183807373046875" "WordPress/6.1.5; http://dartmoorrunners.co.uk" "-"
66.249.69.0 - - [05/Feb/2024:07:32:29 +0100] "GET / HTTP/1.1" 200 31573 dartmoorrunners.co.uk "-" "Mozilla/5.0 (compatible; Googlebot/2.1; +http://www.google.com/bot.html)" "-"
66.249.76.0 - - [05/Feb/2024:07:32:31 +0100] "GET /wp-includes/css/classic-themes.min.css?ver=1 HTTP/1.1" 200 189 dartmoorrunners.co.uk "http://dartmoorrunners.co.uk/" "Mozilla/5.0 AppleWebKit/537.36 (KHTML, like Gecko; compatible; Googlebot/2.1; +http://www.google.com/bot.html) Chrome/121.0.6167.85 Safari/537.36" "-"
66.249.69.0 - - [05/Feb/2024:07:32:31 +0100] "GET /wp-includes/js/wp-emoji-release.min.js?ver=6.1.5 HTTP/1.1" 200 18617 dartmoorrunners.co.uk "http://dartmoorrunners.co.uk/" "Mozilla/5.0 AppleWebKit/537.36 (KHTML, like Gecko; compatible; Googlebot/2.1; +http://www.google.com/bot.html) Chrome/121.0.6167.85 Safari/537.36" "-"
66.249.69.0 - - [05/Feb/2024:07:32:31 +0100] "GET /wp-includes/css/dist/block-library/style.min.css?ver=6.1.5 HTTP/1.1" 200 16164 dartmoorrunners.co.uk "http://dartmoorrunners.co.uk/" "Mozilla/5.0 AppleWebKit/537.36 (KHTML, like Gecko; compatible; Googlebot/2.1; +http://www.google.com/bot.html) Chrome/121.0.6167.85 Safari/537.36" "-"
66.249.69.0 - - [05/Feb/2024:07:32:31 +0100] "GET /wp-content/themes/omega/style.css?ver=6.1.5 HTTP/1.1" 200 6552 dartmoorrunners.co.uk "http://dartmoorrunners.co.uk/" "Mozilla/5.0 AppleWebKit/537.36 (KHTML, like Gecko; compatible; Googlebot/2.1; +http://www.google.com/bot.html) Chrome/121.0.6167.85 Safari/537.36" "-"
87.250.224.0 - - [05/Feb/2024:07:34:19 +0100] "GET /robots.txt HTTP/1.1" 301 - www.dartmoorrunners.co.uk "-" "Mozilla/5.0 (compatible; YandexBot/3.0; +http://yandex.com/bots)" "-"
87.250.224.0 - - [05/Feb/2024:07:34:19 +0100] "GET /robots.txt HTTP/1.1" 200 121 dartmoorrunners.co.uk "-" "Mozilla/5.0 (compatible; YandexBot/3.0; +http://yandex.com/bots)" "-"
5.255.231.0 - - [05/Feb/2024:07:34:20 +0100] "GET / HTTP/1.1" 301 - www.dartmoorrunners.co.uk "-" "Mozilla/5.0 (compatible; YandexBot/3.0; +http://yandex.com/bots)" "-"
137.184.127.0 - - [05/Feb/2024:07:37:14 +0100] "GET / HTTP/1.1" 200 31573 dartmoorrunners.co.uk "-" "Mozilla/5.0 (Windows NT 10.0; Win64; x64) AppleWebKit/537.36 (KHTML, like Gecko) Chrome/80.0.3987.149 Safari/537.36" "-"
137.184.127.0 - - [05/Feb/2024:07:37:15 +0100] "GET /wp-includes/wlwmanifest.xml HTTP/1.1" 200 1045 dartmoorrunners.co.uk "-" "Mozilla/5.0 (Windows NT 10.0; Win64; x64) AppleWebKit/537.36 (KHTML, like Gecko) Chrome/80.0.3987.149 Safari/537.36" "-"
137.184.127.0 - - [05/Feb/2024:07:37:17 +0100] "GET /?author=1 HTTP/1.1" 301 - dartmoorrunners.co.uk "-" "Mozilla/5.0 (Windows NT 10.0; Win64; x64) AppleWebKit/537.36 (KHTML, like Gecko) Chrome/80.0.3987.149 Safari/537.36" "-"
137.184.127.0 - - [05/Feb/2024:07:37:20 +0100] "GET /?author=2 HTTP/1.1" 200 24955 dartmoorrunners.co.uk "-" "Mozilla/5.0 (Windows NT 10.0; Win64; x64) AppleWebKit/537.36 (KHTML, like Gecko) Chrome/80.0.3987.149 Safari/537.36" "-"
137.184.127.0 - - [05/Feb/2024:07:37:21 +0100] "GET /wp-json/wp/v2/users/ HTTP/1.1" 200 584 dartmoorrunners.co.uk "-" "Mozilla/5.0 (Windows NT 10.0; Win64; x64) AppleWebKit/537.36 (KHTML, like Gecko) Chrome/80.0.3987.149 Safari/537.36" "-"
137.184.127.0 - - [05/Feb/2024:07:37:22 +0100] "GET /wp-json/oembed/1.0/embed?url=http://dartmoorrunners.co.uk HTTP/1.1" 200 2425 dartmoorrunners.co.uk "-" "Mozilla/5.0 (Windows NT 10.0; Win64; x64) AppleWebKit/537.36 (KHTML, like Gecko) Chrome/80.0.3987.149 Safari/537.36" "-"
137.184.127.0 - - [05/Feb/2024:07:37:22 +0100] "POST /xmlrpc.php HTTP/1.1" 200 403 dartmoorrunners.co.uk "-" "Mozilla/5.0 (Windows NT 10.0; Win64; x64) AppleWebKit/537.36 (KHTML, like Gecko) Chrome/80.0.3987.149 Safari/537.36" "-"
137.184.127.0 - - [05/Feb/2024:07:37:23 +0100] "POST /xmlrpc.php HTTP/1.1" 200 401 dartmoorrunners.co.uk "-" "Mozilla/5.0 (Windows NT 10.0; Win64; x64) AppleWebKit/537.36 (KHTML, like Gecko) Chrome/80.0.3987.149 Safari/537.36" "-"
137.184.127.0 - - [05/Feb/2024:07:37:25 +0100] "POST /xmlrpc.php HTTP/1.1" 403 618 dartmoorrunners.co.uk "-" "Mozilla/5.0 (Windows NT 10.0; Win64; x64) AppleWebKit/537.36 (KHTML, like Gecko) Chrome/80.0.3987.149 Safari/537.36" "-"
13.213.69.0 - - [05/Feb/2024:07:38:17 +0100] "POST /wp-login.php HTTP/1.1" 200 9043 dartmoorrunners.co.uk "http://dartmoorrunners.co.uk/" "Mozilla/5.0 (Windows NT 6.1; WOW64; Trident/7.0; rv:11.0) like Gecko" "-"
54.250.233.0 - - [05/Feb/2024:07:38:32 +0100] "POST /wp-login.php HTTP/1.1" 200 9053 dartmoorrunners.co.uk "http://dartmoorrunners.co.uk/" "Mozilla/5.0 (Windows NT 6.1; WOW64; Trident/7.0; rv:11.0) like Gecko" "-"
82.165.88.0 - - [05/Feb/2024:08:32:19 +0100] "POST /wp-cron.php?doing_wp_cron=1707118339.4419960975646972656250 HTTP/1.1" 200 - dartmoorrunners.co.uk "http://dartmoorrunners.co.uk/wp-cron.php?doing_wp_cron=1707118339.4419960975646972656250" "WordPress/6.1.5; http://dartmoorrunners.co.uk" "-"
167.71.84.0 - - [05/Feb/2024:08:32:19 +0100] "GET / HTTP/1.1" 200 31573 dartmoorrunners.co.uk "-" "Mozilla/5.0 (X11; Linux x86_64) AppleWebKit/537.36 (KHTML, like Gecko) Chrome/108.0.0.0 Safari/537.36" "-"
209.126.84.0 - - [05/Feb/2024:08:43:09 +0100] "GET /wp-content/plugins/hellopress/wp_filemanager.php HTTP/1.1" 404 24761 dartmoorrunners.co.uk "-" "-" "-"
209.126.84.0 - - [05/Feb/2024:08:43:10 +0100] "GET /wp-content/themes/intense/block-css.php?mode=upload HTTP/1.1" 404 24761 dartmoorrunners.co.uk "-" "-" "-"
209.126.84.0 - - [05/Feb/2024:08:43:11 +0100] "GET /wp-admin/network/cloud.php HTTP/1.1" 404 24761 dartmoorrunners.co.uk "-" "-" "-"
209.126.84.0 - - [05/Feb/2024:08:43:11 +0100] "GET /cloud.php HTTP/1.1" 404 24761 dartmoorrunners.co.uk "-" "-" "-"
209.126.84.0 - - [05/Feb/2024:08:43:12 +0100] "GET /cgi-bin/cloud.php HTTP/1.1" 404 626 dartmoorrunners.co.uk "-" "-" "-"
209.126.84.0 - - [05/Feb/2024:08:43:12 +0100] "GET /wp-content/updates.php HTTP/1.1" 404 24761 dartmoorrunners.co.uk "-" "-" "-"
209.126.84.0 - - [05/Feb/2024:08:43:13 +0100] "GET /css/cloud.php HTTP/1.1" 404 24761 dartmoorrunners.co.uk "-" "-" "-"
209.126.84.0 - - [05/Feb/2024:08:43:13 +0100] "GET /wp-admin/user/cloud.php HTTP/1.1" 404 24761 dartmoorrunners.co.uk "-" "-" "-"
209.126.84.0 - - [05/Feb/2024:08:43:15 +0100] "GET /img/cloud.php HTTP/1.1" 404 24761 dartmoorrunners.co.uk "-" "-" "-"
209.126.84.0 - - [05/Feb/2024:08:43:15 +0100] "GET /wp-admin/css/colors/coffee/cloud.php HTTP/1.1" 404 24761 dartmoorrunners.co.uk "-" "-" "-"
209.126.84.0 - - [05/Feb/2024:08:43:16 +0100] "GET /wp-admin/images/cloud.php HTTP/1.1" 404 24761 dartmoorrunners.co.uk "-" "-" "-"
209.126.84.0 - - [05/Feb/2024:08:43:17 +0100] "GET /images/cloud.php HTTP/1.1" 404 24761 dartmoorrunners.co.uk "-" "-" "-"
209.126.84.0 - - [05/Feb/2024:08:43:17 +0100] "GET /wp-admin/js/widgets/cloud.php HTTP/1.1" 404 24761 dartmoorrunners.co.uk "-" "-" "-"
209.126.84.0 - - [05/Feb/2024:08:43:18 +0100] "GET /wp-includes/Requests/Text/admin.php HTTP/1.1" 404 24761 dartmoorrunners.co.uk "-" "-" "-"
209.126.84.0 - - [05/Feb/2024:08:43:19 +0100] "GET /wp-admin/css/colors/cloud.php HTTP/1.1" 404 24761 dartmoorrunners.co.uk "-" "-" "-"
209.126.84.0 - - [05/Feb/2024:08:43:19 +0100] "GET /wp-admin/includes/cloud.php HTTP/1.1" 404 24761 dartmoorrunners.co.uk "-" "-" "-"
209.126.84.0 - - [05/Feb/2024:08:43:20 +0100] "GET /wp-admin/css/colors/blue/cloud.php HTTP/1.1" 404 24761 dartmoorrunners.co.uk "-" "-" "-"
209.126.84.0 - - [05/Feb/2024:08:43:21 +0100] "GET /wp-admin/cloud.php HTTP/1.1" 404 24761 dartmoorrunners.co.uk "-" "-" "-"
87.250.224.0 - - [05/Feb/2024:09:26:42 +0100] "GET /robots.txt HTTP/1.1" 200 121 dartmoorrunners.co.uk "-" "Mozilla/5.0 (compatible; YandexBot/3.0; +http://yandex.com/bots)" "-"
5.255.231.0 - - [05/Feb/2024:09:26:43 +0100] "GET / HTTP/1.1" 200 31573 dartmoorrunners.co.uk "-" "Mozilla/5.0 (compatible; YandexBot/3.0; +http://yandex.com/bots)" "-"
213.180.203.0 - - [05/Feb/2024:09:28:47 +0100] "GET / HTTP/1.1" 200 31573 dartmoorrunners.co.uk "-" "Mozilla/5.0 (compatible; YandexBot/3.0; +http://yandex.com/bots)" "-"
82.165.88.0 - - [05/Feb/2024:09:45:28 +0100] "POST /wp-cron.php?doing_wp_cron=1707122728.2924590110778808593750 HTTP/1.1" 200 - dartmoorrunners.co.uk "http://dartmoorrunners.co.uk/wp-cron.php?doing_wp_cron=1707122728.2924590110778808593750" "WordPress/6.1.5; http://dartmoorrunners.co.uk" "-"
45.80.158.0 - - [05/Feb/2024:09:45:28 +0100] "HEAD /wordpress HTTP/1.1" 404 - dartmoorrunners.co.uk "-" "Mozilla/5.0 (Windows NT 10.0; Win64; x64) AppleWebKit/537.36 (KHTML, like Gecko) Chrome/74.0.3729.169 Safari/537.36" "-"
45.80.158.0 - - [05/Feb/2024:09:45:28 +0100] "HEAD / HTTP/1.1" 200 - dartmoorrunners.co.uk "-" "Mozilla/5.0 (Windows NT 10.0; Win64; x64) AppleWebKit/537.36 (KHTML, like Gecko) Chrome/74.0.3729.169 Safari/537.36" "-"
45.80.158.0 - - [05/Feb/2024:09:45:29 +0100] "HEAD /wp HTTP/1.1" 404 - dartmoorrunners.co.uk "-" "Mozilla/5.0 (Windows NT 10.0; Win64; x64) AppleWebKit/537.36 (KHTML, like Gecko) Chrome/74.0.3729.169 Safari/537.36" "-"
45.80.158.0 - - [05/Feb/2024:09:45:29 +0100] "HEAD /bc HTTP/1.1" 404 - dartmoorrunners.co.uk "-" "Mozilla/5.0 (Windows NT 10.0; Win64; x64) AppleWebKit/537.36 (KHTML, like Gecko) Chrome/74.0.3729.169 Safari/537.36" "-"
45.80.158.0 - - [05/Feb/2024:09:45:29 +0100] "HEAD /bk HTTP/1.1" 404 - dartmoorrunners.co.uk "-" "Mozilla/5.0 (Windows NT 10.0; Win64; x64) AppleWebKit/537.36 (KHTML, like Gecko) Chrome/74.0.3729.169 Safari/537.36" "-"
45.80.158.0 - - [05/Feb/2024:09:45:30 +0100] "HEAD /backup HTTP/1.1" 404 - dartmoorrunners.co.uk "-" "Mozilla/5.0 (Windows NT 10.0; Win64; x64) AppleWebKit/537.36 (KHTML, like Gecko) Chrome/74.0.3729.169 Safari/537.36" "-"
45.80.158.0 - - [05/Feb/2024:09:45:30 +0100] "HEAD /old HTTP/1.1" 404 - dartmoorrunners.co.uk "-" "Mozilla/5.0 (Windows NT 10.0; Win64; x64) AppleWebKit/537.36 (KHTML, like Gecko) Chrome/74.0.3729.169 Safari/537.36" "-"
45.80.158.0 - - [05/Feb/2024:09:45:31 +0100] "HEAD /new HTTP/1.1" 404 - dartmoorrunners.co.uk "-" "Mozilla/5.0 (Windows NT 10.0; Win64; x64) AppleWebKit/537.36 (KHTML, like Gecko) Chrome/74.0.3729.169 Safari/537.36" "-"
45.80.158.0 - - [05/Feb/2024:09:45:31 +0100] "HEAD /main HTTP/1.1" 404 - dartmoorrunners.co.uk "-" "Mozilla/5.0 (Windows NT 10.0; Win64; x64) AppleWebKit/537.36 (KHTML, like Gecko) Chrome/74.0.3729.169 Safari/537.36" "-"
45.80.158.0 - - [05/Feb/2024:09:45:32 +0100] "HEAD /home HTTP/1.1" 404 - dartmoorrunners.co.uk "-" "Mozilla/5.0 (Windows NT 10.0; Win64; x64) AppleWebKit/537.36 (KHTML, like Gecko) Chrome/74.0.3729.169 Safari/537.36" "-"
129.41.87.0 - - [05/Feb/2024:10:07:34 +0100] "GET /results/summer-series-2012-results HTTP/1.1" 200 39430 dartmoorrunners.co.uk "-" "Mozilla/5.0 (Windows NT 10.0; Win64; x64) AppleWebKit/537.36 (KHTML, like Gecko) Chrome/96.0.4664.110 Safari/537.36" "-"
82.165.88.0 - - [05/Feb/2024:10:54:19 +0100] "POST /wp-cron.php?doing_wp_cron=1707126859.9684419631958007812500 HTTP/1.1" 200 - dartmoorrunners.co.uk "http://dartmoorrunners.co.uk/wp-cron.php?doing_wp_cron=1707126859.9684419631958007812500" "WordPress/6.1.5; http://dartmoorrunners.co.uk" "-"
50.62.177.0 - - [05/Feb/2024:10:54:19 +0100] "GET /wp-includes/sodium_compat/namespaced/Core/ChaCha20/index.php HTTP/1.1" 301 - dartmoorrunners.co.uk "http://simplesite.com" "Mozilla/5.0 (Windows; U; Windows NT 5.1; en-US) AppleWebKit/533.4 (KHTML, like Gecko) Chrome/5.0.375.99 Safari/533.4" "-"
50.62.177.0 - - [05/Feb/2024:10:54:20 +0100] "GET /wp-includes/sodium_compat/namespaced/Core/ChaCha20/ HTTP/1.1" 403 618 dartmoorrunners.co.uk "http://dartmoorrunners.co.uk/wp-includes/sodium_compat/namespaced/Core/ChaCha20/index.php" "Mozilla/5.0 (Windows; U; Windows NT 5.1; en-US) AppleWebKit/533.4 (KHTML, like Gecko) Chrome/5.0.375.99 Safari/533.4" "-"
82.165.88.0 - - [05/Feb/2024:11:18:06 +0100] "POST /wp-cron.php?doing_wp_cron=1707128286.2897338867187500000000 HTTP/1.1" 200 - dartmoorrunners.co.uk "http://dartmoorrunners.co.uk/wp-cron.php?doing_wp_cron=1707128286.2897338867187500000000" "WordPress/6.1.5; http://dartmoorrunners.co.uk" "-"
5.255.231.0 - - [05/Feb/2024:11:18:06 +0100] "GET /robots.txt HTTP/1.1" 301 - www.dartmoorrunners.co.uk "-" "Mozilla/5.0 (compatible; YandexBot/3.0; +http://yandex.com/bots)" "-"
213.180.203.0 - - [05/Feb/2024:11:18:38 +0100] "GET / HTTP/1.1" 301 - www.dartmoorrunners.co.uk "-" "Mozilla/5.0 (compatible; YandexBot/3.0; +http://yandex.com/bots)" "-"
87.250.224.0 - - [05/Feb/2024:11:20:10 +0100] "GET /robots.txt HTTP/1.1" 301 - www.dartmoorrunners.co.uk "-" "Mozilla/5.0 (compatible; YandexBot/3.0; +http://yandex.com/bots)" "-"
87.250.224.0 - - [05/Feb/2024:11:20:11 +0100] "GET /robots.txt HTTP/1.1" 200 121 dartmoorrunners.co.uk "-" "Mozilla/5.0 (compatible; YandexBot/3.0; +http://yandex.com/bots)" "-"
95.108.213.0 - - [05/Feb/2024:11:20:12 +0100] "GET / HTTP/1.1" 301 - www.dartmoorrunners.co.uk "-" "Mozilla/5.0 (compatible; YandexBot/3.0; +http://yandex.com/bots)" "-"
51.68.11.0 - - [05/Feb/2024:11:23:13 +0100] "GET /wp-admin/admin-ajax.php?action=duplicator_download&file=../wp-config.php HTTP/1.1" 503 299 dartmoorrunners.co.uk "-" "Mozilla/5.0 (X11; Ubuntu; Linux i686; rv:28.0) Gecko/20100101 Firefox/72.0" "-"
51.68.11.0 - - [05/Feb/2024:11:23:13 +0100] "GET /wp-admin/admin-ajax.php?action=revslider_show_image&img=../wp-config.php HTTP/1.1" 503 299 dartmoorrunners.co.uk "-" "Mozilla/5.0 (X11; Ubuntu; Linux i686; rv:28.0) Gecko/20100101 Firefox/72.0" "-"
66.249.69.0 - - [05/Feb/2024:12:37:04 +0100] "GET /results/winter-series-2014-results HTTP/1.1" 200 25683 dartmoorrunners.co.uk "-" "Mozilla/5.0 (Linux; Android 6.0.1; Nexus 5X Build/MMB29P) AppleWebKit/537.36 (KHTML, like Gecko) Chrome/121.0.6167.85 Mobile Safari/537.36 (compatible; Googlebot/2.1; +http://www.google.com/bot.html)" "-"
82.165.88.0 - - [05/Feb/2024:12:37:07 +0100] "POST /wp-cron.php?doing_wp_cron=1707133027.2000460624694824218750 HTTP/1.1" 200 - dartmoorrunners.co.uk "http://dartmoorrunners.co.uk/wp-cron.php?doing_wp_cron=1707133027.2000460624694824218750" "WordPress/6.1.5; http://dartmoorrunners.co.uk" "-"
192.42.116.0 - - [05/Feb/2024:12:58:37 +0100] "POST /xmlrpc.php HTTP/1.1" 200 403 dartmoorrunners.co.uk "-" "Mozilla/5.0 (X11; Linux x86_64) AppleWebKit/537.36 (KHTML, like Gecko) Chrome/72.0.3626.121 Safari/537.36" "-"
192.42.116.0 - - [05/Feb/2024:12:58:38 +0100] "POST /xmlrpc.php HTTP/1.1" 200 403 dartmoorrunners.co.uk "-" "Mozilla/5.0 (X11; Linux x86_64) AppleWebKit/537.36 (KHTML, like Gecko) Chrome/72.0.3626.121 Safari/537.36" "-"
192.42.116.0 - - [05/Feb/2024:12:58:39 +0100] "POST /xmlrpc.php HTTP/1.1" 403 618 dartmoorrunners.co.uk "-" "Mozilla/5.0 (X11; Linux x86_64) AppleWebKit/537.36 (KHTML, like Gecko) Chrome/72.0.3626.121 Safari/537.36" "-"
192.42.116.0 - - [05/Feb/2024:12:58:40 +0100] "POST /xmlrpc.php HTTP/1.1" 403 618 dartmoorrunners.co.uk "-" "Mozilla/5.0 (X11; Linux x86_64) AppleWebKit/537.36 (KHTML, like Gecko) Chrome/72.0.3626.121 Safari/537.36" "-"
192.42.116.0 - - [05/Feb/2024:12:58:41 +0100] "POST /xmlrpc.php HTTP/1.1" 403 618 dartmoorrunners.co.uk "-" "Mozilla/5.0 (X11; Linux x86_64) AppleWebKit/537.36 (KHTML, like Gecko) Chrome/72.0.3626.121 Safari/537.36" "-"
207.46.13.0 - - [05/Feb/2024:13:00:35 +0100] "GET /robots.txt HTTP/1.1" 301 - www.dartmoorrunners.co.uk "-" "Mozilla/5.0 AppleWebKit/537.36 (KHTML, like Gecko; compatible; bingbot/2.0; +http://www.bing.com/bingbot.htm) Chrome/116.0.1938.76 Safari/537.36" "-"
207.46.13.0 - - [05/Feb/2024:13:00:35 +0100] "GET /robots.txt HTTP/1.1" 200 121 dartmoorrunners.co.uk "-" "Mozilla/5.0 AppleWebKit/537.36 (KHTML, like Gecko; compatible; bingbot/2.0; +http://www.bing.com/bingbot.htm) Chrome/116.0.1938.76 Safari/537.36" "-"
52.167.144.0 - - [05/Feb/2024:13:00:45 +0100] "GET /sitemap.xml HTTP/1.1" 302 - www.dartmoorrunners.co.uk "-" "Mozilla/5.0 AppleWebKit/537.36 (KHTML, like Gecko; compatible; bingbot/2.0; +http://www.bing.com/bingbot.htm) Chrome/116.0.1938.76 Safari/537.36" "-"
40.77.167.0 - - [05/Feb/2024:13:00:55 +0100] "GET /wp-sitemap.xml HTTP/1.1" 200 562 dartmoorrunners.co.uk "-" "Mozilla/5.0 AppleWebKit/537.36 (KHTML, like Gecko; compatible; bingbot/2.0; +http://www.bing.com/bingbot.htm) Chrome/116.0.1938.76 Safari/537.36" "-"
5.255.231.0 - - [05/Feb/2024:13:02:21 +0100] "GET /robots.txt HTTP/1.1" 200 121 dartmoorrunners.co.uk "-" "Mozilla/5.0 (compatible; YandexBot/3.0; +http://yandex.com/bots)" "-"
213.180.203.0 - - [05/Feb/2024:13:02:22 +0100] "GET / HTTP/1.1" 200 31573 dartmoorrunners.co.uk "-" "Mozilla/5.0 (compatible; YandexBot/3.0; +http://yandex.com/bots)" "-"
66.249.66.0 - - [05/Feb/2024:13:03:24 +0100] "GET / HTTP/1.1" 200 31573 dartmoorrunners.co.uk "-" "Mozilla/5.0 (compatible; Googlebot/2.1; +http://www.google.com/bot.html)" "-"
87.250.224.0 - - [05/Feb/2024:13:04:29 +0100] "GET /robots.txt HTTP/1.1" 200 121 dartmoorrunners.co.uk "-" "Mozilla/5.0 (compatible; YandexBot/3.0; +http://yandex.com/bots)" "-"
213.180.203.0 - - [05/Feb/2024:13:04:29 +0100] "GET / HTTP/1.1" 200 31573 dartmoorrunners.co.uk "-" "Mozilla/5.0 (compatible; YandexBot/3.0; +http://yandex.com/bots)" "-"
82.165.88.0 - - [05/Feb/2024:13:32:57 +0100] "POST /wp-cron.php?doing_wp_cron=1707136377.5024108886718750000000 HTTP/1.1" 200 - dartmoorrunners.co.uk "http://dartmoorrunners.co.uk/wp-cron.php?doing_wp_cron=1707136377.5024108886718750000000" "WordPress/6.1.5; http://dartmoorrunners.co.uk" "-"
54.36.148.0 - - [05/Feb/2024:13:32:57 +0100] "GET /results/summer-series-2015-results HTTP/1.1" 200 25683 dartmoorrunners.co.uk "-" "Mozilla/5.0 (compatible; AhrefsBot/7.0; +http://ahrefs.com/robot/)" "-"
50.255.62.0 - - [05/Feb/2024:14:05:32 +0100] "GET / HTTP/1.1" 200 31573 dartmoorrunners.co.uk "-" "curl/7.54.0" "-"
82.165.88.0 - - [05/Feb/2024:14:49:47 +0100] "POST /wp-cron.php?doing_wp_cron=1707140987.9579849243164062500000 HTTP/1.1" 200 - dartmoorrunners.co.uk "http://dartmoorrunners.co.uk/wp-cron.php?doing_wp_cron=1707140987.9579849243164062500000" "WordPress/6.1.5; http://dartmoorrunners.co.uk" "-"
167.86.110.0 - - [05/Feb/2024:14:49:47 +0100] "GET /inputs.php HTTP/1.1" 404 24761 dartmoorrunners.co.uk "www.google.com" "Mozlila/5.0 (Linux; Android 7.0; SM-G892A Bulid/NRD90M; wv) AppleWebKit/537.36 (KHTML, like Gecko) Version/4.0 Chrome/60.0.3112.107 Moblie Safari/537.36" "-"
63.135.161.0 - - [05/Feb/2024:15:05:56 +0100] "GET // HTTP/1.1" 301 - dartmoorrunners.co.uk "-" "Go-http-client/1.1" "-"
63.135.161.0 - - [05/Feb/2024:15:05:57 +0100] "GET / HTTP/1.1" 200 31573 dartmoorrunners.co.uk "http://dartmoorrunners.co.uk//" "Go-http-client/1.1" "-"
63.135.161.0 - - [05/Feb/2024:15:05:59 +0100] "GET ///wp-includes/wp-class.php HTTP/1.1" 301 - dartmoorrunners.co.uk "-" "Go-http-client/1.1" "-"
63.135.161.0 - - [05/Feb/2024:15:05:59 +0100] "GET /wp-includes/wp-class.php HTTP/1.1" 404 24761 dartmoorrunners.co.uk "http://dartmoorrunners.co.uk///wp-includes/wp-class.php" "Go-http-client/1.1" "-"
173.239.211.0 - - [05/Feb/2024:15:06:04 +0100] "GET ///wp-info.php HTTP/1.1" 301 - dartmoorrunners.co.uk "-" "Go-http-client/1.1" "-"
63.135.161.0 - - [05/Feb/2024:15:06:08 +0100] "GET /wp-info.php HTTP/1.1" 404 24761 dartmoorrunners.co.uk "http://dartmoorrunners.co.uk///wp-info.php" "Go-http-client/1.1" "-"
63.135.161.0 - - [05/Feb/2024:15:06:09 +0100] "GET ///about.php HTTP/1.1" 301 - dartmoorrunners.co.uk "-" "Go-http-client/1.1" "-"
63.135.161.0 - - [05/Feb/2024:15:06:10 +0100] "GET /about.php HTTP/1.1" 404 24761 dartmoorrunners.co.uk "http://dartmoorrunners.co.uk///about.php" "Go-http-client/1.1" "-"
63.135.161.0 - - [05/Feb/2024:15:06:12 +0100] "GET ///mini.php HTTP/1.1" 301 - dartmoorrunners.co.uk "-" "Go-http-client/1.1" "-"
63.135.161.0 - - [05/Feb/2024:15:06:13 +0100] "GET /mini.php HTTP/1.1" 404 24761 dartmoorrunners.co.uk "http://dartmoorrunners.co.uk///mini.php" "Go-http-client/1.1" "-"
63.135.161.0 - - [05/Feb/2024:15:06:15 +0100] "GET ///shellv3.php HTTP/1.1" 301 - dartmoorrunners.co.uk "-" "Go-http-client/1.1" "-"
63.135.161.0 - - [05/Feb/2024:15:06:16 +0100] "GET /shellv3.php HTTP/1.1" 404 24761 dartmoorrunners.co.uk "http://dartmoorrunners.co.uk///shellv3.php" "Go-http-client/1.1" "-"
63.135.161.0 - - [05/Feb/2024:15:06:16 +0100] "GET ///ws.php HTTP/1.1" 301 - dartmoorrunners.co.uk "-" "Go-http-client/1.1" "-"
63.135.161.0 - - [05/Feb/2024:15:06:17 +0100] "GET /ws.php HTTP/1.1" 404 24761 dartmoorrunners.co.uk "http://dartmoorrunners.co.uk///ws.php" "Go-http-client/1.1" "-"
63.135.161.0 - - [05/Feb/2024:15:06:19 +0100] "GET ///ws.php7 HTTP/1.1" 301 - dartmoorrunners.co.uk "-" "Go-http-client/1.1" "-"
63.135.161.0 - - [05/Feb/2024:15:06:21 +0100] "GET /ws.php7 HTTP/1.1" 404 24761 dartmoorrunners.co.uk "http://dartmoorrunners.co.uk///ws.php7" "Go-http-client/1.1" "-"
63.135.161.0 - - [05/Feb/2024:15:06:21 +0100] "GET ///wp-admin/css/colors/blue/ HTTP/1.1" 403 618 dartmoorrunners.co.uk "-" "Go-http-client/1.1" "-"
173.239.211.0 - - [05/Feb/2024:15:06:25 +0100] "GET ///wp-content/plugins/Cache/Cache.php HTTP/1.1" 301 - dartmoorrunners.co.uk "-" "Go-http-client/1.1" "-"
173.239.211.0 - - [05/Feb/2024:15:06:26 +0100] "GET /wp-content/plugins/Cache/Cache.php HTTP/1.1" 404 24761 dartmoorrunners.co.uk "http://dartmoorrunners.co.uk///wp-content/plugins/Cache/Cache.php" "Go-http-client/1.1" "-"
63.135.161.0 - - [05/Feb/2024:15:06:27 +0100] "GET ///log.php HTTP/1.1" 301 - dartmoorrunners.co.uk "-" "Go-http-client/1.1" "-"
173.239.211.0 - - [05/Feb/2024:15:06:32 +0100] "GET /log.php HTTP/1.1" 404 24761 dartmoorrunners.co.uk "http://dartmoorrunners.co.uk///log.php" "Go-http-client/1.1" "-"
63.135.161.0 - - [05/Feb/2024:15:06:38 +0100] "GET ///wp-admin/network/cloud.php HTTP/1.1" 301 - dartmoorrunners.co.uk "-" "Go-http-client/1.1" "-"
63.135.161.0 - - [05/Feb/2024:15:06:39 +0100] "GET /wp-admin/network/cloud.php HTTP/1.1" 404 24761 dartmoorrunners.co.uk "http://dartmoorrunners.co.uk///wp-admin/network/cloud.php" "Go-http-client/1.1" "-"
63.135.161.0 - - [05/Feb/2024:15:06:40 +0100] "GET ///cgi-bin/themes.php HTTP/1.1" 404 626 dartmoorrunners.co.uk "-" "Go-http-client/1.1" "-"
191.101.41.0 - - [05/Feb/2024:15:06:43 +0100] "GET ///cgi-bin/cloud.php HTTP/1.1" 404 626 dartmoorrunners.co.uk "-" "Go-http-client/1.1" "-"
191.101.41.0 - - [05/Feb/2024:15:06:47 +0100] "GET ///wp-includes/ID3/themes.php HTTP/1.1" 301 - dartmoorrunners.co.uk "-" "Go-http-client/1.1" "-"
191.101.41.0 - - [05/Feb/2024:15:06:52 +0100] "GET /wp-includes/ID3/themes.php HTTP/1.1" 404 24761 dartmoorrunners.co.uk "http://dartmoorrunners.co.uk///wp-includes/ID3/themes.php#xleet" "Go-http-client/1.1" "-"
63.135.161.0 - - [05/Feb/2024:15:07:08 +0100] "GET ///wp-includes/pomo/themes.php HTTP/1.1" 301 - dartmoorrunners.co.uk "-" "Go-http-client/1.1" "-"
63.135.161.0 - - [05/Feb/2024:15:07:10 +0100] "GET /wp-includes/pomo/themes.php HTTP/1.1" 404 24761 dartmoorrunners.co.uk "http://dartmoorrunners.co.uk///wp-includes/pomo/themes.php#xleet" "Go-http-client/1.1" "-"
63.135.161.0 - - [05/Feb/2024:15:07:19 +0100] "GET ///wp-admin/images/cloud.php HTTP/1.1" 301 - dartmoorrunners.co.uk "-" "Go-http-client/1.1" "-"
63.135.161.0 - - [05/Feb/2024:15:07:20 +0100] "GET /wp-admin/images/cloud.php HTTP/1.1" 404 24761 dartmoorrunners.co.uk "http://dartmoorrunners.co.uk///wp-admin/images/cloud.php" "Go-http-client/1.1" "-"
173.239.211.0 - - [05/Feb/2024:15:07:22 +0100] "GET ///images/cloud.php HTTP/1.1" 301 - dartmoorrunners.co.uk "-" "Go-http-client/1.1" "-"
173.239.211.0 - - [05/Feb/2024:15:07:23 +0100] "GET /images/cloud.php HTTP/1.1" 404 24761 dartmoorrunners.co.uk "http://dartmoorrunners.co.uk///images/cloud.php" "Go-http-client/1.1" "-"
173.239.211.0 - - [05/Feb/2024:15:07:27 +0100] "GET ///wp-admin/js/widgets/cloud.php HTTP/1.1" 301 - dartmoorrunners.co.uk "-" "Go-http-client/1.1" "-"
173.239.211.0 - - [05/Feb/2024:15:07:29 +0100] "GET /wp-admin/js/widgets/cloud.php HTTP/1.1" 404 24761 dartmoorrunners.co.uk "http://dartmoorrunners.co.uk///wp-admin/js/widgets/cloud.php" "Go-http-client/1.1" "-"
173.239.211.0 - - [05/Feb/2024:15:07:30 +0100] "GET ///wp-admin/css/colors/cloud.php HTTP/1.1" 301 - dartmoorrunners.co.uk "-" "Go-http-client/1.1" "-"
173.239.211.0 - - [05/Feb/2024:15:07:30 +0100] "GET /wp-admin/css/colors/cloud.php HTTP/1.1" 404 24761 dartmoorrunners.co.uk "http://dartmoorrunners.co.uk///wp-admin/css/colors/cloud.php" "Go-http-client/1.1" "-"
173.239.211.0 - - [05/Feb/2024:15:07:31 +0100] "GET ///wp-admin/includes/cloud.php HTTP/1.1" 301 - dartmoorrunners.co.uk "-" "Go-http-client/1.1" "-"
216.73.161.0 - - [05/Feb/2024:15:07:36 +0100] "GET /wp-admin/includes/cloud.php HTTP/1.1" 404 24761 dartmoorrunners.co.uk "http://dartmoorrunners.co.uk///wp-admin/includes/cloud.php" "Go-http-client/1.1" "-"
216.73.161.0 - - [05/Feb/2024:15:07:37 +0100] "GET ///wp-includes/certificates/plugins.php HTTP/1.1" 301 - dartmoorrunners.co.uk "-" "Go-http-client/1.1" "-"
216.73.161.0 - - [05/Feb/2024:15:07:38 +0100] "GET /wp-includes/certificates/plugins.php HTTP/1.1" 404 24761 dartmoorrunners.co.uk "http://dartmoorrunners.co.uk///wp-includes/certificates/plugins.php" "Go-http-client/1.1" "-"
216.73.161.0 - - [05/Feb/2024:15:07:41 +0100] "GET ///wp-admin/user/plugins.php HTTP/1.1" 301 - dartmoorrunners.co.uk "-" "Go-http-client/1.1" "-"
5.255.231.0 - - [05/Feb/2024:15:07:44 +0100] "GET /robots.txt HTTP/1.1" 301 - www.dartmoorrunners.co.uk "-" "Mozilla/5.0 (compatible; YandexBot/3.0; +http://yandex.com/bots)" "-"
5.255.231.0 - - [05/Feb/2024:15:07:44 +0100] "GET /robots.txt HTTP/1.1" 200 121 dartmoorrunners.co.uk "-" "Mozilla/5.0 (compatible; YandexBot/3.0; +http://yandex.com/bots)" "-"
213.180.203.0 - - [05/Feb/2024:15:07:45 +0100] "GET / HTTP/1.1" 301 - www.dartmoorrunners.co.uk "-" "Mozilla/5.0 (compatible; YandexBot/3.0; +http://yandex.com/bots)" "-"
63.135.161.0 - - [05/Feb/2024:15:07:45 +0100] "GET /wp-admin/user/plugins.php HTTP/1.1" 404 24761 dartmoorrunners.co.uk "http://dartmoorrunners.co.uk///wp-admin/user/plugins.php" "Go-http-client/1.1" "-"
63.135.161.0 - - [05/Feb/2024:15:07:47 +0100] "GET ///wp-content/themes/twentyseventeen/page/index.php?p= HTTP/1.1" 301 - dartmoorrunners.co.uk "-" "Go-http-client/1.1" "-"
63.135.161.0 - - [05/Feb/2024:15:07:51 +0100] "GET /wp-content/themes/twentyseventeen/page/ HTTP/1.1" 404 24761 dartmoorrunners.co.uk "http://dartmoorrunners.co.uk///wp-content/themes/twentyseventeen/page/index.php?p=" "Go-http-client/1.1" "-"
63.135.161.0 - - [05/Feb/2024:15:07:52 +0100] "GET ///wp-includes/js/tinymce/skins/lightgray/img/index.php?p= HTTP/1.1" 301 - dartmoorrunners.co.uk "-" "Go-http-client/1.1" "-"
216.73.161.0 - - [05/Feb/2024:15:07:56 +0100] "GET /wp-includes/js/tinymce/skins/lightgray/img/ HTTP/1.1" 403 618 dartmoorrunners.co.uk "http://dartmoorrunners.co.uk///wp-includes/js/tinymce/skins/lightgray/img/index.php?p=" "Go-http-client/1.1" "-"
216.73.161.0 - - [05/Feb/2024:15:08:01 +0100] "GET ///wp-admin/network/xmrlpc.php?p= HTTP/1.1" 301 - dartmoorrunners.co.uk "-" "Go-http-client/1.1" "-"
216.73.161.0 - - [05/Feb/2024:15:08:03 +0100] "GET /wp-admin/network/xmrlpc.php HTTP/1.1" 404 24761 dartmoorrunners.co.uk "http://dartmoorrunners.co.uk///wp-admin/network/xmrlpc.php?p=" "Go-http-client/1.1" "-"
63.135.161.0 - - [05/Feb/2024:15:08:13 +0100] "GET ///cgi-bin/xmrlpc.php?p= HTTP/1.1" 404 626 dartmoorrunners.co.uk "-" "Go-http-client/1.1" "-"
63.135.161.0 - - [05/Feb/2024:15:08:14 +0100] "GET ///css/xmrlpc.php?p= HTTP/1.1" 301 - dartmoorrunners.co.uk "-" "Go-http-client/1.1" "-"
63.135.161.0 - - [05/Feb/2024:15:08:16 +0100] "GET /css/xmrlpc.php HTTP/1.1" 404 24761 dartmoorrunners.co.uk "http://dartmoorrunners.co.uk///css/xmrlpc.php?p=" "Go-http-client/1.1" "-"
63.135.161.0 - - [05/Feb/2024:15:08:16 +0100] "GET ///wp-admin/user/xmrlpc.php?p= HTTP/1.1" 301 - dartmoorrunners.co.uk "-" "Go-http-client/1.1" "-"
63.135.161.0 - - [05/Feb/2024:15:08:17 +0100] "GET /wp-admin/user/xmrlpc.php HTTP/1.1" 404 24761 dartmoorrunners.co.uk "http://dartmoorrunners.co.uk///wp-admin/user/xmrlpc.php?p=" "Go-http-client/1.1" "-"
63.135.161.0 - - [05/Feb/2024:15:08:18 +0100] "GET ///wp-includes/customize/plugins.php HTTP/1.1" 301 - dartmoorrunners.co.uk "-" "Go-http-client/1.1" "-"
63.135.161.0 - - [05/Feb/2024:15:08:19 +0100] "GET /wp-includes/customize/plugins.php HTTP/1.1" 404 24761 dartmoorrunners.co.uk "http://dartmoorrunners.co.uk///wp-includes/customize/plugins.php" "Go-http-client/1.1" "-"
63.135.161.0 - - [05/Feb/2024:15:08:20 +0100] "GET ///wp-admin/css/colors/coffee/xmrlpc.php?p= HTTP/1.1" 301 - dartmoorrunners.co.uk "-" "Go-http-client/1.1" "-"
63.135.161.0 - - [05/Feb/2024:15:08:22 +0100] "GET /wp-admin/css/colors/coffee/xmrlpc.php HTTP/1.1" 404 24761 dartmoorrunners.co.uk "http://dartmoorrunners.co.uk///wp-admin/css/colors/coffee/xmrlpc.php?p=" "Go-http-client/1.1" "-"
63.135.161.0 - - [05/Feb/2024:15:08:23 +0100] "GET ///wp-admin/images/xmrlpc.php?p= HTTP/1.1" 301 - dartmoorrunners.co.uk "-" "Go-http-client/1.1" "-"
63.135.161.0 - - [05/Feb/2024:15:08:24 +0100] "GET /wp-admin/images/xmrlpc.php HTTP/1.1" 404 24761 dartmoorrunners.co.uk "http://dartmoorrunners.co.uk///wp-admin/images/xmrlpc.php?p=" "Go-http-client/1.1" "-"
63.135.161.0 - - [05/Feb/2024:15:08:25 +0100] "GET ///wp-admin/network/plugins.php HTTP/1.1" 302 - dartmoorrunners.co.uk "-" "Go-http-client/1.1" "-"
63.135.161.0 - - [05/Feb/2024:15:08:30 +0100] "GET /wp-login.php?redirect_to=http%3A%2F%2Fdartmoorrunners.co.uk%2F%2F%2Fwp-admin%2Fnetwork%2Fplugins.php&reauth=1 HTTP/1.1" 200 8766 dartmoorrunners.co.uk "http://dartmoorrunners.co.uk///wp-admin/network/plugins.php" "Go-http-client/1.1" "-"
63.135.161.0 - - [05/Feb/2024:15:08:32 +0100] "GET ///wp-admin/css/colors/blue/plugins.php HTTP/1.1" 301 - dartmoorrunners.co.uk "-" "Go-http-client/1.1" "-"
63.135.161.0 - - [05/Feb/2024:15:08:35 +0100] "GET /wp-admin/css/colors/blue/plugins.php HTTP/1.1" 404 24761 dartmoorrunners.co.uk "http://dartmoorrunners.co.uk///wp-admin/css/colors/blue/plugins.php" "Go-http-client/1.1" "-"
216.73.161.0 - - [05/Feb/2024:15:08:38 +0100] "GET ///wp-admin/css/colors/xmrlpc.php?p= HTTP/1.1" 301 - dartmoorrunners.co.uk "-" "Go-http-client/1.1" "-"
63.135.161.0 - - [05/Feb/2024:15:08:44 +0100] "GET /wp-admin/css/colors/xmrlpc.php HTTP/1.1" 404 24761 dartmoorrunners.co.uk "http://dartmoorrunners.co.uk///wp-admin/css/colors/xmrlpc.php?p=" "Go-http-client/1.1" "-"
63.135.161.0 - - [05/Feb/2024:15:08:49 +0100] "GET ///wp-content/themes/plugins.php HTTP/1.1" 301 - dartmoorrunners.co.uk "-" "Go-http-client/1.1" "-"
63.135.161.0 - - [05/Feb/2024:15:08:56 +0100] "GET /wp-content/themes/plugins.php HTTP/1.1" 404 24761 dartmoorrunners.co.uk "http://dartmoorrunners.co.uk///wp-content/themes/plugins.php" "Go-http-client/1.1" "-"
63.135.161.0 - - [05/Feb/2024:15:08:59 +0100] "GET ///wp-admin/css/colors/blue/xmrlpc.php?p= HTTP/1.1" 301 - dartmoorrunners.co.uk "-" "Go-http-client/1.1" "-"
63.135.161.0 - - [05/Feb/2024:15:09:00 +0100] "GET /wp-admin/css/colors/blue/xmrlpc.php HTTP/1.1" 404 24761 dartmoorrunners.co.uk "http://dartmoorrunners.co.uk///wp-admin/css/colors/blue/xmrlpc.php?p=" "Go-http-client/1.1" "-"
191.101.41.0 - - [05/Feb/2024:15:09:05 +0100] "GET ///wp-includes/ID3/plugins.php HTTP/1.1" 301 - dartmoorrunners.co.uk "-" "Go-http-client/1.1" "-"
191.101.41.0 - - [05/Feb/2024:15:09:07 +0100] "GET /wp-includes/ID3/plugins.php HTTP/1.1" 404 24761 dartmoorrunners.co.uk "http://dartmoorrunners.co.uk///wp-includes/ID3/plugins.php" "Go-http-client/1.1" "-"
173.239.211.0 - - [05/Feb/2024:15:09:11 +0100] "GET ///wp-admin/css/plugins.php HTTP/1.1" 301 - dartmoorrunners.co.uk "-" "Go-http-client/1.1" "-"
173.239.211.0 - - [05/Feb/2024:15:09:12 +0100] "GET /wp-admin/css/plugins.php HTTP/1.1" 404 24761 dartmoorrunners.co.uk "http://dartmoorrunners.co.uk///wp-admin/css/plugins.php" "Go-http-client/1.1" "-"
173.239.211.0 - - [05/Feb/2024:15:09:15 +0100] "GET ///wp-admin/includes/plugins.php HTTP/1.1" 301 - dartmoorrunners.co.uk "-" "Go-http-client/1.1" "-"
173.239.211.0 - - [05/Feb/2024:15:09:16 +0100] "GET /wp-admin/includes/plugins.php HTTP/1.1" 404 24761 dartmoorrunners.co.uk "http://dartmoorrunners.co.uk///wp-admin/includes/plugins.php" "Go-http-client/1.1" "-"
