87.250.224.0 - - [16/Feb/2024:00:27:10 +0100] "GET /robots.txt HTTP/1.1" 301 - www.dartmoorrunners.co.uk "-" "Mozilla/5.0 (compatible; YandexBot/3.0; +http://yandex.com/bots)" "-"
87.250.224.0 - - [16/Feb/2024:00:27:12 +0100] "GET /robots.txt HTTP/1.1" 200 121 dartmoorrunners.co.uk "-" "Mozilla/5.0 (compatible; YandexBot/3.0; +http://yandex.com/bots)" "-"
5.255.231.0 - - [16/Feb/2024:00:27:12 +0100] "GET / HTTP/1.1" 301 - www.dartmoorrunners.co.uk "-" "Mozilla/5.0 (compatible; YandexBot/3.0; +http://yandex.com/bots)" "-"
82.165.88.0 - - [16/Feb/2024:00:29:16 +0100] "POST /wp-cron.php?doing_wp_cron=1708039756.2687849998474121093750 HTTP/1.1" 200 - dartmoorrunners.co.uk "http://dartmoorrunners.co.uk/wp-cron.php?doing_wp_cron=1708039756.2687849998474121093750" "WordPress/6.1.5; http://dartmoorrunners.co.uk" "-"
5.255.231.0 - - [16/Feb/2024:00:29:16 +0100] "GET /robots.txt HTTP/1.1" 301 - www.dartmoorrunners.co.uk "-" "Mozilla/5.0 (compatible; YandexBot/3.0; +http://yandex.com/bots)" "-"
5.255.231.0 - - [16/Feb/2024:00:29:16 +0100] "GET /robots.txt HTTP/1.1" 200 121 dartmoorrunners.co.uk "-" "Mozilla/5.0 (compatible; YandexBot/3.0; +http://yandex.com/bots)" "-"
5.255.231.0 - - [16/Feb/2024:00:29:18 +0100] "GET / HTTP/1.1" 301 - www.dartmoorrunners.co.uk "-" "Mozilla/5.0 (compatible; YandexBot/3.0; +http://yandex.com/bots)" "-"
89.105.219.0 - - [16/Feb/2024:00:32:04 +0100] "GET / HTTP/1.1" 200 31575 dartmoorrunners.co.uk "-" "Mozilla/5.0 (Windows NT 6.1) AppleWebKit/537.36 (KHTML, like Gecko) Chrome/65.0.3049.29 Safari/537.36" "-"
89.105.219.0 - - [16/Feb/2024:00:32:05 +0100] "GET /wordpress/ HTTP/1.1" 404 24763 dartmoorrunners.co.uk "-" "Mozilla/5.0 (Windows NT 6.1) AppleWebKit/537.36 (KHTML, like Gecko) Chrome/65.0.3049.29 Safari/537.36" "-"
5.255.231.0 - - [16/Feb/2024:00:34:26 +0100] "GET /robots.txt HTTP/1.1" 200 121 dartmoorrunners.co.uk "-" "Mozilla/5.0 (compatible; YandexBot/3.0; +http://yandex.com/bots)" "-"
87.250.224.0 - - [16/Feb/2024:00:34:26 +0100] "GET / HTTP/1.1" 200 31575 dartmoorrunners.co.uk "-" "Mozilla/5.0 (compatible; YandexBot/3.0; +http://yandex.com/bots)" "-"
74.208.83.0 - - [16/Feb/2024:00:34:45 +0100] "POST /xmlrpc.php HTTP/1.1" 200 403 dartmoorrunners.co.uk "-" "Mozilla/5.0 (Windows NT 10.0; Win64; x64; rv:97.0) Gecko/20100101 Firefox/97.0" "-"
5.255.231.0 - - [16/Feb/2024:00:36:31 +0100] "GET /robots.txt HTTP/1.1" 200 121 dartmoorrunners.co.uk "-" "Mozilla/5.0 (compatible; YandexBot/3.0; +http://yandex.com/bots)" "-"
95.108.213.0 - - [16/Feb/2024:00:36:31 +0100] "GET / HTTP/1.1" 200 31575 dartmoorrunners.co.uk "-" "Mozilla/5.0 (compatible; YandexBot/3.0; +http://yandex.com/bots)" "-"
47.128.50.0 - - [16/Feb/2024:00:37:49 +0100] "GET /results/summer-series-2018-results HTTP/1.1" 200 25797 dartmoorrunners.co.uk "-" "Mozilla/5.0 (compatible; Bytespider; spider-feedback@bytedance.com) AppleWebKit/537.36 (KHTML, like Gecko) Chrome/70.0.0.0 Safari/537.36" "-"
47.128.50.0 - - [16/Feb/2024:00:37:51 +0100] "GET /wp-content/uploads/2017/04/cropped-dartmoorrunnerslogo_normal.png HTTP/1.1" 200 110052 dartmoorrunners.co.uk "http://dartmoorrunners.co.uk/results/summer-series-2018-results" "Mozilla/5.0 (compatible; Bytespider; spider-feedback@bytedance.com) AppleWebKit/537.36 (KHTML, like Gecko) Chrome/70.0.0.0 Safari/537.36" "-"
45.80.158.0 - - [16/Feb/2024:00:38:08 +0100] "HEAD /wordpress HTTP/1.1" 404 - dartmoorrunners.co.uk "-" "Mozilla/5.0 (Windows NT 10.0; Win64; x64) AppleWebKit/537.36 (KHTML, like Gecko) Chrome/74.0.3729.169 Safari/537.36" "-"
45.80.158.0 - - [16/Feb/2024:00:38:08 +0100] "HEAD / HTTP/1.1" 200 - dartmoorrunners.co.uk "-" "Mozilla/5.0 (Windows NT 10.0; Win64; x64) AppleWebKit/537.36 (KHTML, like Gecko) Chrome/74.0.3729.169 Safari/537.36" "-"
45.80.158.0 - - [16/Feb/2024:00:38:08 +0100] "HEAD /wp HTTP/1.1" 404 - dartmoorrunners.co.uk "-" "Mozilla/5.0 (Windows NT 10.0; Win64; x64) AppleWebKit/537.36 (KHTML, like Gecko) Chrome/74.0.3729.169 Safari/537.36" "-"
45.80.158.0 - - [16/Feb/2024:00:38:09 +0100] "HEAD /bc HTTP/1.1" 404 - dartmoorrunners.co.uk "-" "Mozilla/5.0 (Windows NT 10.0; Win64; x64) AppleWebKit/537.36 (KHTML, like Gecko) Chrome/74.0.3729.169 Safari/537.36" "-"
45.80.158.0 - - [16/Feb/2024:00:38:09 +0100] "HEAD /bk HTTP/1.1" 404 - dartmoorrunners.co.uk "-" "Mozilla/5.0 (Windows NT 10.0; Win64; x64) AppleWebKit/537.36 (KHTML, like Gecko) Chrome/74.0.3729.169 Safari/537.36" "-"
45.80.158.0 - - [16/Feb/2024:00:38:09 +0100] "HEAD /backup HTTP/1.1" 404 - dartmoorrunners.co.uk "-" "Mozilla/5.0 (Windows NT 10.0; Win64; x64) AppleWebKit/537.36 (KHTML, like Gecko) Chrome/74.0.3729.169 Safari/537.36" "-"
45.80.158.0 - - [16/Feb/2024:00:38:09 +0100] "HEAD /old HTTP/1.1" 404 - dartmoorrunners.co.uk "-" "Mozilla/5.0 (Windows NT 10.0; Win64; x64) AppleWebKit/537.36 (KHTML, like Gecko) Chrome/74.0.3729.169 Safari/537.36" "-"
45.80.158.0 - - [16/Feb/2024:00:38:10 +0100] "HEAD /new HTTP/1.1" 404 - dartmoorrunners.co.uk "-" "Mozilla/5.0 (Windows NT 10.0; Win64; x64) AppleWebKit/537.36 (KHTML, like Gecko) Chrome/74.0.3729.169 Safari/537.36" "-"
45.80.158.0 - - [16/Feb/2024:00:38:10 +0100] "HEAD /main HTTP/1.1" 404 - dartmoorrunners.co.uk "-" "Mozilla/5.0 (Windows NT 10.0; Win64; x64) AppleWebKit/537.36 (KHTML, like Gecko) Chrome/74.0.3729.169 Safari/537.36" "-"
45.80.158.0 - - [16/Feb/2024:00:38:10 +0100] "HEAD /home HTTP/1.1" 404 - dartmoorrunners.co.uk "-" "Mozilla/5.0 (Windows NT 10.0; Win64; x64) AppleWebKit/537.36 (KHTML, like Gecko) Chrome/74.0.3729.169 Safari/537.36" "-"
47.128.18.0 - - [16/Feb/2024:01:03:50 +0100] "GET / HTTP/1.1" 200 31573 dartmoorrunners.co.uk "-" "Mozilla/5.0 (compatible; Bytespider; spider-feedback@bytedance.com) AppleWebKit/537.36 (KHTML, like Gecko) Chrome/70.0.0.0 Safari/537.36" "-"
47.128.18.0 - - [16/Feb/2024:01:03:52 +0100] "GET /wp-content/uploads/2017/04/cropped-dartmoorrunnerslogo_normal.png HTTP/1.1" 200 110052 dartmoorrunners.co.uk "http://dartmoorrunners.co.uk/" "Mozilla/5.0 (compatible; Bytespider; spider-feedback@bytedance.com) AppleWebKit/537.36 (KHTML, like Gecko) Chrome/70.0.0.0 Safari/537.36" "-"
82.165.88.0 - - [16/Feb/2024:01:37:15 +0100] "POST /wp-cron.php?doing_wp_cron=1708043835.4693410396575927734375 HTTP/1.1" 200 - dartmoorrunners.co.uk "http://dartmoorrunners.co.uk/wp-cron.php?doing_wp_cron=1708043835.4693410396575927734375" "WordPress/6.1.5; http://dartmoorrunners.co.uk" "-"
159.203.78.0 - - [16/Feb/2024:01:37:15 +0100] "GET /wp-content/themes/bricks/style.css HTTP/1.1" 404 24761 dartmoorrunners.co.uk "dartmoorrunners.co.uk" "Mozilla/5.0 (Windows NT 6.1; Win64; x64) AppleWebKit/537.36 (KHTML, like Gecko) Chrome/242.02.8301.120 Safari/537.36" "-"
185.179.24.0 - - [16/Feb/2024:01:51:15 +0100] "GET /cong.php HTTP/1.1" 404 24761 dartmoorrunners.co.uk "http://simplesite.com" "Mozilla/5.0 (Windows; U; Windows NT 5.1; en-US) AppleWebKit/533.4 (KHTML, like Gecko) Chrome/5.0.375.99 Safari/533.4" "-"
47.128.96.0 - - [16/Feb/2024:02:15:05 +0100] "GET /results/winter-series-2012-results HTTP/1.1" 200 25915 dartmoorrunners.co.uk "-" "Mozilla/5.0 (compatible; Bytespider; spider-feedback@bytedance.com) AppleWebKit/537.36 (KHTML, like Gecko) Chrome/70.0.0.0 Safari/537.36" "-"
47.128.96.0 - - [16/Feb/2024:02:15:06 +0100] "GET /wp-content/uploads/2017/04/cropped-dartmoorrunnerslogo_normal.png HTTP/1.1" 200 110052 dartmoorrunners.co.uk "http://dartmoorrunners.co.uk/results/winter-series-2012-results" "Mozilla/5.0 (compatible; Bytespider; spider-feedback@bytedance.com) AppleWebKit/537.36 (KHTML, like Gecko) Chrome/70.0.0.0 Safari/537.36" "-"
94.247.133.0 - - [16/Feb/2024:02:18:57 +0100] "POST /xmlrpc.php HTTP/1.1" 200 403 dartmoorrunners.co.uk "-" "Mozilla/5.0 (Windows NT 10.0; Win64; x64; rv:75.0) Gecko/20100101 Firefox/75.0" "-"
5.188.62.0 - - [16/Feb/2024:02:19:28 +0100] "GET /wp-login.php?wp_lang=en_US HTTP/1.1" 503 299 dartmoorrunners.co.uk "-" "Mozilla/5.0 (Windows NT 6.1; WOW64) AppleWebKit/537.36 (KHTML, like Gecko) Chrome/100.0.4758.11 Safari/537.36" "-"
5.188.62.0 - - [16/Feb/2024:02:19:31 +0100] "GET /wp-login.php?wp_lang=en_US HTTP/1.1" 503 299 dartmoorrunners.co.uk "-" "Mozilla/5.0 (Windows NT 6.1; WOW64) AppleWebKit/537.36 (KHTML, like Gecko) Chrome/100.0.4758.11 Safari/537.36" "-"
14.241.250.0 - - [16/Feb/2024:02:19:54 +0100] "GET /wp-login.php?wp_lang=en_US HTTP/1.1" 200 6947 dartmoorrunners.co.uk "-" "Mozilla/5.0 (Windows NT 6.1; WOW64) AppleWebKit/537.36 (KHTML, like Gecko) Chrome/100.0.4758.11 Safari/537.36" "-"
134.236.100.0 - - [16/Feb/2024:02:19:55 +0100] "GET /wp-login.php?wp_lang=en_US HTTP/1.1" 200 6947 dartmoorrunners.co.uk "-" "Mozilla/5.0 (Windows NT 6.1; WOW64) AppleWebKit/537.36 (KHTML, like Gecko) Chrome/100.0.4758.11 Safari/537.36" "-"
14.241.250.0 - - [16/Feb/2024:02:19:58 +0100] "POST /wp-login.php?wp_lang=en_US HTTP/1.1" 200 7367 dartmoorrunners.co.uk "-" "Mozilla/5.0 (Windows NT 6.1; WOW64) AppleWebKit/537.36 (KHTML, like Gecko) Chrome/100.0.4758.11 Safari/537.36" "-"
171.225.248.0 - - [16/Feb/2024:02:20:05 +0100] "POST /wp-login.php?wp_lang=en_US HTTP/1.1" 200 7377 dartmoorrunners.co.uk "-" "Mozilla/5.0 (Windows NT 6.1; WOW64) AppleWebKit/537.36 (KHTML, like Gecko) Chrome/100.0.4758.11 Safari/537.36" "-"
82.165.88.0 - - [16/Feb/2024:02:37:15 +0100] "POST /wp-cron.php?doing_wp_cron=1708047435.5081429481506347656250 HTTP/1.1" 200 - dartmoorrunners.co.uk "http://dartmoorrunners.co.uk/wp-cron.php?doing_wp_cron=1708047435.5081429481506347656250" "WordPress/6.1.5; http://dartmoorrunners.co.uk" "-"
51.15.241.0 - - [16/Feb/2024:02:37:15 +0100] "GET /results HTTP/1.1" 200 25106 dartmoorrunners.co.uk "-" "Mozilla/5.0 (Macintosh; Intel Mac OS X 10_15_7) AppleWebKit/537.36 (KHTML, like Gecko) Chrome/114.0.0.0 Safari/537.36" "-"
51.15.241.0 - - [16/Feb/2024:02:37:16 +0100] "GET /wp-includes/js/wp-emoji-release.min.js?ver=6.1.5 HTTP/1.1" 200 18617 dartmoorrunners.co.uk "http://dartmoorrunners.co.uk/results" "Mozilla/5.0 (Macintosh; Intel Mac OS X 10_15_7) AppleWebKit/537.36 (KHTML, like Gecko) Chrome/114.0.0.0 Safari/537.36" "-"
51.15.241.0 - - [16/Feb/2024:02:37:18 +0100] "GET /summer-series-2023 HTTP/1.1" 200 27248 dartmoorrunners.co.uk "-" "Mozilla/5.0 (Windows NT 10.0; Win64; x64) AppleWebKit/537.36 (KHTML, like Gecko) Chrome/114.0.0.0 Safari/537.36" "-"
51.15.241.0 - - [16/Feb/2024:02:37:25 +0100] "GET /winter-series-2023 HTTP/1.1" 200 27638 dartmoorrunners.co.uk "-" "Mozilla/5.0 (Windows NT 10.0; Win64; x64) AppleWebKit/537.36 (KHTML, like Gecko) Chrome/114.0.0.0 Safari/537.36" "-"
51.15.241.0 - - [16/Feb/2024:02:37:32 +0100] "GET /current-series-dates HTTP/1.1" 200 27885 dartmoorrunners.co.uk "-" "Mozilla/5.0 (Windows NT 10.0; Win64; x64) AppleWebKit/537.36 (KHTML, like Gecko) Chrome/114.0.0.0 Safari/537.36" "-"
51.15.241.0 - - [16/Feb/2024:02:37:35 +0100] "GET /summer-series-2019-results HTTP/1.1" 200 25725 dartmoorrunners.co.uk "-" "Mozilla/5.0 (Macintosh; Intel Mac OS X 10_15_7) AppleWebKit/537.36 (KHTML, like Gecko) Chrome/114.0.0.0 Safari/537.36" "-"
51.15.241.0 - - [16/Feb/2024:02:37:41 +0100] "GET /winter-series-2019-results HTTP/1.1" 200 25725 dartmoorrunners.co.uk "-" "Mozilla/5.0 (Windows NT 10.0; Win64; x64) AppleWebKit/537.36 (KHTML, like Gecko) Chrome/114.0.0.0 Safari/537.36" "-"
51.15.241.0 - - [16/Feb/2024:02:37:50 +0100] "GET /winter-series-2022-results HTTP/1.1" 200 25784 dartmoorrunners.co.uk "-" "Mozilla/5.0 (X11; Linux x86_64) AppleWebKit/537.36 (KHTML, like Gecko) Chrome/114.0.5735.198 Safari/537.36" "-"
51.15.241.0 - - [16/Feb/2024:02:37:56 +0100] "GET /winter-series-results-2017 HTTP/1.1" 200 25717 dartmoorrunners.co.uk "-" "Mozilla/5.0 (Macintosh; Intel Mac OS X 10_15_7) AppleWebKit/605.1.15 (KHTML, like Gecko) Version/16.5.1 Safari/605.1.15" "-"
51.15.133.0 - - [16/Feb/2024:02:38:08 +0100] "GET /winter-series-results-2017 HTTP/1.1" 200 25717 dartmoorrunners.co.uk "-" "Mozilla/5.0 (Windows NT 10.0; Win64; x64) AppleWebKit/537.36 (KHTML, like Gecko) Chrome/114.0.0.0 Safari/537.36" "-"
51.15.133.0 - - [16/Feb/2024:02:38:08 +0100] "GET /wp-includes/js/wp-emoji-release.min.js?ver=6.1.5 HTTP/1.1" 200 18617 dartmoorrunners.co.uk "http://dartmoorrunners.co.uk/winter-series-results-2017" "Mozilla/5.0 (Windows NT 10.0; Win64; x64) AppleWebKit/537.36 (KHTML, like Gecko) Chrome/114.0.0.0 Safari/537.36" "-"
51.15.133.0 - - [16/Feb/2024:02:38:16 +0100] "GET /winter-series-results-2018 HTTP/1.1" 200 25717 dartmoorrunners.co.uk "-" "Mozilla/5.0 (Windows NT 10.0; Win64; x64) AppleWebKit/537.36 (KHTML, like Gecko) Chrome/114.0.0.0 Safari/537.36" "-"
51.15.133.0 - - [16/Feb/2024:02:38:22 +0100] "GET /results/summer-series-2012-results HTTP/1.1" 200 39430 dartmoorrunners.co.uk "-" "Mozilla/5.0 (Macintosh; Intel Mac OS X 10_15_7) AppleWebKit/537.36 (KHTML, like Gecko) Chrome/114.0.0.0 Safari/537.36" "-"
51.15.133.0 - - [16/Feb/2024:02:38:25 +0100] "GET /results/summer-series-2013-results HTTP/1.1" 200 25694 dartmoorrunners.co.uk "-" "Mozilla/5.0 (Macintosh; Intel Mac OS X 10_15_7) AppleWebKit/537.36 (KHTML, like Gecko) Chrome/114.0.0.0 Safari/537.36" "-"
51.15.133.0 - - [16/Feb/2024:02:38:31 +0100] "GET /results/summer-series-2014-results HTTP/1.1" 200 25683 dartmoorrunners.co.uk "-" "Mozilla/5.0 (X11; Linux x86_64) AppleWebKit/537.36 (KHTML, like Gecko) Chrome/114.0.0.0 Safari/537.36" "-"
51.15.133.0 - - [16/Feb/2024:02:38:38 +0100] "GET /results/summer-series-2015-results HTTP/1.1" 200 25683 dartmoorrunners.co.uk "-" "Mozilla/5.0 (Windows NT 10.0; Win64; x64) AppleWebKit/537.36 (KHTML, like Gecko) Chrome/114.0.0.0 Safari/537.36" "-"
51.15.133.0 - - [16/Feb/2024:02:38:51 +0100] "GET /results/summer-series-2016-results HTTP/1.1" 200 25698 dartmoorrunners.co.uk "-" "Mozilla/5.0 (Macintosh; Intel Mac OS X 10_15_7) AppleWebKit/537.36 (KHTML, like Gecko) Chrome/113.0.0.0 Safari/537.36" "-"
51.15.133.0 - - [16/Feb/2024:02:38:51 +0100] "GET /wp-includes/js/wp-emoji-release.min.js?ver=6.1.5 HTTP/1.1" 200 18617 dartmoorrunners.co.uk "http://dartmoorrunners.co.uk/results/summer-series-2016-results" "Mozilla/5.0 (Macintosh; Intel Mac OS X 10_15_7) AppleWebKit/537.36 (KHTML, like Gecko) Chrome/113.0.0.0 Safari/537.36" "-"
51.15.133.0 - - [16/Feb/2024:02:38:57 +0100] "GET /results/summer-series-2017-results HTTP/1.1" 200 25704 dartmoorrunners.co.uk "-" "Mozilla/5.0 (Macintosh; Intel Mac OS X 10_15_7) AppleWebKit/537.36 (KHTML, like Gecko) Chrome/114.0.0.0 Safari/537.36" "-"
51.158.75.0 - - [16/Feb/2024:02:39:03 +0100] "GET /results/summer-series-2017-results HTTP/1.1" 200 25704 dartmoorrunners.co.uk "-" "Mozilla/5.0 (Windows NT 10.0; Win64; x64) AppleWebKit/537.36 (KHTML, like Gecko) Chrome/114.0.0.0 Safari/537.36" "-"
51.158.75.0 - - [16/Feb/2024:02:39:04 +0100] "GET /wp-includes/js/wp-emoji-release.min.js?ver=6.1.5 HTTP/1.1" 200 18617 dartmoorrunners.co.uk "http://dartmoorrunners.co.uk/results/summer-series-2017-results" "Mozilla/5.0 (Windows NT 10.0; Win64; x64) AppleWebKit/537.36 (KHTML, like Gecko) Chrome/114.0.0.0 Safari/537.36" "-"
51.158.75.0 - - [16/Feb/2024:02:39:09 +0100] "GET /results/summer-series-2018-results HTTP/1.1" 200 25795 dartmoorrunners.co.uk "-" "Mozilla/5.0 (Macintosh; Intel Mac OS X 10_15_7) AppleWebKit/537.36 (KHTML, like Gecko) Chrome/114.0.0.0 Safari/537.36" "-"
51.158.75.0 - - [16/Feb/2024:02:39:14 +0100] "GET /results/winter-series-2011-results HTTP/1.1" 200 44854 dartmoorrunners.co.uk "-" "Mozilla/5.0 (Linux; Android 10; K) AppleWebKit/537.36 (KHTML, like Gecko) Chrome/114.0.0.0 Mobile Safari/537.36" "-"
51.158.75.0 - - [16/Feb/2024:02:39:17 +0100] "GET /results/winter-series-2012-results HTTP/1.1" 200 25915 dartmoorrunners.co.uk "-" "Mozilla/5.0 (Linux; Android 10; K) AppleWebKit/537.36 (KHTML, like Gecko) Chrome/114.0.0.0 Mobile Safari/537.36" "-"
51.158.75.0 - - [16/Feb/2024:02:39:23 +0100] "GET /results/winter-series-2013-results HTTP/1.1" 200 25732 dartmoorrunners.co.uk "-" "Mozilla/5.0 (iPhone; CPU iPhone OS 16_5 like Mac OS X) AppleWebKit/605.1.15 (KHTML, like Gecko) CriOS/114.0.5735.124 Mobile/15E148 Safari/604.1" "-"
47.128.117.0 - - [16/Feb/2024:03:06:47 +0100] "GET /current-series-dates HTTP/1.1" 200 27885 dartmoorrunners.co.uk "-" "Mozilla/5.0 (compatible; Bytespider; spider-feedback@bytedance.com) AppleWebKit/537.36 (KHTML, like Gecko) Chrome/70.0.0.0 Safari/537.36" "-"
47.128.117.0 - - [16/Feb/2024:03:06:48 +0100] "GET /wp-content/uploads/2017/04/cropped-dartmoorrunnerslogo_normal.png HTTP/1.1" 200 110052 dartmoorrunners.co.uk "http://dartmoorrunners.co.uk/current-series-dates" "Mozilla/5.0 (compatible; Bytespider; spider-feedback@bytedance.com) AppleWebKit/537.36 (KHTML, like Gecko) Chrome/70.0.0.0 Safari/537.36" "-"
47.128.112.0 - - [16/Feb/2024:03:10:45 +0100] "GET /results HTTP/1.1" 200 25106 dartmoorrunners.co.uk "-" "Mozilla/5.0 (compatible; Bytespider; spider-feedback@bytedance.com) AppleWebKit/537.36 (KHTML, like Gecko) Chrome/70.0.0.0 Safari/537.36" "-"
47.128.112.0 - - [16/Feb/2024:03:10:45 +0100] "GET /wp-content/uploads/2017/04/cropped-dartmoorrunnerslogo_normal.png HTTP/1.1" 200 110052 dartmoorrunners.co.uk "http://dartmoorrunners.co.uk/results" "Mozilla/5.0 (compatible; Bytespider; spider-feedback@bytedance.com) AppleWebKit/537.36 (KHTML, like Gecko) Chrome/70.0.0.0 Safari/537.36" "-"
40.77.167.0 - - [16/Feb/2024:03:33:38 +0100] "GET /wp-sitemap.xml HTTP/1.1" 200 562 dartmoorrunners.co.uk "-" "Mozilla/5.0 AppleWebKit/537.36 (KHTML, like Gecko; compatible; bingbot/2.0; +http://www.bing.com/bingbot.htm) Chrome/116.0.1938.76 Safari/537.36" "-"
82.165.88.0 - - [16/Feb/2024:03:33:38 +0100] "POST /wp-cron.php?doing_wp_cron=1708050818.8462409973144531250000 HTTP/1.1" 200 - dartmoorrunners.co.uk "http://dartmoorrunners.co.uk/wp-cron.php?doing_wp_cron=1708050818.8462409973144531250000" "WordPress/6.1.5; http://dartmoorrunners.co.uk" "-"
2400:6180:100:: - - [16/Feb/2024:03:49:23 +0100] "GET /wp-content/themes/bricks/style.css HTTP/1.1" 404 24761 dartmoorrunners.co.uk "dartmoorrunners.co.uk" "Mozilla/5.0 (Windows NT 6.1; Win64; x64) AppleWebKit/537.36 (KHTML, like Gecko) Chrome/242.02.8301.120 Safari/537.36" "-"
2a03:b0c0:: - - [16/Feb/2024:04:02:43 +0100] "POST /xmlrpc.php HTTP/1.1" 200 403 dartmoorrunners.co.uk "-" "Mozilla/5.0 (Windows NT 10.0; Win64; x64; rv:74.0) Gecko/20100101 Firefox/74.0" "-"
95.108.213.0 - - [16/Feb/2024:04:03:07 +0100] "GET /robots.txt HTTP/1.1" 200 121 dartmoorrunners.co.uk "-" "Mozilla/5.0 (compatible; YandexBot/3.0; +http://yandex.com/bots)" "-"
213.180.203.0 - - [16/Feb/2024:04:03:08 +0100] "GET / HTTP/1.1" 200 31573 dartmoorrunners.co.uk "-" "Mozilla/5.0 (compatible; YandexBot/3.0; +http://yandex.com/bots)" "-"
5.255.231.0 - - [16/Feb/2024:04:05:12 +0100] "GET /robots.txt HTTP/1.1" 200 121 dartmoorrunners.co.uk "-" "Mozilla/5.0 (compatible; YandexBot/3.0; +http://yandex.com/bots)" "-"
213.180.203.0 - - [16/Feb/2024:04:05:12 +0100] "GET / HTTP/1.1" 200 31573 dartmoorrunners.co.uk "-" "Mozilla/5.0 (compatible; YandexBot/3.0; +http://yandex.com/bots)" "-"
213.180.203.0 - - [16/Feb/2024:04:05:26 +0100] "GET /robots.txt HTTP/1.1" 301 - www.dartmoorrunners.co.uk "-" "Mozilla/5.0 (compatible; YandexBot/3.0; +http://yandex.com/bots)" "-"
213.180.203.0 - - [16/Feb/2024:04:05:27 +0100] "GET /robots.txt HTTP/1.1" 200 121 dartmoorrunners.co.uk "-" "Mozilla/5.0 (compatible; YandexBot/3.0; +http://yandex.com/bots)" "-"
87.250.224.0 - - [16/Feb/2024:04:05:27 +0100] "GET / HTTP/1.1" 301 - www.dartmoorrunners.co.uk "-" "Mozilla/5.0 (compatible; YandexBot/3.0; +http://yandex.com/bots)" "-"
5.255.231.0 - - [16/Feb/2024:04:07:31 +0100] "GET /robots.txt HTTP/1.1" 301 - www.dartmoorrunners.co.uk "-" "Mozilla/5.0 (compatible; YandexBot/3.0; +http://yandex.com/bots)" "-"
5.255.231.0 - - [16/Feb/2024:04:07:31 +0100] "GET /robots.txt HTTP/1.1" 200 121 dartmoorrunners.co.uk "-" "Mozilla/5.0 (compatible; YandexBot/3.0; +http://yandex.com/bots)" "-"
95.108.213.0 - - [16/Feb/2024:04:07:32 +0100] "GET / HTTP/1.1" 301 - www.dartmoorrunners.co.uk "-" "Mozilla/5.0 (compatible; YandexBot/3.0; +http://yandex.com/bots)" "-"
82.165.88.0 - - [16/Feb/2024:04:49:42 +0100] "POST /wp-cron.php?doing_wp_cron=1708055382.8916409015655517578125 HTTP/1.1" 200 - dartmoorrunners.co.uk "http://dartmoorrunners.co.uk/wp-cron.php?doing_wp_cron=1708055382.8916409015655517578125" "WordPress/6.1.5; http://dartmoorrunners.co.uk" "-"
66.249.79.0 - - [16/Feb/2024:04:49:42 +0100] "GET / HTTP/1.1" 200 31573 dartmoorrunners.co.uk "-" "Mozilla/5.0 (compatible; Googlebot/2.1; +http://www.google.com/bot.html)" "-"
5.188.62.0 - - [16/Feb/2024:05:28:28 +0100] "GET /wp-login.php?wp_lang=en_US HTTP/1.1" 200 6947 dartmoorrunners.co.uk "-" "Mozilla/5.0 (Windows NT 10.0; Win64; x64) AppleWebKit/537.36 (KHTML, like Gecko) Chrome/100.0.4895.86 Safari/537.36" "-"
5.188.62.0 - - [16/Feb/2024:05:28:29 +0100] "GET /wp-login.php?wp_lang=en_US HTTP/1.1" 200 6947 dartmoorrunners.co.uk "-" "Mozilla/5.0 (Windows NT 6.1; WOW64) AppleWebKit/537.36 (KHTML, like Gecko) Chrome/99.0.4844.84 Safari/537.36" "-"
5.188.62.0 - - [16/Feb/2024:05:28:33 +0100] "POST /wp-login.php?wp_lang=en_US HTTP/1.1" 200 7367 dartmoorrunners.co.uk "-" "Mozilla/5.0 (Windows NT 10.0; Win64; x64) AppleWebKit/537.36 (KHTML, like Gecko) Chrome/100.0.4895.86 Safari/537.36" "-"
5.188.62.0 - - [16/Feb/2024:05:28:33 +0100] "POST /wp-login.php?wp_lang=en_US HTTP/1.1" 503 299 dartmoorrunners.co.uk "-" "Mozilla/5.0 (Windows NT 6.1; WOW64) AppleWebKit/537.36 (KHTML, like Gecko) Chrome/99.0.4844.84 Safari/537.36" "-"
82.165.88.0 - - [16/Feb/2024:05:39:42 +0100] "POST /wp-cron.php?doing_wp_cron=1708058382.4971330165863037109375 HTTP/1.1" 200 - dartmoorrunners.co.uk "http://dartmoorrunners.co.uk/wp-cron.php?doing_wp_cron=1708058382.4971330165863037109375" "WordPress/6.1.5; http://dartmoorrunners.co.uk" "-"
81.94.159.0 - - [16/Feb/2024:05:39:42 +0100] "GET /wp-json/mwai-ui/v1 HTTP/1.1" 404 114 dartmoorrunners.co.uk "-" "Mozilla/4.0 (compatible; MSIE 6.0; Windows NT 5.1; SV1)" "-"
2a03:b0c0:: - - [16/Feb/2024:05:44:13 +0100] "POST /xmlrpc.php HTTP/1.1" 200 403 dartmoorrunners.co.uk "-" "Mozilla/5.0 (Windows NT 10.0; Win64; x64; rv:96.0) Gecko/20100101 Firefox/96.0" "-"
66.249.79.0 - - [16/Feb/2024:05:56:19 +0100] "GET / HTTP/1.1" 200 31573 dartmoorrunners.co.uk "-" "Mozilla/5.0 (compatible; Googlebot/2.1; +http://www.google.com/bot.html)" "-"
185.107.89.0 - - [16/Feb/2024:07:30:19 +0100] "POST /xmlrpc.php HTTP/1.1" 200 403 dartmoorrunners.co.uk "-" "Mozilla/5.0 (Windows NT 10.0; Win64; x64; rv:87.0) Gecko/20100101 Firefox/87.0" "-"
82.165.88.0 - - [16/Feb/2024:07:30:28 +0100] "POST /wp-cron.php?doing_wp_cron=1708065028.1447811126708984375000 HTTP/1.1" 200 - dartmoorrunners.co.uk "http://dartmoorrunners.co.uk/wp-cron.php?doing_wp_cron=1708065028.1447811126708984375000" "WordPress/6.1.5; http://dartmoorrunners.co.uk" "-"
213.180.203.0 - - [16/Feb/2024:07:39:06 +0100] "GET /robots.txt HTTP/1.1" 200 121 dartmoorrunners.co.uk "-" "Mozilla/5.0 (compatible; YandexBot/3.0; +http://yandex.com/bots)" "-"
213.180.203.0 - - [16/Feb/2024:07:39:07 +0100] "GET / HTTP/1.1" 200 31573 dartmoorrunners.co.uk "-" "Mozilla/5.0 (compatible; YandexBot/3.0; +http://yandex.com/bots)" "-"
5.255.231.0 - - [16/Feb/2024:07:41:11 +0100] "GET / HTTP/1.1" 200 31573 dartmoorrunners.co.uk "-" "Mozilla/5.0 (compatible; YandexBot/3.0; +http://yandex.com/bots)" "-"
66.249.79.0 - - [16/Feb/2024:07:50:05 +0100] "GET /ads.txt HTTP/1.1" 200 160 dartmoorrunners.co.uk "-" "Mozilla/5.0 (compatible; Googlebot/2.1; +http://www.google.com/bot.html)" "-"
95.108.213.0 - - [16/Feb/2024:07:54:43 +0100] "GET /robots.txt HTTP/1.1" 301 - www.dartmoorrunners.co.uk "-" "Mozilla/5.0 (compatible; YandexBot/3.0; +http://yandex.com/bots)" "-"
95.108.213.0 - - [16/Feb/2024:07:54:43 +0100] "GET /robots.txt HTTP/1.1" 200 121 dartmoorrunners.co.uk "-" "Mozilla/5.0 (compatible; YandexBot/3.0; +http://yandex.com/bots)" "-"
87.250.224.0 - - [16/Feb/2024:07:54:44 +0100] "GET / HTTP/1.1" 301 - www.dartmoorrunners.co.uk "-" "Mozilla/5.0 (compatible; YandexBot/3.0; +http://yandex.com/bots)" "-"
34.246.162.0 - - [16/Feb/2024:07:55:30 +0100] "GET /robots.txt HTTP/1.1" 200 121 dartmoorrunners.co.uk "-" "Pandalytics/1.0 (https://domainsbot.com/pandalytics/)" "-"
34.246.162.0 - - [16/Feb/2024:07:55:30 +0100] "GET / HTTP/1.1" 200 31573 dartmoorrunners.co.uk "-" "Pandalytics/1.0 (https://domainsbot.com/pandalytics/)" "-"
5.255.231.0 - - [16/Feb/2024:07:56:49 +0100] "GET /robots.txt HTTP/1.1" 301 - www.dartmoorrunners.co.uk "-" "Mozilla/5.0 (compatible; YandexBot/3.0; +http://yandex.com/bots)" "-"
5.255.231.0 - - [16/Feb/2024:07:56:50 +0100] "GET /robots.txt HTTP/1.1" 200 121 dartmoorrunners.co.uk "-" "Mozilla/5.0 (compatible; YandexBot/3.0; +http://yandex.com/bots)" "-"
87.250.224.0 - - [16/Feb/2024:07:56:50 +0100] "GET / HTTP/1.1" 301 - www.dartmoorrunners.co.uk "-" "Mozilla/5.0 (compatible; YandexBot/3.0; +http://yandex.com/bots)" "-"
195.191.219.0 - - [16/Feb/2024:07:59:07 +0100] "GET /robots.txt HTTP/1.1" 200 121 dartmoorrunners.co.uk "-" "Mozilla/5.0 (compatible; MJ12bot/v1.4.8; http://mj12bot.com/)" "-"
195.191.219.0 - - [16/Feb/2024:07:59:10 +0100] "GET / HTTP/1.1" 200 31573 dartmoorrunners.co.uk "-" "Mozilla/5.0 (compatible; MJ12bot/v1.4.8; http://mj12bot.com/)" "-"
2a02:c7e:3000:: - - [16/Feb/2024:08:10:48 +0100] "GET / HTTP/1.1" 200 31573 dartmoorrunners.co.uk "-" "Mozilla/5.0 (iPhone; CPU iPhone OS 16_3 like Mac OS X) AppleWebKit/605.1.15 (KHTML, like Gecko) Version/16.3 Mobile/15E148 Safari/604.1" "-"
2a02:c7e:3000:: - - [16/Feb/2024:08:10:48 +0100] "GET /wp-includes/js/wp-emoji-release.min.js?ver=6.1.5 HTTP/1.1" 200 18617 dartmoorrunners.co.uk "http://dartmoorrunners.co.uk/" "Mozilla/5.0 (iPhone; CPU iPhone OS 16_3 like Mac OS X) AppleWebKit/605.1.15 (KHTML, like Gecko) Version/16.3 Mobile/15E148 Safari/604.1" "-"
2a02:c7e:3000:: - - [16/Feb/2024:08:10:48 +0100] "GET /wp-includes/css/classic-themes.min.css?ver=1 HTTP/1.1" 200 189 dartmoorrunners.co.uk "http://dartmoorrunners.co.uk/" "Mozilla/5.0 (iPhone; CPU iPhone OS 16_3 like Mac OS X) AppleWebKit/605.1.15 (KHTML, like Gecko) Version/16.3 Mobile/15E148 Safari/604.1" "-"
2a02:c7e:3000:: - - [16/Feb/2024:08:10:48 +0100] "GET /wp-content/themes/omega/style.css?ver=6.1.5 HTTP/1.1" 200 6552 dartmoorrunners.co.uk "http://dartmoorrunners.co.uk/" "Mozilla/5.0 (iPhone; CPU iPhone OS 16_3 like Mac OS X) AppleWebKit/605.1.15 (KHTML, like Gecko) Version/16.3 Mobile/15E148 Safari/604.1" "-"
2a02:c7e:3000:: - - [16/Feb/2024:08:10:48 +0100] "GET /wp-content/uploads/2017/04/cropped-dartmoorrunnerslogo_normal.png HTTP/1.1" 200 110052 dartmoorrunners.co.uk "http://dartmoorrunners.co.uk/" "Mozilla/5.0 (iPhone; CPU iPhone OS 16_3 like Mac OS X) AppleWebKit/605.1.15 (KHTML, like Gecko) Version/16.3 Mobile/15E148 Safari/604.1" "-"
5.64.183.0 - - [16/Feb/2024:08:10:48 +0100] "GET /wp-includes/css/dist/block-library/style.min.css?ver=6.1.5 HTTP/1.1" 200 16164 dartmoorrunners.co.uk "http://dartmoorrunners.co.uk/" "Mozilla/5.0 (iPhone; CPU iPhone OS 16_3 like Mac OS X) AppleWebKit/605.1.15 (KHTML, like Gecko) Version/16.3 Mobile/15E148 Safari/604.1" "-"
2a02:c7e:3000:: - - [16/Feb/2024:08:10:48 +0100] "GET /wp-content/uploads/2017/04/XmasBash2017Med.jpg HTTP/1.1" 200 200566 dartmoorrunners.co.uk "http://dartmoorrunners.co.uk/" "Mozilla/5.0 (iPhone; CPU iPhone OS 16_3 like Mac OS X) AppleWebKit/605.1.15 (KHTML, like Gecko) Version/16.3 Mobile/15E148 Safari/604.1" "-"
2a02:c7e:3000:: - - [16/Feb/2024:08:10:48 +0100] "GET /wp-content/uploads/2017/04/ControlDog-768x576.jpg HTTP/1.1" 200 85973 dartmoorrunners.co.uk "http://dartmoorrunners.co.uk/" "Mozilla/5.0 (iPhone; CPU iPhone OS 16_3 like Mac OS X) AppleWebKit/605.1.15 (KHTML, like Gecko) Version/16.3 Mobile/15E148 Safari/604.1" "-"
2a02:c7e:3000:: - - [16/Feb/2024:08:10:48 +0100] "GET /wp-content/uploads/2017/04/winter-2015-small.jpg HTTP/1.1" 200 202841 dartmoorrunners.co.uk "http://dartmoorrunners.co.uk/" "Mozilla/5.0 (iPhone; CPU iPhone OS 16_3 like Mac OS X) AppleWebKit/605.1.15 (KHTML, like Gecko) Version/16.3 Mobile/15E148 Safari/604.1" "-"
2a02:c7e:3000:: - - [16/Feb/2024:08:10:48 +0100] "GET /wp-content/uploads/2017/04/Moorland-runner-cropped.jpg HTTP/1.1" 200 437747 dartmoorrunners.co.uk "http://dartmoorrunners.co.uk/" "Mozilla/5.0 (iPhone; CPU iPhone OS 16_3 like Mac OS X) AppleWebKit/605.1.15 (KHTML, like Gecko) Version/16.3 Mobile/15E148 Safari/604.1" "-"
80.66.79.0 - - [16/Feb/2024:08:26:45 +0100] "GET / HTTP/1.1" 200 20987 dartmoorrunners.co.uk "https://tutkino.ac/" "Mozilla/4.0 (compatible; MSIE 6.0; Windows NT 5.0; Avant Browser [avantbrowser.com]; Hotbar 4.4.5.0)" "-"
80.66.79.0 - - [16/Feb/2024:08:26:46 +0100] "GET / HTTP/1.1" 200 31573 dartmoorrunners.co.uk "https://tutkino.ac/" "Mozilla/4.0 (compatible; MSIE 6.0; Windows NT 5.0; Avant Browser [avantbrowser.com]; Hotbar 4.4.5.0)" "-"
80.66.79.0 - - [16/Feb/2024:08:26:47 +0100] "GET / HTTP/1.1" 200 31573 dartmoorrunners.co.uk "https://tutkino.ac/" "Mozilla/4.0 (compatible; MSIE 6.0; Windows NT 5.0; Avant Browser [avantbrowser.com]; Hotbar 4.4.5.0)" "-"
173.249.52.0 - - [16/Feb/2024:08:28:03 +0100] "GET /simple.php HTTP/1.1" 404 24761 dartmoorrunners.co.uk "www.google.com" "Mozlila/5.0 (Linux; Android 7.0; SM-G892A Bulid/NRD90M; wv) AppleWebKit/537.36 (KHTML, like Gecko) Version/4.0 Chrome/60.0.3112.107 Moblie Safari/537.36" "-"
52.167.144.0 - - [16/Feb/2024:08:32:36 +0100] "GET /wp-sitemap.xml HTTP/1.1" 200 562 dartmoorrunners.co.uk "-" "Mozilla/5.0 AppleWebKit/537.36 (KHTML, like Gecko; compatible; bingbot/2.0; +http://www.bing.com/bingbot.htm) Chrome/116.0.1938.76 Safari/537.36" "-"
82.165.88.0 - - [16/Feb/2024:08:32:36 +0100] "POST /wp-cron.php?doing_wp_cron=1708068756.8354949951171875000000 HTTP/1.1" 200 - dartmoorrunners.co.uk "http://dartmoorrunners.co.uk/wp-cron.php?doing_wp_cron=1708068756.8354949951171875000000" "WordPress/6.1.5; http://dartmoorrunners.co.uk" "-"
2a01:4f8:: - - [16/Feb/2024:09:18:54 +0100] "POST /xmlrpc.php HTTP/1.1" 200 403 dartmoorrunners.co.uk "-" "Mozilla/5.0 (Windows NT 10.0; Win64; x64; rv:40.0) Gecko/20100101 Firefox/40.0" "-"
82.165.88.0 - - [16/Feb/2024:09:49:12 +0100] "POST /wp-cron.php?doing_wp_cron=1708073352.6200809478759765625000 HTTP/1.1" 200 - dartmoorrunners.co.uk "http://dartmoorrunners.co.uk/wp-cron.php?doing_wp_cron=1708073352.6200809478759765625000" "WordPress/6.1.5; http://dartmoorrunners.co.uk" "-"
2a00:23c5:8f00:: - - [16/Feb/2024:09:49:12 +0100] "GET / HTTP/1.1" 200 31573 dartmoorrunners.co.uk "https://www.google.com/" "Mozilla/5.0 (Linux; Android 10; K) AppleWebKit/537.36 (KHTML, like Gecko) Chrome/121.0.0.0 Mobile Safari/537.36" "-"
2a00:23c5:8f00:: - - [16/Feb/2024:09:49:13 +0100] "GET /wp-content/uploads/2017/04/cropped-dartmoorrunnerslogo_normal.png HTTP/1.1" 200 110052 dartmoorrunners.co.uk "http://dartmoorrunners.co.uk/" "Mozilla/5.0 (Linux; Android 10; K) AppleWebKit/537.36 (KHTML, like Gecko) Chrome/121.0.0.0 Mobile Safari/537.36" "-"
2a00:23c5:8f00:: - - [16/Feb/2024:09:49:13 +0100] "GET /wp-content/uploads/2017/04/XmasBash2017Med.jpg HTTP/1.1" 200 200566 dartmoorrunners.co.uk "http://dartmoorrunners.co.uk/" "Mozilla/5.0 (Linux; Android 10; K) AppleWebKit/537.36 (KHTML, like Gecko) Chrome/121.0.0.0 Mobile Safari/537.36" "-"
2a00:23c5:8f00:: - - [16/Feb/2024:09:49:13 +0100] "GET /wp-content/uploads/2017/04/ControlDog-768x576.jpg HTTP/1.1" 200 85973 dartmoorrunners.co.uk "http://dartmoorrunners.co.uk/" "Mozilla/5.0 (Linux; Android 10; K) AppleWebKit/537.36 (KHTML, like Gecko) Chrome/121.0.0.0 Mobile Safari/537.36" "-"
2a00:23c5:8f00:: - - [16/Feb/2024:09:49:13 +0100] "GET /wp-content/uploads/2017/04/winter-2015-small.jpg HTTP/1.1" 200 202841 dartmoorrunners.co.uk "http://dartmoorrunners.co.uk/" "Mozilla/5.0 (Linux; Android 10; K) AppleWebKit/537.36 (KHTML, like Gecko) Chrome/121.0.0.0 Mobile Safari/537.36" "-"
2a00:23c5:8f00:: - - [16/Feb/2024:09:49:13 +0100] "GET /wp-content/uploads/2017/04/Moorland-runner-cropped.jpg HTTP/1.1" 200 437747 dartmoorrunners.co.uk "http://dartmoorrunners.co.uk/" "Mozilla/5.0 (Linux; Android 10; K) AppleWebKit/537.36 (KHTML, like Gecko) Chrome/121.0.0.0 Mobile Safari/537.36" "-"
35.195.13.0 - - [16/Feb/2024:10:05:58 +0100] "GET /robots.txt HTTP/1.1" 200 121 dartmoorrunners.co.uk "-" "Mozilla/5.0 (compatible; VelenPublicWebCrawler/1.0; +https://velen.io)" "-"
35.195.13.0 - - [16/Feb/2024:10:06:15 +0100] "GET / HTTP/1.1" 200 31573 dartmoorrunners.co.uk "-" "Mozilla/5.0 (compatible; VelenPublicWebCrawler/1.0; +https://velen.io)" "-"
35.195.13.0 - - [16/Feb/2024:10:07:18 +0100] "GET /winter-series-2023 HTTP/1.1" 200 27638 dartmoorrunners.co.uk "-" "Mozilla/5.0 (compatible; VelenPublicWebCrawler/1.0; +https://velen.io)" "-"
35.195.13.0 - - [16/Feb/2024:10:07:46 +0100] "GET /results HTTP/1.1" 200 25106 dartmoorrunners.co.uk "-" "Mozilla/5.0 (compatible; VelenPublicWebCrawler/1.0; +https://velen.io)" "-"
47.128.34.0 - - [16/Feb/2024:10:07:58 +0100] "GET /results/summer-series-2016-results HTTP/1.1" 200 25698 dartmoorrunners.co.uk "-" "Mozilla/5.0 (compatible; Bytespider; spider-feedback@bytedance.com) AppleWebKit/537.36 (KHTML, like Gecko) Chrome/70.0.0.0 Safari/537.36" "-"
47.128.34.0 - - [16/Feb/2024:10:07:59 +0100] "GET /wp-content/uploads/2017/04/cropped-dartmoorrunnerslogo_normal.png HTTP/1.1" 200 110052 dartmoorrunners.co.uk "http://dartmoorrunners.co.uk/results/summer-series-2016-results" "Mozilla/5.0 (compatible; Bytespider; spider-feedback@bytedance.com) AppleWebKit/537.36 (KHTML, like Gecko) Chrome/70.0.0.0 Safari/537.36" "-"
35.195.13.0 - - [16/Feb/2024:10:08:13 +0100] "GET /current-series-dates HTTP/1.1" 200 27885 dartmoorrunners.co.uk "-" "Mozilla/5.0 (compatible; VelenPublicWebCrawler/1.0; +https://velen.io)" "-"
35.195.13.0 - - [16/Feb/2024:10:08:33 +0100] "GET /summer-series-2023 HTTP/1.1" 200 27248 dartmoorrunners.co.uk "-" "Mozilla/5.0 (compatible; VelenPublicWebCrawler/1.0; +https://velen.io)" "-"
35.195.13.0 - - [16/Feb/2024:10:08:42 +0100] "GET /winter-series-2022-results HTTP/1.1" 200 25784 dartmoorrunners.co.uk "-" "Mozilla/5.0 (compatible; VelenPublicWebCrawler/1.0; +https://velen.io)" "-"
35.195.13.0 - - [16/Feb/2024:10:08:55 +0100] "GET /summer-series-2019-results HTTP/1.1" 200 25725 dartmoorrunners.co.uk "-" "Mozilla/5.0 (compatible; VelenPublicWebCrawler/1.0; +https://velen.io)" "-"
35.195.13.0 - - [16/Feb/2024:10:09:07 +0100] "GET /results/summer-series-2012-results HTTP/1.1" 200 39430 dartmoorrunners.co.uk "-" "Mozilla/5.0 (compatible; VelenPublicWebCrawler/1.0; +https://velen.io)" "-"
35.195.13.0 - - [16/Feb/2024:10:09:20 +0100] "GET /results/summer-series-2014-results HTTP/1.1" 200 25683 dartmoorrunners.co.uk "-" "Mozilla/5.0 (compatible; VelenPublicWebCrawler/1.0; +https://velen.io)" "-"
35.195.13.0 - - [16/Feb/2024:10:09:38 +0100] "GET /results/summer-series-2015-results HTTP/1.1" 200 25683 dartmoorrunners.co.uk "-" "Mozilla/5.0 (compatible; VelenPublicWebCrawler/1.0; +https://velen.io)" "-"
35.195.13.0 - - [16/Feb/2024:10:09:49 +0100] "GET /results/summer-series-2016-results HTTP/1.1" 200 25698 dartmoorrunners.co.uk "-" "Mozilla/5.0 (compatible; VelenPublicWebCrawler/1.0; +https://velen.io)" "-"
35.195.13.0 - - [16/Feb/2024:10:10:08 +0100] "GET /results/summer-series-2017-results HTTP/1.1" 200 25704 dartmoorrunners.co.uk "-" "Mozilla/5.0 (compatible; VelenPublicWebCrawler/1.0; +https://velen.io)" "-"
35.195.13.0 - - [16/Feb/2024:10:10:22 +0100] "GET /results/summer-series-2018-results HTTP/1.1" 200 25795 dartmoorrunners.co.uk "-" "Mozilla/5.0 (compatible; VelenPublicWebCrawler/1.0; +https://velen.io)" "-"
35.195.13.0 - - [16/Feb/2024:10:10:50 +0100] "GET /results/winter-series-2015-results HTTP/1.1" 200 25698 dartmoorrunners.co.uk "-" "Mozilla/5.0 (compatible; VelenPublicWebCrawler/1.0; +https://velen.io)" "-"
35.195.13.0 - - [16/Feb/2024:10:11:49 +0100] "GET /results/winter-series-2016-results HTTP/1.1" 200 25693 dartmoorrunners.co.uk "-" "Mozilla/5.0 (compatible; VelenPublicWebCrawler/1.0; +https://velen.io)" "-"
35.195.13.0 - - [16/Feb/2024:10:12:18 +0100] "GET /winter-series-2019-results HTTP/1.1" 200 25725 dartmoorrunners.co.uk "-" "Mozilla/5.0 (compatible; VelenPublicWebCrawler/1.0; +https://velen.io)" "-"
35.195.13.0 - - [16/Feb/2024:10:12:54 +0100] "GET /winter-series-results-2017 HTTP/1.1" 200 25717 dartmoorrunners.co.uk "-" "Mozilla/5.0 (compatible; VelenPublicWebCrawler/1.0; +https://velen.io)" "-"
35.195.13.0 - - [16/Feb/2024:10:13:13 +0100] "GET /winter-series-results-2018 HTTP/1.1" 200 25717 dartmoorrunners.co.uk "-" "Mozilla/5.0 (compatible; VelenPublicWebCrawler/1.0; +https://velen.io)" "-"
35.195.13.0 - - [16/Feb/2024:10:13:35 +0100] "GET /results/summer-series-2013-results HTTP/1.1" 200 25694 dartmoorrunners.co.uk "-" "Mozilla/5.0 (compatible; VelenPublicWebCrawler/1.0; +https://velen.io)" "-"
35.195.13.0 - - [16/Feb/2024:10:13:53 +0100] "GET /results/winter-series-2011-results HTTP/1.1" 200 44854 dartmoorrunners.co.uk "-" "Mozilla/5.0 (compatible; VelenPublicWebCrawler/1.0; +https://velen.io)" "-"
35.195.13.0 - - [16/Feb/2024:10:14:04 +0100] "GET /results/winter-series-2012-results HTTP/1.1" 200 25915 dartmoorrunners.co.uk "-" "Mozilla/5.0 (compatible; VelenPublicWebCrawler/1.0; +https://velen.io)" "-"
35.195.13.0 - - [16/Feb/2024:10:14:17 +0100] "GET /results/winter-series-2013-results HTTP/1.1" 200 25732 dartmoorrunners.co.uk "-" "Mozilla/5.0 (compatible; VelenPublicWebCrawler/1.0; +https://velen.io)" "-"
35.195.13.0 - - [16/Feb/2024:10:14:38 +0100] "GET /results/winter-series-2014-results HTTP/1.1" 200 25683 dartmoorrunners.co.uk "-" "Mozilla/5.0 (compatible; VelenPublicWebCrawler/1.0; +https://velen.io)" "-"
82.165.88.0 - - [16/Feb/2024:11:08:11 +0100] "POST /wp-cron.php?doing_wp_cron=1708078091.5669090747833251953125 HTTP/1.1" 200 - dartmoorrunners.co.uk "http://dartmoorrunners.co.uk/wp-cron.php?doing_wp_cron=1708078091.5669090747833251953125" "WordPress/6.1.5; http://dartmoorrunners.co.uk" "-"
2001:4178:: - - [16/Feb/2024:11:08:11 +0100] "POST /xmlrpc.php HTTP/1.1" 200 403 dartmoorrunners.co.uk "-" "Mozilla/5.0 (Windows NT 10.0; Win64; x64; rv:72.0) Gecko/20100101 Firefox/72.0" "-"
82.165.88.0 - - [16/Feb/2024:11:14:47 +0100] "POST /wp-cron.php?doing_wp_cron=1708078487.9480259418487548828125 HTTP/1.1" 200 - dartmoorrunners.co.uk "http://dartmoorrunners.co.uk/wp-cron.php?doing_wp_cron=1708078487.9480259418487548828125" "WordPress/6.1.5; http://dartmoorrunners.co.uk" "-"
47.128.44.0 - - [16/Feb/2024:11:14:47 +0100] "GET /winter-series-2023 HTTP/1.1" 200 27638 dartmoorrunners.co.uk "-" "Mozilla/5.0 (compatible; Bytespider; spider-feedback@bytedance.com) AppleWebKit/537.36 (KHTML, like Gecko) Chrome/70.0.0.0 Safari/537.36" "-"
47.128.44.0 - - [16/Feb/2024:11:14:49 +0100] "GET /wp-content/uploads/2017/04/cropped-dartmoorrunnerslogo_normal.png HTTP/1.1" 200 110052 dartmoorrunners.co.uk "http://dartmoorrunners.co.uk/winter-series-2023" "Mozilla/5.0 (compatible; Bytespider; spider-feedback@bytedance.com) AppleWebKit/537.36 (KHTML, like Gecko) Chrome/70.0.0.0 Safari/537.36" "-"
85.215.119.0 - - [16/Feb/2024:11:15:42 +0100] "GET /.env HTTP/1.1" 404 24761 dartmoorrunners.co.uk "-" "Mozilla/5.0 (Macintosh; Intel Mac OS X 10.15; rv:77.0) Gecko/20100101 Firefox/77.0" "-"
95.108.213.0 - - [16/Feb/2024:11:17:38 +0100] "GET /robots.txt HTTP/1.1" 200 121 dartmoorrunners.co.uk "-" "Mozilla/5.0 (compatible; YandexBot/3.0; +http://yandex.com/bots)" "-"
5.255.231.0 - - [16/Feb/2024:11:17:39 +0100] "GET / HTTP/1.1" 200 31573 dartmoorrunners.co.uk "-" "Mozilla/5.0 (compatible; YandexBot/3.0; +http://yandex.com/bots)" "-"
87.250.224.0 - - [16/Feb/2024:11:19:44 +0100] "GET / HTTP/1.1" 200 31573 dartmoorrunners.co.uk "-" "Mozilla/5.0 (compatible; YandexBot/3.0; +http://yandex.com/bots)" "-"
82.165.88.0 - - [16/Feb/2024:11:30:33 +0100] "POST /wp-cron.php?doing_wp_cron=1708079433.9152529239654541015625 HTTP/1.1" 200 - dartmoorrunners.co.uk "http://dartmoorrunners.co.uk/wp-cron.php?doing_wp_cron=1708079433.9152529239654541015625" "WordPress/6.1.5; http://dartmoorrunners.co.uk" "-"
195.191.219.0 - - [16/Feb/2024:11:30:33 +0100] "GET /robots.txt HTTP/1.1" 301 - www.dartmoorrunners.co.uk "-" "Mozilla/5.0 (compatible; MJ12bot/v1.4.8; http://mj12bot.com/)" "-"
195.191.219.0 - - [16/Feb/2024:11:30:34 +0100] "GET /robots.txt HTTP/1.1" 200 121 dartmoorrunners.co.uk "-" "Mozilla/5.0 (compatible; MJ12bot/v1.4.8; http://mj12bot.com/)" "-"
195.191.219.0 - - [16/Feb/2024:11:30:36 +0100] "GET / HTTP/1.1" 301 - www.dartmoorrunners.co.uk "-" "Mozilla/5.0 (compatible; MJ12bot/v1.4.8; http://mj12bot.com/)" "-"
195.191.219.0 - - [16/Feb/2024:11:30:38 +0100] "GET / HTTP/1.1" 200 31573 dartmoorrunners.co.uk "-" "Mozilla/5.0 (compatible; MJ12bot/v1.4.8; http://mj12bot.com/)" "-"
95.108.213.0 - - [16/Feb/2024:11:42:41 +0100] "GET /robots.txt HTTP/1.1" 301 - www.dartmoorrunners.co.uk "-" "Mozilla/5.0 (compatible; YandexBot/3.0; +http://yandex.com/bots)" "-"
95.108.213.0 - - [16/Feb/2024:11:42:41 +0100] "GET /robots.txt HTTP/1.1" 200 121 dartmoorrunners.co.uk "-" "Mozilla/5.0 (compatible; YandexBot/3.0; +http://yandex.com/bots)" "-"
95.108.213.0 - - [16/Feb/2024:11:42:42 +0100] "GET / HTTP/1.1" 301 - www.dartmoorrunners.co.uk "-" "Mozilla/5.0 (compatible; YandexBot/3.0; +http://yandex.com/bots)" "-"
213.180.203.0 - - [16/Feb/2024:11:44:47 +0100] "GET / HTTP/1.1" 301 - www.dartmoorrunners.co.uk "-" "Mozilla/5.0 (compatible; YandexBot/3.0; +http://yandex.com/bots)" "-"
66.249.72.0 - - [16/Feb/2024:12:27:13 +0100] "GET / HTTP/1.1" 200 31573 dartmoorrunners.co.uk "-" "Mozilla/5.0 (compatible; Googlebot/2.1; +http://www.google.com/bot.html)" "-"
82.165.88.0 - - [16/Feb/2024:12:30:31 +0100] "POST /wp-cron.php?doing_wp_cron=1708083031.4432349205017089843750 HTTP/1.1" 200 - dartmoorrunners.co.uk "http://dartmoorrunners.co.uk/wp-cron.php?doing_wp_cron=1708083031.4432349205017089843750" "WordPress/6.1.5; http://dartmoorrunners.co.uk" "-"
179.43.143.0 - - [16/Feb/2024:12:30:31 +0100] "GET /.hg/hgrc HTTP/1.1" 404 24761 dartmoorrunners.co.uk "-" "Mozilla/5.0 (Macintosh; Intel Mac OS X 10_12_6) AppleWebKit/537.36 (KHTML, like Gecko) Chrome/73.0.3683.75 Safari/537.36" "-"
192.42.116.0 - - [16/Feb/2024:12:39:37 +0100] "POST /xmlrpc.php HTTP/1.1" 200 403 dartmoorrunners.co.uk "-" "Mozilla/5.0 (Windows NT 10.0; Win64; x64) AppleWebKit/537.36 (KHTML, like Gecko) Chrome/74.0.3729.131 Safari/537.36" "-"
192.42.116.0 - - [16/Feb/2024:12:39:38 +0100] "POST /xmlrpc.php HTTP/1.1" 200 403 dartmoorrunners.co.uk "-" "Mozilla/5.0 (Windows NT 10.0; Win64; x64) AppleWebKit/537.36 (KHTML, like Gecko) Chrome/74.0.3729.131 Safari/537.36" "-"
192.42.116.0 - - [16/Feb/2024:12:39:39 +0100] "POST /xmlrpc.php HTTP/1.1" 403 618 dartmoorrunners.co.uk "-" "Mozilla/5.0 (Windows NT 10.0; Win64; x64) AppleWebKit/537.36 (KHTML, like Gecko) Chrome/74.0.3729.131 Safari/537.36" "-"
192.42.116.0 - - [16/Feb/2024:12:39:40 +0100] "POST /xmlrpc.php HTTP/1.1" 403 618 dartmoorrunners.co.uk "-" "Mozilla/5.0 (Windows NT 10.0; Win64; x64) AppleWebKit/537.36 (KHTML, like Gecko) Chrome/74.0.3729.131 Safari/537.36" "-"
192.42.116.0 - - [16/Feb/2024:12:39:42 +0100] "POST /xmlrpc.php HTTP/1.1" 403 618 dartmoorrunners.co.uk "-" "Mozilla/5.0 (Windows NT 10.0; Win64; x64) AppleWebKit/537.36 (KHTML, like Gecko) Chrome/74.0.3729.131 Safari/537.36" "-"
51.210.102.0 - - [16/Feb/2024:12:51:41 +0100] "POST /xmlrpc.php HTTP/1.1" 200 403 dartmoorrunners.co.uk "-" "Mozilla/5.0 (Windows NT 10.0; Win64; x64; rv:85.0) Gecko/20100101 Firefox/85.0" "-"
51.158.120.0 - - [16/Feb/2024:12:55:41 +0100] "GET / HTTP/1.1" 200 31573 dartmoorrunners.co.uk "-" "Mozilla/5.0 (Windows NT 10.0; Win64; x64) AppleWebKit/537.36 (KHTML, like Gecko) Chrome/114.0.0.0 Safari/537.36" "-"
51.158.120.0 - - [16/Feb/2024:12:55:42 +0100] "GET /wp-includes/js/wp-emoji-release.min.js?ver=6.1.5 HTTP/1.1" 200 18617 dartmoorrunners.co.uk "http://dartmoorrunners.co.uk/" "Mozilla/5.0 (Windows NT 10.0; Win64; x64) AppleWebKit/537.36 (KHTML, like Gecko) Chrome/114.0.0.0 Safari/537.36" "-"
47.128.16.0 - - [16/Feb/2024:13:14:40 +0100] "GET /results/summer-series-2014-results HTTP/1.1" 200 25683 dartmoorrunners.co.uk "-" "Mozilla/5.0 (compatible; Bytespider; spider-feedback@bytedance.com) AppleWebKit/537.36 (KHTML, like Gecko) Chrome/70.0.0.0 Safari/537.36" "-"
47.128.16.0 - - [16/Feb/2024:13:14:40 +0100] "GET /wp-content/uploads/2017/04/cropped-dartmoorrunnerslogo_normal.png HTTP/1.1" 200 110052 dartmoorrunners.co.uk "http://dartmoorrunners.co.uk/results/summer-series-2014-results" "Mozilla/5.0 (compatible; Bytespider; spider-feedback@bytedance.com) AppleWebKit/537.36 (KHTML, like Gecko) Chrome/70.0.0.0 Safari/537.36" "-"
47.128.32.0 - - [16/Feb/2024:13:18:39 +0100] "GET /results/summer-series-2013-results HTTP/1.1" 200 25694 dartmoorrunners.co.uk "-" "Mozilla/5.0 (compatible; Bytespider; spider-feedback@bytedance.com) AppleWebKit/537.36 (KHTML, like Gecko) Chrome/70.0.0.0 Safari/537.36" "-"
47.128.32.0 - - [16/Feb/2024:13:18:40 +0100] "GET /wp-content/uploads/2017/04/cropped-dartmoorrunnerslogo_normal.png HTTP/1.1" 200 110052 dartmoorrunners.co.uk "http://dartmoorrunners.co.uk/results/summer-series-2013-results" "Mozilla/5.0 (compatible; Bytespider; spider-feedback@bytedance.com) AppleWebKit/537.36 (KHTML, like Gecko) Chrome/70.0.0.0 Safari/537.36" "-"
216.244.66.0 - - [16/Feb/2024:13:44:21 +0100] "GET /robots.txt HTTP/1.1" 403 618 dartmoorrunners.co.uk "-" "Mozilla/5.0 (compatible; DotBot/1.2; +https://opensiteexplorer.org/dotbot; help@moz.com)" "-"
51.178.146.0 - - [16/Feb/2024:14:08:29 +0100] "GET /phpmailer.lang-sv.php HTTP/1.1" 404 24761 dartmoorrunners.co.uk "http://simplesite.com" "Mozilla/5.0 (Windows; U; Windows NT 5.1; en-US) AppleWebKit/533.4 (KHTML, like Gecko) Chrome/5.0.375.99 Safari/533.4" "-"
82.165.88.0 - - [16/Feb/2024:14:08:30 +0100] "POST /wp-cron.php?doing_wp_cron=1708088910.1789679527282714843750 HTTP/1.1" 200 - dartmoorrunners.co.uk "http://dartmoorrunners.co.uk/wp-cron.php?doing_wp_cron=1708088910.1789679527282714843750" "WordPress/6.1.5; http://dartmoorrunners.co.uk" "-"
47.128.98.0 - - [16/Feb/2024:14:09:08 +0100] "GET /summer-series-2018 HTTP/1.1" 200 28053 dartmoorrunners.co.uk "-" "Mozilla/5.0 (compatible; Bytespider; spider-feedback@bytedance.com) AppleWebKit/537.36 (KHTML, like Gecko) Chrome/70.0.0.0 Safari/537.36" "-"
47.128.98.0 - - [16/Feb/2024:14:09:08 +0100] "GET /wp-content/uploads/2017/04/cropped-dartmoorrunnerslogo_normal.png HTTP/1.1" 200 110052 dartmoorrunners.co.uk "http://dartmoorrunners.co.uk/summer-series-2018" "Mozilla/5.0 (compatible; Bytespider; spider-feedback@bytedance.com) AppleWebKit/537.36 (KHTML, like Gecko) Chrome/70.0.0.0 Safari/537.36" "-"
54.37.121.0 - - [16/Feb/2024:14:13:06 +0100] "GET /wp-content/plugins/backup-backup/includes/b0x.php HTTP/1.1" 404 24761 dartmoorrunners.co.uk "http://simplesite.com" "Mozilla/5.0 (Windows; U; Windows NT 5.1; en-US) AppleWebKit/533.4 (KHTML, like Gecko) Chrome/5.0.375.99 Safari/533.4" "-"
51.222.253.0 - - [16/Feb/2024:14:18:48 +0100] "GET /robots.txt HTTP/1.1" 200 121 dartmoorrunners.co.uk "-" "Mozilla/5.0 (compatible; AhrefsBot/7.0; +http://ahrefs.com/robot/)" "-"
179.43.143.0 - - [16/Feb/2024:14:23:43 +0100] "GET /.hg/hgrc HTTP/1.1" 404 24761 dartmoorrunners.co.uk "-" "Mozilla/5.0 (Linux; Android 8.0.0; moto e5 cruise Build/OCPS27.91-157-12) AppleWebKit/537.36 (KHTML, like Gecko) Chrome/68.0.3440.91 Mobile Safari/537.36" "-"
5.188.62.0 - - [16/Feb/2024:14:26:18 +0100] "GET /wp-login.php?wp_lang=en_US HTTP/1.1" 200 6947 dartmoorrunners.co.uk "-" "Mozilla/5.0 (Windows NT 6.1; WOW64) AppleWebKit/537.36 (KHTML, like Gecko) Chrome/100.0.4758.11 Safari/537.36" "-"
5.188.62.0 - - [16/Feb/2024:14:26:21 +0100] "GET /wp-login.php?wp_lang=en_US HTTP/1.1" 200 6947 dartmoorrunners.co.uk "-" "Mozilla/5.0 (Windows NT 6.1; WOW64) AppleWebKit/537.36 (KHTML, like Gecko) Chrome/100.0.4758.11 Safari/537.36" "-"
5.188.62.0 - - [16/Feb/2024:14:26:23 +0100] "POST /wp-login.php?wp_lang=en_US HTTP/1.1" 200 7367 dartmoorrunners.co.uk "-" "Mozilla/5.0 (Windows NT 6.1; WOW64) AppleWebKit/537.36 (KHTML, like Gecko) Chrome/100.0.4758.11 Safari/537.36" "-"
5.188.62.0 - - [16/Feb/2024:14:26:25 +0100] "POST /wp-login.php?wp_lang=en_US HTTP/1.1" 503 299 dartmoorrunners.co.uk "-" "Mozilla/5.0 (Windows NT 6.1; WOW64) AppleWebKit/537.36 (KHTML, like Gecko) Chrome/100.0.4758.11 Safari/537.36" "-"
82.165.88.0 - - [16/Feb/2024:14:34:36 +0100] "POST /wp-cron.php?doing_wp_cron=1708090476.6179339885711669921875 HTTP/1.1" 200 - dartmoorrunners.co.uk "http://dartmoorrunners.co.uk/wp-cron.php?doing_wp_cron=1708090476.6179339885711669921875" "WordPress/6.1.5; http://dartmoorrunners.co.uk" "-"
184.154.139.0 - - [16/Feb/2024:14:34:36 +0100] "GET / HTTP/1.1" 301 - www.dartmoorrunners.co.uk "http://www.google.com/url?url=www.dartmoorrunners.co.uk&yahoo.com" "Mozilla/5.0 (compatible; MSIE 9.0; Windows NT 6.1; WOW64; Trident/6.0)" "-"
184.154.139.0 - - [16/Feb/2024:14:34:37 +0100] "GET / HTTP/1.1" 200 31573 dartmoorrunners.co.uk "http://www.google.com/url?url=dartmoorrunners.co.uk&yahoo.com" "Mozilla/5.0 (compatible; MSIE 9.0; Windows NT 6.1; WOW64; Trident/6.0)" "-"
184.154.139.0 - - [16/Feb/2024:14:34:40 +0100] "GET /th1s_1s_a_4o4.html HTTP/1.1" 404 24761 dartmoorrunners.co.uk "-" "SiteLockSpider [en] (WinNT; I ;Nav)" "-"
184.154.139.0 - - [16/Feb/2024:14:34:43 +0100] "GET /results/winter-series-2012-results HTTP/1.1" 200 25915 dartmoorrunners.co.uk "http://www.google.com/url?url=dartmoorrunners.co.uk&yahoo.com" "Mozilla/5.0 (compatible; MSIE 9.0; Windows NT 6.1; WOW64; Trident/6.0)" "-"
184.154.139.0 - - [16/Feb/2024:14:34:46 +0100] "GET / HTTP/1.1" 200 31573 dartmoorrunners.co.uk "-" "SiteLockSpider [en] (WinNT; I ;Nav)" "-"
184.154.139.0 - - [16/Feb/2024:14:34:47 +0100] "GET /winter-series-2022-results HTTP/1.1" 200 25784 dartmoorrunners.co.uk "-" "SiteLockSpider [en] (WinNT; I ;Nav)" "-"
184.154.139.0 - - [16/Feb/2024:14:34:49 +0100] "GET /results/summer-series-2014-results HTTP/1.1" 200 25683 dartmoorrunners.co.uk "-" "SiteLockSpider [en] (WinNT; I ;Nav)" "-"
