13.79.17.0 - - [03/Mar/2024:00:10:39 +0100] "POST /wp-login.php HTTP/1.1" 200 174 dartmoorrunners.co.uk "-" "Mozilla/5.0 (Windows NT 10.0; WOW64) AppleWebKit/537.36 (KHTML, like Gecko) Chrome/46.0.2490.80 Safari/537.36" "-"
82.165.88.0 - - [03/Mar/2024:00:10:50 +0100] "POST /wp-cron.php?doing_wp_cron=1709421050.2007699012756347656250 HTTP/1.1" 200 - dartmoorrunners.co.uk "http://dartmoorrunners.co.uk/wp-cron.php?doing_wp_cron=1709421050.2007699012756347656250" "WordPress/6.1.5; http://dartmoorrunners.co.uk" "-"
186.87.69.0 - - [03/Mar/2024:00:22:14 +0100] "POST /wp-login.php HTTP/1.1" 200 9053 dartmoorrunners.co.uk "-" "Mozilla/5.0 (Windows NT 6.1) AppleWebKit/537.36 (KHTML, like Gecko) Chrome/70.0.3538.77 Safari/537.36" "-"
185.162.94.0 - - [03/Mar/2024:00:23:56 +0100] "POST /xmlrpc.php HTTP/1.1" 200 403 dartmoorrunners.co.uk "-" "Mozilla/5.0 (Windows NT 10.0; Win64; x64; rv:68.0) Gecko/20100101 Firefox/68.0" "-"
82.165.88.0 - - [03/Mar/2024:00:45:13 +0100] "POST /wp-cron.php?doing_wp_cron=1709423113.9071578979492187500000 HTTP/1.1" 200 - dartmoorrunners.co.uk "http://dartmoorrunners.co.uk/wp-cron.php?doing_wp_cron=1709423113.9071578979492187500000" "WordPress/6.1.5; http://dartmoorrunners.co.uk" "-"
13.79.17.0 - - [03/Mar/2024:00:45:13 +0100] "POST /wp-login.php HTTP/1.1" 200 9053 dartmoorrunners.co.uk "-" "Mozilla/5.0 (Windows NT 6.1) AppleWebKit/537.36 (KHTML, like Gecko) Chrome/61.0.3163.100 Safari/537.36" "-"
149.202.42.0 - - [03/Mar/2024:01:01:06 +0100] "POST /wp-login.php HTTP/1.1" 200 9043 dartmoorrunners.co.uk "-" "Mozilla/5.0 (Windows NT 6.1; WOW64) AppleWebKit/537.36 (KHTML, like Gecko) Chrome/52.0.2743.116 Safari/537.36" "-"
40.77.167.0 - - [03/Mar/2024:01:03:33 +0100] "GET /wp-sitemap.xml HTTP/1.1" 200 562 dartmoorrunners.co.uk "-" "Mozilla/5.0 AppleWebKit/537.36 (KHTML, like Gecko; compatible; bingbot/2.0; +http://www.bing.com/bingbot.htm) Chrome/116.0.1938.76 Safari/537.36" "-"
195.158.4.0 - - [03/Mar/2024:01:21:00 +0100] "POST /wp-login.php HTTP/1.1" 200 9053 dartmoorrunners.co.uk "-" "Mozilla/5.0 (Windows NT 10.0; Win64; x64) AppleWebKit/537.36 (KHTML, like Gecko) Chrome/66.0.3359.117 Safari/537.36" "-"
138.197.6.0 - - [03/Mar/2024:01:24:16 +0100] "POST /wp-login.php HTTP/1.1" 200 9043 dartmoorrunners.co.uk "-" "Mozilla/5.0 (Windows NT 10.0; Win64; x64) AppleWebKit/537.36 (KHTML, like Gecko) Chrome/73.0.3683.86 Safari/537.36" "-"
172.105.49.0 - - [03/Mar/2024:02:09:55 +0100] "GET /style.php?sig=update&domain=51.79.124.111 HTTP/1.1" 404 24761 dartmoorrunners.co.uk "www.google.com" "Mozlila/5.0 (Linux; Android 7.0; SM-G892A Bulid/NRD90M; wv) AppleWebKit/537.36 (KHTML, like Gecko) Version/4.0 Chrome/60.0.3112.107 Moblie Safari/537.36" "-"
82.165.88.0 - - [03/Mar/2024:02:09:56 +0100] "POST /wp-cron.php?doing_wp_cron=1709428196.4984219074249267578125 HTTP/1.1" 200 - dartmoorrunners.co.uk "http://dartmoorrunners.co.uk/wp-cron.php?doing_wp_cron=1709428196.4984219074249267578125" "WordPress/6.1.5; http://dartmoorrunners.co.uk" "-"
159.203.10.0 - - [03/Mar/2024:02:22:48 +0100] "POST /xmlrpc.php HTTP/1.1" 200 403 dartmoorrunners.co.uk "-" "Mozilla/5.0 (Windows NT 10.0; Win64; x64; rv:91.0) Gecko/20100101 Firefox/91.0" "-"
185.220.100.0 - - [03/Mar/2024:02:27:34 +0100] "GET / HTTP/1.1" 200 31573 dartmoorrunners.co.uk "http://dartmoorrunners.co.uk" "Mozilla/5.0 (Windows NT 10.0; Win64; x64) AppleWebKit/537.36 (KHTML, like Gecko) Chrome/84.0.4147.125 Safari/537.36" "-"
45.8.22.0 - - [03/Mar/2024:02:27:37 +0100] "GET /?author=1 HTTP/1.1" 301 - dartmoorrunners.co.uk "http://dartmoorrunners.co.uk/" "Mozilla/5.0 (Macintosh; Intel Mac OS X 10_13_4) AppleWebKit/605.1.15 (KHTML, like Gecko) Version/11.1 Safari/605.1.15" "-"
45.8.22.0 - - [03/Mar/2024:02:27:39 +0100] "GET /author/dradmin HTTP/1.1" 200 25899 dartmoorrunners.co.uk "http://dartmoorrunners.co.uk/" "Mozilla/5.0 (Macintosh; Intel Mac OS X 10_13_4) AppleWebKit/605.1.15 (KHTML, like Gecko) Version/11.1 Safari/605.1.15" "-"
185.220.100.0 - - [03/Mar/2024:02:27:40 +0100] "GET /?author=2 HTTP/1.1" 200 24955 dartmoorrunners.co.uk "http://dartmoorrunners.co.uk/" "Mozilla/5.0 (Windows NT 10.0; Win64; x64) AppleWebKit/537.36 (KHTML, like Gecko) Chrome/81.0.4044.122 Safari/537.36" "-"
185.220.100.0 - - [03/Mar/2024:02:27:41 +0100] "GET /?author=3 HTTP/1.1" 404 24761 dartmoorrunners.co.uk "http://dartmoorrunners.co.uk/" "Mozilla/5.0 (Windows NT 6.1; Win64; x64) AppleWebKit/537.36 (KHTML, like Gecko) Chrome/64.0.3282.167 Safari/537.36" "-"
104.192.3.0 - - [03/Mar/2024:02:27:43 +0100] "GET /?author=4 HTTP/1.1" 404 24761 dartmoorrunners.co.uk "http://dartmoorrunners.co.uk/" "Mozilla/5.0 (Macintosh; Intel Mac OS X 10_15_7) AppleWebKit/605.1.15 (KHTML, like Gecko) Version/14.0.1 Safari/605.1.15" "-"
192.42.116.0 - - [03/Mar/2024:02:27:44 +0100] "GET /?author=5 HTTP/1.1" 404 24761 dartmoorrunners.co.uk "http://dartmoorrunners.co.uk/" "Mozilla/5.0 (Windows NT 10.0; Win64; x64) AppleWebKit/537.36 (KHTML, like Gecko) Chrome/68.0.3440.106 Safari/537.36" "-"
185.220.100.0 - - [03/Mar/2024:02:27:44 +0100] "GET /wp-json/wp/v2/users/1 HTTP/1.1" 200 582 dartmoorrunners.co.uk "http://dartmoorrunners.co.uk/" "Mozilla/5.0 (Macintosh; Intel Mac OS X 10_15_3) AppleWebKit/605.1.15 (KHTML, like Gecko) Version/13.0.5 Safari/605.1.15" "-"
192.42.116.0 - - [03/Mar/2024:02:27:46 +0100] "GET /wp-json/wp/v2/users/2 HTTP/1.1" 401 108 dartmoorrunners.co.uk "http://dartmoorrunners.co.uk/" "Mozilla/5.0 (Windows NT 6.1; Win64; x64; rv:25.0) Gecko/20100101 Firefox/29.0" "-"
185.220.101.0 - - [03/Mar/2024:02:27:47 +0100] "GET /wp-json/wp/v2/users/3 HTTP/1.1" 404 82 dartmoorrunners.co.uk "http://dartmoorrunners.co.uk/" "Mozilla/5.0 (Windows NT 6.1; WOW64; rv:39.0) Gecko/20100101 Firefox/39.0" "-"
185.220.101.0 - - [03/Mar/2024:02:27:53 +0100] "GET /wp-json/wp/v2/users/5 HTTP/1.1" 404 82 dartmoorrunners.co.uk "http://dartmoorrunners.co.uk/" "Mozilla/5.0 (iPhone; CPU iPhone OS 11_2_1 like Mac OS X) AppleWebKit/604.4.7 (KHTML, like Gecko) Version/11.0 Mobile/15C153 Safari/604.1" "-"
82.165.88.0 - - [03/Mar/2024:02:39:36 +0100] "POST /wp-cron.php?doing_wp_cron=1709429976.3438129425048828125000 HTTP/1.1" 200 - dartmoorrunners.co.uk "http://dartmoorrunners.co.uk/wp-cron.php?doing_wp_cron=1709429976.3438129425048828125000" "WordPress/6.1.5; http://dartmoorrunners.co.uk" "-"
66.249.66.0 - - [03/Mar/2024:02:39:36 +0100] "GET /robots.txt HTTP/1.1" 200 121 dartmoorrunners.co.uk "-" "Mozilla/5.0 (compatible; Googlebot/2.1; +http://www.google.com/bot.html)" "-"
66.249.66.0 - - [03/Mar/2024:02:39:36 +0100] "GET /results/winter-series-2015-results HTTP/1.1" 200 25698 dartmoorrunners.co.uk "-" "Mozilla/5.0 (Linux; Android 6.0.1; Nexus 5X Build/MMB29P) AppleWebKit/537.36 (KHTML, like Gecko) Chrome/121.0.6167.139 Mobile Safari/537.36 (compatible; Googlebot/2.1; +http://www.google.com/bot.html)" "-"
66.249.66.0 - - [03/Mar/2024:02:39:39 +0100] "GET /wp-content/themes/omega/style.css?ver=6.1.5 HTTP/1.1" 200 6552 dartmoorrunners.co.uk "http://dartmoorrunners.co.uk/results/winter-series-2015-results" "Mozilla/5.0 (Linux; Android 6.0.1; Nexus 5X Build/MMB29P) AppleWebKit/537.36 (KHTML, like Gecko) Chrome/121.0.6167.139 Mobile Safari/537.36 (compatible; Googlebot/2.1; +http://www.google.com/bot.html)" "-"
66.249.66.0 - - [03/Mar/2024:02:39:39 +0100] "GET /wp-includes/css/dist/block-library/style.min.css?ver=6.1.5 HTTP/1.1" 200 16164 dartmoorrunners.co.uk "http://dartmoorrunners.co.uk/results/winter-series-2015-results" "Mozilla/5.0 (Linux; Android 6.0.1; Nexus 5X Build/MMB29P) AppleWebKit/537.36 (KHTML, like Gecko) Chrome/121.0.6167.139 Mobile Safari/537.36 (compatible; Googlebot/2.1; +http://www.google.com/bot.html)" "-"
66.249.66.0 - - [03/Mar/2024:02:39:39 +0100] "GET /wp-includes/js/wp-emoji-release.min.js?ver=6.1.5 HTTP/1.1" 200 18617 dartmoorrunners.co.uk "http://dartmoorrunners.co.uk/results/winter-series-2015-results" "Mozilla/5.0 (Linux; Android 6.0.1; Nexus 5X Build/MMB29P) AppleWebKit/537.36 (KHTML, like Gecko) Chrome/121.0.6167.139 Mobile Safari/537.36 (compatible; Googlebot/2.1; +http://www.google.com/bot.html)" "-"
66.249.66.0 - - [03/Mar/2024:02:46:19 +0100] "GET /results/winter-series-2016-results HTTP/1.1" 200 25693 dartmoorrunners.co.uk "-" "Mozilla/5.0 (Linux; Android 6.0.1; Nexus 5X Build/MMB29P) AppleWebKit/537.36 (KHTML, like Gecko) Chrome/121.0.6167.139 Mobile Safari/537.36 (compatible; Googlebot/2.1; +http://www.google.com/bot.html)" "-"
66.249.66.0 - - [03/Mar/2024:02:46:39 +0100] "GET /wp-includes/css/dist/block-library/style.min.css?ver=6.1.5 HTTP/1.1" 200 16164 dartmoorrunners.co.uk "http://dartmoorrunners.co.uk/results/winter-series-2016-results" "Mozilla/5.0 (Linux; Android 6.0.1; Nexus 5X Build/MMB29P) AppleWebKit/537.36 (KHTML, like Gecko) Chrome/121.0.6167.139 Mobile Safari/537.36 (compatible; Googlebot/2.1; +http://www.google.com/bot.html)" "-"
66.249.66.0 - - [03/Mar/2024:02:46:39 +0100] "GET /wp-includes/js/wp-emoji-release.min.js?ver=6.1.5 HTTP/1.1" 200 18617 dartmoorrunners.co.uk "http://dartmoorrunners.co.uk/results/winter-series-2016-results" "Mozilla/5.0 (Linux; Android 6.0.1; Nexus 5X Build/MMB29P) AppleWebKit/537.36 (KHTML, like Gecko) Chrome/121.0.6167.139 Mobile Safari/537.36 (compatible; Googlebot/2.1; +http://www.google.com/bot.html)" "-"
222.79.103.0 - - [03/Mar/2024:03:07:57 +0100] "GET / HTTP/1.1" 200 31573 dartmoorrunners.co.uk "-" "Mozilla/5.0 (iPhone; CPU iPhone OS 13_2_3 like Mac OS X) AppleWebKit/605.1.15 (KHTML, like Gecko) Version/13.0.3 Mobile/15E148 Safari/604.1" "-"
205.185.123.0 - - [03/Mar/2024:03:12:32 +0100] "POST /wp-login.php HTTP/1.1" 200 9053 dartmoorrunners.co.uk "http://dartmoorrunners.co.uk/" "Mozilla/5.0 (Windows NT 6.1; WOW64; Trident/7.0; rv:11.0) like Gecko" "-"
80.66.79.0 - - [03/Mar/2024:03:26:17 +0100] "GET / HTTP/1.1" 200 21871 dartmoorrunners.co.uk "https://art-print18.ru/" "Mozilla/4.0 (compatible; MSIE 6.0; AOL 9.0; Windows NT 5.1)" "-"
80.66.79.0 - - [03/Mar/2024:03:26:18 +0100] "GET / HTTP/1.1" 200 31573 dartmoorrunners.co.uk "https://art-print18.ru/" "Mozilla/4.0 (compatible; MSIE 6.0; AOL 9.0; Windows NT 5.1)" "-"
80.66.79.0 - - [03/Mar/2024:03:26:18 +0100] "GET / HTTP/1.1" 200 31573 dartmoorrunners.co.uk "https://art-print18.ru/" "Mozilla/4.0 (compatible; MSIE 6.0; AOL 9.0; Windows NT 5.1)" "-"
179.43.191.0 - - [03/Mar/2024:03:58:21 +0100] "GET /wp-admin/network/cloud.php HTTP/1.1" 404 24761 dartmoorrunners.co.uk "-" "Go-http-client/1.1" "-"
82.165.88.0 - - [03/Mar/2024:03:58:21 +0100] "POST /wp-cron.php?doing_wp_cron=1709434701.6585900783538818359375 HTTP/1.1" 200 - dartmoorrunners.co.uk "http://dartmoorrunners.co.uk/wp-cron.php?doing_wp_cron=1709434701.6585900783538818359375" "WordPress/6.1.5; http://dartmoorrunners.co.uk" "-"
179.43.191.0 - - [03/Mar/2024:03:58:22 +0100] "GET /cloud.php HTTP/1.1" 404 24761 dartmoorrunners.co.uk "-" "Go-http-client/1.1" "-"
179.43.191.0 - - [03/Mar/2024:03:58:23 +0100] "GET /cgi-bin/cloud.php HTTP/1.1" 404 626 dartmoorrunners.co.uk "-" "Go-http-client/1.1" "-"
179.43.191.0 - - [03/Mar/2024:03:58:23 +0100] "GET /css/cloud.php HTTP/1.1" 404 24761 dartmoorrunners.co.uk "-" "Go-http-client/1.1" "-"
179.43.191.0 - - [03/Mar/2024:03:58:23 +0100] "GET /wp-admin/user/cloud.php HTTP/1.1" 404 24761 dartmoorrunners.co.uk "-" "Go-http-client/1.1" "-"
179.43.191.0 - - [03/Mar/2024:03:58:23 +0100] "GET /img/cloud.php HTTP/1.1" 404 24761 dartmoorrunners.co.uk "-" "Go-http-client/1.1" "-"
179.43.191.0 - - [03/Mar/2024:03:58:24 +0100] "GET /wp-admin/css/colors/coffee/cloud.php HTTP/1.1" 404 24761 dartmoorrunners.co.uk "-" "Go-http-client/1.1" "-"
179.43.191.0 - - [03/Mar/2024:03:58:24 +0100] "GET /wp-admin/images/cloud.php HTTP/1.1" 404 24761 dartmoorrunners.co.uk "-" "Go-http-client/1.1" "-"
179.43.191.0 - - [03/Mar/2024:03:58:24 +0100] "GET /images/cloud.php HTTP/1.1" 404 24761 dartmoorrunners.co.uk "-" "Go-http-client/1.1" "-"
179.43.191.0 - - [03/Mar/2024:03:58:25 +0100] "GET /wp-admin/js/widgets/cloud.php HTTP/1.1" 404 24761 dartmoorrunners.co.uk "-" "Go-http-client/1.1" "-"
179.43.191.0 - - [03/Mar/2024:03:58:25 +0100] "GET /wp-admin/css/colors/cloud.php HTTP/1.1" 404 24761 dartmoorrunners.co.uk "-" "Go-http-client/1.1" "-"
179.43.191.0 - - [03/Mar/2024:03:58:25 +0100] "GET /wp-admin/includes/cloud.php HTTP/1.1" 404 24761 dartmoorrunners.co.uk "-" "Go-http-client/1.1" "-"
179.43.191.0 - - [03/Mar/2024:03:58:26 +0100] "GET /wp-admin/css/colors/blue/cloud.php HTTP/1.1" 404 24761 dartmoorrunners.co.uk "-" "Go-http-client/1.1" "-"
179.43.191.0 - - [03/Mar/2024:03:58:26 +0100] "GET /wp-admin/cloud.php HTTP/1.1" 404 24761 dartmoorrunners.co.uk "-" "Go-http-client/1.1" "-"
162.243.157.0 - - [03/Mar/2024:04:07:31 +0100] "POST /xmlrpc.php HTTP/1.1" 200 403 dartmoorrunners.co.uk "-" "Mozilla/5.0 (Windows NT 10.0; Win64; x64; rv:77.0) Gecko/20100101 Firefox/77.0" "-"
122.169.115.0 - - [03/Mar/2024:04:15:13 +0100] "POST /wp-login.php HTTP/1.1" 200 9053 dartmoorrunners.co.uk "-" "Mozilla/5.0 (Windows NT 6.1; WOW64) AppleWebKit/537.36 (KHTML, like Gecko) Chrome/63.0.3239.132 Safari/537.36" "-"
14.98.127.0 - - [03/Mar/2024:04:19:32 +0100] "POST /wp-login.php HTTP/1.1" 200 9043 dartmoorrunners.co.uk "-" "Mozilla/5.0 (Windows NT 6.0) AppleWebKit/537.36 (KHTML, like Gecko) Chrome/49.0.2623.112 Safari/537.36" "-"
119.28.78.0 - - [03/Mar/2024:04:26:54 +0100] "POST /wp-login.php HTTP/1.1" 200 9053 dartmoorrunners.co.uk "-" "Mozilla/5.0 (Windows NT 6.1; Win64; x64) AppleWebKit/537.36 (KHTML, like Gecko) Chrome/78.0.3904.97 Safari/537.36" "-"
82.165.88.0 - - [03/Mar/2024:04:31:18 +0100] "POST /wp-cron.php?doing_wp_cron=1709436678.7098829746246337890625 HTTP/1.1" 200 - dartmoorrunners.co.uk "http://dartmoorrunners.co.uk/wp-cron.php?doing_wp_cron=1709436678.7098829746246337890625" "WordPress/6.1.5; http://dartmoorrunners.co.uk" "-"
185.252.234.0 - - [03/Mar/2024:04:31:18 +0100] "POST /wp-login.php HTTP/1.1" 200 9043 dartmoorrunners.co.uk "-" "Mozilla/5.0 (Windows NT 6.1) AppleWebKit/537.36 (KHTML, like Gecko) Chrome/59.0.3071.115 Safari/537.36" "-"
8.219.160.0 - - [03/Mar/2024:04:53:55 +0100] "GET /dropdown.php HTTP/1.1" 404 24761 dartmoorrunners.co.uk "http://simplesite.com" "Mozilla/5.0 (Windows; U; Windows NT 5.1; en-US) AppleWebKit/533.4 (KHTML, like Gecko) Chrome/5.0.375.99 Safari/533.4" "-"
195.191.219.0 - - [03/Mar/2024:05:29:25 +0100] "GET /robots.txt HTTP/1.1" 200 121 dartmoorrunners.co.uk "-" "Mozilla/5.0 (compatible; MJ12bot/v1.4.8; http://mj12bot.com/)" "-"
82.165.88.0 - - [03/Mar/2024:05:29:26 +0100] "POST /wp-cron.php?doing_wp_cron=1709440166.1772398948669433593750 HTTP/1.1" 200 - dartmoorrunners.co.uk "http://dartmoorrunners.co.uk/wp-cron.php?doing_wp_cron=1709440166.1772398948669433593750" "WordPress/6.1.5; http://dartmoorrunners.co.uk" "-"
195.191.219.0 - - [03/Mar/2024:05:29:28 +0100] "GET / HTTP/1.1" 200 31573 dartmoorrunners.co.uk "-" "Mozilla/5.0 (compatible; MJ12bot/v1.4.8; http://mj12bot.com/)" "-"
87.98.171.0 - - [03/Mar/2024:05:48:59 +0100] "POST /wp-login.php HTTP/1.1" 200 9053 dartmoorrunners.co.uk "-" "Mozilla/5.0 (Windows NT 10.0; Win64; x64) AppleWebKit/537.36 (KHTML, like Gecko) Chrome/64.0.3282.167 Safari/537.36" "-"
45.88.223.0 - - [03/Mar/2024:05:53:24 +0100] "POST /wp-login.php HTTP/1.1" 200 9043 dartmoorrunners.co.uk "-" "Mozilla/5.0 (Windows NT 6.3; Win64; x64) AppleWebKit/537.36 (KHTML, like Gecko) Chrome/65.0.3325.181 Safari/537.36" "-"
66.249.76.0 - - [03/Mar/2024:05:56:35 +0100] "GET /ads.txt HTTP/1.1" 200 160 dartmoorrunners.co.uk "-" "Mozilla/5.0 (compatible; Googlebot/2.1; +http://www.google.com/bot.html)" "-"
2a02:8428:c600:: - - [03/Mar/2024:06:02:23 +0100] "POST /xmlrpc.php HTTP/1.1" 200 403 dartmoorrunners.co.uk "-" "Mozilla/5.0 (Windows NT 10.0; Win64; x64; rv:89.0) Gecko/20100101 Firefox/89.0" "-"
66.249.66.0 - - [03/Mar/2024:06:21:17 +0100] "GET / HTTP/1.1" 200 31573 dartmoorrunners.co.uk "-" "Mozilla/5.0 (compatible; Googlebot/2.1; +http://www.google.com/bot.html)" "-"
40.77.167.0 - - [03/Mar/2024:06:21:56 +0100] "GET /sitemap.xml HTTP/1.1" 302 - dartmoorrunners.co.uk "-" "Mozilla/5.0 AppleWebKit/537.36 (KHTML, like Gecko; compatible; bingbot/2.0; +http://www.bing.com/bingbot.htm) Chrome/116.0.1938.76 Safari/537.36" "-"
40.77.167.0 - - [03/Mar/2024:06:21:56 +0100] "GET /wp-sitemap.xml HTTP/1.1" 200 562 dartmoorrunners.co.uk "-" "Mozilla/5.0 AppleWebKit/537.36 (KHTML, like Gecko; compatible; bingbot/2.0; +http://www.bing.com/bingbot.htm) Chrome/116.0.1938.76 Safari/537.36" "-"
40.77.167.0 - - [03/Mar/2024:06:21:57 +0100] "GET /sitemap.xml HTTP/1.1" 302 - dartmoorrunners.co.uk "-" "Mozilla/5.0 AppleWebKit/537.36 (KHTML, like Gecko; compatible; bingbot/2.0; +http://www.bing.com/bingbot.htm) Chrome/116.0.1938.76 Safari/537.36" "-"
40.77.167.0 - - [03/Mar/2024:06:21:59 +0100] "GET /wp-sitemap.xml HTTP/1.1" 200 562 dartmoorrunners.co.uk "-" "Mozilla/5.0 AppleWebKit/537.36 (KHTML, like Gecko; compatible; bingbot/2.0; +http://www.bing.com/bingbot.htm) Chrome/116.0.1938.76 Safari/537.36" "-"
3.138.126.0 - - [03/Mar/2024:06:27:09 +0100] "GET /ai.txt?t=1709427884.734017 HTTP/1.1" 404 24761 dartmoorrunners.co.uk "-" "Spawning-AI" "-"
3.138.126.0 - - [03/Mar/2024:06:27:10 +0100] "GET /.well-known/ai.txt?t=1709427884.734017 HTTP/1.1" 404 24761 dartmoorrunners.co.uk "-" "Spawning-AI" "-"
51.83.42.0 - - [03/Mar/2024:06:28:53 +0100] "POST /wp-login.php HTTP/1.1" 200 9043 dartmoorrunners.co.uk "-" "Mozilla/5.0 (Windows NT 6.1; Win64; x64) AppleWebKit/537.36 (KHTML, like Gecko) Chrome/66.0.3359.117 Safari/537.36" "-"
193.202.110.0 - - [03/Mar/2024:06:43:52 +0100] "GET /?author=21 HTTP/1.1" 404 20977 dartmoorrunners.co.uk "-" "Mozilla/5.0 (Windows NT 6.1; WOW64; rv:17.0) Gecko/20100101 Firefox/17.0" "-"
82.165.88.0 - - [03/Mar/2024:06:43:53 +0100] "POST /wp-cron.php?doing_wp_cron=1709444633.1079509258270263671875 HTTP/1.1" 200 - dartmoorrunners.co.uk "http://dartmoorrunners.co.uk/wp-cron.php?doing_wp_cron=1709444633.1079509258270263671875" "WordPress/6.1.5; http://dartmoorrunners.co.uk" "-"
193.202.110.0 - - [03/Mar/2024:06:43:53 +0100] "GET /?author=21 HTTP/1.1" 404 24761 dartmoorrunners.co.uk "-" "Mozilla/5.0 (Windows NT 6.1; WOW64; rv:17.0) Gecko/20100101 Firefox/17.0" "-"
193.202.110.0 - - [03/Mar/2024:06:43:53 +0100] "GET /?author=22 HTTP/1.1" 404 24761 dartmoorrunners.co.uk "-" "Mozilla/5.0 (Windows NT 6.1; WOW64; rv:17.0) Gecko/20100101 Firefox/17.0" "-"
193.202.110.0 - - [03/Mar/2024:06:43:54 +0100] "GET /?author=23 HTTP/1.1" 404 24761 dartmoorrunners.co.uk "-" "Mozilla/5.0 (Windows NT 6.1; WOW64; rv:17.0) Gecko/20100101 Firefox/17.0" "-"
193.202.110.0 - - [03/Mar/2024:06:43:54 +0100] "GET /?author=24 HTTP/1.1" 404 24761 dartmoorrunners.co.uk "-" "Mozilla/5.0 (Windows NT 6.1; WOW64; rv:17.0) Gecko/20100101 Firefox/17.0" "-"
119.28.26.0 - - [03/Mar/2024:06:43:54 +0100] "GET /?author=11 HTTP/1.1" 404 24761 dartmoorrunners.co.uk "-" "Mozilla/5.0 (Windows NT 10.0; Win64; x64) AppleWebKit/537.36 (KHTML, like Gecko) Chrome/85.0.4183.102 Safari/537.36" "-"
47.243.254.0 - - [03/Mar/2024:06:43:54 +0100] "GET /?author=1 HTTP/1.1" 301 - dartmoorrunners.co.uk "-" "Mozilla/5.0 (Windows NT 10.0; Win64; x64) AppleWebKit/537.36 (KHTML, like Gecko) Chrome/65.0.3325.181 Safari/537.36" "-"
193.202.110.0 - - [03/Mar/2024:06:43:54 +0100] "GET /?author=25 HTTP/1.1" 404 24761 dartmoorrunners.co.uk "-" "Mozilla/5.0 (Windows NT 6.1; WOW64; rv:17.0) Gecko/20100101 Firefox/17.0" "-"
193.202.110.0 - - [03/Mar/2024:06:43:54 +0100] "GET /?author=26 HTTP/1.1" 404 24761 dartmoorrunners.co.uk "-" "Mozilla/5.0 (Windows NT 6.1; WOW64; rv:17.0) Gecko/20100101 Firefox/17.0" "-"
119.28.26.0 - - [03/Mar/2024:06:43:55 +0100] "GET /?author=11 HTTP/1.1" 404 24761 dartmoorrunners.co.uk "-" "Mozilla/5.0 (Windows NT 10.0; Win64; x64) AppleWebKit/537.36 (KHTML, like Gecko) Chrome/85.0.4183.102 Safari/537.36" "-"
193.202.110.0 - - [03/Mar/2024:06:43:55 +0100] "GET /?author=27 HTTP/1.1" 404 24761 dartmoorrunners.co.uk "-" "Mozilla/5.0 (Windows NT 6.1; WOW64; rv:17.0) Gecko/20100101 Firefox/17.0" "-"
47.243.254.0 - - [03/Mar/2024:06:43:55 +0100] "GET /?author=1 HTTP/1.1" 301 - dartmoorrunners.co.uk "-" "Mozilla/5.0 (Windows NT 10.0; Win64; x64) AppleWebKit/537.36 (KHTML, like Gecko) Chrome/65.0.3325.181 Safari/537.36" "-"
193.202.110.0 - - [03/Mar/2024:06:43:55 +0100] "GET /?author=28 HTTP/1.1" 404 24761 dartmoorrunners.co.uk "-" "Mozilla/5.0 (Windows NT 6.1; WOW64; rv:17.0) Gecko/20100101 Firefox/17.0" "-"
193.202.110.0 - - [03/Mar/2024:06:43:55 +0100] "GET /?author=29 HTTP/1.1" 404 24761 dartmoorrunners.co.uk "-" "Mozilla/5.0 (Windows NT 6.1; WOW64; rv:17.0) Gecko/20100101 Firefox/17.0" "-"
119.28.26.0 - - [03/Mar/2024:06:43:56 +0100] "GET /?author=12 HTTP/1.1" 404 24761 dartmoorrunners.co.uk "-" "Mozilla/5.0 (Windows NT 10.0; Win64; x64) AppleWebKit/537.36 (KHTML, like Gecko) Chrome/85.0.4183.102 Safari/537.36" "-"
193.202.110.0 - - [03/Mar/2024:06:43:56 +0100] "GET /?author=30 HTTP/1.1" 404 24761 dartmoorrunners.co.uk "-" "Mozilla/5.0 (Windows NT 6.1; WOW64; rv:17.0) Gecko/20100101 Firefox/17.0" "-"
47.243.254.0 - - [03/Mar/2024:06:43:56 +0100] "GET /?author=2 HTTP/1.1" 200 24955 dartmoorrunners.co.uk "-" "Mozilla/5.0 (Windows NT 10.0; Win64; x64) AppleWebKit/537.36 (KHTML, like Gecko) Chrome/65.0.3325.181 Safari/537.36" "-"
119.28.26.0 - - [03/Mar/2024:06:43:56 +0100] "GET /?author=13 HTTP/1.1" 404 24761 dartmoorrunners.co.uk "-" "Mozilla/5.0 (Windows NT 10.0; Win64; x64) AppleWebKit/537.36 (KHTML, like Gecko) Chrome/85.0.4183.102 Safari/537.36" "-"
47.243.254.0 - - [03/Mar/2024:06:43:57 +0100] "GET /?author=3 HTTP/1.1" 404 24761 dartmoorrunners.co.uk "-" "Mozilla/5.0 (Windows NT 10.0; Win64; x64) AppleWebKit/537.36 (KHTML, like Gecko) Chrome/65.0.3325.181 Safari/537.36" "-"
119.28.26.0 - - [03/Mar/2024:06:43:57 +0100] "GET /?author=14 HTTP/1.1" 404 24761 dartmoorrunners.co.uk "-" "Mozilla/5.0 (Windows NT 10.0; Win64; x64) AppleWebKit/537.36 (KHTML, like Gecko) Chrome/85.0.4183.102 Safari/537.36" "-"
47.243.254.0 - - [03/Mar/2024:06:43:58 +0100] "GET /?author=4 HTTP/1.1" 404 24761 dartmoorrunners.co.uk "-" "Mozilla/5.0 (Windows NT 10.0; Win64; x64) AppleWebKit/537.36 (KHTML, like Gecko) Chrome/65.0.3325.181 Safari/537.36" "-"
47.243.254.0 - - [03/Mar/2024:06:43:58 +0100] "GET /?author=5 HTTP/1.1" 404 24761 dartmoorrunners.co.uk "-" "Mozilla/5.0 (Windows NT 10.0; Win64; x64) AppleWebKit/537.36 (KHTML, like Gecko) Chrome/65.0.3325.181 Safari/537.36" "-"
119.28.26.0 - - [03/Mar/2024:06:43:59 +0100] "GET /?author=15 HTTP/1.1" 404 24761 dartmoorrunners.co.uk "-" "Mozilla/5.0 (Windows NT 10.0; Win64; x64) AppleWebKit/537.36 (KHTML, like Gecko) Chrome/85.0.4183.102 Safari/537.36" "-"
47.243.254.0 - - [03/Mar/2024:06:43:59 +0100] "GET /?author=6 HTTP/1.1" 404 24761 dartmoorrunners.co.uk "-" "Mozilla/5.0 (Windows NT 10.0; Win64; x64) AppleWebKit/537.36 (KHTML, like Gecko) Chrome/65.0.3325.181 Safari/537.36" "-"
119.28.26.0 - - [03/Mar/2024:06:44:00 +0100] "GET /?author=16 HTTP/1.1" 404 24761 dartmoorrunners.co.uk "-" "Mozilla/5.0 (Windows NT 10.0; Win64; x64) AppleWebKit/537.36 (KHTML, like Gecko) Chrome/85.0.4183.102 Safari/537.36" "-"
47.243.254.0 - - [03/Mar/2024:06:44:00 +0100] "GET /?author=7 HTTP/1.1" 404 24761 dartmoorrunners.co.uk "-" "Mozilla/5.0 (Windows NT 10.0; Win64; x64) AppleWebKit/537.36 (KHTML, like Gecko) Chrome/65.0.3325.181 Safari/537.36" "-"
119.28.26.0 - - [03/Mar/2024:06:44:00 +0100] "GET /?author=17 HTTP/1.1" 404 24761 dartmoorrunners.co.uk "-" "Mozilla/5.0 (Windows NT 10.0; Win64; x64) AppleWebKit/537.36 (KHTML, like Gecko) Chrome/85.0.4183.102 Safari/537.36" "-"
47.243.254.0 - - [03/Mar/2024:06:44:01 +0100] "GET /?author=8 HTTP/1.1" 404 24761 dartmoorrunners.co.uk "-" "Mozilla/5.0 (Windows NT 10.0; Win64; x64) AppleWebKit/537.36 (KHTML, like Gecko) Chrome/65.0.3325.181 Safari/537.36" "-"
119.28.26.0 - - [03/Mar/2024:06:44:01 +0100] "GET /?author=18 HTTP/1.1" 404 24761 dartmoorrunners.co.uk "-" "Mozilla/5.0 (Windows NT 10.0; Win64; x64) AppleWebKit/537.36 (KHTML, like Gecko) Chrome/85.0.4183.102 Safari/537.36" "-"
47.243.254.0 - - [03/Mar/2024:06:44:02 +0100] "GET /?author=9 HTTP/1.1" 404 24761 dartmoorrunners.co.uk "-" "Mozilla/5.0 (Windows NT 10.0; Win64; x64) AppleWebKit/537.36 (KHTML, like Gecko) Chrome/65.0.3325.181 Safari/537.36" "-"
119.28.26.0 - - [03/Mar/2024:06:44:02 +0100] "GET /?author=19 HTTP/1.1" 404 24761 dartmoorrunners.co.uk "-" "Mozilla/5.0 (Windows NT 10.0; Win64; x64) AppleWebKit/537.36 (KHTML, like Gecko) Chrome/85.0.4183.102 Safari/537.36" "-"
47.243.254.0 - - [03/Mar/2024:06:44:03 +0100] "GET /?author=10 HTTP/1.1" 404 24761 dartmoorrunners.co.uk "-" "Mozilla/5.0 (Windows NT 10.0; Win64; x64) AppleWebKit/537.36 (KHTML, like Gecko) Chrome/65.0.3325.181 Safari/537.36" "-"
119.28.26.0 - - [03/Mar/2024:06:44:03 +0100] "GET /?author=20 HTTP/1.1" 404 24761 dartmoorrunners.co.uk "-" "Mozilla/5.0 (Windows NT 10.0; Win64; x64) AppleWebKit/537.36 (KHTML, like Gecko) Chrome/85.0.4183.102 Safari/537.36" "-"
52.172.150.0 - - [03/Mar/2024:06:44:13 +0100] "GET /?author=31 HTTP/1.1" 404 24761 dartmoorrunners.co.uk "-" "Mozilla/5.0 (Windows NT 6.1; Win64; x64) AppleWebKit/537.36 (KHTML, like Gecko) Chrome/63.0.3239.132 Safari/537.36" "-"
52.172.150.0 - - [03/Mar/2024:06:44:13 +0100] "GET /?author=31 HTTP/1.1" 404 24761 dartmoorrunners.co.uk "-" "Mozilla/5.0 (Windows NT 6.1; Win64; x64) AppleWebKit/537.36 (KHTML, like Gecko) Chrome/63.0.3239.132 Safari/537.36" "-"
52.172.150.0 - - [03/Mar/2024:06:44:14 +0100] "GET /?author=32 HTTP/1.1" 404 24761 dartmoorrunners.co.uk "-" "Mozilla/5.0 (Windows NT 6.1; Win64; x64) AppleWebKit/537.36 (KHTML, like Gecko) Chrome/63.0.3239.132 Safari/537.36" "-"
52.172.150.0 - - [03/Mar/2024:06:44:15 +0100] "GET /?author=33 HTTP/1.1" 404 24761 dartmoorrunners.co.uk "-" "Mozilla/5.0 (Windows NT 6.1; Win64; x64) AppleWebKit/537.36 (KHTML, like Gecko) Chrome/63.0.3239.132 Safari/537.36" "-"
164.68.127.0 - - [03/Mar/2024:06:44:15 +0100] "GET /?author=41 HTTP/1.1" 404 22502 dartmoorrunners.co.uk "-" "Mozilla/5.0 (Windows NT 6.0; rv:34.0) Gecko/20100101 Firefox/34.0" "-"
52.172.150.0 - - [03/Mar/2024:06:44:15 +0100] "GET /?author=34 HTTP/1.1" 404 24761 dartmoorrunners.co.uk "-" "Mozilla/5.0 (Windows NT 6.1; Win64; x64) AppleWebKit/537.36 (KHTML, like Gecko) Chrome/63.0.3239.132 Safari/537.36" "-"
164.68.127.0 - - [03/Mar/2024:06:44:16 +0100] "GET /?author=41 HTTP/1.1" 404 22502 dartmoorrunners.co.uk "-" "Mozilla/5.0 (Windows NT 6.0; rv:34.0) Gecko/20100101 Firefox/34.0" "-"
164.68.127.0 - - [03/Mar/2024:06:44:16 +0100] "GET /?author=42 HTTP/1.1" 404 23687 dartmoorrunners.co.uk "-" "Mozilla/5.0 (Windows NT 6.0; rv:34.0) Gecko/20100101 Firefox/34.0" "-"
52.172.150.0 - - [03/Mar/2024:06:44:16 +0100] "GET /?author=35 HTTP/1.1" 404 24761 dartmoorrunners.co.uk "-" "Mozilla/5.0 (Windows NT 6.1; Win64; x64) AppleWebKit/537.36 (KHTML, like Gecko) Chrome/63.0.3239.132 Safari/537.36" "-"
164.68.127.0 - - [03/Mar/2024:06:44:16 +0100] "GET /?author=43 HTTP/1.1" 404 22093 dartmoorrunners.co.uk "-" "Mozilla/5.0 (Windows NT 6.0; rv:34.0) Gecko/20100101 Firefox/34.0" "-"
164.68.127.0 - - [03/Mar/2024:06:44:17 +0100] "GET /?author=44 HTTP/1.1" 404 22502 dartmoorrunners.co.uk "-" "Mozilla/5.0 (Windows NT 6.0; rv:34.0) Gecko/20100101 Firefox/34.0" "-"
164.68.127.0 - - [03/Mar/2024:06:44:17 +0100] "GET /?author=45 HTTP/1.1" 404 22502 dartmoorrunners.co.uk "-" "Mozilla/5.0 (Windows NT 6.0; rv:34.0) Gecko/20100101 Firefox/34.0" "-"
52.172.150.0 - - [03/Mar/2024:06:44:17 +0100] "GET /?author=36 HTTP/1.1" 404 24761 dartmoorrunners.co.uk "-" "Mozilla/5.0 (Windows NT 6.1; Win64; x64) AppleWebKit/537.36 (KHTML, like Gecko) Chrome/63.0.3239.132 Safari/537.36" "-"
164.68.127.0 - - [03/Mar/2024:06:44:17 +0100] "GET /?author=46 HTTP/1.1" 404 23170 dartmoorrunners.co.uk "-" "Mozilla/5.0 (Windows NT 6.0; rv:34.0) Gecko/20100101 Firefox/34.0" "-"
164.68.127.0 - - [03/Mar/2024:06:44:17 +0100] "GET /?author=47 HTTP/1.1" 404 22502 dartmoorrunners.co.uk "-" "Mozilla/5.0 (Windows NT 6.0; rv:34.0) Gecko/20100101 Firefox/34.0" "-"
52.172.150.0 - - [03/Mar/2024:06:44:18 +0100] "GET /?author=37 HTTP/1.1" 404 24761 dartmoorrunners.co.uk "-" "Mozilla/5.0 (Windows NT 6.1; Win64; x64) AppleWebKit/537.36 (KHTML, like Gecko) Chrome/63.0.3239.132 Safari/537.36" "-"
164.68.127.0 - - [03/Mar/2024:06:44:18 +0100] "GET /?author=48 HTTP/1.1" 404 23170 dartmoorrunners.co.uk "-" "Mozilla/5.0 (Windows NT 6.0; rv:34.0) Gecko/20100101 Firefox/34.0" "-"
164.68.127.0 - - [03/Mar/2024:06:44:18 +0100] "GET /?author=49 HTTP/1.1" 404 21835 dartmoorrunners.co.uk "-" "Mozilla/5.0 (Windows NT 6.0; rv:34.0) Gecko/20100101 Firefox/34.0" "-"
164.68.127.0 - - [03/Mar/2024:06:44:18 +0100] "GET /?author=50 HTTP/1.1" 404 22502 dartmoorrunners.co.uk "-" "Mozilla/5.0 (Windows NT 6.0; rv:34.0) Gecko/20100101 Firefox/34.0" "-"
52.172.150.0 - - [03/Mar/2024:06:44:18 +0100] "GET /?author=38 HTTP/1.1" 404 24761 dartmoorrunners.co.uk "-" "Mozilla/5.0 (Windows NT 6.1; Win64; x64) AppleWebKit/537.36 (KHTML, like Gecko) Chrome/63.0.3239.132 Safari/537.36" "-"
52.172.150.0 - - [03/Mar/2024:06:44:19 +0100] "GET /?author=39 HTTP/1.1" 404 24761 dartmoorrunners.co.uk "-" "Mozilla/5.0 (Windows NT 6.1; Win64; x64) AppleWebKit/537.36 (KHTML, like Gecko) Chrome/63.0.3239.132 Safari/537.36" "-"
52.172.150.0 - - [03/Mar/2024:06:44:20 +0100] "GET /?author=40 HTTP/1.1" 404 24761 dartmoorrunners.co.uk "-" "Mozilla/5.0 (Windows NT 6.1; Win64; x64) AppleWebKit/537.36 (KHTML, like Gecko) Chrome/63.0.3239.132 Safari/537.36" "-"
192.185.176.0 - - [03/Mar/2024:07:12:32 +0100] "GET /admin.php HTTP/1.1" 404 340 dartmoorrunners.co.uk "http://simplesite.com" "Mozilla/5.0 (Windows; U; Windows NT 5.1; en-US) AppleWebKit/533.4 (KHTML, like Gecko) Chrome/5.0.375.99 Safari/533.4" "-"
157.245.202.0 - - [03/Mar/2024:07:27:58 +0100] "POST /wp-login.php HTTP/1.1" 200 9043 dartmoorrunners.co.uk "-" "Mozilla/5.0 (Windows; U; Windows NT 5.1; en-US) AppleWebKit/533.4 (KHTML, like Gecko) Chrome/5.0.375.99 Safari/533.4" "-"
106.3.132.0 - - [03/Mar/2024:07:42:08 +0100] "GET / HTTP/1.1" 200 31573 dartmoorrunners.co.uk "-" "Mozilla/5.0 (Windows NT 10.0; Win64; x64) AppleWebKit/537.36 (KHTML, like Gecko) Chrome/114.0.0.0 Safari/537.36" "-"
82.165.88.0 - - [03/Mar/2024:07:42:09 +0100] "POST /wp-cron.php?doing_wp_cron=1709448129.9217839241027832031250 HTTP/1.1" 200 - dartmoorrunners.co.uk "http://dartmoorrunners.co.uk/wp-cron.php?doing_wp_cron=1709448129.9217839241027832031250" "WordPress/6.1.5; http://dartmoorrunners.co.uk" "-"
106.3.132.0 - - [03/Mar/2024:07:42:14 +0100] "GET / HTTP/1.1" 200 31573 dartmoorrunners.co.uk "-" "-" "-"
106.3.132.0 - - [03/Mar/2024:07:42:53 +0100] "GET /wp-content/uploads/2017/04/cropped-dartmoorrunnerslogo_normal-192x192.png HTTP/1.1" 200 59292 dartmoorrunners.co.uk "-" "Mozilla/5.0 (Windows NT 10.0; Win64; x64) AppleWebKit/537.36 (KHTML, like Gecko) Chrome/114.0.0.0 Safari/537.36" "-"
106.3.132.0 - - [03/Mar/2024:07:43:38 +0100] "GET /wp-content/uploads/2017/04/cropped-dartmoorrunnerslogo_normal-32x32.png HTTP/1.1" 200 2617 dartmoorrunners.co.uk "-" "Mozilla/5.0 (Windows NT 10.0; Win64; x64) AppleWebKit/537.36 (KHTML, like Gecko) Chrome/114.0.0.0 Safari/537.36" "-"
106.3.132.0 - - [03/Mar/2024:07:44:24 +0100] "GET /wp-content/uploads/2017/04/cropped-dartmoorrunnerslogo_normal-180x180.png HTTP/1.1" 200 55513 dartmoorrunners.co.uk "-" "Mozilla/5.0 (Windows NT 10.0; Win64; x64) AppleWebKit/537.36 (KHTML, like Gecko) Chrome/114.0.0.0 Safari/537.36" "-"
106.3.132.0 - - [03/Mar/2024:07:45:13 +0100] "GET /favicon.ico HTTP/1.1" 302 - dartmoorrunners.co.uk "-" "Mozilla/5.0 (Windows NT 10.0; Win64; x64) AppleWebKit/537.36 (KHTML, like Gecko) Chrome/114.0.0.0 Safari/537.36" "-"
106.3.132.0 - - [03/Mar/2024:07:46:07 +0100] "GET /wp-content/uploads/2017/04/cropped-dartmoorrunnerslogo_normal-32x32.png HTTP/1.1" 200 2617 dartmoorrunners.co.uk "http://dartmoorrunners.co.uk/favicon.ico" "Mozilla/5.0 (Windows NT 10.0; Win64; x64) AppleWebKit/537.36 (KHTML, like Gecko) Chrome/114.0.0.0 Safari/537.36" "-"
107.173.251.0 - - [03/Mar/2024:07:59:08 +0100] "POST /wp-login.php HTTP/1.1" 200 9053 dartmoorrunners.co.uk "-" "Mozilla/5.0 (Windows NT 10.0; WOW64) AppleWebKit/537.36 (KHTML, like Gecko) Chrome/79.0.3945.130 Safari/537.36" "-"
190.12.79.0 - - [03/Mar/2024:07:59:40 +0100] "POST /xmlrpc.php HTTP/1.1" 200 403 dartmoorrunners.co.uk "-" "Mozilla/5.0 (Windows NT 10.0; Win64; x64; rv:49.0) Gecko/20100101 Firefox/49.0" "-"
173.249.52.0 - - [03/Mar/2024:08:02:02 +0100] "GET /about.php?520 HTTP/1.1" 404 24761 dartmoorrunners.co.uk "www.google.com" "Mozlila/5.0 (Linux; Android 7.0; SM-G892A Bulid/NRD90M; wv) AppleWebKit/537.36 (KHTML, like Gecko) Version/4.0 Chrome/60.0.3112.107 Moblie Safari/537.36" "-"
173.249.52.0 - - [03/Mar/2024:08:21:15 +0100] "GET /about.php?520 HTTP/1.1" 404 24761 dartmoorrunners.co.uk "www.google.com" "Mozlila/5.0 (Linux; Android 7.0; SM-G892A Bulid/NRD90M; wv) AppleWebKit/537.36 (KHTML, like Gecko) Version/4.0 Chrome/60.0.3112.107 Moblie Safari/537.36" "-"
167.71.210.0 - - [03/Mar/2024:08:23:16 +0100] "POST /wp-login.php HTTP/1.1" 200 9053 dartmoorrunners.co.uk "-" "Mozilla/5.0 (Windows NT 6.1; Win64; x64) AppleWebKit/537.36 (KHTML, like Gecko) Chrome/78.0.3904.97 Safari/537.36" "-"
202.172.26.0 - - [03/Mar/2024:08:27:40 +0100] "POST /wp-login.php HTTP/1.1" 200 9043 dartmoorrunners.co.uk "-" "Mozilla/5.0 (Windows NT 6.1) AppleWebKit/537.36 (KHTML, like Gecko) Chrome/56.0.2924.87 Safari/537.36" "-"
154.38.173.0 - - [03/Mar/2024:08:51:26 +0100] "POST /wp-login.php HTTP/1.1" 200 9043 dartmoorrunners.co.uk "-" "Mozilla/5.0 (Windows NT 6.1; Win64; x64) AppleWebKit/537.36 (KHTML, like Gecko) Chrome/66.0.3359.117 Safari/537.36" "-"
82.165.88.0 - - [03/Mar/2024:08:51:26 +0100] "POST /wp-cron.php?doing_wp_cron=1709452286.6809759140014648437500 HTTP/1.1" 200 - dartmoorrunners.co.uk "http://dartmoorrunners.co.uk/wp-cron.php?doing_wp_cron=1709452286.6809759140014648437500" "WordPress/6.1.5; http://dartmoorrunners.co.uk" "-"
157.245.157.0 - - [03/Mar/2024:09:53:06 +0100] "GET /radio.txt HTTP/1.1" 404 24761 dartmoorrunners.co.uk "-" "Mozilla/5.0 (Windows NT 6.1; WOW64) AppleWebKit/537.36 (KHTML, like Gecko) Chrome/50.0.2661.75 Safari/537.36" "-"
82.165.88.0 - - [03/Mar/2024:09:53:10 +0100] "POST /wp-cron.php?doing_wp_cron=1709455990.2995240688323974609375 HTTP/1.1" 200 - dartmoorrunners.co.uk "http://dartmoorrunners.co.uk/wp-cron.php?doing_wp_cron=1709455990.2995240688323974609375" "WordPress/6.1.5; http://dartmoorrunners.co.uk" "-"
2a02:c7e:3000:: - - [03/Mar/2024:09:54:40 +0100] "GET /wp-includes/css/classic-themes.min.css?ver=1 HTTP/1.1" 200 189 dartmoorrunners.co.uk "-" "Mozilla/5.0 (Linux; Android 10; K) AppleWebKit/537.36 (KHTML, like Gecko) Chrome/122.0.0.0 Mobile Safari/537.36" "-"
2a02:c7e:3000:: - - [03/Mar/2024:09:54:40 +0100] "GET /wp-includes/css/dist/block-library/style.min.css?ver=6.1.5 HTTP/1.1" 200 16164 dartmoorrunners.co.uk "-" "Mozilla/5.0 (Linux; Android 10; K) AppleWebKit/537.36 (KHTML, like Gecko) Chrome/122.0.0.0 Mobile Safari/537.36" "-"
2a02:c7e:3000:: - - [03/Mar/2024:09:54:40 +0100] "GET /wp-content/themes/omega/style.css?ver=6.1.5 HTTP/1.1" 200 6552 dartmoorrunners.co.uk "-" "Mozilla/5.0 (Linux; Android 10; K) AppleWebKit/537.36 (KHTML, like Gecko) Chrome/122.0.0.0 Mobile Safari/537.36" "-"
2a02:c7e:3000:: - - [03/Mar/2024:09:54:40 +0100] "GET / HTTP/1.1" 200 31573 dartmoorrunners.co.uk "-" "Mozilla/5.0 (Linux; Android 10; K) AppleWebKit/537.36 (KHTML, like Gecko) Chrome/122.0.0.0 Mobile Safari/537.36" "-"
2a02:c7e:3000:: - - [03/Mar/2024:09:54:40 +0100] "GET /wp-content/uploads/2017/04/winter-2015-small.jpg HTTP/1.1" 200 202841 dartmoorrunners.co.uk "http://dartmoorrunners.co.uk/" "Mozilla/5.0 (Linux; Android 10; K) AppleWebKit/537.36 (KHTML, like Gecko) Chrome/122.0.0.0 Mobile Safari/537.36" "-"
2a02:c7e:3000:: - - [03/Mar/2024:09:54:40 +0100] "GET /wp-content/uploads/2017/04/XmasBash2017Med.jpg HTTP/1.1" 200 200566 dartmoorrunners.co.uk "http://dartmoorrunners.co.uk/" "Mozilla/5.0 (Linux; Android 10; K) AppleWebKit/537.36 (KHTML, like Gecko) Chrome/122.0.0.0 Mobile Safari/537.36" "-"
2a02:c7e:3000:: - - [03/Mar/2024:09:54:40 +0100] "GET /wp-content/uploads/2017/04/ControlDog-1024x768.jpg HTTP/1.1" 200 147847 dartmoorrunners.co.uk "http://dartmoorrunners.co.uk/" "Mozilla/5.0 (Linux; Android 10; K) AppleWebKit/537.36 (KHTML, like Gecko) Chrome/122.0.0.0 Mobile Safari/537.36" "-"
2a02:c7e:3000:: - - [03/Mar/2024:09:54:40 +0100] "GET /wp-content/uploads/2017/04/cropped-dartmoorrunnerslogo_normal.png HTTP/1.1" 200 110052 dartmoorrunners.co.uk "http://dartmoorrunners.co.uk/" "Mozilla/5.0 (Linux; Android 10; K) AppleWebKit/537.36 (KHTML, like Gecko) Chrome/122.0.0.0 Mobile Safari/537.36" "-"
2a02:c7e:3000:: - - [03/Mar/2024:09:54:41 +0100] "GET /wp-includes/js/wp-emoji-release.min.js?ver=6.1.5 HTTP/1.1" 200 18617 dartmoorrunners.co.uk "http://dartmoorrunners.co.uk/" "Mozilla/5.0 (Linux; Android 10; K) AppleWebKit/537.36 (KHTML, like Gecko) Chrome/122.0.0.0 Mobile Safari/537.36" "-"
2a02:c7e:3000:: - - [03/Mar/2024:09:54:41 +0100] "GET /wp-content/uploads/2017/04/Moorland-runner-cropped.jpg HTTP/1.1" 200 437747 dartmoorrunners.co.uk "http://dartmoorrunners.co.uk/" "Mozilla/5.0 (Linux; Android 10; K) AppleWebKit/537.36 (KHTML, like Gecko) Chrome/122.0.0.0 Mobile Safari/537.36" "-"
2a02:c7e:3000:: - - [03/Mar/2024:09:54:41 +0100] "GET /wp-content/uploads/2017/04/cropped-dartmoorrunnerslogo_normal-180x180.png HTTP/1.1" 200 55513 dartmoorrunners.co.uk "http://dartmoorrunners.co.uk/" "Mozilla/5.0 (Linux; Android 10; K) AppleWebKit/537.36 (KHTML, like Gecko) Chrome/122.0.0.0 Mobile Safari/537.36" "-"
2a02:c7e:3000:: - - [03/Mar/2024:09:54:41 +0100] "GET /wp-content/uploads/2017/04/cropped-dartmoorrunnerslogo_normal-192x192.png HTTP/1.1" 200 59292 dartmoorrunners.co.uk "http://dartmoorrunners.co.uk/" "Mozilla/5.0 (Linux; Android 10; K) AppleWebKit/537.36 (KHTML, like Gecko) Chrome/122.0.0.0 Mobile Safari/537.36" "-"
2a02:c7e:3000:: - - [03/Mar/2024:09:54:42 +0100] "GET / HTTP/1.1" 200 31573 dartmoorrunners.co.uk "http://dartmoorrunners.co.uk/" "Mozilla/5.0 (Linux; Android 10; K) AppleWebKit/537.36 (KHTML, like Gecko) Chrome/122.0.0.0 Mobile Safari/537.36" "-"
2a02:c7e:3000:: - - [03/Mar/2024:09:54:50 +0100] "GET /winter-series-2023 HTTP/1.1" 200 27638 dartmoorrunners.co.uk "http://dartmoorrunners.co.uk/" "Mozilla/5.0 (Linux; Android 10; K) AppleWebKit/537.36 (KHTML, like Gecko) Chrome/122.0.0.0 Mobile Safari/537.36" "-"
23.97.205.0 - - [03/Mar/2024:10:03:46 +0100] "POST /wp-login.php HTTP/1.1" 200 9043 dartmoorrunners.co.uk "-" "Mozilla/5.0 (Windows NT 6.1; Win64; x64) AppleWebKit/537.36 (KHTML, like Gecko) Chrome/81.0.4044.122 Safari/537.36" "-"
2a02:8428:c600:: - - [03/Mar/2024:10:04:44 +0100] "POST /xmlrpc.php HTTP/1.1" 200 403 dartmoorrunners.co.uk "-" "Mozilla/5.0 (Windows NT 10.0; Win64; x64; rv:44.0) Gecko/20100101 Firefox/44.0" "-"
51.91.151.0 - - [03/Mar/2024:10:11:28 +0100] "POST /wp-login.php HTTP/1.1" 200 9053 dartmoorrunners.co.uk "-" "Mozilla/5.0 (Windows NT 10.0; WOW64) AppleWebKit/537.36 (KHTML, like Gecko) Chrome/53.0.2785.143 Safari/537.36" "-"
68.183.190.0 - - [03/Mar/2024:10:14:31 +0100] "GET /wp-content/themes/pridmag/db.php?u HTTP/1.1" 404 24761 dartmoorrunners.co.uk "-" "Go-http-client/1.1" "-"
185.149.210.0 - - [03/Mar/2024:10:20:18 +0100] "GET / HTTP/1.1" 200 31573 dartmoorrunners.co.uk "android-app://com.google.android.googlequicksearchbox/" "Mozilla/5.0 (Linux; Android 10; K) AppleWebKit/537.36 (KHTML, like Gecko) Chrome/122.0.0.0 Mobile Safari/537.36" "-"
185.149.210.0 - - [03/Mar/2024:10:20:29 +0100] "GET / HTTP/1.1" 200 31573 dartmoorrunners.co.uk "http://dartmoorrunners.co.uk/" "Mozilla/5.0 (Linux; Android 10; K) AppleWebKit/537.36 (KHTML, like Gecko) Chrome/122.0.0.0 Mobile Safari/537.36" "-"
185.149.210.0 - - [03/Mar/2024:10:20:34 +0100] "GET /winter-series-2023 HTTP/1.1" 200 27638 dartmoorrunners.co.uk "http://dartmoorrunners.co.uk/" "Mozilla/5.0 (Linux; Android 10; K) AppleWebKit/537.36 (KHTML, like Gecko) Chrome/122.0.0.0 Mobile Safari/537.36" "-"
52.167.144.0 - - [03/Mar/2024:10:20:44 +0100] "GET /wp-sitemap.xml HTTP/1.1" 200 562 dartmoorrunners.co.uk "-" "Mozilla/5.0 AppleWebKit/537.36 (KHTML, like Gecko; compatible; bingbot/2.0; +http://www.bing.com/bingbot.htm) Chrome/116.0.1938.76 Safari/537.36" "-"
82.165.88.0 - - [03/Mar/2024:10:40:59 +0100] "POST /wp-cron.php?doing_wp_cron=1709458859.8310840129852294921875 HTTP/1.1" 200 - dartmoorrunners.co.uk "http://dartmoorrunners.co.uk/wp-cron.php?doing_wp_cron=1709458859.8310840129852294921875" "WordPress/6.1.5; http://dartmoorrunners.co.uk" "-"
66.249.76.0 - - [03/Mar/2024:10:40:59 +0100] "GET /results/summer-series-2015-results HTTP/1.1" 200 25683 dartmoorrunners.co.uk "-" "Mozilla/5.0 (Linux; Android 6.0.1; Nexus 5X Build/MMB29P) AppleWebKit/537.36 (KHTML, like Gecko) Chrome/121.0.6167.139 Mobile Safari/537.36 (compatible; Googlebot/2.1; +http://www.google.com/bot.html)" "-"
66.249.76.0 - - [03/Mar/2024:10:41:02 +0100] "GET /wp-includes/css/dist/block-library/style.min.css?ver=6.1.5 HTTP/1.1" 200 16164 dartmoorrunners.co.uk "http://dartmoorrunners.co.uk/results/summer-series-2015-results" "Mozilla/5.0 (Linux; Android 6.0.1; Nexus 5X Build/MMB29P) AppleWebKit/537.36 (KHTML, like Gecko) Chrome/121.0.6167.139 Mobile Safari/537.36 (compatible; Googlebot/2.1; +http://www.google.com/bot.html)" "-"
45.55.158.0 - - [03/Mar/2024:10:47:17 +0100] "POST /wp-login.php HTTP/1.1" 200 9053 dartmoorrunners.co.uk "-" "Mozilla/5.0 (Windows NT 10.0; Win64; x64) AppleWebKit/537.36 (KHTML, like Gecko) Chrome/66.0.3359.117 Safari/537.36" "-"
68.178.165.0 - - [03/Mar/2024:10:59:18 +0100] "POST /wp-login.php HTTP/1.1" 200 9053 dartmoorrunners.co.uk "-" "Mozilla/5.0 (Windows NT 6.1) AppleWebKit/537.36 (KHTML, like Gecko) Chrome/56.0.2924.87 Safari/537.36" "-"
82.165.88.0 - - [03/Mar/2024:11:15:54 +0100] "POST /wp-cron.php?doing_wp_cron=1709460954.4588449001312255859375 HTTP/1.1" 200 - dartmoorrunners.co.uk "http://dartmoorrunners.co.uk/wp-cron.php?doing_wp_cron=1709460954.4588449001312255859375" "WordPress/6.1.5; http://dartmoorrunners.co.uk" "-"
212.109.216.0 - - [03/Mar/2024:11:15:54 +0100] "POST /wp-login.php HTTP/1.1" 200 9043 dartmoorrunners.co.uk "-" "Mozilla/5.0 (Windows NT 6.1; WOW64) AppleWebKit/537.36 (KHTML, like Gecko) Chrome/48.0.2564.109 Safari/537.36" "-"
54.37.156.0 - - [03/Mar/2024:11:23:25 +0100] "POST /wp-login.php HTTP/1.1" 200 9053 dartmoorrunners.co.uk "-" "Mozilla/5.0 (Windows NT 6.1) AppleWebKit/537.36 (KHTML, like Gecko) Chrome/58.0.3029.110 Safari/537.36" "-"
82.165.88.0 - - [03/Mar/2024:11:56:22 +0100] "POST /wp-cron.php?doing_wp_cron=1709463382.6473400592803955078125 HTTP/1.1" 200 - dartmoorrunners.co.uk "http://dartmoorrunners.co.uk/wp-cron.php?doing_wp_cron=1709463382.6473400592803955078125" "WordPress/6.1.5; http://dartmoorrunners.co.uk" "-"
2a01:4f8:100:: - - [03/Mar/2024:11:56:22 +0100] "POST /xmlrpc.php HTTP/1.1" 200 403 dartmoorrunners.co.uk "-" "Mozilla/5.0 (Windows NT 10.0; Win64; x64; rv:70.0) Gecko/20100101 Firefox/70.0" "-"
95.111.244.0 - - [03/Mar/2024:12:05:32 +0100] "GET /about.php?520 HTTP/1.1" 404 24761 dartmoorrunners.co.uk "www.google.com" "Mozlila/5.0 (Linux; Android 7.0; SM-G892A Bulid/NRD90M; wv) AppleWebKit/537.36 (KHTML, like Gecko) Version/4.0 Chrome/60.0.3112.107 Moblie Safari/537.36" "-"
35.212.241.0 - - [03/Mar/2024:12:10:57 +0100] "POST /wp-login.php HTTP/1.1" 200 9053 dartmoorrunners.co.uk "-" "Mozilla/5.0 (Windows NT 6.1; Win64; x64) AppleWebKit/537.36 (KHTML, like Gecko) Chrome/60.0.3112.113 Safari/537.36" "-"
66.249.79.0 - - [03/Mar/2024:12:12:32 +0100] "GET /robots.txt HTTP/1.1" 301 - www.dartmoorrunners.co.uk "-" "Mozilla/5.0 (compatible; Googlebot/2.1; +http://www.google.com/bot.html)" "-"
66.249.79.0 - - [03/Mar/2024:12:12:32 +0100] "GET /robots.txt HTTP/1.1" 200 121 dartmoorrunners.co.uk "-" "Mozilla/5.0 (compatible; Googlebot/2.1; +http://www.google.com/bot.html)" "-"
66.249.79.0 - - [03/Mar/2024:12:12:33 +0100] "GET / HTTP/1.1" 301 - www.dartmoorrunners.co.uk "-" "Mozilla/5.0 (Linux; Android 6.0.1; Nexus 5X Build/MMB29P) AppleWebKit/537.36 (KHTML, like Gecko) Chrome/121.0.6167.139 Mobile Safari/537.36 (compatible; Googlebot/2.1; +http://www.google.com/bot.html)" "-"
141.95.11.0 - - [03/Mar/2024:12:15:18 +0100] "POST /wp-login.php HTTP/1.1" 200 9043 dartmoorrunners.co.uk "-" "Mozilla/5.0 (Windows NT 6.1) AppleWebKit/537.36 (KHTML, like Gecko) Chrome/56.0.2924.87 Safari/537.36" "-"
2003:d9:af00:: - - [03/Mar/2024:12:21:36 +0100] "POST /xmlrpc.php HTTP/1.1" 200 403 dartmoorrunners.co.uk "-" "Mozilla/5.0 (Windows NT 10.0; Win64; x64; rv:91.0) Gecko/20100101 Firefox/91.0" "-"
82.165.88.0 - - [03/Mar/2024:12:33:16 +0100] "POST /wp-cron.php?doing_wp_cron=1709465596.8684129714965820312500 HTTP/1.1" 200 - dartmoorrunners.co.uk "http://dartmoorrunners.co.uk/wp-cron.php?doing_wp_cron=1709465596.8684129714965820312500" "WordPress/6.1.5; http://dartmoorrunners.co.uk" "-"
66.249.79.0 - - [03/Mar/2024:12:33:16 +0100] "GET / HTTP/1.1" 200 31573 dartmoorrunners.co.uk "-" "Mozilla/5.0 (Linux; Android 6.0.1; Nexus 5X Build/MMB29P) AppleWebKit/537.36 (KHTML, like Gecko) Chrome/121.0.6167.139 Mobile Safari/537.36 (compatible; Googlebot/2.1; +http://www.google.com/bot.html)" "-"
66.249.76.0 - - [03/Mar/2024:12:33:31 +0100] "GET / HTTP/1.1" 200 31573 dartmoorrunners.co.uk "-" "Mozilla/5.0 (compatible; Googlebot/2.1; +http://www.google.com/bot.html)" "-"
66.249.79.0 - - [03/Mar/2024:12:33:31 +0100] "GET / HTTP/1.1" 200 31573 dartmoorrunners.co.uk "-" "Mozilla/5.0 (compatible; Googlebot/2.1; +http://www.google.com/bot.html)" "-"
66.249.79.0 - - [03/Mar/2024:12:33:31 +0100] "GET / HTTP/1.1" 200 31573 dartmoorrunners.co.uk "-" "Mozilla/5.0 (Linux; Android 6.0.1; Nexus 5X Build/MMB29P) AppleWebKit/537.36 (KHTML, like Gecko) Chrome/99.0.4844.84 Mobile Safari/537.36 (compatible; Googlebot/2.1; +http://www.google.com/bot.html)" "-"
66.249.79.0 - - [03/Mar/2024:12:33:32 +0100] "GET / HTTP/1.1" 200 31573 dartmoorrunners.co.uk "-" "Mozilla/5.0 (Linux; Android 6.0.1; Nexus 5X Build/MMB29P) AppleWebKit/537.36 (KHTML, like Gecko) Chrome/99.0.4844.84 Mobile Safari/537.36 (compatible; Googlebot/2.1; +http://www.google.com/bot.html)" "-"
18.222.121.0 - - [03/Mar/2024:12:35:49 +0100] "GET /simple.php HTTP/1.1" 404 24761 dartmoorrunners.co.uk "http://simplesite.com" "Mozilla/5.0 (Windows; U; Windows NT 5.1; en-US) AppleWebKit/533.4 (KHTML, like Gecko) Chrome/5.0.375.99 Safari/533.4" "-"
66.249.76.0 - - [03/Mar/2024:13:06:22 +0100] "GET / HTTP/1.1" 200 31573 dartmoorrunners.co.uk "-" "Mozilla/5.0 (compatible; Googlebot/2.1; +http://www.google.com/bot.html)" "-"
104.131.177.0 - - [03/Mar/2024:13:10:09 +0100] "POST /wp-login.php HTTP/1.1" 200 9053 dartmoorrunners.co.uk "-" "Mozilla/5.0 (Windows NT 6.3; Win64; x64) AppleWebKit/537.36 (KHTML, like Gecko) Chrome/79.0.3945.88 Safari/537.36" "-"
95.211.210.0 - - [03/Mar/2024:13:16:32 +0100] "POST /xmlrpc.php HTTP/1.1" 200 403 dartmoorrunners.co.uk "-" "Mozilla/5.0 (X11; Linux x86_64) AppleWebKit/537.36 (KHTML, like Gecko) Chrome/64.0.3282.24 Safari/537.36" "-"
95.211.210.0 - - [03/Mar/2024:13:16:33 +0100] "POST /xmlrpc.php HTTP/1.1" 200 403 dartmoorrunners.co.uk "-" "Mozilla/5.0 (X11; Linux x86_64) AppleWebKit/537.36 (KHTML, like Gecko) Chrome/64.0.3282.24 Safari/537.36" "-"
95.211.210.0 - - [03/Mar/2024:13:16:34 +0100] "POST /xmlrpc.php HTTP/1.1" 403 618 dartmoorrunners.co.uk "-" "Mozilla/5.0 (X11; Linux x86_64) AppleWebKit/537.36 (KHTML, like Gecko) Chrome/64.0.3282.24 Safari/537.36" "-"
95.211.210.0 - - [03/Mar/2024:13:16:35 +0100] "POST /xmlrpc.php HTTP/1.1" 403 618 dartmoorrunners.co.uk "-" "Mozilla/5.0 (X11; Linux x86_64) AppleWebKit/537.36 (KHTML, like Gecko) Chrome/64.0.3282.24 Safari/537.36" "-"
95.211.210.0 - - [03/Mar/2024:13:16:36 +0100] "POST /xmlrpc.php HTTP/1.1" 403 618 dartmoorrunners.co.uk "-" "Mozilla/5.0 (X11; Linux x86_64) AppleWebKit/537.36 (KHTML, like Gecko) Chrome/64.0.3282.24 Safari/537.36" "-"
66.249.76.0 - - [03/Mar/2024:13:23:36 +0100] "GET /results/winter-series-2014-results HTTP/1.1" 200 25683 dartmoorrunners.co.uk "-" "Mozilla/5.0 (Linux; Android 6.0.1; Nexus 5X Build/MMB29P) AppleWebKit/537.36 (KHTML, like Gecko) Chrome/121.0.6167.139 Mobile Safari/537.36 (compatible; Googlebot/2.1; +http://www.google.com/bot.html)" "-"
82.165.88.0 - - [03/Mar/2024:13:36:14 +0100] "POST /wp-cron.php?doing_wp_cron=1709469374.6017990112304687500000 HTTP/1.1" 200 - dartmoorrunners.co.uk "http://dartmoorrunners.co.uk/wp-cron.php?doing_wp_cron=1709469374.6017990112304687500000" "WordPress/6.1.5; http://dartmoorrunners.co.uk" "-"
75.119.208.0 - - [03/Mar/2024:13:36:14 +0100] "POST /wp-login.php HTTP/1.1" 200 8997 dartmoorrunners.co.uk "-" "Mozilla/5.0 (Windows NT 6.1; Win64; x64) AppleWebKit/537.36 (KHTML, like Gecko) Chrome/60.0.3112.113 Safari/537.36" "-"
145.239.2.0 - - [03/Mar/2024:13:48:03 +0100] "POST /wp-login.php HTTP/1.1" 200 8998 dartmoorrunners.co.uk "-" "Mozilla/5.0 (Windows NT 10.0; Win64; x64) AppleWebKit/537.36 (KHTML, like Gecko) Chrome/87.0.4280.88 Safari/537.36" "-"
103.77.246.0 - - [03/Mar/2024:13:52:06 +0100] "GET /tinyfilemanager.php HTTP/1.1" 404 24761 dartmoorrunners.co.uk "-" "Mozilla/5.0 (Linux; Android 11; M2010J19SI) AppleWebKit/537.36 (KHTML, like Gecko) Chrome/109.0.0.0 Mobile Safari/537.36" "-"
103.77.246.0 - - [03/Mar/2024:13:52:09 +0100] "GET /tinyfilemanager/tinyfilemanager.php HTTP/1.1" 404 24761 dartmoorrunners.co.uk "-" "Mozilla/5.0 (Linux; Android 11; M2010J19SI) AppleWebKit/537.36 (KHTML, like Gecko) Chrome/109.0.0.0 Mobile Safari/537.36" "-"
103.77.246.0 - - [03/Mar/2024:13:52:09 +0100] "GET /fm.php HTTP/1.1" 404 24761 dartmoorrunners.co.uk "-" "Mozilla/5.0 (Linux; Android 11; M2010J19SI) AppleWebKit/537.36 (KHTML, like Gecko) Chrome/109.0.0.0 Mobile Safari/537.36" "-"
103.77.246.0 - - [03/Mar/2024:13:52:15 +0100] "GET /filemanager.php HTTP/1.1" 404 24761 dartmoorrunners.co.uk "-" "Mozilla/5.0 (Linux; Android 11; M2010J19SI) AppleWebKit/537.36 (KHTML, like Gecko) Chrome/109.0.0.0 Mobile Safari/537.36" "-"
