45.157.40.0 - - [15/Feb/2024:00:05:15 +0100] "POST /xmlrpc.php HTTP/1.1" 200 403 dartmoorrunners.co.uk "-" "Mozilla/5.0 (Windows NT 10.0; Win64; x64; rv:67.0) Gecko/20100101 Firefox/67.0" "-"
213.180.203.0 - - [15/Feb/2024:00:05:33 +0100] "GET /robots.txt HTTP/1.1" 200 121 dartmoorrunners.co.uk "-" "Mozilla/5.0 (compatible; YandexBot/3.0; +http://yandex.com/bots)" "-"
5.255.231.0 - - [15/Feb/2024:00:05:33 +0100] "GET / HTTP/1.1" 200 31576 dartmoorrunners.co.uk "-" "Mozilla/5.0 (compatible; YandexBot/3.0; +http://yandex.com/bots)" "-"
95.108.213.0 - - [15/Feb/2024:00:07:38 +0100] "GET / HTTP/1.1" 200 31576 dartmoorrunners.co.uk "-" "Mozilla/5.0 (compatible; YandexBot/3.0; +http://yandex.com/bots)" "-"
51.178.146.0 - - [15/Feb/2024:00:23:18 +0100] "GET /wp-content/admin.php HTTP/1.1" 404 24764 dartmoorrunners.co.uk "http://simplesite.com" "Mozilla/5.0 (Windows; U; Windows NT 5.1; en-US) AppleWebKit/533.4 (KHTML, like Gecko) Chrome/5.0.375.99 Safari/533.4" "-"
82.165.88.0 - - [15/Feb/2024:00:40:23 +0100] "POST /wp-cron.php?doing_wp_cron=1707954023.5816259384155273437500 HTTP/1.1" 200 - dartmoorrunners.co.uk "http://dartmoorrunners.co.uk/wp-cron.php?doing_wp_cron=1707954023.5816259384155273437500" "WordPress/6.1.5; http://dartmoorrunners.co.uk" "-"
51.222.253.0 - - [15/Feb/2024:00:40:23 +0100] "GET / HTTP/1.1" 200 31576 dartmoorrunners.co.uk "-" "Mozilla/5.0 (compatible; AhrefsBot/7.0; +http://ahrefs.com/robot/)" "-"
66.249.76.0 - - [15/Feb/2024:00:44:00 +0100] "GET / HTTP/1.1" 200 31576 dartmoorrunners.co.uk "-" "Mozilla/5.0 (compatible; Googlebot/2.1; +http://www.google.com/bot.html)" "-"
91.237.124.0 - - [15/Feb/2024:01:02:15 +0100] "GET / HTTP/1.1" 200 31575 dartmoorrunners.co.uk "http://dartmoorrunners.co.uk" "Mozilla/5.0 (Windows NT 10.0; Win64; x64) AppleWebKit/537.36 (KHTML, like Gecko) Chrome/80.0.3987.132 Safari/537.36" "-"
82.165.224.0 - - [15/Feb/2024:01:13:03 +0100] "GET /robots.txt HTTP/1.1" 200 121 dartmoorrunners.co.uk "-" "IonCrawl (https://www.ionos.de/terms-gtc/faq-crawler-en/)" "-"
82.165.224.0 - - [15/Feb/2024:01:13:54 +0100] "GET /wp-sitemap.xml HTTP/1.1" 200 562 dartmoorrunners.co.uk "-" "IonCrawl (https://www.ionos.de/terms-gtc/faq-crawler-en/)" "-"
82.165.224.0 - - [15/Feb/2024:01:16:49 +0100] "GET / HTTP/1.1" 200 31575 dartmoorrunners.co.uk "-" "IonCrawl (https://www.ionos.de/terms-gtc/faq-crawler-en/)" "-"
82.165.224.0 - - [15/Feb/2024:01:22:40 +0100] "GET /results/summer-series-2018-results HTTP/1.1" 200 25797 dartmoorrunners.co.uk "-" "IonCrawl (https://www.ionos.de/terms-gtc/faq-crawler-en/)" "-"
82.165.224.0 - - [15/Feb/2024:01:22:40 +0100] "GET /winter-series-2019-results HTTP/1.1" 200 25727 dartmoorrunners.co.uk "-" "IonCrawl (https://www.ionos.de/terms-gtc/faq-crawler-en/)" "-"
82.165.224.0 - - [15/Feb/2024:01:22:41 +0100] "GET /results/summer-series-2014-results HTTP/1.1" 200 25685 dartmoorrunners.co.uk "-" "IonCrawl (https://www.ionos.de/terms-gtc/faq-crawler-en/)" "-"
82.165.224.0 - - [15/Feb/2024:01:22:41 +0100] "GET /summer-series-2019-results HTTP/1.1" 200 25727 dartmoorrunners.co.uk "-" "IonCrawl (https://www.ionos.de/terms-gtc/faq-crawler-en/)" "-"
82.165.224.0 - - [15/Feb/2024:01:22:42 +0100] "GET /results/winter-series-2016-results HTTP/1.1" 200 25695 dartmoorrunners.co.uk "-" "IonCrawl (https://www.ionos.de/terms-gtc/faq-crawler-en/)" "-"
82.165.224.0 - - [15/Feb/2024:01:22:42 +0100] "GET /results/winter-series-2015-results HTTP/1.1" 200 25700 dartmoorrunners.co.uk "-" "IonCrawl (https://www.ionos.de/terms-gtc/faq-crawler-en/)" "-"
82.165.224.0 - - [15/Feb/2024:01:22:43 +0100] "GET /results/winter-series-2011-results HTTP/1.1" 200 44856 dartmoorrunners.co.uk "-" "IonCrawl (https://www.ionos.de/terms-gtc/faq-crawler-en/)" "-"
82.165.224.0 - - [15/Feb/2024:01:22:43 +0100] "GET /results/winter-series-2014-results HTTP/1.1" 200 25685 dartmoorrunners.co.uk "-" "IonCrawl (https://www.ionos.de/terms-gtc/faq-crawler-en/)" "-"
82.165.224.0 - - [15/Feb/2024:01:22:44 +0100] "GET /current-series-dates HTTP/1.1" 200 27887 dartmoorrunners.co.uk "-" "IonCrawl (https://www.ionos.de/terms-gtc/faq-crawler-en/)" "-"
82.165.224.0 - - [15/Feb/2024:01:22:46 +0100] "GET /results HTTP/1.1" 200 25108 dartmoorrunners.co.uk "-" "IonCrawl (https://www.ionos.de/terms-gtc/faq-crawler-en/)" "-"
82.165.224.0 - - [15/Feb/2024:01:22:47 +0100] "GET /results/winter-series-2013-results HTTP/1.1" 200 25734 dartmoorrunners.co.uk "-" "IonCrawl (https://www.ionos.de/terms-gtc/faq-crawler-en/)" "-"
82.165.224.0 - - [15/Feb/2024:01:22:49 +0100] "GET / HTTP/1.1" 200 31575 dartmoorrunners.co.uk "-" "IonCrawl (https://www.ionos.de/terms-gtc/faq-crawler-en/)" "-"
82.165.224.0 - - [15/Feb/2024:01:22:51 +0100] "GET /results/summer-series-2017-results HTTP/1.1" 200 25706 dartmoorrunners.co.uk "-" "IonCrawl (https://www.ionos.de/terms-gtc/faq-crawler-en/)" "-"
82.165.224.0 - - [15/Feb/2024:01:22:51 +0100] "GET /results/winter-series-2012-results HTTP/1.1" 200 25917 dartmoorrunners.co.uk "-" "IonCrawl (https://www.ionos.de/terms-gtc/faq-crawler-en/)" "-"
82.165.224.0 - - [15/Feb/2024:01:22:52 +0100] "GET /results/summer-series-2013-results HTTP/1.1" 200 25696 dartmoorrunners.co.uk "-" "IonCrawl (https://www.ionos.de/terms-gtc/faq-crawler-en/)" "-"
82.165.224.0 - - [15/Feb/2024:01:22:52 +0100] "GET /summer-series-2023 HTTP/1.1" 200 27250 dartmoorrunners.co.uk "-" "IonCrawl (https://www.ionos.de/terms-gtc/faq-crawler-en/)" "-"
82.165.224.0 - - [15/Feb/2024:01:22:53 +0100] "GET /results/summer-series-2012-results HTTP/1.1" 200 39432 dartmoorrunners.co.uk "-" "IonCrawl (https://www.ionos.de/terms-gtc/faq-crawler-en/)" "-"
82.165.224.0 - - [15/Feb/2024:01:22:53 +0100] "GET /results/summer-series-2016-results HTTP/1.1" 200 25700 dartmoorrunners.co.uk "-" "IonCrawl (https://www.ionos.de/terms-gtc/faq-crawler-en/)" "-"
82.165.224.0 - - [15/Feb/2024:01:22:53 +0100] "GET /results/summer-series-2015-results HTTP/1.1" 200 25685 dartmoorrunners.co.uk "-" "IonCrawl (https://www.ionos.de/terms-gtc/faq-crawler-en/)" "-"
82.165.88.0 - - [15/Feb/2024:01:33:32 +0100] "POST /wp-cron.php?doing_wp_cron=1707957212.4899940490722656250000 HTTP/1.1" 200 - dartmoorrunners.co.uk "http://dartmoorrunners.co.uk/wp-cron.php?doing_wp_cron=1707957212.4899940490722656250000" "WordPress/6.1.5; http://dartmoorrunners.co.uk" "-"
173.212.200.0 - - [15/Feb/2024:01:33:32 +0100] "POST /xmlrpc.php HTTP/1.1" 200 403 dartmoorrunners.co.uk "-" "Mozilla/5.0 (Windows NT 10.0; Win64; x64; rv:77.0) Gecko/20100101 Firefox/77.0" "-"
192.185.4.0 - - [15/Feb/2024:01:51:01 +0100] "GET /wordpress/ HTTP/1.1" 404 24763 dartmoorrunners.co.uk "-" "-" "-"
5.188.62.0 - - [15/Feb/2024:02:35:01 +0100] "GET /wp-login.php?wp_lang=en_US HTTP/1.1" 200 6947 dartmoorrunners.co.uk "-" "Mozilla/5.0 (Windows NT 10.0; Win64; x64) AppleWebKit/537.36 (KHTML, like Gecko) Chrome/100.0.4896.127 Safari/537.36" "-"
82.165.88.0 - - [15/Feb/2024:02:35:02 +0100] "POST /wp-cron.php?doing_wp_cron=1707960902.1654560565948486328125 HTTP/1.1" 200 - dartmoorrunners.co.uk "http://dartmoorrunners.co.uk/wp-cron.php?doing_wp_cron=1707960902.1654560565948486328125" "WordPress/6.1.5; http://dartmoorrunners.co.uk" "-"
5.255.231.0 - - [15/Feb/2024:02:47:50 +0100] "GET /robots.txt HTTP/1.1" 200 121 dartmoorrunners.co.uk "-" "Mozilla/5.0 (compatible; YandexBot/3.0; +http://yandex.com/bots)" "-"
5.255.231.0 - - [15/Feb/2024:02:47:51 +0100] "GET / HTTP/1.1" 200 31575 dartmoorrunners.co.uk "-" "Mozilla/5.0 (compatible; YandexBot/3.0; +http://yandex.com/bots)" "-"
213.180.203.0 - - [15/Feb/2024:02:49:55 +0100] "GET / HTTP/1.1" 200 31575 dartmoorrunners.co.uk "-" "Mozilla/5.0 (compatible; YandexBot/3.0; +http://yandex.com/bots)" "-"
198.98.51.0 - - [15/Feb/2024:02:52:22 +0100] "POST /xmlrpc.php HTTP/1.1" 200 403 dartmoorrunners.co.uk "-" "Mozilla/5.0 (Macintosh; Intel Mac OS X 10_11_6) AppleWebKit/601.7.7 (KHTML, like Gecko) Version/9.1.2 Safari/601.7.7" "-"
198.98.51.0 - - [15/Feb/2024:02:52:23 +0100] "POST /xmlrpc.php HTTP/1.1" 200 403 dartmoorrunners.co.uk "-" "Mozilla/5.0 (Macintosh; Intel Mac OS X 10_11_6) AppleWebKit/601.7.7 (KHTML, like Gecko) Version/9.1.2 Safari/601.7.7" "-"
198.98.51.0 - - [15/Feb/2024:02:52:24 +0100] "POST /xmlrpc.php HTTP/1.1" 403 618 dartmoorrunners.co.uk "-" "Mozilla/5.0 (Macintosh; Intel Mac OS X 10_11_6) AppleWebKit/601.7.7 (KHTML, like Gecko) Version/9.1.2 Safari/601.7.7" "-"
198.98.51.0 - - [15/Feb/2024:02:52:25 +0100] "POST /xmlrpc.php HTTP/1.1" 403 618 dartmoorrunners.co.uk "-" "Mozilla/5.0 (Macintosh; Intel Mac OS X 10_11_6) AppleWebKit/601.7.7 (KHTML, like Gecko) Version/9.1.2 Safari/601.7.7" "-"
198.98.51.0 - - [15/Feb/2024:02:52:26 +0100] "POST /xmlrpc.php HTTP/1.1" 403 618 dartmoorrunners.co.uk "-" "Mozilla/5.0 (Macintosh; Intel Mac OS X 10_11_6) AppleWebKit/601.7.7 (KHTML, like Gecko) Version/9.1.2 Safari/601.7.7" "-"
94.130.105.0 - - [15/Feb/2024:03:10:55 +0100] "POST /xmlrpc.php HTTP/1.1" 200 403 dartmoorrunners.co.uk "-" "Mozilla/5.0 (Windows NT 10.0; Win64; x64; rv:42.0) Gecko/20100101 Firefox/42.0" "-"
2001:41d0:: - - [15/Feb/2024:03:21:51 +0100] "POST /xmlrpc.php HTTP/1.1" 200 403 dartmoorrunners.co.uk "-" "Mozilla/5.0 (Windows NT 10.0; Win64; x64; rv:56.0) Gecko/20100101 Firefox/56.0" "-"
172.93.111.0 - - [15/Feb/2024:03:49:26 +0100] "GET //.env HTTP/1.1" 301 - dartmoorrunners.co.uk "-" "Go-http-client/1.1" "-"
82.165.88.0 - - [15/Feb/2024:03:49:26 +0100] "POST /wp-cron.php?doing_wp_cron=1707965366.2405738830566406250000 HTTP/1.1" 200 - dartmoorrunners.co.uk "http://dartmoorrunners.co.uk/wp-cron.php?doing_wp_cron=1707965366.2405738830566406250000" "WordPress/6.1.5; http://dartmoorrunners.co.uk" "-"
81.94.159.0 - - [15/Feb/2024:04:11:29 +0100] "GET /wp-content/plugins/WordPressCore/include.php HTTP/1.1" 404 24763 dartmoorrunners.co.uk "-" "Mozilla/4.0 (compatible; MSIE 6.0; Windows NT 5.1; SV1)" "-"
195.201.106.0 - - [15/Feb/2024:04:20:00 +0100] "GET /robots.txt HTTP/1.1" 200 121 dartmoorrunners.co.uk "-" "Mozilla/5.0 (compatible; AwarioBot/1.0; +https://awario.com/bots.html)" "-"
195.201.106.0 - - [15/Feb/2024:04:20:00 +0100] "GET /wp-sitemap.xml HTTP/1.1" 200 562 dartmoorrunners.co.uk "-" "Mozilla/5.0 (compatible; AwarioBot/1.0; +https://awario.com/bots.html)" "-"
195.201.106.0 - - [15/Feb/2024:04:20:04 +0100] "GET /comments/feed HTTP/1.1" 200 827 dartmoorrunners.co.uk "-" "Mozilla/5.0 (compatible; AwarioBot/1.0; +https://awario.com/bots.html)" "-"
195.201.106.0 - - [15/Feb/2024:04:20:08 +0100] "GET /current-series-dates HTTP/1.1" 200 27887 dartmoorrunners.co.uk "-" "Mozilla/5.0 (compatible; AwarioBot/1.0; +https://awario.com/bots.html)" "-"
195.201.106.0 - - [15/Feb/2024:04:20:15 +0100] "GET /feed HTTP/1.1" 200 1728 dartmoorrunners.co.uk "-" "Mozilla/5.0 (compatible; AwarioBot/1.0; +https://awario.com/bots.html)" "-"
195.201.106.0 - - [15/Feb/2024:04:20:18 +0100] "GET /results HTTP/1.1" 200 25108 dartmoorrunners.co.uk "-" "Mozilla/5.0 (compatible; AwarioBot/1.0; +https://awario.com/bots.html)" "-"
195.201.106.0 - - [15/Feb/2024:04:20:21 +0100] "GET /results/summer-series-2012-results HTTP/1.1" 200 39432 dartmoorrunners.co.uk "-" "Mozilla/5.0 (compatible; AwarioBot/1.0; +https://awario.com/bots.html)" "-"
195.201.106.0 - - [15/Feb/2024:04:20:36 +0100] "GET /results/summer-series-2013-results HTTP/1.1" 200 25696 dartmoorrunners.co.uk "-" "Mozilla/5.0 (compatible; AwarioBot/1.0; +https://awario.com/bots.html)" "-"
195.201.106.0 - - [15/Feb/2024:04:20:39 +0100] "GET /results/summer-series-2014-results HTTP/1.1" 200 25685 dartmoorrunners.co.uk "-" "Mozilla/5.0 (compatible; AwarioBot/1.0; +https://awario.com/bots.html)" "-"
195.201.106.0 - - [15/Feb/2024:04:20:46 +0100] "GET /results/summer-series-2015-results HTTP/1.1" 200 25685 dartmoorrunners.co.uk "-" "Mozilla/5.0 (compatible; AwarioBot/1.0; +https://awario.com/bots.html)" "-"
195.201.106.0 - - [15/Feb/2024:04:20:59 +0100] "GET /results/summer-series-2016-results HTTP/1.1" 200 25700 dartmoorrunners.co.uk "-" "Mozilla/5.0 (compatible; AwarioBot/1.0; +https://awario.com/bots.html)" "-"
195.201.106.0 - - [15/Feb/2024:04:21:03 +0100] "GET /results/summer-series-2017-results HTTP/1.1" 200 25706 dartmoorrunners.co.uk "-" "Mozilla/5.0 (compatible; AwarioBot/1.0; +https://awario.com/bots.html)" "-"
195.201.106.0 - - [15/Feb/2024:04:21:09 +0100] "GET /results/summer-series-2018-results HTTP/1.1" 200 25797 dartmoorrunners.co.uk "-" "Mozilla/5.0 (compatible; AwarioBot/1.0; +https://awario.com/bots.html)" "-"
195.201.106.0 - - [15/Feb/2024:04:21:12 +0100] "GET /results/winter-series-2011-results HTTP/1.1" 200 44856 dartmoorrunners.co.uk "-" "Mozilla/5.0 (compatible; AwarioBot/1.0; +https://awario.com/bots.html)" "-"
195.201.106.0 - - [15/Feb/2024:04:21:15 +0100] "GET /results/winter-series-2012-results HTTP/1.1" 200 25917 dartmoorrunners.co.uk "-" "Mozilla/5.0 (compatible; AwarioBot/1.0; +https://awario.com/bots.html)" "-"
195.201.106.0 - - [15/Feb/2024:04:21:21 +0100] "GET /results/winter-series-2013-results HTTP/1.1" 200 25734 dartmoorrunners.co.uk "-" "Mozilla/5.0 (compatible; AwarioBot/1.0; +https://awario.com/bots.html)" "-"
195.201.106.0 - - [15/Feb/2024:04:21:24 +0100] "GET /results/winter-series-2014-results HTTP/1.1" 200 25685 dartmoorrunners.co.uk "-" "Mozilla/5.0 (compatible; AwarioBot/1.0; +https://awario.com/bots.html)" "-"
195.201.106.0 - - [15/Feb/2024:04:21:28 +0100] "GET /results/winter-series-2015-results HTTP/1.1" 200 25700 dartmoorrunners.co.uk "-" "Mozilla/5.0 (compatible; AwarioBot/1.0; +https://awario.com/bots.html)" "-"
195.201.106.0 - - [15/Feb/2024:04:21:33 +0100] "GET /results/winter-series-2016-results HTTP/1.1" 200 25695 dartmoorrunners.co.uk "-" "Mozilla/5.0 (compatible; AwarioBot/1.0; +https://awario.com/bots.html)" "-"
195.201.106.0 - - [15/Feb/2024:04:21:36 +0100] "GET /sample-page/feed HTTP/1.1" 200 819 dartmoorrunners.co.uk "-" "Mozilla/5.0 (compatible; AwarioBot/1.0; +https://awario.com/bots.html)" "-"
195.201.106.0 - - [15/Feb/2024:04:21:40 +0100] "GET /summer-series-2019-results HTTP/1.1" 200 25727 dartmoorrunners.co.uk "-" "Mozilla/5.0 (compatible; AwarioBot/1.0; +https://awario.com/bots.html)" "-"
195.201.106.0 - - [15/Feb/2024:04:21:44 +0100] "GET /summer-series-2023 HTTP/1.1" 200 27250 dartmoorrunners.co.uk "-" "Mozilla/5.0 (compatible; AwarioBot/1.0; +https://awario.com/bots.html)" "-"
195.201.106.0 - - [15/Feb/2024:04:21:47 +0100] "GET /winter-series-2019-results HTTP/1.1" 200 25727 dartmoorrunners.co.uk "-" "Mozilla/5.0 (compatible; AwarioBot/1.0; +https://awario.com/bots.html)" "-"
195.201.106.0 - - [15/Feb/2024:04:21:51 +0100] "GET /winter-series-2022-results HTTP/1.1" 200 25786 dartmoorrunners.co.uk "-" "Mozilla/5.0 (compatible; AwarioBot/1.0; +https://awario.com/bots.html)" "-"
195.201.106.0 - - [15/Feb/2024:04:21:58 +0100] "GET /winter-series-2023 HTTP/1.1" 200 27640 dartmoorrunners.co.uk "-" "Mozilla/5.0 (compatible; AwarioBot/1.0; +https://awario.com/bots.html)" "-"
195.201.106.0 - - [15/Feb/2024:04:22:02 +0100] "GET /robots.txt HTTP/1.1" 200 121 dartmoorrunners.co.uk "-" "Mozilla/5.0 (compatible; AwarioBot/1.0; +https://awario.com/bots.html)" "-"
195.201.106.0 - - [15/Feb/2024:04:22:02 +0100] "GET /winter-series-results-2017 HTTP/1.1" 200 25719 dartmoorrunners.co.uk "-" "Mozilla/5.0 (compatible; AwarioBot/1.0; +https://awario.com/bots.html)" "-"
195.201.106.0 - - [15/Feb/2024:04:22:06 +0100] "GET /winter-series-results-2018 HTTP/1.1" 200 25719 dartmoorrunners.co.uk "-" "Mozilla/5.0 (compatible; AwarioBot/1.0; +https://awario.com/bots.html)" "-"
82.165.88.0 - - [15/Feb/2024:04:44:45 +0100] "POST /wp-cron.php?doing_wp_cron=1707968685.9269819259643554687500 HTTP/1.1" 200 - dartmoorrunners.co.uk "http://dartmoorrunners.co.uk/wp-cron.php?doing_wp_cron=1707968685.9269819259643554687500" "WordPress/6.1.5; http://dartmoorrunners.co.uk" "-"
2a00:f940:: - - [15/Feb/2024:04:44:45 +0100] "POST /xmlrpc.php HTTP/1.1" 200 403 dartmoorrunners.co.uk "-" "Mozilla/5.0 (Windows NT 10.0; Win64; x64; rv:55.0) Gecko/20100101 Firefox/55.0" "-"
82.165.88.0 - - [15/Feb/2024:05:29:58 +0100] "POST /wp-cron.php?doing_wp_cron=1707971398.6989378929138183593750 HTTP/1.1" 200 - dartmoorrunners.co.uk "http://dartmoorrunners.co.uk/wp-cron.php?doing_wp_cron=1707971398.6989378929138183593750" "WordPress/6.1.5; http://dartmoorrunners.co.uk" "-"
185.220.100.0 - - [15/Feb/2024:05:29:58 +0100] "GET / HTTP/1.1" 200 31575 dartmoorrunners.co.uk "dartmoorrunners.co.uk" "Mozilla/5.0 (Windows NT 6.3; WOW64) AppleWebKit/537.36 (KHTML, like Gecko) Chrome/45.0.2454.101 YaBrowser/15.10.2454.3865 Safari/537.36" "-"
5.255.231.0 - - [15/Feb/2024:05:34:32 +0100] "GET /robots.txt HTTP/1.1" 200 121 dartmoorrunners.co.uk "-" "Mozilla/5.0 (compatible; YandexBot/3.0; +http://yandex.com/bots)" "-"
87.250.224.0 - - [15/Feb/2024:05:34:32 +0100] "GET / HTTP/1.1" 200 31575 dartmoorrunners.co.uk "-" "Mozilla/5.0 (compatible; YandexBot/3.0; +http://yandex.com/bots)" "-"
213.180.203.0 - - [15/Feb/2024:05:36:37 +0100] "GET / HTTP/1.1" 200 31575 dartmoorrunners.co.uk "-" "Mozilla/5.0 (compatible; YandexBot/3.0; +http://yandex.com/bots)" "-"
195.191.219.0 - - [15/Feb/2024:06:14:31 +0100] "GET /robots.txt HTTP/1.1" 200 121 dartmoorrunners.co.uk "-" "Mozilla/5.0 (compatible; MJ12bot/v1.4.8; http://mj12bot.com/)" "-"
195.191.219.0 - - [15/Feb/2024:06:14:33 +0100] "GET / HTTP/1.1" 200 31575 dartmoorrunners.co.uk "-" "Mozilla/5.0 (compatible; MJ12bot/v1.4.8; http://mj12bot.com/)" "-"
152.44.38.0 - - [15/Feb/2024:06:23:20 +0100] "POST /xmlrpc.php HTTP/1.1" 200 403 dartmoorrunners.co.uk "-" "Mozilla/5.0 (Windows NT 10.0; Win64; x64; rv:45.0) Gecko/20100101 Firefox/45.0" "-"
82.165.88.0 - - [15/Feb/2024:06:36:48 +0100] "POST /wp-cron.php?doing_wp_cron=1707975408.6599740982055664062500 HTTP/1.1" 200 - dartmoorrunners.co.uk "http://dartmoorrunners.co.uk/wp-cron.php?doing_wp_cron=1707975408.6599740982055664062500" "WordPress/6.1.5; http://dartmoorrunners.co.uk" "-"
79.96.57.0 - - [15/Feb/2024:06:36:48 +0100] "GET /wp-admin/user/index.php HTTP/1.1" 302 - dartmoorrunners.co.uk "http://simplesite.com" "Mozilla/5.0 (Windows; U; Windows NT 5.1; en-US) AppleWebKit/533.4 (KHTML, like Gecko) Chrome/5.0.375.99 Safari/533.4" "-"
79.96.57.0 - - [15/Feb/2024:06:36:48 +0100] "GET /wp-login.php?redirect_to=http%3A%2F%2Fdartmoorrunners.co.uk%2Fwp-admin%2Fuser%2Findex.php&reauth=1 HTTP/1.1" 200 8752 dartmoorrunners.co.uk "http://dartmoorrunners.co.uk/wp-admin/user/index.php" "Mozilla/5.0 (Windows; U; Windows NT 5.1; en-US) AppleWebKit/533.4 (KHTML, like Gecko) Chrome/5.0.375.99 Safari/533.4" "-"
52.167.144.0 - - [15/Feb/2024:07:00:54 +0100] "GET /robots.txt HTTP/1.1" 200 121 dartmoorrunners.co.uk "-" "Mozilla/5.0 AppleWebKit/537.36 (KHTML, like Gecko; compatible; bingbot/2.0; +http://www.bing.com/bingbot.htm) Chrome/116.0.1938.76 Safari/537.36" "-"
40.77.167.0 - - [15/Feb/2024:07:00:57 +0100] "GET /wp-sitemap.xml HTTP/1.1" 200 562 dartmoorrunners.co.uk "-" "Mozilla/5.0 AppleWebKit/537.36 (KHTML, like Gecko; compatible; bingbot/2.0; +http://www.bing.com/bingbot.htm) Chrome/116.0.1938.76 Safari/537.36" "-"
5.188.62.0 - - [15/Feb/2024:07:17:16 +0100] "GET /wp-login.php?wp_lang=en_US HTTP/1.1" 200 6947 dartmoorrunners.co.uk "-" "Mozilla/5.0 (Windows NT 10.0; Win64; x64) AppleWebKit/537.36 (KHTML, like Gecko) Chrome/100.0.4895.86 Safari/537.36" "-"
5.188.62.0 - - [15/Feb/2024:07:17:19 +0100] "GET /wp-login.php?wp_lang=en_US HTTP/1.1" 200 6947 dartmoorrunners.co.uk "-" "Mozilla/5.0 (Windows NT 6.1; WOW64) AppleWebKit/537.36 (KHTML, like Gecko) Chrome/100.0.4895.86 Safari/537.36" "-"
5.188.62.0 - - [15/Feb/2024:07:17:20 +0100] "POST /wp-login.php?wp_lang=en_US HTTP/1.1" 200 7367 dartmoorrunners.co.uk "-" "Mozilla/5.0 (Windows NT 10.0; Win64; x64) AppleWebKit/537.36 (KHTML, like Gecko) Chrome/100.0.4895.86 Safari/537.36" "-"
5.188.62.0 - - [15/Feb/2024:07:17:23 +0100] "POST /wp-login.php?wp_lang=en_US HTTP/1.1" 503 299 dartmoorrunners.co.uk "-" "Mozilla/5.0 (Windows NT 6.1; WOW64) AppleWebKit/537.36 (KHTML, like Gecko) Chrome/100.0.4895.86 Safari/537.36" "-"
196.217.240.0 - - [15/Feb/2024:07:18:00 +0100] "POST /wp-login.php?wp_lang=en_US HTTP/1.1" 200 7377 dartmoorrunners.co.uk "-" "Mozilla/5.0 (Windows NT 6.1; WOW64) AppleWebKit/537.36 (KHTML, like Gecko) Chrome/100.0.4895.86 Safari/537.36" "-"
66.249.66.0 - - [15/Feb/2024:07:21:06 +0100] "GET / HTTP/1.1" 200 31575 dartmoorrunners.co.uk "-" "Mozilla/5.0 (compatible; Googlebot/2.1; +http://www.google.com/bot.html)" "-"
66.249.76.0 - - [15/Feb/2024:07:22:18 +0100] "GET /ads.txt HTTP/1.1" 200 160 dartmoorrunners.co.uk "-" "Mozilla/5.0 (compatible; Googlebot/2.1; +http://www.google.com/bot.html)" "-"
82.165.88.0 - - [15/Feb/2024:07:32:41 +0100] "POST /wp-cron.php?doing_wp_cron=1707978761.4885311126708984375000 HTTP/1.1" 200 - dartmoorrunners.co.uk "http://dartmoorrunners.co.uk/wp-cron.php?doing_wp_cron=1707978761.4885311126708984375000" "WordPress/6.1.5; http://dartmoorrunners.co.uk" "-"
3.236.254.0 - - [15/Feb/2024:07:32:41 +0100] "GET /robots.txt HTTP/1.1" 200 121 dartmoorrunners.co.uk "-" "ClaudeBot" "-"
3.236.254.0 - - [15/Feb/2024:07:32:44 +0100] "GET /current-series-dates HTTP/1.1" 200 27887 dartmoorrunners.co.uk "-" "ClaudeBot" "-"
54.38.85.0 - - [15/Feb/2024:08:03:15 +0100] "POST /xmlrpc.php HTTP/1.1" 200 403 dartmoorrunners.co.uk "-" "Mozilla/5.0 (Windows NT 10.0; Win64; x64; rv:85.0) Gecko/20100101 Firefox/85.0" "-"
3.87.156.0 - - [15/Feb/2024:08:08:40 +0100] "GET /results/summer-series-2017-results HTTP/1.1" 200 25706 dartmoorrunners.co.uk "-" "ClaudeBot" "-"
54.81.250.0 - - [15/Feb/2024:08:11:15 +0100] "GET /results/winter-series-2012-results HTTP/1.1" 200 25917 dartmoorrunners.co.uk "-" "ClaudeBot" "-"
167.99.197.0 - - [15/Feb/2024:08:22:37 +0100] "GET / HTTP/1.1" 200 31575 dartmoorrunners.co.uk "-" "Mozilla/5.0 (X11; Linux x86_64) AppleWebKit/537.36 (KHTML, like Gecko) Chrome/108.0.0.0 Safari/537.36" "-"
5.255.231.0 - - [15/Feb/2024:08:24:05 +0100] "GET /robots.txt HTTP/1.1" 200 121 dartmoorrunners.co.uk "-" "Mozilla/5.0 (compatible; YandexBot/3.0; +http://yandex.com/bots)" "-"
95.108.213.0 - - [15/Feb/2024:08:24:06 +0100] "GET / HTTP/1.1" 200 31575 dartmoorrunners.co.uk "-" "Mozilla/5.0 (compatible; YandexBot/3.0; +http://yandex.com/bots)" "-"
3.236.57.0 - - [15/Feb/2024:08:24:42 +0100] "GET /results/winter-series-2016-results HTTP/1.1" 200 25695 dartmoorrunners.co.uk "-" "ClaudeBot" "-"
213.180.203.0 - - [15/Feb/2024:08:26:12 +0100] "GET / HTTP/1.1" 200 31575 dartmoorrunners.co.uk "-" "Mozilla/5.0 (compatible; YandexBot/3.0; +http://yandex.com/bots)" "-"
82.165.88.0 - - [15/Feb/2024:08:29:21 +0100] "POST /wp-cron.php?doing_wp_cron=1707982161.9768629074096679687500 HTTP/1.1" 200 - dartmoorrunners.co.uk "http://dartmoorrunners.co.uk/wp-cron.php?doing_wp_cron=1707982161.9768629074096679687500" "WordPress/6.1.5; http://dartmoorrunners.co.uk" "-"
66.249.76.0 - - [15/Feb/2024:08:29:21 +0100] "GET /winter-series-2023 HTTP/1.1" 200 27640 dartmoorrunners.co.uk "-" "Mozilla/5.0 (Linux; Android 6.0.1; Nexus 5X Build/MMB29P) AppleWebKit/537.36 (KHTML, like Gecko) Chrome/121.0.6167.139 Mobile Safari/537.36 (compatible; Googlebot/2.1; +http://www.google.com/bot.html)" "-"
91.237.124.0 - - [15/Feb/2024:08:33:53 +0100] "GET / HTTP/1.1" 200 31575 dartmoorrunners.co.uk "http://dartmoorrunners.co.uk" "Mozilla/5.0 (Windows NT 10.0; Win64; x64) AppleWebKit/537.36 (KHTML, like Gecko) Chrome/80.0.3987.132 Safari/537.36" "-"
82.165.88.0 - - [15/Feb/2024:08:33:53 +0100] "POST /wp-cron.php?doing_wp_cron=1707982433.6966400146484375000000 HTTP/1.1" 200 - dartmoorrunners.co.uk "http://dartmoorrunners.co.uk/wp-cron.php?doing_wp_cron=1707982433.6966400146484375000000" "WordPress/6.1.5; http://dartmoorrunners.co.uk" "-"
66.249.66.0 - - [15/Feb/2024:08:42:01 +0100] "GET /results/winter-series-2014-results HTTP/1.1" 200 25685 dartmoorrunners.co.uk "-" "Mozilla/5.0 (Linux; Android 6.0.1; Nexus 5X Build/MMB29P) AppleWebKit/537.36 (KHTML, like Gecko) Chrome/121.0.6167.139 Mobile Safari/537.36 (compatible; Googlebot/2.1; +http://www.google.com/bot.html)" "-"
44.210.106.0 - - [15/Feb/2024:08:57:39 +0100] "GET /robots.txt HTTP/1.1" 200 121 dartmoorrunners.co.uk "-" "ClaudeBot" "-"
44.210.106.0 - - [15/Feb/2024:08:57:41 +0100] "GET /results/winter-series-2012-results HTTP/1.1" 200 25917 dartmoorrunners.co.uk "-" "ClaudeBot" "-"
3.215.134.0 - - [15/Feb/2024:08:59:04 +0100] "GET /comments/feed HTTP/1.1" 200 827 dartmoorrunners.co.uk "-" "ClaudeBot" "-"
45.132.246.0 - - [15/Feb/2024:09:05:27 +0100] "GET / HTTP/1.1" 200 31575 dartmoorrunners.co.uk "http://dartmoorrunners.co.uk" "Mozilla/5.0 (Windows NT 10.0; Win64; x64) AppleWebKit/537.36 (KHTML, like Gecko) Chrome/89.0.4389.90 Safari/537.36 Edg/89.0.774.57" "-"
192.42.116.0 - - [15/Feb/2024:09:05:33 +0100] "GET /?author=2 HTTP/1.1" 200 24957 dartmoorrunners.co.uk "http://dartmoorrunners.co.uk/" "Mozilla/5.0 (Windows NT 6.3; Win64; x64) AppleWebKit/537.36 (KHTML, like Gecko) Chrome/67.0.3396.99 Safari/537.36" "-"
102.130.113.0 - - [15/Feb/2024:09:05:35 +0100] "GET /?author=3 HTTP/1.1" 404 24763 dartmoorrunners.co.uk "http://dartmoorrunners.co.uk/" "Mozilla/4.0 (compatible; MSIE 6.0; Windows NT 5.0; .NET CLR 1.1.4322)" "-"
192.42.116.0 - - [15/Feb/2024:09:05:38 +0100] "GET /?author=4 HTTP/1.1" 404 24763 dartmoorrunners.co.uk "http://dartmoorrunners.co.uk/" "Mozilla/5.0 (Macintosh; Intel Mac OS X 10_14_6) AppleWebKit/605.1.15 (KHTML, like Gecko) Version/13.0.3 Safari/605.1.15" "-"
185.220.100.0 - - [15/Feb/2024:09:05:39 +0100] "GET /?author=5 HTTP/1.1" 404 24763 dartmoorrunners.co.uk "http://dartmoorrunners.co.uk/" "Mozilla/5.0 (iPhone; CPU iPhone OS 13_3_1 like Mac OS X) AppleWebKit/605.1.15 (KHTML, like Gecko) Version/13.0.5 Mobile/15E148 Safari/604.1" "-"
185.220.100.0 - - [15/Feb/2024:09:05:41 +0100] "GET /wp-json/wp/v2/users/1 HTTP/1.1" 200 582 dartmoorrunners.co.uk "http://dartmoorrunners.co.uk/" "Mozilla/5.0 (Windows NT 10.0; Win64; x64) AppleWebKit/537.36 (KHTML, like Gecko) Chrome/70.0.3538.77 Safari/537.36" "-"
92.205.31.0 - - [15/Feb/2024:09:05:42 +0100] "GET /wp-json/wp/v2/users/2 HTTP/1.1" 401 108 dartmoorrunners.co.uk "http://dartmoorrunners.co.uk/" "Mozilla/5.0 (Windows NT 6.1; WOW64) AppleWebKit/537.36 (KHTML, like Gecko) Chrome/34.0.1847.131 Safari/537.36" "-"
185.220.101.0 - - [15/Feb/2024:09:05:43 +0100] "GET /wp-json/wp/v2/users/3 HTTP/1.1" 404 82 dartmoorrunners.co.uk "http://dartmoorrunners.co.uk/" "Mozilla/5.0 (Macintosh; Intel Mac OS X 10_11_3) AppleWebKit/601.4.4 (KHTML, like Gecko) Version/9.0.3 Safari/601.4.4" "-"
192.42.116.0 - - [15/Feb/2024:09:05:44 +0100] "GET /wp-json/wp/v2/users/4 HTTP/1.1" 404 82 dartmoorrunners.co.uk "http://dartmoorrunners.co.uk/" "Mozilla/5.0 (compatible; MSIE 9.0; Windows NT 6.1; Trident/5.0)" "-"
192.42.116.0 - - [15/Feb/2024:09:05:47 +0100] "GET /wp-json/wp/v2/users/5 HTTP/1.1" 404 82 dartmoorrunners.co.uk "http://dartmoorrunners.co.uk/" "Mozilla/4.0 (compatible; MSIE 5.01; Windows NT 5.0)" "-"
95.151.95.0 - - [15/Feb/2024:09:10:04 +0100] "GET / HTTP/1.1" 200 425 dartmoorrunners.co.uk "-" "Mozilla/5.0 (iPhone; CPU iPhone OS 16_3_1 like Mac OS X) AppleWebKit/605.1.15 (KHTML, like Gecko) Version/16.3 Mobile/15E148 Safari/604.1" "-"
173.249.52.0 - - [15/Feb/2024:09:22:34 +0100] "GET /wp-content/themes/seotheme/db.php?u HTTP/1.1" 404 24763 dartmoorrunners.co.uk "-" "Mozlila/5.0 (Linux; Android 7.0; SM-G892A Bulid/NRD90M; wv) AppleWebKit/537.36 (KHTML, like Gecko) Version/4.0 Chrome/60.0.3112.107 Moblie Safari/537.36" "-"
173.249.52.0 - - [15/Feb/2024:09:22:40 +0100] "GET /wp-content/themes/pridmag/db.php?u HTTP/1.1" 404 24763 dartmoorrunners.co.uk "-" "Mozlila/5.0 (Linux; Android 7.0; SM-G892A Bulid/NRD90M; wv) AppleWebKit/537.36 (KHTML, like Gecko) Version/4.0 Chrome/60.0.3112.107 Moblie Safari/537.36" "-"
173.249.52.0 - - [15/Feb/2024:09:22:50 +0100] "GET /wp-content/plugins/linkpreview/db.php?u HTTP/1.1" 404 24763 dartmoorrunners.co.uk "-" "Mozlila/5.0 (Linux; Android 7.0; SM-G892A Bulid/NRD90M; wv) AppleWebKit/537.36 (KHTML, like Gecko) Version/4.0 Chrome/60.0.3112.107 Moblie Safari/537.36" "-"
34.204.198.0 - - [15/Feb/2024:09:22:53 +0100] "GET /feed HTTP/1.1" 200 1728 dartmoorrunners.co.uk "-" "ClaudeBot" "-"
82.165.88.0 - - [15/Feb/2024:09:34:04 +0100] "POST /wp-cron.php?doing_wp_cron=1707986044.4343760013580322265625 HTTP/1.1" 200 - dartmoorrunners.co.uk "http://dartmoorrunners.co.uk/wp-cron.php?doing_wp_cron=1707986044.4343760013580322265625" "WordPress/6.1.5; http://dartmoorrunners.co.uk" "-"
82.132.234.0 - - [15/Feb/2024:09:34:04 +0100] "GET / HTTP/1.1" 200 31575 dartmoorrunners.co.uk "https://www.google.co.uk/" "Mozilla/5.0 (iPhone; CPU iPhone OS 16_7_4 like Mac OS X) AppleWebKit/605.1.15 (KHTML, like Gecko) Version/16.6 Mobile/15E148 Safari/604.1" "-"
82.132.234.0 - - [15/Feb/2024:09:34:04 +0100] "GET /wp-includes/js/wp-emoji-release.min.js?ver=6.1.5 HTTP/1.1" 200 18617 dartmoorrunners.co.uk "http://dartmoorrunners.co.uk/" "Mozilla/5.0 (iPhone; CPU iPhone OS 16_7_4 like Mac OS X) AppleWebKit/605.1.15 (KHTML, like Gecko) Version/16.6 Mobile/15E148 Safari/604.1" "-"
82.132.234.0 - - [15/Feb/2024:09:34:05 +0100] "GET /wp-content/themes/omega/style.css?ver=6.1.5 HTTP/1.1" 200 6552 dartmoorrunners.co.uk "http://dartmoorrunners.co.uk/" "Mozilla/5.0 (iPhone; CPU iPhone OS 16_7_4 like Mac OS X) AppleWebKit/605.1.15 (KHTML, like Gecko) Version/16.6 Mobile/15E148 Safari/604.1" "-"
82.132.234.0 - - [15/Feb/2024:09:34:05 +0100] "GET /wp-includes/css/classic-themes.min.css?ver=1 HTTP/1.1" 200 189 dartmoorrunners.co.uk "http://dartmoorrunners.co.uk/" "Mozilla/5.0 (iPhone; CPU iPhone OS 16_7_4 like Mac OS X) AppleWebKit/605.1.15 (KHTML, like Gecko) Version/16.6 Mobile/15E148 Safari/604.1" "-"
82.132.234.0 - - [15/Feb/2024:09:34:05 +0100] "GET /wp-includes/css/dist/block-library/style.min.css?ver=6.1.5 HTTP/1.1" 200 16164 dartmoorrunners.co.uk "http://dartmoorrunners.co.uk/" "Mozilla/5.0 (iPhone; CPU iPhone OS 16_7_4 like Mac OS X) AppleWebKit/605.1.15 (KHTML, like Gecko) Version/16.6 Mobile/15E148 Safari/604.1" "-"
82.132.234.0 - - [15/Feb/2024:09:34:05 +0100] "GET /wp-content/uploads/2017/04/XmasBash2017Med.jpg HTTP/1.1" 200 200566 dartmoorrunners.co.uk "http://dartmoorrunners.co.uk/" "Mozilla/5.0 (iPhone; CPU iPhone OS 16_7_4 like Mac OS X) AppleWebKit/605.1.15 (KHTML, like Gecko) Version/16.6 Mobile/15E148 Safari/604.1" "-"
82.132.234.0 - - [15/Feb/2024:09:34:05 +0100] "GET /wp-content/uploads/2017/04/cropped-dartmoorrunnerslogo_normal.png HTTP/1.1" 200 110052 dartmoorrunners.co.uk "http://dartmoorrunners.co.uk/" "Mozilla/5.0 (iPhone; CPU iPhone OS 16_7_4 like Mac OS X) AppleWebKit/605.1.15 (KHTML, like Gecko) Version/16.6 Mobile/15E148 Safari/604.1" "-"
82.132.234.0 - - [15/Feb/2024:09:34:05 +0100] "GET /wp-content/uploads/2017/04/ControlDog-768x576.jpg HTTP/1.1" 200 85973 dartmoorrunners.co.uk "http://dartmoorrunners.co.uk/" "Mozilla/5.0 (iPhone; CPU iPhone OS 16_7_4 like Mac OS X) AppleWebKit/605.1.15 (KHTML, like Gecko) Version/16.6 Mobile/15E148 Safari/604.1" "-"
82.132.234.0 - - [15/Feb/2024:09:34:05 +0100] "GET /wp-content/uploads/2017/04/winter-2015-small.jpg HTTP/1.1" 200 202841 dartmoorrunners.co.uk "http://dartmoorrunners.co.uk/" "Mozilla/5.0 (iPhone; CPU iPhone OS 16_7_4 like Mac OS X) AppleWebKit/605.1.15 (KHTML, like Gecko) Version/16.6 Mobile/15E148 Safari/604.1" "-"
82.132.234.0 - - [15/Feb/2024:09:34:05 +0100] "GET /wp-content/uploads/2017/04/Moorland-runner-cropped.jpg HTTP/1.1" 200 437747 dartmoorrunners.co.uk "http://dartmoorrunners.co.uk/" "Mozilla/5.0 (iPhone; CPU iPhone OS 16_7_4 like Mac OS X) AppleWebKit/605.1.15 (KHTML, like Gecko) Version/16.6 Mobile/15E148 Safari/604.1" "-"
82.132.234.0 - - [15/Feb/2024:09:34:05 +0100] "GET /wp-content/uploads/2017/04/cropped-dartmoorrunnerslogo_normal-32x32.png HTTP/1.1" 200 2617 dartmoorrunners.co.uk "http://dartmoorrunners.co.uk/" "Mozilla/5.0 (iPhone; CPU iPhone OS 16_7_4 like Mac OS X) AppleWebKit/605.1.15 (KHTML, like Gecko) Version/16.6 Mobile/15E148 Safari/604.1" "-"
82.132.234.0 - - [15/Feb/2024:09:34:05 +0100] "GET /wp-content/uploads/2017/04/cropped-dartmoorrunnerslogo_normal-192x192.png HTTP/1.1" 200 59292 dartmoorrunners.co.uk "http://dartmoorrunners.co.uk/" "Mozilla/5.0 (iPhone; CPU iPhone OS 16_7_4 like Mac OS X) AppleWebKit/605.1.15 (KHTML, like Gecko) Version/16.6 Mobile/15E148 Safari/604.1" "-"
82.132.234.0 - - [15/Feb/2024:09:34:15 +0100] "GET /winter-series-2023 HTTP/1.1" 200 27640 dartmoorrunners.co.uk "http://dartmoorrunners.co.uk/" "Mozilla/5.0 (iPhone; CPU iPhone OS 16_7_4 like Mac OS X) AppleWebKit/605.1.15 (KHTML, like Gecko) Version/16.6 Mobile/15E148 Safari/604.1" "-"
82.132.234.0 - - [15/Feb/2024:09:34:37 +0100] "GET /winter-series-2023 HTTP/1.1" 200 27640 dartmoorrunners.co.uk "-" "Mozilla/5.0 (iPhone; CPU iPhone OS 16_7_4 like Mac OS X) AppleWebKit/605.1.15 (KHTML, like Gecko) Version/16.6 Mobile/15E148 Safari/604.1" "-"
82.132.234.0 - - [15/Feb/2024:09:34:38 +0100] "GET /apple-touch-icon-120x120-precomposed.png HTTP/1.1" 404 24763 dartmoorrunners.co.uk "-" "MobileSafari/8615.4.1.10.2 CFNetwork/1410.1 Darwin/22.6.0" "-"
82.132.234.0 - - [15/Feb/2024:09:34:38 +0100] "GET /apple-touch-icon-120x120.png HTTP/1.1" 404 24763 dartmoorrunners.co.uk "-" "MobileSafari/8615.4.1.10.2 CFNetwork/1410.1 Darwin/22.6.0" "-"
82.132.234.0 - - [15/Feb/2024:09:34:39 +0100] "GET /wp-content/uploads/2017/04/cropped-dartmoorrunnerslogo_normal-180x180.png HTTP/1.1" 200 55513 dartmoorrunners.co.uk "-" "MobileSafari/8615.4.1.10.2 CFNetwork/1410.1 Darwin/22.6.0" "-"
203.159.90.0 - - [15/Feb/2024:09:37:53 +0100] "HEAD /wordpress HTTP/1.1" 404 - dartmoorrunners.co.uk "-" "Mozilla/5.0 (Windows NT 10.0; Win64; x64) AppleWebKit/537.36 (KHTML, like Gecko) Chrome/74.0.3729.169 Safari/537.36" "-"
203.159.90.0 - - [15/Feb/2024:09:37:53 +0100] "HEAD / HTTP/1.1" 200 - dartmoorrunners.co.uk "-" "Mozilla/5.0 (Windows NT 10.0; Win64; x64) AppleWebKit/537.36 (KHTML, like Gecko) Chrome/74.0.3729.169 Safari/537.36" "-"
203.159.90.0 - - [15/Feb/2024:09:37:53 +0100] "HEAD /wp HTTP/1.1" 404 - dartmoorrunners.co.uk "-" "Mozilla/5.0 (Windows NT 10.0; Win64; x64) AppleWebKit/537.36 (KHTML, like Gecko) Chrome/74.0.3729.169 Safari/537.36" "-"
203.159.90.0 - - [15/Feb/2024:09:37:54 +0100] "HEAD /bc HTTP/1.1" 404 - dartmoorrunners.co.uk "-" "Mozilla/5.0 (Windows NT 10.0; Win64; x64) AppleWebKit/537.36 (KHTML, like Gecko) Chrome/74.0.3729.169 Safari/537.36" "-"
203.159.90.0 - - [15/Feb/2024:09:37:54 +0100] "HEAD /bk HTTP/1.1" 404 - dartmoorrunners.co.uk "-" "Mozilla/5.0 (Windows NT 10.0; Win64; x64) AppleWebKit/537.36 (KHTML, like Gecko) Chrome/74.0.3729.169 Safari/537.36" "-"
203.159.90.0 - - [15/Feb/2024:09:37:54 +0100] "HEAD /backup HTTP/1.1" 404 - dartmoorrunners.co.uk "-" "Mozilla/5.0 (Windows NT 10.0; Win64; x64) AppleWebKit/537.36 (KHTML, like Gecko) Chrome/74.0.3729.169 Safari/537.36" "-"
203.159.90.0 - - [15/Feb/2024:09:37:54 +0100] "HEAD /old HTTP/1.1" 404 - dartmoorrunners.co.uk "-" "Mozilla/5.0 (Windows NT 10.0; Win64; x64) AppleWebKit/537.36 (KHTML, like Gecko) Chrome/74.0.3729.169 Safari/537.36" "-"
203.159.90.0 - - [15/Feb/2024:09:37:55 +0100] "HEAD /new HTTP/1.1" 404 - dartmoorrunners.co.uk "-" "Mozilla/5.0 (Windows NT 10.0; Win64; x64) AppleWebKit/537.36 (KHTML, like Gecko) Chrome/74.0.3729.169 Safari/537.36" "-"
203.159.90.0 - - [15/Feb/2024:09:37:55 +0100] "HEAD /main HTTP/1.1" 404 - dartmoorrunners.co.uk "-" "Mozilla/5.0 (Windows NT 10.0; Win64; x64) AppleWebKit/537.36 (KHTML, like Gecko) Chrome/74.0.3729.169 Safari/537.36" "-"
203.159.90.0 - - [15/Feb/2024:09:37:55 +0100] "HEAD /home HTTP/1.1" 404 - dartmoorrunners.co.uk "-" "Mozilla/5.0 (Windows NT 10.0; Win64; x64) AppleWebKit/537.36 (KHTML, like Gecko) Chrome/74.0.3729.169 Safari/537.36" "-"
185.246.65.0 - - [15/Feb/2024:09:38:32 +0100] "POST /xmlrpc.php HTTP/1.1" 200 403 dartmoorrunners.co.uk "-" "Mozilla/5.0 (Windows NT 10.0; Win64; x64; rv:47.0) Gecko/20100101 Firefox/47.0" "-"
52.167.144.0 - - [15/Feb/2024:09:45:08 +0100] "GET /wp-sitemap-users-1.xml HTTP/1.1" 200 261 dartmoorrunners.co.uk "-" "Mozilla/5.0 AppleWebKit/537.36 (KHTML, like Gecko; compatible; bingbot/2.0; +http://www.bing.com/bingbot.htm) Chrome/116.0.1938.76 Safari/537.36" "-"
2a00:23c5:8f00:: - - [15/Feb/2024:10:19:07 +0100] "GET /wp-includes/css/classic-themes.min.css?ver=1 HTTP/1.1" 200 189 dartmoorrunners.co.uk "-" "Mozilla/5.0 (Linux; Android 10; K) AppleWebKit/537.36 (KHTML, like Gecko) Chrome/121.0.0.0 Mobile Safari/537.36" "-"
2a00:23c5:8f00:: - - [15/Feb/2024:10:19:07 +0100] "GET /wp-includes/css/dist/block-library/style.min.css?ver=6.1.5 HTTP/1.1" 200 16164 dartmoorrunners.co.uk "-" "Mozilla/5.0 (Linux; Android 10; K) AppleWebKit/537.36 (KHTML, like Gecko) Chrome/121.0.0.0 Mobile Safari/537.36" "-"
2a00:23c5:8f00:: - - [15/Feb/2024:10:19:07 +0100] "GET /wp-content/themes/omega/style.css?ver=6.1.5 HTTP/1.1" 200 6552 dartmoorrunners.co.uk "-" "Mozilla/5.0 (Linux; Android 10; K) AppleWebKit/537.36 (KHTML, like Gecko) Chrome/121.0.0.0 Mobile Safari/537.36" "-"
2a00:23c5:8f00:: - - [15/Feb/2024:10:19:07 +0100] "GET / HTTP/1.1" 200 31575 dartmoorrunners.co.uk "https://www.google.com/" "Mozilla/5.0 (Linux; Android 10; K) AppleWebKit/537.36 (KHTML, like Gecko) Chrome/121.0.0.0 Mobile Safari/537.36" "-"
2a00:23c5:8f00:: - - [15/Feb/2024:10:19:07 +0100] "GET /wp-content/uploads/2017/04/XmasBash2017Med.jpg HTTP/1.1" 200 200566 dartmoorrunners.co.uk "http://dartmoorrunners.co.uk/" "Mozilla/5.0 (Linux; Android 10; K) AppleWebKit/537.36 (KHTML, like Gecko) Chrome/121.0.0.0 Mobile Safari/537.36" "-"
2a00:23c5:8f00:: - - [15/Feb/2024:10:19:07 +0100] "GET /wp-content/uploads/2017/04/cropped-dartmoorrunnerslogo_normal.png HTTP/1.1" 200 110052 dartmoorrunners.co.uk "http://dartmoorrunners.co.uk/" "Mozilla/5.0 (Linux; Android 10; K) AppleWebKit/537.36 (KHTML, like Gecko) Chrome/121.0.0.0 Mobile Safari/537.36" "-"
2a00:23c5:8f00:: - - [15/Feb/2024:10:19:07 +0100] "GET /wp-content/uploads/2017/04/ControlDog-768x576.jpg HTTP/1.1" 200 85973 dartmoorrunners.co.uk "http://dartmoorrunners.co.uk/" "Mozilla/5.0 (Linux; Android 10; K) AppleWebKit/537.36 (KHTML, like Gecko) Chrome/121.0.0.0 Mobile Safari/537.36" "-"
2a00:23c5:8f00:: - - [15/Feb/2024:10:19:07 +0100] "GET /wp-content/uploads/2017/04/winter-2015-small.jpg HTTP/1.1" 200 202841 dartmoorrunners.co.uk "http://dartmoorrunners.co.uk/" "Mozilla/5.0 (Linux; Android 10; K) AppleWebKit/537.36 (KHTML, like Gecko) Chrome/121.0.0.0 Mobile Safari/537.36" "-"
2a00:23c5:8f00:: - - [15/Feb/2024:10:19:07 +0100] "GET /wp-content/uploads/2017/04/Moorland-runner-cropped.jpg HTTP/1.1" 200 437747 dartmoorrunners.co.uk "http://dartmoorrunners.co.uk/" "Mozilla/5.0 (Linux; Android 10; K) AppleWebKit/537.36 (KHTML, like Gecko) Chrome/121.0.0.0 Mobile Safari/537.36" "-"
2a00:23c5:8f00:: - - [15/Feb/2024:10:19:07 +0100] "GET /wp-includes/js/wp-emoji-release.min.js?ver=6.1.5 HTTP/1.1" 200 18617 dartmoorrunners.co.uk "http://dartmoorrunners.co.uk/" "Mozilla/5.0 (Linux; Android 10; K) AppleWebKit/537.36 (KHTML, like Gecko) Chrome/121.0.0.0 Mobile Safari/537.36" "-"
2a00:23c5:8f00:: - - [15/Feb/2024:10:19:07 +0100] "GET /wp-content/uploads/2017/04/cropped-dartmoorrunnerslogo_normal-192x192.png HTTP/1.1" 200 59292 dartmoorrunners.co.uk "http://dartmoorrunners.co.uk/" "Mozilla/5.0 (Linux; Android 10; K) AppleWebKit/537.36 (KHTML, like Gecko) Chrome/121.0.0.0 Mobile Safari/537.36" "-"
2a00:23c5:8f00:: - - [15/Feb/2024:10:19:07 +0100] "GET /wp-content/uploads/2017/04/cropped-dartmoorrunnerslogo_normal-180x180.png HTTP/1.1" 200 55513 dartmoorrunners.co.uk "http://dartmoorrunners.co.uk/" "Mozilla/5.0 (Linux; Android 10; K) AppleWebKit/537.36 (KHTML, like Gecko) Chrome/121.0.0.0 Mobile Safari/537.36" "-"
2a00:23c5:8f00:: - - [15/Feb/2024:10:19:12 +0100] "GET / HTTP/1.1" 200 31575 dartmoorrunners.co.uk "http://dartmoorrunners.co.uk/" "Mozilla/5.0 (Linux; Android 10; K) AppleWebKit/537.36 (KHTML, like Gecko) Chrome/121.0.0.0 Mobile Safari/537.36" "-"
2a00:23c5:8f00:: - - [15/Feb/2024:10:19:14 +0100] "GET /winter-series-2023 HTTP/1.1" 200 27640 dartmoorrunners.co.uk "http://dartmoorrunners.co.uk/" "Mozilla/5.0 (Linux; Android 10; K) AppleWebKit/537.36 (KHTML, like Gecko) Chrome/121.0.0.0 Mobile Safari/537.36" "-"
82.165.88.0 - - [15/Feb/2024:10:46:09 +0100] "POST /wp-cron.php?doing_wp_cron=1707990369.6103889942169189453125 HTTP/1.1" 200 - dartmoorrunners.co.uk "http://dartmoorrunners.co.uk/wp-cron.php?doing_wp_cron=1707990369.6103889942169189453125" "WordPress/6.1.5; http://dartmoorrunners.co.uk" "-"
37.221.92.0 - - [15/Feb/2024:10:46:09 +0100] "GET /wp-content/plugins/hellopress/wp_filemanager.php HTTP/1.1" 404 24763 dartmoorrunners.co.uk "-" "-" "-"
37.221.92.0 - - [15/Feb/2024:10:46:10 +0100] "GET /wp-includes/Requests/about.php HTTP/1.1" 404 24763 dartmoorrunners.co.uk "-" "-" "-"
37.221.92.0 - - [15/Feb/2024:10:46:10 +0100] "GET /wp-includes/style-engine/about.php HTTP/1.1" 404 24763 dartmoorrunners.co.uk "-" "-" "-"
37.221.92.0 - - [15/Feb/2024:10:46:10 +0100] "GET /wp-includes/rest-api/about.php HTTP/1.1" 404 24763 dartmoorrunners.co.uk "-" "-" "-"
37.221.92.0 - - [15/Feb/2024:10:46:12 +0100] "GET /wp-includes/SimplePie/about.php HTTP/1.1" 404 24763 dartmoorrunners.co.uk "-" "-" "-"
37.221.92.0 - - [15/Feb/2024:10:46:12 +0100] "GET /wp-content/banners/about.php HTTP/1.1" 404 24763 dartmoorrunners.co.uk "-" "-" "-"
37.221.92.0 - - [15/Feb/2024:10:46:12 +0100] "GET /wp-content/about.php HTTP/1.1" 404 24763 dartmoorrunners.co.uk "-" "-" "-"
37.221.92.0 - - [15/Feb/2024:10:46:12 +0100] "GET /.well-known/about.php HTTP/1.1" 404 24763 dartmoorrunners.co.uk "-" "-" "-"
37.221.92.0 - - [15/Feb/2024:10:46:13 +0100] "GET /wp-includes/Text/about.php HTTP/1.1" 404 24763 dartmoorrunners.co.uk "-" "-" "-"
37.221.92.0 - - [15/Feb/2024:10:46:13 +0100] "GET /wp-includes/ID3/about.php HTTP/1.1" 404 24763 dartmoorrunners.co.uk "-" "-" "-"
37.221.92.0 - - [15/Feb/2024:10:46:13 +0100] "GET /img/about.php HTTP/1.1" 404 24763 dartmoorrunners.co.uk "-" "-" "-"
37.221.92.0 - - [15/Feb/2024:10:46:14 +0100] "GET /wp-content/languages/about.php HTTP/1.1" 404 24763 dartmoorrunners.co.uk "-" "-" "-"
37.221.92.0 - - [15/Feb/2024:10:46:14 +0100] "GET /wp-includes/customize/about.php HTTP/1.1" 404 24763 dartmoorrunners.co.uk "-" "-" "-"
37.221.92.0 - - [15/Feb/2024:10:46:14 +0100] "GET /wp-includes.bak/html-api/about.php HTTP/1.1" 404 24763 dartmoorrunners.co.uk "-" "-" "-"
37.221.92.0 - - [15/Feb/2024:10:46:15 +0100] "GET /wp-includes/widgets/about.php HTTP/1.1" 404 24763 dartmoorrunners.co.uk "-" "-" "-"
37.221.92.0 - - [15/Feb/2024:10:46:15 +0100] "GET /wp-includes/IXR/about.php HTTP/1.1" 404 24763 dartmoorrunners.co.uk "-" "-" "-"
37.221.92.0 - - [15/Feb/2024:10:46:15 +0100] "GET /wp-admin/js/about.php HTTP/1.1" 404 24763 dartmoorrunners.co.uk "-" "-" "-"
37.221.92.0 - - [15/Feb/2024:10:46:15 +0100] "GET /wp-includes/pomo/about.php HTTP/1.1" 404 24763 dartmoorrunners.co.uk "-" "-" "-"
37.221.92.0 - - [15/Feb/2024:10:46:16 +0100] "GET /wp-includes/block-patterns/about.php HTTP/1.1" 404 24763 dartmoorrunners.co.uk "-" "-" "-"
54.36.148.0 - - [15/Feb/2024:10:55:01 +0100] "GET /robots.txt HTTP/1.1" 200 121 dartmoorrunners.co.uk "-" "Mozilla/5.0 (compatible; AhrefsBot/7.0; +http://ahrefs.com/robot/)" "-"
51.222.253.0 - - [15/Feb/2024:10:55:04 +0100] "GET /results/summer-series-2014-results HTTP/1.1" 200 25685 dartmoorrunners.co.uk "-" "Mozilla/5.0 (compatible; AhrefsBot/7.0; +http://ahrefs.com/robot/)" "-"
82.165.88.0 - - [15/Feb/2024:11:16:00 +0100] "POST /wp-cron.php?doing_wp_cron=1707992160.4186930656433105468750 HTTP/1.1" 200 - dartmoorrunners.co.uk "http://dartmoorrunners.co.uk/wp-cron.php?doing_wp_cron=1707992160.4186930656433105468750" "WordPress/6.1.5; http://dartmoorrunners.co.uk" "-"
5.255.231.0 - - [15/Feb/2024:11:16:00 +0100] "GET /robots.txt HTTP/1.1" 200 121 dartmoorrunners.co.uk "-" "Mozilla/5.0 (compatible; YandexBot/3.0; +http://yandex.com/bots)" "-"
95.108.213.0 - - [15/Feb/2024:11:16:00 +0100] "GET / HTTP/1.1" 200 31575 dartmoorrunners.co.uk "-" "Mozilla/5.0 (compatible; YandexBot/3.0; +http://yandex.com/bots)" "-"
213.180.203.0 - - [15/Feb/2024:11:18:05 +0100] "GET / HTTP/1.1" 200 31575 dartmoorrunners.co.uk "-" "Mozilla/5.0 (compatible; YandexBot/3.0; +http://yandex.com/bots)" "-"
2a01:4f8:c00:: - - [15/Feb/2024:11:18:58 +0100] "POST /xmlrpc.php HTTP/1.1" 200 403 dartmoorrunners.co.uk "-" "Mozilla/5.0 (Windows NT 10.0; Win64; x64; rv:91.0) Gecko/20100101 Firefox/91.0" "-"
40.77.167.0 - - [15/Feb/2024:11:25:08 +0100] "GET /wp-sitemap-taxonomies-category-1.xml HTTP/1.1" 200 269 dartmoorrunners.co.uk "-" "Mozilla/5.0 AppleWebKit/537.36 (KHTML, like Gecko; compatible; bingbot/2.0; +http://www.bing.com/bingbot.htm) Chrome/116.0.1938.76 Safari/537.36" "-"
74.207.228.0 - - [15/Feb/2024:12:44:41 +0100] "GET /wp-content/plugins/essential-addons-for-elementor-lite/readme.txt HTTP/1.1" 404 24763 dartmoorrunners.co.uk "www.google.com" "Mozilla/6.4 (Windows NT 11.1) Gecko/2010102 Firefox/99.0" "-"
82.165.88.0 - - [15/Feb/2024:12:44:42 +0100] "POST /wp-cron.php?doing_wp_cron=1707997482.3365399837493896484375 HTTP/1.1" 200 - dartmoorrunners.co.uk "http://dartmoorrunners.co.uk/wp-cron.php?doing_wp_cron=1707997482.3365399837493896484375" "WordPress/6.1.5; http://dartmoorrunners.co.uk" "-"
185.207.251.0 - - [15/Feb/2024:12:55:08 +0100] "POST /xmlrpc.php HTTP/1.1" 200 403 dartmoorrunners.co.uk "-" "Mozilla/5.0 (Windows NT 10.0; Win64; x64; rv:55.0) Gecko/20100101 Firefox/55.0" "-"
2a09:bac3:3700:: - - [15/Feb/2024:13:03:25 +0100] "GET / HTTP/1.1" 200 31575 dartmoorrunners.co.uk "-" "Mozilla/5.0 (iPhone; CPU iPhone OS 17_2_1 like Mac OS X) AppleWebKit/605.1.15 (KHTML, like Gecko) Version/17.2 Mobile/15E148 Safari/604.1" "-"
2a09:bac3:3700:: - - [15/Feb/2024:13:03:25 +0100] "GET /wp-includes/js/wp-emoji-release.min.js?ver=6.1.5 HTTP/1.1" 200 18617 dartmoorrunners.co.uk "http://dartmoorrunners.co.uk/" "Mozilla/5.0 (iPhone; CPU iPhone OS 17_2_1 like Mac OS X) AppleWebKit/605.1.15 (KHTML, like Gecko) Version/17.2 Mobile/15E148 Safari/604.1" "-"
2a09:bac3:3700:: - - [15/Feb/2024:13:03:25 +0100] "GET /wp-content/themes/omega/style.css?ver=6.1.5 HTTP/1.1" 200 6552 dartmoorrunners.co.uk "http://dartmoorrunners.co.uk/" "Mozilla/5.0 (iPhone; CPU iPhone OS 17_2_1 like Mac OS X) AppleWebKit/605.1.15 (KHTML, like Gecko) Version/17.2 Mobile/15E148 Safari/604.1" "-"
2a09:bac3:3700:: - - [15/Feb/2024:13:03:25 +0100] "GET /wp-content/uploads/2017/04/cropped-dartmoorrunnerslogo_normal.png HTTP/1.1" 200 110052 dartmoorrunners.co.uk "http://dartmoorrunners.co.uk/" "Mozilla/5.0 (iPhone; CPU iPhone OS 17_2_1 like Mac OS X) AppleWebKit/605.1.15 (KHTML, like Gecko) Version/17.2 Mobile/15E148 Safari/604.1" "-"
2a09:bac3:3700:: - - [15/Feb/2024:13:03:25 +0100] "GET /wp-includes/css/dist/block-library/style.min.css?ver=6.1.5 HTTP/1.1" 200 16164 dartmoorrunners.co.uk "http://dartmoorrunners.co.uk/" "Mozilla/5.0 (iPhone; CPU iPhone OS 17_2_1 like Mac OS X) AppleWebKit/605.1.15 (KHTML, like Gecko) Version/17.2 Mobile/15E148 Safari/604.1" "-"
2a09:bac3:3700:: - - [15/Feb/2024:13:03:26 +0100] "GET /wp-content/uploads/2017/04/winter-2015-small.jpg HTTP/1.1" 200 202841 dartmoorrunners.co.uk "http://dartmoorrunners.co.uk/" "Mozilla/5.0 (iPhone; CPU iPhone OS 17_2_1 like Mac OS X) AppleWebKit/605.1.15 (KHTML, like Gecko) Version/17.2 Mobile/15E148 Safari/604.1" "-"
2a09:bac3:3700:: - - [15/Feb/2024:13:03:26 +0100] "GET /wp-content/uploads/2017/04/ControlDog-1024x768.jpg HTTP/1.1" 200 147847 dartmoorrunners.co.uk "http://dartmoorrunners.co.uk/" "Mozilla/5.0 (iPhone; CPU iPhone OS 17_2_1 like Mac OS X) AppleWebKit/605.1.15 (KHTML, like Gecko) Version/17.2 Mobile/15E148 Safari/604.1" "-"
2a09:bac3:3700:: - - [15/Feb/2024:13:03:26 +0100] "GET /wp-content/uploads/2017/04/Moorland-runner-cropped.jpg HTTP/1.1" 200 437747 dartmoorrunners.co.uk "http://dartmoorrunners.co.uk/" "Mozilla/5.0 (iPhone; CPU iPhone OS 17_2_1 like Mac OS X) AppleWebKit/605.1.15 (KHTML, like Gecko) Version/17.2 Mobile/15E148 Safari/604.1" "-"
2a09:bac3:3700:: - - [15/Feb/2024:13:03:26 +0100] "GET /wp-content/uploads/2017/04/cropped-dartmoorrunnerslogo_normal-192x192.png HTTP/1.1" 200 59292 dartmoorrunners.co.uk "http://dartmoorrunners.co.uk/" "Mozilla/5.0 (iPhone; CPU iPhone OS 17_2_1 like Mac OS X) AppleWebKit/605.1.15 (KHTML, like Gecko) Version/17.2 Mobile/15E148 Safari/604.1" "-"
2a09:bac3:3700:: - - [15/Feb/2024:13:03:26 +0100] "GET /wp-content/uploads/2017/04/cropped-dartmoorrunnerslogo_normal-32x32.png HTTP/1.1" 200 2617 dartmoorrunners.co.uk "http://dartmoorrunners.co.uk/" "Mozilla/5.0 (iPhone; CPU iPhone OS 17_2_1 like Mac OS X) AppleWebKit/605.1.15 (KHTML, like Gecko) Version/17.2 Mobile/15E148 Safari/604.1" "-"
2a09:bac3:3700:: - - [15/Feb/2024:13:03:28 +0100] "GET / HTTP/1.1" 200 31575 dartmoorrunners.co.uk "-" "Mozilla/5.0 (iPhone; CPU iPhone OS 17_2_1 like Mac OS X) AppleWebKit/605.1.15 (KHTML, like Gecko) Version/17.2 Mobile/15E148 Safari/604.1" "-"
2607:5300:200:: - - [15/Feb/2024:13:12:12 +0100] "GET / HTTP/1.1" 200 31575 dartmoorrunners.co.uk "-" "Mozilla/5.0 (Windows NT 10.0; rv:91.0) Gecko/20100101 Firefox/91.0" "-"
82.165.88.0 - - [15/Feb/2024:13:29:35 +0100] "POST /wp-cron.php?doing_wp_cron=1708000175.8621330261230468750000 HTTP/1.1" 200 - dartmoorrunners.co.uk "http://dartmoorrunners.co.uk/wp-cron.php?doing_wp_cron=1708000175.8621330261230468750000" "WordPress/6.1.5; http://dartmoorrunners.co.uk" "-"
2a01:4f9:: - - [15/Feb/2024:13:29:35 +0100] "GET /wp-admin/network/index.php HTTP/1.1" 302 - dartmoorrunners.co.uk "http://simplesite.com" "Mozilla/5.0 (Windows; U; Windows NT 5.1; en-US) AppleWebKit/533.4 (KHTML, like Gecko) Chrome/5.0.375.99 Safari/533.4" "-"
2a01:4f9:: - - [15/Feb/2024:13:29:36 +0100] "GET /wp-login.php?redirect_to=http%3A%2F%2Fdartmoorrunners.co.uk%2Fwp-admin%2Fnetwork%2Findex.php&reauth=1 HTTP/1.1" 200 8758 dartmoorrunners.co.uk "http://dartmoorrunners.co.uk/wp-admin/network/index.php" "Mozilla/5.0 (Windows; U; Windows NT 5.1; en-US) AppleWebKit/533.4 (KHTML, like Gecko) Chrome/5.0.375.99 Safari/533.4" "-"
