178.254.58.0 - - [31/Dec/2023:09:55:17 +0100] "GET /wp-content/plugins/wp-doft/noimg.php HTTP/1.1" 404 24761 dartmoorrunners.co.uk "http://simplesite.com" "Mozilla/5.0 (Windows; U; Windows NT 5.1; en-US) AppleWebKit/533.4 (KHTML, like Gecko) Chrome/5.0.375.99 Safari/533.4" "-"
2a00:23c7:c400:: - - [31/Dec/2023:09:57:16 +0100] "GET / HTTP/1.1" 200 31573 dartmoorrunners.co.uk "-" "Mozilla/5.0 (iPhone; CPU iPhone OS 17_1_2 like Mac OS X) AppleWebKit/605.1.15 (KHTML, like Gecko) Version/17.1.2 Mobile/15E148 Safari/604.1" "-"
2a00:23c7:c400:: - - [31/Dec/2023:09:57:17 +0100] "GET /wp-includes/css/classic-themes.min.css?ver=1 HTTP/1.1" 200 189 dartmoorrunners.co.uk "http://dartmoorrunners.co.uk/" "Mozilla/5.0 (iPhone; CPU iPhone OS 17_1_2 like Mac OS X) AppleWebKit/605.1.15 (KHTML, like Gecko) Version/17.1.2 Mobile/15E148 Safari/604.1" "-"
2a00:23c7:c400:: - - [31/Dec/2023:09:57:17 +0100] "GET /wp-content/themes/omega/style.css?ver=6.1.4 HTTP/1.1" 200 6552 dartmoorrunners.co.uk "http://dartmoorrunners.co.uk/" "Mozilla/5.0 (iPhone; CPU iPhone OS 17_1_2 like Mac OS X) AppleWebKit/605.1.15 (KHTML, like Gecko) Version/17.1.2 Mobile/15E148 Safari/604.1" "-"
2a00:23c7:c400:: - - [31/Dec/2023:09:57:17 +0100] "GET /wp-content/uploads/2017/04/cropped-dartmoorrunnerslogo_normal.png HTTP/1.1" 304 - dartmoorrunners.co.uk "http://dartmoorrunners.co.uk/" "Mozilla/5.0 (iPhone; CPU iPhone OS 17_1_2 like Mac OS X) AppleWebKit/605.1.15 (KHTML, like Gecko) Version/17.1.2 Mobile/15E148 Safari/604.1" "-"
2a00:23c7:c400:: - - [31/Dec/2023:09:57:17 +0100] "GET /wp-includes/js/wp-emoji-release.min.js?ver=6.1.4 HTTP/1.1" 304 - dartmoorrunners.co.uk "http://dartmoorrunners.co.uk/" "Mozilla/5.0 (iPhone; CPU iPhone OS 17_1_2 like Mac OS X) AppleWebKit/605.1.15 (KHTML, like Gecko) Version/17.1.2 Mobile/15E148 Safari/604.1" "-"
2a00:23c7:c400:: - - [31/Dec/2023:09:57:17 +0100] "GET /wp-includes/css/dist/block-library/style.min.css?ver=6.1.4 HTTP/1.1" 200 16164 dartmoorrunners.co.uk "http://dartmoorrunners.co.uk/" "Mozilla/5.0 (iPhone; CPU iPhone OS 17_1_2 like Mac OS X) AppleWebKit/605.1.15 (KHTML, like Gecko) Version/17.1.2 Mobile/15E148 Safari/604.1" "-"
2a00:23c7:c400:: - - [31/Dec/2023:09:57:17 +0100] "GET /wp-content/uploads/2017/04/Moorland-runner-cropped.jpg HTTP/1.1" 200 437747 dartmoorrunners.co.uk "http://dartmoorrunners.co.uk/" "Mozilla/5.0 (iPhone; CPU iPhone OS 17_1_2 like Mac OS X) AppleWebKit/605.1.15 (KHTML, like Gecko) Version/17.1.2 Mobile/15E148 Safari/604.1" "-"
2a00:23c7:c400:: - - [31/Dec/2023:09:57:17 +0100] "GET /wp-content/uploads/2017/04/ControlDog-768x576.jpg HTTP/1.1" 304 - dartmoorrunners.co.uk "http://dartmoorrunners.co.uk/" "Mozilla/5.0 (iPhone; CPU iPhone OS 17_1_2 like Mac OS X) AppleWebKit/605.1.15 (KHTML, like Gecko) Version/17.1.2 Mobile/15E148 Safari/604.1" "-"
2a00:23c7:c400:: - - [31/Dec/2023:09:57:17 +0100] "GET /wp-content/uploads/2017/04/XmasBash2017Med.jpg HTTP/1.1" 304 - dartmoorrunners.co.uk "http://dartmoorrunners.co.uk/" "Mozilla/5.0 (iPhone; CPU iPhone OS 17_1_2 like Mac OS X) AppleWebKit/605.1.15 (KHTML, like Gecko) Version/17.1.2 Mobile/15E148 Safari/604.1" "-"
2a00:23c7:c400:: - - [31/Dec/2023:09:57:17 +0100] "GET /wp-content/uploads/2017/04/winter-2015-small.jpg HTTP/1.1" 304 - dartmoorrunners.co.uk "http://dartmoorrunners.co.uk/" "Mozilla/5.0 (iPhone; CPU iPhone OS 17_1_2 like Mac OS X) AppleWebKit/605.1.15 (KHTML, like Gecko) Version/17.1.2 Mobile/15E148 Safari/604.1" "-"
2a00:23c7:c400:: - - [31/Dec/2023:09:57:17 +0100] "GET /wp-content/uploads/2017/04/cropped-dartmoorrunnerslogo_normal-192x192.png HTTP/1.1" 200 59292 dartmoorrunners.co.uk "http://dartmoorrunners.co.uk/" "Mozilla/5.0 (iPhone; CPU iPhone OS 17_1_2 like Mac OS X) AppleWebKit/605.1.15 (KHTML, like Gecko) Version/17.1.2 Mobile/15E148 Safari/604.1" "-"
2a00:23c7:c400:: - - [31/Dec/2023:09:57:17 +0100] "GET /wp-content/uploads/2017/04/cropped-dartmoorrunnerslogo_normal-32x32.png HTTP/1.1" 200 2617 dartmoorrunners.co.uk "http://dartmoorrunners.co.uk/" "Mozilla/5.0 (iPhone; CPU iPhone OS 17_1_2 like Mac OS X) AppleWebKit/605.1.15 (KHTML, like Gecko) Version/17.1.2 Mobile/15E148 Safari/604.1" "-"
2a00:23c7:c400:: - - [31/Dec/2023:09:57:17 +0100] "GET /apple-touch-icon-120x120-precomposed.png HTTP/1.1" 404 24761 dartmoorrunners.co.uk "-" "MobileSafari/8616.2.9.10.13 CFNetwork/1485 Darwin/23.1.0" "-"
2a00:23c7:c400:: - - [31/Dec/2023:09:57:17 +0100] "GET /apple-touch-icon-120x120.png HTTP/1.1" 404 24761 dartmoorrunners.co.uk "-" "MobileSafari/8616.2.9.10.13 CFNetwork/1485 Darwin/23.1.0" "-"
2a00:23c7:c400:: - - [31/Dec/2023:09:57:17 +0100] "GET /wp-content/uploads/2017/04/cropped-dartmoorrunnerslogo_normal-180x180.png HTTP/1.1" 200 55513 dartmoorrunners.co.uk "-" "MobileSafari/8616.2.9.10.13 CFNetwork/1485 Darwin/23.1.0" "-"
52.230.152.0 - - [31/Dec/2023:09:58:27 +0100] "GET /robots.txt HTTP/1.1" 200 121 dartmoorrunners.co.uk "-" "Mozilla/5.0 AppleWebKit/537.36 (KHTML, like Gecko; compatible; GPTBot/1.0; +https://openai.com/gptbot)" "-"
52.230.152.0 - - [31/Dec/2023:09:58:33 +0100] "GET /dates_24.html HTTP/1.1" 404 24761 dartmoorrunners.co.uk "-" "Mozilla/5.0 AppleWebKit/537.36 (KHTML, like Gecko; compatible; GPTBot/1.0; +https://openai.com/gptbot)" "-"
82.31.141.0 - - [31/Dec/2023:10:08:13 +0100] "GET / HTTP/1.1" 200 31573 dartmoorrunners.co.uk "https://www.bing.com/" "Mozilla/5.0 (Windows NT 10.0; Win64; x64) AppleWebKit/537.36 (KHTML, like Gecko) Chrome/120.0.0.0 Safari/537.36 Edg/120.0.0.0" "-"
82.31.141.0 - - [31/Dec/2023:10:08:13 +0100] "GET /wp-includes/css/dist/block-library/style.min.css?ver=6.1.4 HTTP/1.1" 200 16164 dartmoorrunners.co.uk "http://dartmoorrunners.co.uk/" "Mozilla/5.0 (Windows NT 10.0; Win64; x64) AppleWebKit/537.36 (KHTML, like Gecko) Chrome/120.0.0.0 Safari/537.36 Edg/120.0.0.0" "-"
82.31.141.0 - - [31/Dec/2023:10:08:13 +0100] "GET /wp-includes/css/classic-themes.min.css?ver=1 HTTP/1.1" 200 189 dartmoorrunners.co.uk "http://dartmoorrunners.co.uk/" "Mozilla/5.0 (Windows NT 10.0; Win64; x64) AppleWebKit/537.36 (KHTML, like Gecko) Chrome/120.0.0.0 Safari/537.36 Edg/120.0.0.0" "-"
82.31.141.0 - - [31/Dec/2023:10:08:14 +0100] "GET /wp-content/themes/omega/style.css?ver=6.1.4 HTTP/1.1" 200 6552 dartmoorrunners.co.uk "http://dartmoorrunners.co.uk/" "Mozilla/5.0 (Windows NT 10.0; Win64; x64) AppleWebKit/537.36 (KHTML, like Gecko) Chrome/120.0.0.0 Safari/537.36 Edg/120.0.0.0" "-"
82.31.141.0 - - [31/Dec/2023:10:08:14 +0100] "GET /wp-content/uploads/2017/04/cropped-dartmoorrunnerslogo_normal.png HTTP/1.1" 200 110052 dartmoorrunners.co.uk "http://dartmoorrunners.co.uk/" "Mozilla/5.0 (Windows NT 10.0; Win64; x64) AppleWebKit/537.36 (KHTML, like Gecko) Chrome/120.0.0.0 Safari/537.36 Edg/120.0.0.0" "-"
82.31.141.0 - - [31/Dec/2023:10:08:14 +0100] "GET /wp-content/uploads/2017/04/XmasBash2017Med.jpg HTTP/1.1" 200 200566 dartmoorrunners.co.uk "http://dartmoorrunners.co.uk/" "Mozilla/5.0 (Windows NT 10.0; Win64; x64) AppleWebKit/537.36 (KHTML, like Gecko) Chrome/120.0.0.0 Safari/537.36 Edg/120.0.0.0" "-"
82.31.141.0 - - [31/Dec/2023:10:08:14 +0100] "GET /wp-content/uploads/2017/04/Moorland-runner-cropped.jpg HTTP/1.1" 200 437747 dartmoorrunners.co.uk "http://dartmoorrunners.co.uk/" "Mozilla/5.0 (Windows NT 10.0; Win64; x64) AppleWebKit/537.36 (KHTML, like Gecko) Chrome/120.0.0.0 Safari/537.36 Edg/120.0.0.0" "-"
82.31.141.0 - - [31/Dec/2023:10:08:14 +0100] "GET /wp-includes/js/wp-emoji-release.min.js?ver=6.1.4 HTTP/1.1" 200 18617 dartmoorrunners.co.uk "http://dartmoorrunners.co.uk/" "Mozilla/5.0 (Windows NT 10.0; Win64; x64) AppleWebKit/537.36 (KHTML, like Gecko) Chrome/120.0.0.0 Safari/537.36 Edg/120.0.0.0" "-"
82.31.141.0 - - [31/Dec/2023:10:08:14 +0100] "GET /wp-content/uploads/2017/04/ControlDog-300x225.jpg HTTP/1.1" 200 17221 dartmoorrunners.co.uk "http://dartmoorrunners.co.uk/" "Mozilla/5.0 (Windows NT 10.0; Win64; x64) AppleWebKit/537.36 (KHTML, like Gecko) Chrome/120.0.0.0 Safari/537.36 Edg/120.0.0.0" "-"
82.31.141.0 - - [31/Dec/2023:10:08:14 +0100] "GET /wp-content/uploads/2017/04/winter-2015-small.jpg HTTP/1.1" 200 202841 dartmoorrunners.co.uk "http://dartmoorrunners.co.uk/" "Mozilla/5.0 (Windows NT 10.0; Win64; x64) AppleWebKit/537.36 (KHTML, like Gecko) Chrome/120.0.0.0 Safari/537.36 Edg/120.0.0.0" "-"
82.31.141.0 - - [31/Dec/2023:10:08:14 +0100] "GET /wp-content/uploads/2017/04/cropped-dartmoorrunnerslogo_normal-32x32.png HTTP/1.1" 200 2617 dartmoorrunners.co.uk "http://dartmoorrunners.co.uk/" "Mozilla/5.0 (Windows NT 10.0; Win64; x64) AppleWebKit/537.36 (KHTML, like Gecko) Chrome/120.0.0.0 Safari/537.36 Edg/120.0.0.0" "-"
82.31.141.0 - - [31/Dec/2023:10:08:25 +0100] "GET /winter-series-2023 HTTP/1.1" 200 27619 dartmoorrunners.co.uk "http://dartmoorrunners.co.uk/" "Mozilla/5.0 (Windows NT 10.0; Win64; x64) AppleWebKit/537.36 (KHTML, like Gecko) Chrome/120.0.0.0 Safari/537.36 Edg/120.0.0.0" "-"
85.208.96.0 - - [31/Dec/2023:10:17:17 +0100] "GET /robots.txt HTTP/1.1" 200 121 dartmoorrunners.co.uk "-" "Mozilla/5.0 (compatible; SemrushBot/7~bl; +http://www.semrush.com/bot.html)" "-"
185.191.171.0 - - [31/Dec/2023:10:17:18 +0100] "GET /winter-series-2022-results HTTP/1.1" 200 25784 dartmoorrunners.co.uk "-" "Mozilla/5.0 (compatible; SemrushBot/7~bl; +http://www.semrush.com/bot.html)" "-"
52.230.152.0 - - [31/Dec/2023:11:39:53 +0100] "GET /robots.txt HTTP/1.1" 200 121 dartmoorrunners.co.uk "-" "Mozilla/5.0 AppleWebKit/537.36 (KHTML, like Gecko; compatible; GPTBot/1.0; +https://openai.com/gptbot)" "-"
82.165.88.0 - - [31/Dec/2023:11:39:54 +0100] "POST /wp-cron.php?doing_wp_cron=1704019193.9962921142578125000000 HTTP/1.1" 200 - dartmoorrunners.co.uk "http://dartmoorrunners.co.uk/wp-cron.php?doing_wp_cron=1704019193.9962921142578125000000" "WordPress/6.1.4; http://dartmoorrunners.co.uk" "-"
52.230.152.0 - - [31/Dec/2023:11:39:59 +0100] "GET /results_18.html HTTP/1.1" 404 24761 dartmoorrunners.co.uk "-" "Mozilla/5.0 AppleWebKit/537.36 (KHTML, like Gecko; compatible; GPTBot/1.0; +https://openai.com/gptbot)" "-"
185.191.171.0 - - [31/Dec/2023:11:42:46 +0100] "GET /robots.txt HTTP/1.1" 200 121 dartmoorrunners.co.uk "-" "Mozilla/5.0 (compatible; SemrushBot/7~bl; +http://www.semrush.com/bot.html)" "-"
185.191.171.0 - - [31/Dec/2023:11:42:46 +0100] "GET /results/summer-series-2013-results HTTP/1.1" 200 25694 dartmoorrunners.co.uk "-" "Mozilla/5.0 (compatible; SemrushBot/7~bl; +http://www.semrush.com/bot.html)" "-"
2.103.83.0 - - [31/Dec/2023:11:44:13 +0100] "GET / HTTP/1.1" 200 31573 dartmoorrunners.co.uk "-" "Mozilla/5.0 (Windows NT 10.0; Win64; x64) AppleWebKit/537.36 (KHTML, like Gecko) Chrome/120.0.0.0 Safari/537.36" "-"
2.103.83.0 - - [31/Dec/2023:11:44:13 +0100] "GET /wp-includes/css/classic-themes.min.css?ver=1 HTTP/1.1" 200 189 dartmoorrunners.co.uk "http://dartmoorrunners.co.uk/" "Mozilla/5.0 (Windows NT 10.0; Win64; x64) AppleWebKit/537.36 (KHTML, like Gecko) Chrome/120.0.0.0 Safari/537.36" "-"
2.103.83.0 - - [31/Dec/2023:11:44:13 +0100] "GET /wp-includes/css/dist/block-library/style.min.css?ver=6.1.4 HTTP/1.1" 200 16164 dartmoorrunners.co.uk "http://dartmoorrunners.co.uk/" "Mozilla/5.0 (Windows NT 10.0; Win64; x64) AppleWebKit/537.36 (KHTML, like Gecko) Chrome/120.0.0.0 Safari/537.36" "-"
2.103.83.0 - - [31/Dec/2023:11:44:13 +0100] "GET /wp-content/themes/omega/style.css?ver=6.1.4 HTTP/1.1" 200 6552 dartmoorrunners.co.uk "http://dartmoorrunners.co.uk/" "Mozilla/5.0 (Windows NT 10.0; Win64; x64) AppleWebKit/537.36 (KHTML, like Gecko) Chrome/120.0.0.0 Safari/537.36" "-"
2.103.83.0 - - [31/Dec/2023:11:44:13 +0100] "GET /wp-content/uploads/2017/04/cropped-dartmoorrunnerslogo_normal.png HTTP/1.1" 200 110052 dartmoorrunners.co.uk "http://dartmoorrunners.co.uk/" "Mozilla/5.0 (Windows NT 10.0; Win64; x64) AppleWebKit/537.36 (KHTML, like Gecko) Chrome/120.0.0.0 Safari/537.36" "-"
2.103.83.0 - - [31/Dec/2023:11:44:13 +0100] "GET /wp-content/uploads/2017/04/XmasBash2017Med-300x200.jpg HTTP/1.1" 200 19902 dartmoorrunners.co.uk "http://dartmoorrunners.co.uk/" "Mozilla/5.0 (Windows NT 10.0; Win64; x64) AppleWebKit/537.36 (KHTML, like Gecko) Chrome/120.0.0.0 Safari/537.36" "-"
2.103.83.0 - - [31/Dec/2023:11:44:13 +0100] "GET /wp-content/uploads/2017/04/ControlDog-300x225.jpg HTTP/1.1" 200 17221 dartmoorrunners.co.uk "http://dartmoorrunners.co.uk/" "Mozilla/5.0 (Windows NT 10.0; Win64; x64) AppleWebKit/537.36 (KHTML, like Gecko) Chrome/120.0.0.0 Safari/537.36" "-"
2.103.83.0 - - [31/Dec/2023:11:44:13 +0100] "GET /wp-content/uploads/2017/04/winter-2015-small-300x225.jpg HTTP/1.1" 200 17306 dartmoorrunners.co.uk "http://dartmoorrunners.co.uk/" "Mozilla/5.0 (Windows NT 10.0; Win64; x64) AppleWebKit/537.36 (KHTML, like Gecko) Chrome/120.0.0.0 Safari/537.36" "-"
2.103.83.0 - - [31/Dec/2023:11:44:13 +0100] "GET /wp-content/uploads/2017/04/Moorland-runner-cropped-300x212.jpg HTTP/1.1" 200 16206 dartmoorrunners.co.uk "http://dartmoorrunners.co.uk/" "Mozilla/5.0 (Windows NT 10.0; Win64; x64) AppleWebKit/537.36 (KHTML, like Gecko) Chrome/120.0.0.0 Safari/537.36" "-"
2.103.83.0 - - [31/Dec/2023:11:44:13 +0100] "GET /wp-includes/js/wp-emoji-release.min.js?ver=6.1.4 HTTP/1.1" 200 18617 dartmoorrunners.co.uk "http://dartmoorrunners.co.uk/" "Mozilla/5.0 (Windows NT 10.0; Win64; x64) AppleWebKit/537.36 (KHTML, like Gecko) Chrome/120.0.0.0 Safari/537.36" "-"
2.103.83.0 - - [31/Dec/2023:11:44:14 +0100] "GET /wp-content/uploads/2017/04/cropped-dartmoorrunnerslogo_normal-32x32.png HTTP/1.1" 200 2617 dartmoorrunners.co.uk "http://dartmoorrunners.co.uk/" "Mozilla/5.0 (Windows NT 10.0; Win64; x64) AppleWebKit/537.36 (KHTML, like Gecko) Chrome/120.0.0.0 Safari/537.36" "-"
2.103.83.0 - - [31/Dec/2023:11:44:15 +0100] "GET /winter-series-2023 HTTP/1.1" 200 27619 dartmoorrunners.co.uk "http://dartmoorrunners.co.uk/" "Mozilla/5.0 (Windows NT 10.0; Win64; x64) AppleWebKit/537.36 (KHTML, like Gecko) Chrome/120.0.0.0 Safari/537.36" "-"
80.66.79.0 - - [31/Dec/2023:11:45:27 +0100] "GET / HTTP/1.1" 200 3446 dartmoorrunners.co.uk "https://smm-factory.com/" "Mozilla/4.0 (compatible; MSIE 6.0; Windows NT 5.1; ru) Opera 8.01" "-"
80.66.79.0 - - [31/Dec/2023:11:45:27 +0100] "GET / HTTP/1.1" 200 31573 dartmoorrunners.co.uk "https://smm-factory.com/" "Mozilla/4.0 (compatible; MSIE 6.0; Windows NT 5.1; ru) Opera 8.01" "-"
80.66.79.0 - - [31/Dec/2023:11:45:28 +0100] "GET / HTTP/1.1" 200 31573 dartmoorrunners.co.uk "https://smm-factory.com/" "Mozilla/4.0 (compatible; MSIE 6.0; Windows NT 5.1; ru) Opera 8.01" "-"
185.191.171.0 - - [31/Dec/2023:11:47:41 +0100] "GET /results/winter-series-2011-results HTTP/1.1" 200 44854 dartmoorrunners.co.uk "-" "Mozilla/5.0 (compatible; SemrushBot/7~bl; +http://www.semrush.com/bot.html)" "-"
216.218.191.0 - - [31/Dec/2023:11:59:27 +0100] "GET / HTTP/1.1" 200 31573 dartmoorrunners.co.uk "-" "Mozilla/4.0 (compatible; MSIE 6.0; Windows NT 5.1; .NET CLR 1.0.3705; .NET CLR 1.1.4322; .NET CLR 1.2.30703)" "-"
85.208.96.0 - - [31/Dec/2023:12:20:50 +0100] "GET /hello-world HTTP/1.1" 200 25913 dartmoorrunners.co.uk "-" "Mozilla/5.0 (compatible; SemrushBot/7~bl; +http://www.semrush.com/bot.html)" "-"
2a02:24b8:: - - [31/Dec/2023:12:28:19 +0100] "GET /dropdown.php HTTP/1.1" 404 24761 dartmoorrunners.co.uk "http://simplesite.com" "Mozilla/5.0 (Windows; U; Windows NT 5.1; en-US) AppleWebKit/533.4 (KHTML, like Gecko) Chrome/5.0.375.99 Safari/533.4" "-"
82.165.88.0 - - [31/Dec/2023:12:35:44 +0100] "POST /wp-cron.php?doing_wp_cron=1704022544.7590019702911376953125 HTTP/1.1" 200 - dartmoorrunners.co.uk "http://dartmoorrunners.co.uk/wp-cron.php?doing_wp_cron=1704022544.7590019702911376953125" "WordPress/6.1.4; http://dartmoorrunners.co.uk" "-"
207.46.13.0 - - [31/Dec/2023:12:35:44 +0100] "GET / HTTP/1.1" 200 31573 dartmoorrunners.co.uk "-" "Mozilla/5.0 AppleWebKit/537.36 (KHTML, like Gecko; compatible; bingbot/2.0; +http://www.bing.com/bingbot.htm) Chrome/116.0.1938.76 Safari/537.36" "-"
52.230.152.0 - - [31/Dec/2023:12:37:09 +0100] "GET /dates_22.html HTTP/1.1" 404 24761 dartmoorrunners.co.uk "-" "Mozilla/5.0 AppleWebKit/537.36 (KHTML, like Gecko; compatible; GPTBot/1.0; +https://openai.com/gptbot)" "-"
185.191.171.0 - - [31/Dec/2023:12:57:30 +0100] "GET /robots.txt HTTP/1.1" 200 121 dartmoorrunners.co.uk "-" "Mozilla/5.0 (compatible; SemrushBot/7~bl; +http://www.semrush.com/bot.html)" "-"
185.191.171.0 - - [31/Dec/2023:12:57:31 +0100] "GET / HTTP/1.1" 200 31573 dartmoorrunners.co.uk "-" "Mozilla/5.0 (compatible; SemrushBot/7~bl; +http://www.semrush.com/bot.html)" "-"
82.165.88.0 - - [31/Dec/2023:13:34:45 +0100] "POST /wp-cron.php?doing_wp_cron=1704026085.8649630546569824218750 HTTP/1.1" 200 - dartmoorrunners.co.uk "http://dartmoorrunners.co.uk/wp-cron.php?doing_wp_cron=1704026085.8649630546569824218750" "WordPress/6.1.4; http://dartmoorrunners.co.uk" "-"
52.230.152.0 - - [31/Dec/2023:13:34:45 +0100] "GET /robots.txt HTTP/1.1" 200 121 dartmoorrunners.co.uk "-" "Mozilla/5.0 AppleWebKit/537.36 (KHTML, like Gecko; compatible; GPTBot/1.0; +https://openai.com/gptbot)" "-"
52.230.152.0 - - [31/Dec/2023:13:34:52 +0100] "GET / HTTP/1.1" 200 31573 dartmoorrunners.co.uk "-" "Mozilla/5.0 AppleWebKit/537.36 (KHTML, like Gecko; compatible; GPTBot/1.0; +https://openai.com/gptbot)" "-"
2a00:23c8:a700:: - - [31/Dec/2023:13:42:23 +0100] "GET / HTTP/1.1" 301 - www.dartmoorrunners.co.uk "-" "Mozilla/5.0 (Macintosh; Intel Mac OS X 10_15_7) AppleWebKit/605.1.15 (KHTML, like Gecko) Version/17.1.2 Safari/605.1.15" "-"
2a00:23c8:a700:: - - [31/Dec/2023:13:42:23 +0100] "GET / HTTP/1.1" 200 31573 dartmoorrunners.co.uk "-" "Mozilla/5.0 (Macintosh; Intel Mac OS X 10_15_7) AppleWebKit/605.1.15 (KHTML, like Gecko) Version/17.1.2 Safari/605.1.15" "-"
2a00:23c8:a700:: - - [31/Dec/2023:13:42:24 +0100] "GET /wp-includes/js/wp-emoji-release.min.js?ver=6.1.4 HTTP/1.1" 200 18617 dartmoorrunners.co.uk "http://dartmoorrunners.co.uk/" "Mozilla/5.0 (Macintosh; Intel Mac OS X 10_15_7) AppleWebKit/605.1.15 (KHTML, like Gecko) Version/17.1.2 Safari/605.1.15" "-"
2a00:23c8:a700:: - - [31/Dec/2023:13:42:24 +0100] "GET /wp-includes/css/classic-themes.min.css?ver=1 HTTP/1.1" 200 189 dartmoorrunners.co.uk "http://dartmoorrunners.co.uk/" "Mozilla/5.0 (Macintosh; Intel Mac OS X 10_15_7) AppleWebKit/605.1.15 (KHTML, like Gecko) Version/17.1.2 Safari/605.1.15" "-"
2a00:23c8:a700:: - - [31/Dec/2023:13:42:24 +0100] "GET /wp-content/themes/omega/style.css?ver=6.1.4 HTTP/1.1" 200 6552 dartmoorrunners.co.uk "http://dartmoorrunners.co.uk/" "Mozilla/5.0 (Macintosh; Intel Mac OS X 10_15_7) AppleWebKit/605.1.15 (KHTML, like Gecko) Version/17.1.2 Safari/605.1.15" "-"
2a00:23c8:a700:: - - [31/Dec/2023:13:42:24 +0100] "GET /wp-includes/css/dist/block-library/style.min.css?ver=6.1.4 HTTP/1.1" 200 16164 dartmoorrunners.co.uk "http://dartmoorrunners.co.uk/" "Mozilla/5.0 (Macintosh; Intel Mac OS X 10_15_7) AppleWebKit/605.1.15 (KHTML, like Gecko) Version/17.1.2 Safari/605.1.15" "-"
2a00:23c8:a700:: - - [31/Dec/2023:13:42:24 +0100] "GET /wp-content/uploads/2017/04/cropped-dartmoorrunnerslogo_normal.png HTTP/1.1" 200 110052 dartmoorrunners.co.uk "http://dartmoorrunners.co.uk/" "Mozilla/5.0 (Macintosh; Intel Mac OS X 10_15_7) AppleWebKit/605.1.15 (KHTML, like Gecko) Version/17.1.2 Safari/605.1.15" "-"
2a00:23c8:a700:: - - [31/Dec/2023:13:42:24 +0100] "GET /wp-content/uploads/2017/04/XmasBash2017Med.jpg HTTP/1.1" 200 200566 dartmoorrunners.co.uk "http://dartmoorrunners.co.uk/" "Mozilla/5.0 (Macintosh; Intel Mac OS X 10_15_7) AppleWebKit/605.1.15 (KHTML, like Gecko) Version/17.1.2 Safari/605.1.15" "-"
2a00:23c8:a700:: - - [31/Dec/2023:13:42:24 +0100] "GET /wp-content/uploads/2017/04/ControlDog-768x576.jpg HTTP/1.1" 200 85973 dartmoorrunners.co.uk "http://dartmoorrunners.co.uk/" "Mozilla/5.0 (Macintosh; Intel Mac OS X 10_15_7) AppleWebKit/605.1.15 (KHTML, like Gecko) Version/17.1.2 Safari/605.1.15" "-"
2a00:23c8:a700:: - - [31/Dec/2023:13:42:24 +0100] "GET /wp-content/uploads/2017/04/winter-2015-small.jpg HTTP/1.1" 200 202841 dartmoorrunners.co.uk "http://dartmoorrunners.co.uk/" "Mozilla/5.0 (Macintosh; Intel Mac OS X 10_15_7) AppleWebKit/605.1.15 (KHTML, like Gecko) Version/17.1.2 Safari/605.1.15" "-"
2a00:23c8:a700:: - - [31/Dec/2023:13:42:24 +0100] "GET /wp-content/uploads/2017/04/Moorland-runner-cropped.jpg HTTP/1.1" 200 437747 dartmoorrunners.co.uk "http://dartmoorrunners.co.uk/" "Mozilla/5.0 (Macintosh; Intel Mac OS X 10_15_7) AppleWebKit/605.1.15 (KHTML, like Gecko) Version/17.1.2 Safari/605.1.15" "-"
2a00:23c8:a700:: - - [31/Dec/2023:13:42:26 +0100] "GET /winter-series-2023 HTTP/1.1" 200 27619 dartmoorrunners.co.uk "http://dartmoorrunners.co.uk/" "Mozilla/5.0 (Macintosh; Intel Mac OS X 10_15_7) AppleWebKit/605.1.15 (KHTML, like Gecko) Version/17.1.2 Safari/605.1.15" "-"
141.94.207.0 - - [31/Dec/2023:14:05:23 +0100] "POST /xmlrpc.php HTTP/1.1" 200 403 dartmoorrunners.co.uk "-" "Mozilla/5.0 (Windows NT 10.0; Win64; x64; rv:88.0) Gecko/20100101 Firefox/88.0" "-"
40.77.167.0 - - [31/Dec/2023:14:08:50 +0100] "GET /winter-series-2023 HTTP/1.1" 200 27619 dartmoorrunners.co.uk "-" "Mozilla/5.0 AppleWebKit/537.36 (KHTML, like Gecko; compatible; bingbot/2.0; +http://www.bing.com/bingbot.htm) Chrome/116.0.1938.76 Safari/537.36" "-"
40.77.189.0 - - [31/Dec/2023:14:09:06 +0100] "GET /wp-includes/css/dist/block-library/style.min.css?ver=6.1.4 HTTP/1.1" 200 95021 dartmoorrunners.co.uk "-" "Mozilla/5.0 AppleWebKit/537.36 (KHTML, like Gecko; compatible; bingbot/2.0; +http://www.bing.com/bingbot.htm) Chrome/100.0.4896.127 Safari/537.36" "-"
40.77.188.0 - - [31/Dec/2023:14:09:07 +0100] "GET /wp-includes/css/classic-themes.min.css?ver=1 HTTP/1.1" 200 217 dartmoorrunners.co.uk "-" "Mozilla/5.0 AppleWebKit/537.36 (KHTML, like Gecko; compatible; bingbot/2.0; +http://www.bing.com/bingbot.htm) Chrome/100.0.4896.127 Safari/537.36" "-"
40.77.188.0 - - [31/Dec/2023:14:09:07 +0100] "GET /wp-content/themes/omega/style.css?ver=6.1.4 HTTP/1.1" 200 21416 dartmoorrunners.co.uk "-" "Mozilla/5.0 AppleWebKit/537.36 (KHTML, like Gecko; compatible; bingbot/2.0; +http://www.bing.com/bingbot.htm) Chrome/100.0.4896.127 Safari/537.36" "-"
40.77.188.0 - - [31/Dec/2023:14:09:07 +0100] "GET /wp-includes/js/wp-emoji-release.min.js?ver=6.1.4 HTTP/1.1" 200 18617 dartmoorrunners.co.uk "-" "Mozilla/5.0 AppleWebKit/537.36 (KHTML, like Gecko; compatible; bingbot/2.0; +http://www.bing.com/bingbot.htm) Chrome/100.0.4896.127 Safari/537.36" "-"
85.208.96.0 - - [31/Dec/2023:14:37:40 +0100] "GET /robots.txt HTTP/1.1" 200 121 dartmoorrunners.co.uk "-" "Mozilla/5.0 (compatible; SemrushBot/7~bl; +http://www.semrush.com/bot.html)" "-"
82.165.88.0 - - [31/Dec/2023:14:37:41 +0100] "POST /wp-cron.php?doing_wp_cron=1704029861.2001969814300537109375 HTTP/1.1" 200 - dartmoorrunners.co.uk "http://dartmoorrunners.co.uk/wp-cron.php?doing_wp_cron=1704029861.2001969814300537109375" "WordPress/6.1.4; http://dartmoorrunners.co.uk" "-"
85.208.96.0 - - [31/Dec/2023:14:37:41 +0100] "GET /results/summer-series-2014-results HTTP/1.1" 200 25683 dartmoorrunners.co.uk "-" "Mozilla/5.0 (compatible; SemrushBot/7~bl; +http://www.semrush.com/bot.html)" "-"
185.2.168.0 - - [31/Dec/2023:14:52:19 +0100] "GET /wp-content/plugins/wp-doftx/noimg.php HTTP/1.1" 404 24761 dartmoorrunners.co.uk "http://simplesite.com" "Mozilla/5.0 (Windows; U; Windows NT 5.1; en-US) AppleWebKit/533.4 (KHTML, like Gecko) Chrome/5.0.375.99 Safari/533.4" "-"
66.249.72.0 - - [31/Dec/2023:15:27:49 +0100] "GET /robots.txt HTTP/1.1" 200 121 dartmoorrunners.co.uk "-" "Mozilla/5.0 (compatible; Googlebot/2.1; +http://www.google.com/bot.html)" "-"
66.249.78.0 - - [31/Dec/2023:15:28:29 +0100] "GET / HTTP/1.1" 200 31573 dartmoorrunners.co.uk "-" "Mozilla/5.0 (compatible; Googlebot/2.1; +http://www.google.com/bot.html)" "-"
184.154.76.0 - - [31/Dec/2023:15:54:55 +0100] "GET / HTTP/1.1" 301 - www.dartmoorrunners.co.uk "http://www.google.com/url?url=www.dartmoorrunners.co.uk&yahoo.com" "Mozilla/5.0 (compatible; MSIE 9.0; Windows NT 6.1; WOW64; Trident/6.0)" "-"
82.165.88.0 - - [31/Dec/2023:15:54:55 +0100] "POST /wp-cron.php?doing_wp_cron=1704034495.3224029541015625000000 HTTP/1.1" 200 - dartmoorrunners.co.uk "http://dartmoorrunners.co.uk/wp-cron.php?doing_wp_cron=1704034495.3224029541015625000000" "WordPress/6.1.4; http://dartmoorrunners.co.uk" "-"
184.154.76.0 - - [31/Dec/2023:15:54:56 +0100] "GET / HTTP/1.1" 200 31573 dartmoorrunners.co.uk "http://www.google.com/url?url=dartmoorrunners.co.uk&yahoo.com" "Mozilla/5.0 (compatible; MSIE 9.0; Windows NT 6.1; WOW64; Trident/6.0)" "-"
184.154.76.0 - - [31/Dec/2023:15:54:58 +0100] "GET /th1s_1s_a_4o4.html HTTP/1.1" 404 24761 dartmoorrunners.co.uk "-" "SiteLockSpider [en] (WinNT; I ;Nav)" "-"
184.154.76.0 - - [31/Dec/2023:15:54:59 +0100] "GET /summer-series-2023 HTTP/1.1" 200 27248 dartmoorrunners.co.uk "-" "SiteLockSpider [en] (WinNT; I ;Nav)" "-"
184.154.76.0 - - [31/Dec/2023:15:54:59 +0100] "GET /wp-includes/css/dist/block-library/style.min.css?ver=6.1.4 HTTP/1.1" 200 95021 dartmoorrunners.co.uk "http://www.google.com/url?url=dartmoorrunners.co.uk&yahoo.com" "Mozilla/5.0 (compatible; MSIE 9.0; Windows NT 6.1; WOW64; Trident/6.0)" "-"
184.154.76.0 - - [31/Dec/2023:15:55:00 +0100] "GET /wp-json/ HTTP/1.1" 200 164417 dartmoorrunners.co.uk "http://www.google.com/url?url=dartmoorrunners.co.uk&yahoo.com" "Mozilla/5.0 (compatible; MSIE 9.0; Windows NT 6.1; WOW64; Trident/6.0)" "-"
184.154.76.0 - - [31/Dec/2023:15:55:02 +0100] "GET /feed HTTP/1.1" 200 1728 dartmoorrunners.co.uk "-" "SiteLockSpider [en] (WinNT; I ;Nav)" "-"
184.154.76.0 - - [31/Dec/2023:15:55:02 +0100] "GET /summer-series-2019-results HTTP/1.1" 200 25725 dartmoorrunners.co.uk "-" "SiteLockSpider [en] (WinNT; I ;Nav)" "-"
184.154.76.0 - - [31/Dec/2023:15:55:03 +0100] "GET /xmlrpc.php?rsd HTTP/1.1" 200 834 dartmoorrunners.co.uk "-" "SiteLockSpider [en] (WinNT; I ;Nav)" "-"
184.154.76.0 - - [31/Dec/2023:15:55:04 +0100] "GET /wp-json/oembed/1.0/embed?url=http%3A%2F%2Fdartmoorrunners.co.uk%2F HTTP/1.1" 200 2425 dartmoorrunners.co.uk "http://www.google.com/url?url=dartmoorrunners.co.uk&yahoo.com" "Mozilla/5.0 (compatible; MSIE 9.0; Windows NT 6.1; WOW64; Trident/6.0)" "-"
184.154.76.0 - - [31/Dec/2023:15:55:04 +0100] "GET /winter-series-2019-results HTTP/1.1" 200 25725 dartmoorrunners.co.uk "-" "SiteLockSpider [en] (WinNT; I ;Nav)" "-"
184.154.76.0 - - [31/Dec/2023:15:55:05 +0100] "GET /wp-json/oembed/1.0/embed?url=http%3A%2F%2Fdartmoorrunners.co.uk%2F&format=xml HTTP/1.1" 200 2495 dartmoorrunners.co.uk "-" "SiteLockSpider [en] (WinNT; I ;Nav)" "-"
184.154.76.0 - - [31/Dec/2023:15:55:06 +0100] "GET /results/summer-series-2014-results HTTP/1.1" 200 25683 dartmoorrunners.co.uk "http://www.google.com/url?url=dartmoorrunners.co.uk&yahoo.com" "Mozilla/5.0 (compatible; MSIE 9.0; Windows NT 6.1; WOW64; Trident/6.0)" "-"
184.154.76.0 - - [31/Dec/2023:15:55:06 +0100] "GET / HTTP/1.1" 200 31573 dartmoorrunners.co.uk "-" "SiteLockSpider [en] (WinNT; I ;Nav)" "-"
184.154.76.0 - - [31/Dec/2023:15:55:07 +0100] "GET /wp-includes/js/wp-emoji-release.min.js?ver=6.1.4 HTTP/1.1" 200 18617 dartmoorrunners.co.uk "http://www.google.com/url?url=dartmoorrunners.co.uk&yahoo.com" "Mozilla/5.0 (compatible; MSIE 9.0; Windows NT 6.1; WOW64; Trident/6.0)" "-"
184.154.76.0 - - [31/Dec/2023:15:55:07 +0100] "GET /wp-json/oembed/1.0/%5C%22http:%5C/%5C/dartmoorrunners.co.uk%5C/embed HTTP/1.1" 404 114 dartmoorrunners.co.uk "http://www.google.com/url?url=dartmoorrunners.co.uk&yahoo.com" "Mozilla/5.0 (compatible; MSIE 9.0; Windows NT 6.1; WOW64; Trident/6.0)" "-"
184.154.76.0 - - [31/Dec/2023:15:55:08 +0100] "GET /wp-json/wp/v2/pages/325 HTTP/1.1" 200 2074 dartmoorrunners.co.uk "http://www.google.com/url?url=dartmoorrunners.co.uk&yahoo.com" "Mozilla/5.0 (compatible; MSIE 9.0; Windows NT 6.1; WOW64; Trident/6.0)" "-"
184.154.76.0 - - [31/Dec/2023:15:55:08 +0100] "GET /wp-json/wp/v2/pages/2 HTTP/1.1" 200 8903 dartmoorrunners.co.uk "-" "SiteLockSpider [en] (WinNT; I ;Nav)" "-"
184.154.76.0 - - [31/Dec/2023:15:55:09 +0100] "GET /results/winter-series-2011-results HTTP/1.1" 200 44854 dartmoorrunners.co.uk "-" "SiteLockSpider [en] (WinNT; I ;Nav)" "-"
184.154.76.0 - - [31/Dec/2023:15:55:10 +0100] "GET /wp-json/wp/v2/pages/363 HTTP/1.1" 200 2074 dartmoorrunners.co.uk "-" "SiteLockSpider [en] (WinNT; I ;Nav)" "-"
184.154.76.0 - - [31/Dec/2023:15:55:10 +0100] "GET /wp-includes/css/classic-themes.min.css?ver=1 HTTP/1.1" 200 217 dartmoorrunners.co.uk "http://www.google.com/url?url=dartmoorrunners.co.uk&yahoo.com" "Mozilla/5.0 (compatible; MSIE 9.0; Windows NT 6.1; WOW64; Trident/6.0)" "-"
184.154.76.0 - - [31/Dec/2023:15:55:11 +0100] "GET /wp-json/wp/v2/pages/512 HTTP/1.1" 200 4235 dartmoorrunners.co.uk "-" "SiteLockSpider [en] (WinNT; I ;Nav)" "-"
184.154.76.0 - - [31/Dec/2023:15:55:11 +0100] "GET /feed/readme.html HTTP/1.1" 404 24761 dartmoorrunners.co.uk "-" "SiteLockSpider [en] (WinNT; I ;Nav)" "-"
184.154.76.0 - - [31/Dec/2023:15:55:12 +0100] "GET /readme.html HTTP/1.1" 200 7389 dartmoorrunners.co.uk "-" "SiteLockSpider [en] (WinNT; I ;Nav)" "-"
5.102.173.0 - - [31/Dec/2023:16:01:15 +0100] "GET /robots.txt HTTP/1.1" 200 121 dartmoorrunners.co.uk "-" "Mozilla/5.0 (compatible; MojeekBot/0.11; +https://www.mojeek.com/bot.html)" "-"
5.102.173.0 - - [31/Dec/2023:16:01:15 +0100] "GET /results/summer-series-2013-results HTTP/1.1" 200 25694 dartmoorrunners.co.uk "-" "Mozilla/5.0 (compatible; MojeekBot/0.11; +https://www.mojeek.com/bot.html)" "-"
38.150.13.0 - - [31/Dec/2023:16:06:19 +0100] "POST /wp-login.php HTTP/1.1" 200 9047 dartmoorrunners.co.uk "http://dartmoorrunners.co.uk/" "Mozilla/5.0 (Windows NT 6.1; WOW64; Trident/7.0; rv:11.0) like Gecko" "-"
202.64.124.0 - - [31/Dec/2023:16:06:21 +0100] "POST /wp-login.php HTTP/1.1" 200 9057 dartmoorrunners.co.uk "http://dartmoorrunners.co.uk/" "Mozilla/5.0 (Windows NT 6.1; WOW64; Trident/7.0; rv:11.0) like Gecko" "-"
104.28.192.0 - - [31/Dec/2023:16:06:23 +0100] "POST /wp-login.php HTTP/1.1" 200 9057 dartmoorrunners.co.uk "http://dartmoorrunners.co.uk/" "Mozilla/5.0 (Windows NT 6.1; WOW64; Trident/7.0; rv:11.0) like Gecko" "-"
20.63.104.0 - - [31/Dec/2023:16:09:53 +0100] "GET / HTTP/1.1" 200 31573 dartmoorrunners.co.uk "-" "Mozilla/5.0 (Windows NT 10.0; Win64; x64) AppleWebKit/537.36 (KHTML, like Gecko) Chrome/95.0.4638.69 Safari/537.36" "-"
20.63.104.0 - - [31/Dec/2023:16:09:53 +0100] "GET /wp-includes/ID3/license.txt HTTP/1.1" 200 1361 dartmoorrunners.co.uk "-" "Mozilla/5.0 (Windows NT 10.0; Win64; x64) AppleWebKit/537.36 (KHTML, like Gecko) Chrome/95.0.4638.69 Safari/537.36" "-"
20.63.104.0 - - [31/Dec/2023:16:09:53 +0100] "GET /feed/ HTTP/1.1" 301 - dartmoorrunners.co.uk "-" "Mozilla/5.0 (Windows NT 10.0; Win64; x64) AppleWebKit/537.36 (KHTML, like Gecko) Chrome/95.0.4638.69 Safari/537.36" "-"
20.63.104.0 - - [31/Dec/2023:16:09:54 +0100] "GET /xmlrpc.php?rsd HTTP/1.1" 200 834 dartmoorrunners.co.uk "-" "Mozilla/5.0 (Windows NT 10.0; Win64; x64) AppleWebKit/537.36 (KHTML, like Gecko) Chrome/95.0.4638.69 Safari/537.36" "-"
20.63.104.0 - - [31/Dec/2023:16:09:54 +0100] "GET /?author=1 HTTP/1.1" 301 - dartmoorrunners.co.uk "-" "Mozilla/5.0 (Windows NT 10.0; Win64; x64) AppleWebKit/537.36 (KHTML, like Gecko) Chrome/95.0.4638.69 Safari/537.36" "-"
20.63.104.0 - - [31/Dec/2023:16:09:54 +0100] "GET /?author=2 HTTP/1.1" 200 24955 dartmoorrunners.co.uk "-" "Mozilla/5.0 (Windows NT 10.0; Win64; x64) AppleWebKit/537.36 (KHTML, like Gecko) Chrome/95.0.4638.69 Safari/537.36" "-"
20.63.104.0 - - [31/Dec/2023:16:09:55 +0100] "GET /wp-json/wp/v2/users/ HTTP/1.1" 200 584 dartmoorrunners.co.uk "-" "Mozilla/5.0 (Windows NT 10.0; Win64; x64) AppleWebKit/537.36 (KHTML, like Gecko) Chrome/95.0.4638.69 Safari/537.36" "-"
20.63.104.0 - - [31/Dec/2023:16:09:55 +0100] "GET /wp-json/oembed/1.0/embed?url=http://dartmoorrunners.co.uk HTTP/1.1" 200 2425 dartmoorrunners.co.uk "-" "Mozilla/5.0 (Windows NT 10.0; Win64; x64) AppleWebKit/537.36 (KHTML, like Gecko) Chrome/95.0.4638.69 Safari/537.36" "-"
20.63.104.0 - - [31/Dec/2023:16:09:55 +0100] "POST /xmlrpc.php HTTP/1.1" 200 403 dartmoorrunners.co.uk "-" "Mozilla/5.0 (Windows NT 10.0; Win64; x64) AppleWebKit/537.36 (KHTML, like Gecko) Chrome/95.0.4638.69 Safari/537.36" "-"
20.63.104.0 - - [31/Dec/2023:16:09:56 +0100] "POST /xmlrpc.php HTTP/1.1" 200 403 dartmoorrunners.co.uk "-" "Mozilla/5.0 (Windows NT 10.0; Win64; x64) AppleWebKit/537.36 (KHTML, like Gecko) Chrome/95.0.4638.69 Safari/537.36" "-"
20.63.104.0 - - [31/Dec/2023:16:09:57 +0100] "POST /xmlrpc.php HTTP/1.1" 403 618 dartmoorrunners.co.uk "-" "Mozilla/5.0 (Windows NT 10.0; Win64; x64) AppleWebKit/537.36 (KHTML, like Gecko) Chrome/95.0.4638.69 Safari/537.36" "-"
5.102.173.0 - - [31/Dec/2023:16:29:25 +0100] "GET /robots.txt HTTP/1.1" 200 121 dartmoorrunners.co.uk "-" "Mozilla/5.0 (compatible; MojeekBot/0.11; +https://www.mojeek.com/bot.html)" "-"
82.165.88.0 - - [31/Dec/2023:16:29:26 +0100] "POST /wp-cron.php?doing_wp_cron=1704036566.2005219459533691406250 HTTP/1.1" 200 - dartmoorrunners.co.uk "http://dartmoorrunners.co.uk/wp-cron.php?doing_wp_cron=1704036566.2005219459533691406250" "WordPress/6.1.4; http://dartmoorrunners.co.uk" "-"
5.102.173.0 - - [31/Dec/2023:16:29:26 +0100] "GET /winter-series-2023 HTTP/1.1" 200 27619 dartmoorrunners.co.uk "-" "Mozilla/5.0 (compatible; MojeekBot/0.11; +https://www.mojeek.com/bot.html)" "-"
134.209.23.0 - - [31/Dec/2023:16:35:00 +0100] "POST /xmlrpc.php HTTP/1.1" 200 403 dartmoorrunners.co.uk "-" "Mozilla/5.0 (Windows NT 10.0; Win64; x64; rv:87.0) Gecko/20100101 Firefox/87.0" "-"
31.11.36.0 - - [31/Dec/2023:16:47:54 +0100] "GET /wp-content/themes/index.php HTTP/1.1" 200 - dartmoorrunners.co.uk "http://simplesite.com" "Mozilla/5.0 (Windows; U; Windows NT 5.1; en-US) AppleWebKit/533.4 (KHTML, like Gecko) Chrome/5.0.375.99 Safari/533.4" "-"
40.77.167.0 - - [31/Dec/2023:17:27:07 +0100] "GET /wp-sitemap-users-1.xml HTTP/1.1" 200 261 dartmoorrunners.co.uk "-" "Mozilla/5.0 AppleWebKit/537.36 (KHTML, like Gecko; compatible; bingbot/2.0; +http://www.bing.com/bingbot.htm) Chrome/116.0.1938.76 Safari/537.36" "-"
82.165.88.0 - - [31/Dec/2023:17:27:08 +0100] "POST /wp-cron.php?doing_wp_cron=1704040028.1106050014495849609375 HTTP/1.1" 200 - dartmoorrunners.co.uk "http://dartmoorrunners.co.uk/wp-cron.php?doing_wp_cron=1704040028.1106050014495849609375" "WordPress/6.1.4; http://dartmoorrunners.co.uk" "-"
82.165.88.0 - - [31/Dec/2023:17:29:15 +0100] "POST /wp-cron.php?doing_wp_cron=1704040155.5811519622802734375000 HTTP/1.1" 200 - dartmoorrunners.co.uk "http://dartmoorrunners.co.uk/wp-cron.php?doing_wp_cron=1704040155.5811519622802734375000" "WordPress/6.1.4; http://dartmoorrunners.co.uk" "-"
18.143.174.0 - - [31/Dec/2023:17:29:15 +0100] "POST /wp-login.php HTTP/1.1" 200 9047 dartmoorrunners.co.uk "http://dartmoorrunners.co.uk/" "Mozilla/5.0 (Windows NT 6.1; WOW64; Trident/7.0; rv:11.0) like Gecko" "-"
205.185.123.0 - - [31/Dec/2023:17:29:17 +0100] "POST /wp-login.php HTTP/1.1" 200 9057 dartmoorrunners.co.uk "http://dartmoorrunners.co.uk/" "Mozilla/5.0 (Windows NT 6.1; WOW64; Trident/7.0; rv:11.0) like Gecko" "-"
2a0c:b381:400:: - - [31/Dec/2023:17:35:09 +0100] "GET / HTTP/1.1" 200 31573 dartmoorrunners.co.uk "-" "Mozilla/5.0 (Linux; Android 10; K) AppleWebKit/537.36 (KHTML, like Gecko) Chrome/120.0.0.0 Mobile Safari/537.36" "-"
2a0c:b381:400:: - - [31/Dec/2023:17:35:09 +0100] "GET /wp-content/themes/omega/style.css?ver=6.1.4 HTTP/1.1" 200 6552 dartmoorrunners.co.uk "http://dartmoorrunners.co.uk/" "Mozilla/5.0 (Linux; Android 10; K) AppleWebKit/537.36 (KHTML, like Gecko) Chrome/120.0.0.0 Mobile Safari/537.36" "-"
2a0c:b381:400:: - - [31/Dec/2023:17:35:09 +0100] "GET /wp-content/uploads/2017/04/cropped-dartmoorrunnerslogo_normal.png HTTP/1.1" 200 110052 dartmoorrunners.co.uk "http://dartmoorrunners.co.uk/" "Mozilla/5.0 (Linux; Android 10; K) AppleWebKit/537.36 (KHTML, like Gecko) Chrome/120.0.0.0 Mobile Safari/537.36" "-"
2a0c:b381:400:: - - [31/Dec/2023:17:35:09 +0100] "GET /wp-content/uploads/2017/04/XmasBash2017Med.jpg HTTP/1.1" 200 200566 dartmoorrunners.co.uk "http://dartmoorrunners.co.uk/" "Mozilla/5.0 (Linux; Android 10; K) AppleWebKit/537.36 (KHTML, like Gecko) Chrome/120.0.0.0 Mobile Safari/537.36" "-"
2a0c:b381:400:: - - [31/Dec/2023:17:35:09 +0100] "GET /wp-content/uploads/2017/04/ControlDog-768x576.jpg HTTP/1.1" 200 85973 dartmoorrunners.co.uk "http://dartmoorrunners.co.uk/" "Mozilla/5.0 (Linux; Android 10; K) AppleWebKit/537.36 (KHTML, like Gecko) Chrome/120.0.0.0 Mobile Safari/537.36" "-"
2a0c:b381:400:: - - [31/Dec/2023:17:35:09 +0100] "GET /wp-content/uploads/2017/04/winter-2015-small.jpg HTTP/1.1" 200 202841 dartmoorrunners.co.uk "http://dartmoorrunners.co.uk/" "Mozilla/5.0 (Linux; Android 10; K) AppleWebKit/537.36 (KHTML, like Gecko) Chrome/120.0.0.0 Mobile Safari/537.36" "-"
2a0c:b381:400:: - - [31/Dec/2023:17:35:09 +0100] "GET /wp-content/uploads/2017/04/Moorland-runner-cropped.jpg HTTP/1.1" 200 437747 dartmoorrunners.co.uk "http://dartmoorrunners.co.uk/" "Mozilla/5.0 (Linux; Android 10; K) AppleWebKit/537.36 (KHTML, like Gecko) Chrome/120.0.0.0 Mobile Safari/537.36" "-"
2a0c:b381:400:: - - [31/Dec/2023:17:35:09 +0100] "GET /wp-content/uploads/2017/04/cropped-dartmoorrunnerslogo_normal-192x192.png HTTP/1.1" 200 59292 dartmoorrunners.co.uk "http://dartmoorrunners.co.uk/" "Mozilla/5.0 (Linux; Android 10; K) AppleWebKit/537.36 (KHTML, like Gecko) Chrome/120.0.0.0 Mobile Safari/537.36" "-"
2a0c:b381:400:: - - [31/Dec/2023:17:35:09 +0100] "GET /wp-content/uploads/2017/04/cropped-dartmoorrunnerslogo_normal-180x180.png HTTP/1.1" 200 55513 dartmoorrunners.co.uk "http://dartmoorrunners.co.uk/" "Mozilla/5.0 (Linux; Android 10; K) AppleWebKit/537.36 (KHTML, like Gecko) Chrome/120.0.0.0 Mobile Safari/537.36" "-"
2a0c:b381:400:: - - [31/Dec/2023:17:35:10 +0100] "GET / HTTP/1.1" 200 31573 dartmoorrunners.co.uk "http://dartmoorrunners.co.uk/" "Mozilla/5.0 (Linux; Android 10; K) AppleWebKit/537.36 (KHTML, like Gecko) Chrome/120.0.0.0 Mobile Safari/537.36" "-"
2a0c:b381:400:: - - [31/Dec/2023:17:35:11 +0100] "GET / HTTP/1.1" 200 31573 dartmoorrunners.co.uk "http://dartmoorrunners.co.uk/" "Mozilla/5.0 (Linux; Android 10; K) AppleWebKit/537.36 (KHTML, like Gecko) Chrome/120.0.0.0 Mobile Safari/537.36" "-"
2a0c:b381:400:: - - [31/Dec/2023:17:35:12 +0100] "GET / HTTP/1.1" 200 31573 dartmoorrunners.co.uk "http://dartmoorrunners.co.uk/" "Mozilla/5.0 (Linux; Android 10; K) AppleWebKit/537.36 (KHTML, like Gecko) Chrome/120.0.0.0 Mobile Safari/537.36" "-"
2a0c:b381:400:: - - [31/Dec/2023:17:35:12 +0100] "GET /winter-series-2023 HTTP/1.1" 200 27619 dartmoorrunners.co.uk "http://dartmoorrunners.co.uk/" "Mozilla/5.0 (Linux; Android 10; K) AppleWebKit/537.36 (KHTML, like Gecko) Chrome/120.0.0.0 Mobile Safari/537.36" "-"
182.43.70.0 - - [31/Dec/2023:17:57:55 +0100] "GET / HTTP/1.1" 301 - www.dartmoorrunners.co.uk "-" "Mozilla/5.0 (iPhone; CPU iPhone OS 13_2_3 like Mac OS X) AppleWebKit/605.1.15 (KHTML, like Gecko) Version/13.0.3 Mobile/15E148 Safari/604.1" "-"
182.43.70.0 - - [31/Dec/2023:17:57:56 +0100] "GET / HTTP/1.1" 200 31573 dartmoorrunners.co.uk "http://www.dartmoorrunners.co.uk" "Mozilla/5.0 (iPhone; CPU iPhone OS 13_2_3 like Mac OS X) AppleWebKit/605.1.15 (KHTML, like Gecko) Version/13.0.3 Mobile/15E148 Safari/604.1" "-"
34.196.176.0 - - [31/Dec/2023:18:46:53 +0100] "GET / HTTP/1.1" 200 31573 dartmoorrunners.co.uk "-" "Mozilla/5.0 (compatible; woorankreview/2.0; +https://www.woorank.com/)" "-"
34.196.176.0 - - [31/Dec/2023:18:46:54 +0100] "GET / HTTP/1.1" 301 - www.dartmoorrunners.co.uk "-" "Mozilla/5.0 (compatible; woorankreview/2.0; +https://www.woorank.com/)" "-"
82.165.88.0 - - [31/Dec/2023:18:46:54 +0100] "POST /wp-cron.php?doing_wp_cron=1704044814.2193510532379150390625 HTTP/1.1" 200 - dartmoorrunners.co.uk "http://dartmoorrunners.co.uk/wp-cron.php?doing_wp_cron=1704044814.2193510532379150390625" "WordPress/6.1.4; http://dartmoorrunners.co.uk" "-"
34.196.176.0 - - [31/Dec/2023:18:46:54 +0100] "GET / HTTP/1.1" 200 31573 dartmoorrunners.co.uk "-" "Mozilla/5.0 (compatible; woorankreview/2.0; +https://www.woorank.com/)" "-"
52.167.144.0 - - [31/Dec/2023:18:49:56 +0100] "GET /wp-sitemap-taxonomies-category-1.xml HTTP/1.1" 200 269 dartmoorrunners.co.uk "-" "Mozilla/5.0 AppleWebKit/537.36 (KHTML, like Gecko; compatible; bingbot/2.0; +http://www.bing.com/bingbot.htm) Chrome/116.0.1938.76 Safari/537.36" "-"
34.196.176.0 - - [31/Dec/2023:18:52:59 +0100] "GET / HTTP/1.1" 301 - www.dartmoorrunners.co.uk "-" "Mozilla/5.0 (compatible; woorankreview/2.0; +https://www.woorank.com/)" "-"
34.196.176.0 - - [31/Dec/2023:18:52:59 +0100] "GET / HTTP/1.1" 200 31573 dartmoorrunners.co.uk "-" "Mozilla/5.0 (compatible; woorankreview/2.0; +https://www.woorank.com/)" "-"
34.196.176.0 - - [31/Dec/2023:18:52:59 +0100] "GET / HTTP/1.1" 200 31573 dartmoorrunners.co.uk "-" "Mozilla/5.0 (compatible; woorankreview/2.0; +https://www.woorank.com/)" "-"
34.196.176.0 - - [31/Dec/2023:18:53:00 +0100] "GET /7qFWwBzsT2ZSWnEP/pxt5qAsyIJC05tDIgtN/v68TyVAysIka/oaBnLOZ6LvdErnycLX3 HTTP/1.1" 404 24761 dartmoorrunners.co.uk "-" "Mozilla/5.0 (compatible; woorankreview/2.0; +https://www.woorank.com/)" "-"
107.21.221.0 - - [31/Dec/2023:18:53:00 +0100] "GET /.well-known/security.txt HTTP/1.1" 404 24761 dartmoorrunners.co.uk "-" "Mozilla/5.0 (compatible; woorankreview/2.0; +https://www.woorank.com/)" "-"
54.243.107.0 - - [31/Dec/2023:18:53:00 +0100] "GET / HTTP/1.1" 301 - www.dartmoorrunners.co.uk "-" "Mozilla/5.0 (compatible; woorankreview/2.0; +https://www.woorank.com/)" "-"
54.243.107.0 - - [31/Dec/2023:18:53:00 +0100] "GET / HTTP/1.1" 200 31573 dartmoorrunners.co.uk "-" "Mozilla/5.0 (compatible; woorankreview/2.0; +https://www.woorank.com/)" "-"
34.195.11.0 - - [31/Dec/2023:18:53:00 +0100] "GET / HTTP/1.1" 200 31573 dartmoorrunners.co.uk "-" "Mozilla/5.0 (compatible; woorankreview/2.0; +https://www.woorank.com/)" "-"
3.230.219.0 - - [31/Dec/2023:18:53:00 +0100] "GET / HTTP/1.1" 200 31573 dartmoorrunners.co.uk "-" "Mozilla/5.0 (iPhone; CPU iPhone OS 11_0 like Mac OS X) AppleWebKit/604.1.38 (KHTML, like Gecko) Version/11.0 Mobile/15A372 Safari/604.1 (compatible; woorankreview/2.0; +https://www.woorank.com/)" "-"
34.195.11.0 - - [31/Dec/2023:18:53:00 +0100] "GET /wp-includes/css/dist/block-library/style.min.css?ver=6.1.4 HTTP/1.1" 200 16164 dartmoorrunners.co.uk "http://dartmoorrunners.co.uk/" "Mozilla/5.0 (compatible; woorankreview/2.0; +https://www.woorank.com/)" "-"
3.230.219.0 - - [31/Dec/2023:18:53:00 +0100] "GET /wp-includes/css/dist/block-library/style.min.css?ver=6.1.4 HTTP/1.1" 200 16164 dartmoorrunners.co.uk "http://dartmoorrunners.co.uk/" "Mozilla/5.0 (iPhone; CPU iPhone OS 11_0 like Mac OS X) AppleWebKit/604.1.38 (KHTML, like Gecko) Version/11.0 Mobile/15A372 Safari/604.1 (compatible; woorankreview/2.0; +https://www.woorank.com/)" "-"
34.195.11.0 - - [31/Dec/2023:18:53:00 +0100] "GET /wp-includes/css/classic-themes.min.css?ver=1 HTTP/1.1" 200 189 dartmoorrunners.co.uk "http://dartmoorrunners.co.uk/" "Mozilla/5.0 (compatible; woorankreview/2.0; +https://www.woorank.com/)" "-"
34.195.11.0 - - [31/Dec/2023:18:53:00 +0100] "GET /wp-content/themes/omega/style.css?ver=6.1.4 HTTP/1.1" 200 6552 dartmoorrunners.co.uk "http://dartmoorrunners.co.uk/" "Mozilla/5.0 (compatible; woorankreview/2.0; +https://www.woorank.com/)" "-"
34.195.11.0 - - [31/Dec/2023:18:53:00 +0100] "GET /wp-content/uploads/2017/04/cropped-dartmoorrunnerslogo_normal.png HTTP/1.1" 200 110052 dartmoorrunners.co.uk "http://dartmoorrunners.co.uk/" "Mozilla/5.0 (compatible; woorankreview/2.0; +https://www.woorank.com/)" "-"
34.195.11.0 - - [31/Dec/2023:18:53:00 +0100] "GET /wp-content/uploads/2017/04/ControlDog-300x225.jpg HTTP/1.1" 200 17221 dartmoorrunners.co.uk "http://dartmoorrunners.co.uk/" "Mozilla/5.0 (compatible; woorankreview/2.0; +https://www.woorank.com/)" "-"
34.195.11.0 - - [31/Dec/2023:18:53:00 +0100] "GET /wp-content/uploads/2017/04/XmasBash2017Med-300x200.jpg HTTP/1.1" 200 19902 dartmoorrunners.co.uk "http://dartmoorrunners.co.uk/" "Mozilla/5.0 (compatible; woorankreview/2.0; +https://www.woorank.com/)" "-"
3.230.219.0 - - [31/Dec/2023:18:53:00 +0100] "GET /wp-includes/css/classic-themes.min.css?ver=1 HTTP/1.1" 200 189 dartmoorrunners.co.uk "http://dartmoorrunners.co.uk/" "Mozilla/5.0 (iPhone; CPU iPhone OS 11_0 like Mac OS X) AppleWebKit/604.1.38 (KHTML, like Gecko) Version/11.0 Mobile/15A372 Safari/604.1 (compatible; woorankreview/2.0; +https://www.woorank.com/)" "-"
3.230.219.0 - - [31/Dec/2023:18:53:00 +0100] "GET /wp-content/themes/omega/style.css?ver=6.1.4 HTTP/1.1" 200 6552 dartmoorrunners.co.uk "http://dartmoorrunners.co.uk/" "Mozilla/5.0 (iPhone; CPU iPhone OS 11_0 like Mac OS X) AppleWebKit/604.1.38 (KHTML, like Gecko) Version/11.0 Mobile/15A372 Safari/604.1 (compatible; woorankreview/2.0; +https://www.woorank.com/)" "-"
34.195.11.0 - - [31/Dec/2023:18:53:00 +0100] "GET /wp-content/uploads/2017/04/winter-2015-small-300x225.jpg HTTP/1.1" 200 17306 dartmoorrunners.co.uk "http://dartmoorrunners.co.uk/" "Mozilla/5.0 (compatible; woorankreview/2.0; +https://www.woorank.com/)" "-"
54.243.107.0 - - [31/Dec/2023:18:53:00 +0100] "GET / HTTP/1.1" 200 31573 dartmoorrunners.co.uk "-" "Mozilla/5.0 (compatible; woorankreview/2.0; +https://www.woorank.com/)" "-"
107.21.221.0 - - [31/Dec/2023:18:53:00 +0100] "GET /robots.txt HTTP/1.1" 200 121 dartmoorrunners.co.uk "-" "Mozilla/5.0 (compatible; woorankreview/2.0; +https://www.woorank.com/)" "-"
3.230.219.0 - - [31/Dec/2023:18:53:01 +0100] "GET /wp-content/uploads/2017/04/cropped-dartmoorrunnerslogo_normal.png HTTP/1.1" 200 110052 dartmoorrunners.co.uk "http://dartmoorrunners.co.uk/" "Mozilla/5.0 (iPhone; CPU iPhone OS 11_0 like Mac OS X) AppleWebKit/604.1.38 (KHTML, like Gecko) Version/11.0 Mobile/15A372 Safari/604.1 (compatible; woorankreview/2.0; +https://www.woorank.com/)" "-"
34.195.11.0 - - [31/Dec/2023:18:53:01 +0100] "GET /wp-includes/js/wp-emoji-release.min.js?ver=6.1.4 HTTP/1.1" 200 18617 dartmoorrunners.co.uk "http://dartmoorrunners.co.uk/" "Mozilla/5.0 (compatible; woorankreview/2.0; +https://www.woorank.com/)" "-"
34.195.11.0 - - [31/Dec/2023:18:53:01 +0100] "GET /wp-content/uploads/2017/04/Moorland-runner-cropped-300x212.jpg HTTP/1.1" 200 16206 dartmoorrunners.co.uk "http://dartmoorrunners.co.uk/" "Mozilla/5.0 (compatible; woorankreview/2.0; +https://www.woorank.com/)" "-"
3.230.219.0 - - [31/Dec/2023:18:53:01 +0100] "GET /wp-content/uploads/2017/04/XmasBash2017Med.jpg HTTP/1.1" 200 200566 dartmoorrunners.co.uk "http://dartmoorrunners.co.uk/" "Mozilla/5.0 (iPhone; CPU iPhone OS 11_0 like Mac OS X) AppleWebKit/604.1.38 (KHTML, like Gecko) Version/11.0 Mobile/15A372 Safari/604.1 (compatible; woorankreview/2.0; +https://www.woorank.com/)" "-"
3.230.219.0 - - [31/Dec/2023:18:53:01 +0100] "GET /wp-content/uploads/2017/04/ControlDog-768x576.jpg HTTP/1.1" 200 85973 dartmoorrunners.co.uk "http://dartmoorrunners.co.uk/" "Mozilla/5.0 (iPhone; CPU iPhone OS 11_0 like Mac OS X) AppleWebKit/604.1.38 (KHTML, like Gecko) Version/11.0 Mobile/15A372 Safari/604.1 (compatible; woorankreview/2.0; +https://www.woorank.com/)" "-"
3.230.219.0 - - [31/Dec/2023:18:53:01 +0100] "GET /wp-content/uploads/2017/04/winter-2015-small.jpg HTTP/1.1" 200 202841 dartmoorrunners.co.uk "http://dartmoorrunners.co.uk/" "Mozilla/5.0 (iPhone; CPU iPhone OS 11_0 like Mac OS X) AppleWebKit/604.1.38 (KHTML, like Gecko) Version/11.0 Mobile/15A372 Safari/604.1 (compatible; woorankreview/2.0; +https://www.woorank.com/)" "-"
3.230.219.0 - - [31/Dec/2023:18:53:01 +0100] "GET /wp-includes/js/wp-emoji-release.min.js?ver=6.1.4 HTTP/1.1" 200 18617 dartmoorrunners.co.uk "http://dartmoorrunners.co.uk/" "Mozilla/5.0 (iPhone; CPU iPhone OS 11_0 like Mac OS X) AppleWebKit/604.1.38 (KHTML, like Gecko) Version/11.0 Mobile/15A372 Safari/604.1 (compatible; woorankreview/2.0; +https://www.woorank.com/)" "-"
3.230.219.0 - - [31/Dec/2023:18:53:01 +0100] "GET /wp-content/uploads/2017/04/Moorland-runner-cropped.jpg HTTP/1.1" 200 437747 dartmoorrunners.co.uk "http://dartmoorrunners.co.uk/" "Mozilla/5.0 (iPhone; CPU iPhone OS 11_0 like Mac OS X) AppleWebKit/604.1.38 (KHTML, like Gecko) Version/11.0 Mobile/15A372 Safari/604.1 (compatible; woorankreview/2.0; +https://www.woorank.com/)" "-"
107.21.221.0 - - [31/Dec/2023:18:53:01 +0100] "GET /wp-sitemap.xml HTTP/1.1" 200 562 dartmoorrunners.co.uk "-" "Mozilla/5.0 (compatible; woorankreview/2.0; +https://www.woorank.com/)" "-"
54.208.13.0 - - [31/Dec/2023:18:53:01 +0100] "GET / HTTP/1.1" 200 31573 dartmoorrunners.co.uk "-" "Mozilla/5.0 (Linux; Android 7.0; Moto G (4)) AppleWebKit/537.36 (KHTML, like Gecko) Chrome/94.0.4590.2 Mobile Safari/537.36 Chrome-Lighthouse (compatible; woorankreview/2.0; +https://www.woorank.com/)" "-"
54.208.13.0 - - [31/Dec/2023:18:53:01 +0100] "GET /wp-includes/css/dist/block-library/style.min.css?ver=6.1.4 HTTP/1.1" 200 16164 dartmoorrunners.co.uk "http://dartmoorrunners.co.uk/" "Mozilla/5.0 (Linux; Android 7.0; Moto G (4)) AppleWebKit/537.36 (KHTML, like Gecko) Chrome/94.0.4590.2 Mobile Safari/537.36 Chrome-Lighthouse (compatible; woorankreview/2.0; +https://www.woorank.com/)" "-"
54.208.13.0 - - [31/Dec/2023:18:53:01 +0100] "GET /wp-includes/css/classic-themes.min.css?ver=1 HTTP/1.1" 200 189 dartmoorrunners.co.uk "http://dartmoorrunners.co.uk/" "Mozilla/5.0 (Linux; Android 7.0; Moto G (4)) AppleWebKit/537.36 (KHTML, like Gecko) Chrome/94.0.4590.2 Mobile Safari/537.36 Chrome-Lighthouse (compatible; woorankreview/2.0; +https://www.woorank.com/)" "-"
54.208.13.0 - - [31/Dec/2023:18:53:01 +0100] "GET /wp-content/themes/omega/style.css?ver=6.1.4 HTTP/1.1" 200 6552 dartmoorrunners.co.uk "http://dartmoorrunners.co.uk/" "Mozilla/5.0 (Linux; Android 7.0; Moto G (4)) AppleWebKit/537.36 (KHTML, like Gecko) Chrome/94.0.4590.2 Mobile Safari/537.36 Chrome-Lighthouse (compatible; woorankreview/2.0; +https://www.woorank.com/)" "-"
