182.43.230.0 - - [12/Feb/2024:04:06:48 +0100] "POST /wp-login.php HTTP/1.1" 200 9053 dartmoorrunners.co.uk "-" "Mozilla/5.0 (Windows NT 10.0; Win64; x64) AppleWebKit/537.36 (KHTML, like Gecko) Chrome/72.0.3626.109 Safari/537.36" "-"
195.191.219.0 - - [12/Feb/2024:04:19:45 +0100] "GET /robots.txt HTTP/1.1" 200 121 dartmoorrunners.co.uk "-" "Mozilla/5.0 (compatible; MJ12bot/v1.4.8; http://mj12bot.com/)" "-"
195.191.219.0 - - [12/Feb/2024:04:19:47 +0100] "GET / HTTP/1.1" 200 31573 dartmoorrunners.co.uk "-" "Mozilla/5.0 (compatible; MJ12bot/v1.4.8; http://mj12bot.com/)" "-"
95.211.7.0 - - [12/Feb/2024:04:36:15 +0100] "POST /xmlrpc.php HTTP/1.1" 200 403 dartmoorrunners.co.uk "-" "Mozilla/5.0 (Macintosh; Intel Mac OS X 10.6; rv:16.0) Gecko/20100101 Firefox/16.0" "-"
82.165.88.0 - - [12/Feb/2024:04:36:16 +0100] "POST /wp-cron.php?doing_wp_cron=1707708976.2096540927886962890625 HTTP/1.1" 200 - dartmoorrunners.co.uk "http://dartmoorrunners.co.uk/wp-cron.php?doing_wp_cron=1707708976.2096540927886962890625" "WordPress/6.1.5; http://dartmoorrunners.co.uk" "-"
95.211.7.0 - - [12/Feb/2024:04:36:17 +0100] "POST /xmlrpc.php HTTP/1.1" 200 403 dartmoorrunners.co.uk "-" "Mozilla/5.0 (Macintosh; Intel Mac OS X 10.6; rv:16.0) Gecko/20100101 Firefox/16.0" "-"
95.211.7.0 - - [12/Feb/2024:04:36:18 +0100] "POST /xmlrpc.php HTTP/1.1" 403 618 dartmoorrunners.co.uk "-" "Mozilla/5.0 (Macintosh; Intel Mac OS X 10.6; rv:16.0) Gecko/20100101 Firefox/16.0" "-"
95.211.7.0 - - [12/Feb/2024:04:36:19 +0100] "POST /xmlrpc.php HTTP/1.1" 403 618 dartmoorrunners.co.uk "-" "Mozilla/5.0 (Macintosh; Intel Mac OS X 10.6; rv:16.0) Gecko/20100101 Firefox/16.0" "-"
95.211.7.0 - - [12/Feb/2024:04:36:20 +0100] "POST /xmlrpc.php HTTP/1.1" 403 618 dartmoorrunners.co.uk "-" "Mozilla/5.0 (Macintosh; Intel Mac OS X 10.6; rv:16.0) Gecko/20100101 Firefox/16.0" "-"
95.108.213.0 - - [12/Feb/2024:04:56:01 +0100] "GET /robots.txt HTTP/1.1" 301 - www.dartmoorrunners.co.uk "-" "Mozilla/5.0 (compatible; YandexBot/3.0; +http://yandex.com/bots)" "-"
95.108.213.0 - - [12/Feb/2024:04:56:02 +0100] "GET /robots.txt HTTP/1.1" 200 121 dartmoorrunners.co.uk "-" "Mozilla/5.0 (compatible; YandexBot/3.0; +http://yandex.com/bots)" "-"
213.180.203.0 - - [12/Feb/2024:04:56:02 +0100] "GET / HTTP/1.1" 301 - www.dartmoorrunners.co.uk "-" "Mozilla/5.0 (compatible; YandexBot/3.0; +http://yandex.com/bots)" "-"
46.19.68.0 - - [12/Feb/2024:04:56:22 +0100] "POST /xmlrpc.php HTTP/1.1" 200 403 dartmoorrunners.co.uk "-" "Mozilla/5.0 (Windows NT 10.0; Win64; x64; rv:72.0) Gecko/20100101 Firefox/72.0" "-"
5.255.231.0 - - [12/Feb/2024:04:58:07 +0100] "GET /robots.txt HTTP/1.1" 301 - www.dartmoorrunners.co.uk "-" "Mozilla/5.0 (compatible; YandexBot/3.0; +http://yandex.com/bots)" "-"
5.255.231.0 - - [12/Feb/2024:04:58:07 +0100] "GET /robots.txt HTTP/1.1" 200 121 dartmoorrunners.co.uk "-" "Mozilla/5.0 (compatible; YandexBot/3.0; +http://yandex.com/bots)" "-"
87.250.224.0 - - [12/Feb/2024:04:58:08 +0100] "GET / HTTP/1.1" 301 - www.dartmoorrunners.co.uk "-" "Mozilla/5.0 (compatible; YandexBot/3.0; +http://yandex.com/bots)" "-"
15.235.163.0 - - [12/Feb/2024:05:03:13 +0100] "POST /wp-login.php HTTP/1.1" 200 9053 dartmoorrunners.co.uk "-" "Mozilla/5.0 (Windows NT 6.1; WOW64) AppleWebKit/537.36 (KHTML, like Gecko) Chrome/63.0.3239.132 Safari/537.36" "-"
66.249.76.0 - - [12/Feb/2024:05:50:00 +0100] "GET /results/winter-series-2014-results HTTP/1.1" 200 25683 dartmoorrunners.co.uk "-" "Mozilla/5.0 (Linux; Android 6.0.1; Nexus 5X Build/MMB29P) AppleWebKit/537.36 (KHTML, like Gecko) Chrome/121.0.6167.85 Mobile Safari/537.36 (compatible; Googlebot/2.1; +http://www.google.com/bot.html)" "-"
82.165.88.0 - - [12/Feb/2024:05:50:01 +0100] "POST /wp-cron.php?doing_wp_cron=1707713401.1042098999023437500000 HTTP/1.1" 200 - dartmoorrunners.co.uk "http://dartmoorrunners.co.uk/wp-cron.php?doing_wp_cron=1707713401.1042098999023437500000" "WordPress/6.1.5; http://dartmoorrunners.co.uk" "-"
213.136.84.0 - - [12/Feb/2024:05:56:38 +0100] "POST /xmlrpc.php HTTP/1.1" 200 403 dartmoorrunners.co.uk "-" "Mozilla/5.0 (Windows NT 10.0; Win64; x64; rv:58.0) Gecko/20100101 Firefox/58.0" "-"
40.73.4.0 - - [12/Feb/2024:06:51:41 +0100] "POST /wp-login.php HTTP/1.1" 200 9043 dartmoorrunners.co.uk "-" "Mozilla/5.0 (Windows NT 10.0; WOW64) AppleWebKit/537.36 (KHTML, like Gecko) Chrome/53.0.2785.143 Safari/537.36" "-"
82.165.88.0 - - [12/Feb/2024:06:51:42 +0100] "POST /wp-cron.php?doing_wp_cron=1707717102.1245439052581787109375 HTTP/1.1" 200 - dartmoorrunners.co.uk "http://dartmoorrunners.co.uk/wp-cron.php?doing_wp_cron=1707717102.1245439052581787109375" "WordPress/6.1.5; http://dartmoorrunners.co.uk" "-"
95.111.244.0 - - [12/Feb/2024:07:09:28 +0100] "GET /simple.php HTTP/1.1" 404 24761 dartmoorrunners.co.uk "www.google.com" "Mozlila/5.0 (Linux; Android 7.0; SM-G892A Bulid/NRD90M; wv) AppleWebKit/537.36 (KHTML, like Gecko) Version/4.0 Chrome/60.0.3112.107 Moblie Safari/537.36" "-"
66.249.66.0 - - [12/Feb/2024:07:16:30 +0100] "GET /ads.txt HTTP/1.1" 200 160 dartmoorrunners.co.uk "-" "Mozilla/5.0 (compatible; Googlebot/2.1; +http://www.google.com/bot.html)" "-"
45.86.202.0 - - [12/Feb/2024:07:17:50 +0100] "GET /admin/index.php HTTP/1.1" 301 - dartmoorrunners.co.uk "-" "Mozilla/5.0 (Windows NT 6.1) AppleWebKit/537.36 (KHTML, like Gecko) Chrome/45.0.2454.85 Safari/537.36 OPR/32.0.1948.45" "-"
45.86.202.0 - - [12/Feb/2024:07:17:50 +0100] "GET /admin/ HTTP/1.1" 302 - dartmoorrunners.co.uk "-" "Mozilla/5.0 (Windows NT 6.1) AppleWebKit/537.36 (KHTML, like Gecko) Chrome/45.0.2454.85 Safari/537.36 OPR/32.0.1948.45" "-"
45.86.202.0 - - [12/Feb/2024:07:17:50 +0100] "GET /wp-admin/ HTTP/1.1" 302 - dartmoorrunners.co.uk "-" "Mozilla/5.0 (Windows NT 6.1) AppleWebKit/537.36 (KHTML, like Gecko) Chrome/45.0.2454.85 Safari/537.36 OPR/32.0.1948.45" "-"
45.86.202.0 - - [12/Feb/2024:07:17:51 +0100] "GET /wp-login.php?redirect_to=http%3A%2F%2Fdartmoorrunners.co.uk%2Fwp-admin%2F&reauth=1 HTTP/1.1" 200 8724 dartmoorrunners.co.uk "-" "Mozilla/5.0 (Windows NT 6.1) AppleWebKit/537.36 (KHTML, like Gecko) Chrome/45.0.2454.85 Safari/537.36 OPR/32.0.1948.45" "-"
45.86.202.0 - - [12/Feb/2024:07:17:54 +0100] "GET /admin/index.php HTTP/1.1" 301 - dartmoorrunners.co.uk "-" "Mozilla/5.0 (Windows NT 6.1) AppleWebKit/537.36 (KHTML, like Gecko) Chrome/45.0.2454.85 Safari/537.36 OPR/32.0.1948.45" "-"
45.86.202.0 - - [12/Feb/2024:07:17:54 +0100] "GET /admin/ HTTP/1.1" 302 - dartmoorrunners.co.uk "-" "Mozilla/5.0 (Windows NT 6.1) AppleWebKit/537.36 (KHTML, like Gecko) Chrome/45.0.2454.85 Safari/537.36 OPR/32.0.1948.45" "-"
45.86.202.0 - - [12/Feb/2024:07:17:54 +0100] "GET /wp-admin/ HTTP/1.1" 302 - dartmoorrunners.co.uk "-" "Mozilla/5.0 (Windows NT 6.1) AppleWebKit/537.36 (KHTML, like Gecko) Chrome/45.0.2454.85 Safari/537.36 OPR/32.0.1948.45" "-"
45.86.202.0 - - [12/Feb/2024:07:17:54 +0100] "GET /wp-login.php?redirect_to=http%3A%2F%2Fdartmoorrunners.co.uk%2Fwp-admin%2F&reauth=1 HTTP/1.1" 200 8724 dartmoorrunners.co.uk "-" "Mozilla/5.0 (Windows NT 6.1) AppleWebKit/537.36 (KHTML, like Gecko) Chrome/45.0.2454.85 Safari/537.36 OPR/32.0.1948.45" "-"
45.86.202.0 - - [12/Feb/2024:07:17:58 +0100] "GET /admin/index.php HTTP/1.1" 301 - dartmoorrunners.co.uk "-" "Mozilla/5.0 (Windows NT 6.1) AppleWebKit/537.36 (KHTML, like Gecko) Chrome/45.0.2454.85 Safari/537.36 OPR/32.0.1948.45" "-"
45.86.202.0 - - [12/Feb/2024:07:17:58 +0100] "GET /admin/ HTTP/1.1" 302 - dartmoorrunners.co.uk "-" "Mozilla/5.0 (Windows NT 6.1) AppleWebKit/537.36 (KHTML, like Gecko) Chrome/45.0.2454.85 Safari/537.36 OPR/32.0.1948.45" "-"
45.86.202.0 - - [12/Feb/2024:07:17:58 +0100] "GET /wp-admin/ HTTP/1.1" 302 - dartmoorrunners.co.uk "-" "Mozilla/5.0 (Windows NT 6.1) AppleWebKit/537.36 (KHTML, like Gecko) Chrome/45.0.2454.85 Safari/537.36 OPR/32.0.1948.45" "-"
45.86.202.0 - - [12/Feb/2024:07:17:59 +0100] "GET /wp-login.php?redirect_to=http%3A%2F%2Fdartmoorrunners.co.uk%2Fwp-admin%2F&reauth=1 HTTP/1.1" 200 8724 dartmoorrunners.co.uk "-" "Mozilla/5.0 (Windows NT 6.1) AppleWebKit/537.36 (KHTML, like Gecko) Chrome/45.0.2454.85 Safari/537.36 OPR/32.0.1948.45" "-"
213.180.203.0 - - [12/Feb/2024:07:26:25 +0100] "GET /robots.txt HTTP/1.1" 200 121 dartmoorrunners.co.uk "-" "Mozilla/5.0 (compatible; YandexBot/3.0; +http://yandex.com/bots)" "-"
87.250.224.0 - - [12/Feb/2024:07:26:25 +0100] "GET / HTTP/1.1" 200 31573 dartmoorrunners.co.uk "-" "Mozilla/5.0 (compatible; YandexBot/3.0; +http://yandex.com/bots)" "-"
95.108.213.0 - - [12/Feb/2024:07:28:30 +0100] "GET / HTTP/1.1" 200 31573 dartmoorrunners.co.uk "-" "Mozilla/5.0 (compatible; YandexBot/3.0; +http://yandex.com/bots)" "-"
89.200.171.0 - - [12/Feb/2024:07:35:16 +0100] "POST /xmlrpc.php HTTP/1.1" 200 403 dartmoorrunners.co.uk "-" "Mozilla/5.0 (Windows NT 10.0; Win64; x64; rv:58.0) Gecko/20100101 Firefox/58.0" "-"
82.165.88.0 - - [12/Feb/2024:07:35:17 +0100] "POST /wp-cron.php?doing_wp_cron=1707719717.8084928989410400390625 HTTP/1.1" 200 - dartmoorrunners.co.uk "http://dartmoorrunners.co.uk/wp-cron.php?doing_wp_cron=1707719717.8084928989410400390625" "WordPress/6.1.5; http://dartmoorrunners.co.uk" "-"
5.59.250.0 - - [12/Feb/2024:07:47:39 +0100] "GET / HTTP/1.1" 200 31573 dartmoorrunners.co.uk "-" "Mozilla/5.0 (Windows NT 6.3; Win64; x64) AppleWebKit/537.36 (KHTML, like Gecko) Chrome/63.0.3239.84 Safari/537.36" "-"
107.173.251.0 - - [12/Feb/2024:07:47:46 +0100] "POST /wp-login.php HTTP/1.1" 200 9043 dartmoorrunners.co.uk "-" "Mozilla/5.0 (Windows NT 6.1; Win64; x64) AppleWebKit/537.36 (KHTML, like Gecko) Chrome/66.0.3359.117 Safari/537.36" "-"
45.86.202.0 - - [12/Feb/2024:07:52:59 +0100] "GET /administrator/index.php HTTP/1.1" 301 - dartmoorrunners.co.uk "-" "Mozilla/5.0 (Windows NT 6.1) AppleWebKit/537.36 (KHTML, like Gecko) Chrome/45.0.2454.85 Safari/537.36 OPR/32.0.1948.45" "-"
45.86.202.0 - - [12/Feb/2024:07:52:59 +0100] "GET /administrator/ HTTP/1.1" 404 24761 dartmoorrunners.co.uk "-" "Mozilla/5.0 (Windows NT 6.1) AppleWebKit/537.36 (KHTML, like Gecko) Chrome/45.0.2454.85 Safari/537.36 OPR/32.0.1948.45" "-"
45.86.202.0 - - [12/Feb/2024:07:53:03 +0100] "GET /administrator/index.php HTTP/1.1" 301 - dartmoorrunners.co.uk "-" "Mozilla/5.0 (Windows NT 6.1) AppleWebKit/537.36 (KHTML, like Gecko) Chrome/45.0.2454.85 Safari/537.36 OPR/32.0.1948.45" "-"
45.86.202.0 - - [12/Feb/2024:07:53:03 +0100] "GET /administrator/ HTTP/1.1" 404 24761 dartmoorrunners.co.uk "-" "Mozilla/5.0 (Windows NT 6.1) AppleWebKit/537.36 (KHTML, like Gecko) Chrome/45.0.2454.85 Safari/537.36 OPR/32.0.1948.45" "-"
45.86.202.0 - - [12/Feb/2024:07:53:07 +0100] "GET /administrator/index.php HTTP/1.1" 301 - dartmoorrunners.co.uk "-" "Mozilla/5.0 (Windows NT 6.1) AppleWebKit/537.36 (KHTML, like Gecko) Chrome/45.0.2454.85 Safari/537.36 OPR/32.0.1948.45" "-"
45.86.202.0 - - [12/Feb/2024:07:53:07 +0100] "GET /administrator/ HTTP/1.1" 404 24761 dartmoorrunners.co.uk "-" "Mozilla/5.0 (Windows NT 6.1) AppleWebKit/537.36 (KHTML, like Gecko) Chrome/45.0.2454.85 Safari/537.36 OPR/32.0.1948.45" "-"
2a01:238:200:: - - [12/Feb/2024:08:11:21 +0100] "GET /wordpress/ HTTP/1.1" 404 24761 dartmoorrunners.co.uk "-" "-" "-"
173.249.52.0 - - [12/Feb/2024:08:27:12 +0100] "GET /wp-includes/js/jquery/jquery.js HTTP/1.1" 200 289832 dartmoorrunners.co.uk "www.google.com" "Mozlila/5.0 (Linux; Android 7.0; SM-G892A Bulid/NRD90M; wv) AppleWebKit/537.36 (KHTML, like Gecko) Version/4.0 Chrome/60.0.3112.107 Moblie Safari/537.36" "-"
213.180.203.0 - - [12/Feb/2024:08:43:20 +0100] "GET /robots.txt HTTP/1.1" 301 - www.dartmoorrunners.co.uk "-" "Mozilla/5.0 (compatible; YandexBot/3.0; +http://yandex.com/bots)" "-"
82.165.88.0 - - [12/Feb/2024:08:43:21 +0100] "POST /wp-cron.php?doing_wp_cron=1707723801.1646699905395507812500 HTTP/1.1" 200 - dartmoorrunners.co.uk "http://dartmoorrunners.co.uk/wp-cron.php?doing_wp_cron=1707723801.1646699905395507812500" "WordPress/6.1.5; http://dartmoorrunners.co.uk" "-"
213.180.203.0 - - [12/Feb/2024:08:43:22 +0100] "GET /robots.txt HTTP/1.1" 200 121 dartmoorrunners.co.uk "-" "Mozilla/5.0 (compatible; YandexBot/3.0; +http://yandex.com/bots)" "-"
5.255.231.0 - - [12/Feb/2024:08:43:23 +0100] "GET / HTTP/1.1" 301 - www.dartmoorrunners.co.uk "-" "Mozilla/5.0 (compatible; YandexBot/3.0; +http://yandex.com/bots)" "-"
5.255.231.0 - - [12/Feb/2024:08:45:24 +0100] "GET / HTTP/1.1" 301 - www.dartmoorrunners.co.uk "-" "Mozilla/5.0 (compatible; YandexBot/3.0; +http://yandex.com/bots)" "-"
164.92.80.0 - - [12/Feb/2024:08:46:14 +0100] "POST /wp-login.php HTTP/1.1" 200 9053 dartmoorrunners.co.uk "-" "Mozilla/5.0 (Windows NT 10.0; WOW64) AppleWebKit/537.36 (KHTML, like Gecko) Chrome/57.0.2987.133 Safari/537.36" "-"
185.220.101.0 - - [12/Feb/2024:08:56:11 +0100] "POST /xmlrpc.php HTTP/1.1" 200 403 dartmoorrunners.co.uk "-" "Mozilla/5.0 (X11; Linux x86_64; rv:52.0) Gecko/20100101 Firefox/52.0" "-"
185.220.101.0 - - [12/Feb/2024:08:56:12 +0100] "POST /xmlrpc.php HTTP/1.1" 200 403 dartmoorrunners.co.uk "-" "Mozilla/5.0 (X11; Linux x86_64; rv:52.0) Gecko/20100101 Firefox/52.0" "-"
185.220.101.0 - - [12/Feb/2024:08:56:13 +0100] "POST /xmlrpc.php HTTP/1.1" 403 618 dartmoorrunners.co.uk "-" "Mozilla/5.0 (X11; Linux x86_64; rv:52.0) Gecko/20100101 Firefox/52.0" "-"
185.220.101.0 - - [12/Feb/2024:08:56:14 +0100] "POST /xmlrpc.php HTTP/1.1" 403 618 dartmoorrunners.co.uk "-" "Mozilla/5.0 (X11; Linux x86_64; rv:52.0) Gecko/20100101 Firefox/52.0" "-"
185.220.101.0 - - [12/Feb/2024:08:56:15 +0100] "POST /xmlrpc.php HTTP/1.1" 403 618 dartmoorrunners.co.uk "-" "Mozilla/5.0 (X11; Linux x86_64; rv:52.0) Gecko/20100101 Firefox/52.0" "-"
209.182.204.0 - - [12/Feb/2024:09:02:04 +0100] "POST /xmlrpc.php HTTP/1.1" 200 403 dartmoorrunners.co.uk "-" "Mozilla/5.0 (Windows NT 10.0; Win64; x64; rv:76.0) Gecko/20100101 Firefox/76.0" "-"
110.44.119.0 - - [12/Feb/2024:09:11:52 +0100] "POST /wp-login.php HTTP/1.1" 200 9043 dartmoorrunners.co.uk "-" "Mozilla/5.0 (Windows NT 10.0; WOW64) AppleWebKit/537.36 (KHTML, like Gecko) Chrome/46.0.2490.80 Safari/537.36" "-"
94.100.26.0 - - [12/Feb/2024:09:14:21 +0100] "POST /wp-login.php HTTP/1.1" 200 9053 dartmoorrunners.co.uk "-" "Mozilla/5.0 (Windows NT 6.3; Win64; x64) AppleWebKit/537.36 (KHTML, like Gecko) Chrome/77.0.3865.90 Safari/537.36" "-"
82.165.88.0 - - [12/Feb/2024:09:29:26 +0100] "POST /wp-cron.php?doing_wp_cron=1707726566.6075429916381835937500 HTTP/1.1" 200 - dartmoorrunners.co.uk "http://dartmoorrunners.co.uk/wp-cron.php?doing_wp_cron=1707726566.6075429916381835937500" "WordPress/6.1.5; http://dartmoorrunners.co.uk" "-"
66.249.76.0 - - [12/Feb/2024:09:29:26 +0100] "GET /robots.txt HTTP/1.1" 200 121 dartmoorrunners.co.uk "-" "Mozilla/5.0 (compatible; Googlebot/2.1; +http://www.google.com/bot.html)" "-"
66.249.66.0 - - [12/Feb/2024:09:29:35 +0100] "GET / HTTP/1.1" 200 31573 dartmoorrunners.co.uk "-" "Mozilla/5.0 (compatible; Googlebot/2.1; +http://www.google.com/bot.html)" "-"
54.229.109.0 - - [12/Feb/2024:09:56:28 +0100] "GET /results/winter-series-2015-results HTTP/1.1" 301 - www.dartmoorrunners.co.uk "-" "Mozilla/5.0 (Windows NT 6.2; WOW64)" "-"
54.229.109.0 - - [12/Feb/2024:09:56:28 +0100] "GET /results/winter-series-2015-results HTTP/1.1" 200 25698 dartmoorrunners.co.uk "-" "Mozilla/5.0 (Windows NT 6.2; WOW64)" "-"
52.167.144.0 - - [12/Feb/2024:09:57:51 +0100] "GET /sitemap.txt HTTP/1.1" 301 - www.dartmoorrunners.co.uk "-" "Mozilla/5.0 AppleWebKit/537.36 (KHTML, like Gecko; compatible; bingbot/2.0; +http://www.bing.com/bingbot.htm) Chrome/116.0.1938.76 Safari/537.36" "-"
52.167.144.0 - - [12/Feb/2024:09:58:10 +0100] "GET /sitemap.txt HTTP/1.1" 404 24761 dartmoorrunners.co.uk "-" "Mozilla/5.0 AppleWebKit/537.36 (KHTML, like Gecko; compatible; bingbot/2.0; +http://www.bing.com/bingbot.htm) Chrome/116.0.1938.76 Safari/537.36" "-"
192.169.89.0 - - [12/Feb/2024:10:07:10 +0100] "POST /wp-login.php HTTP/1.1" 200 9043 dartmoorrunners.co.uk "-" "Mozilla/5.0 (Windows NT 6.1; Win64; x64) AppleWebKit/537.36 (KHTML, like Gecko) Chrome/67.0.3396.87 Safari/537.36" "-"
135.181.82.0 - - [12/Feb/2024:10:22:05 +0100] "GET /robots.txt HTTP/1.1" 200 121 dartmoorrunners.co.uk "-" "Mozilla/5.0 (compatible; SeekportBot; +https://bot.seekport.com)" "-"
135.181.82.0 - - [12/Feb/2024:10:22:06 +0100] "GET /robots.txt HTTP/1.1" 200 121 dartmoorrunners.co.uk "-" "Mozilla/5.0 (compatible; SeekportBot; +https://bot.seekport.com)" "-"
135.181.82.0 - - [12/Feb/2024:10:22:06 +0100] "GET / HTTP/1.1" 200 31573 dartmoorrunners.co.uk "-" "Mozilla/5.0 (compatible; SeekportBot; +https://bot.seekport.com)" "-"
135.181.82.0 - - [12/Feb/2024:10:22:07 +0100] "GET / HTTP/1.1" 200 31573 dartmoorrunners.co.uk "http://dartmoorrunners.co.uk/" "Mozilla/5.0 (compatible; SeekportBot; +https://bot.seekport.com)" "-"
135.181.82.0 - - [12/Feb/2024:10:22:08 +0100] "GET /winter-series-2023 HTTP/1.1" 200 27638 dartmoorrunners.co.uk "http://dartmoorrunners.co.uk/" "Mozilla/5.0 (compatible; SeekportBot; +https://bot.seekport.com)" "-"
135.181.82.0 - - [12/Feb/2024:10:22:08 +0100] "GET /results HTTP/1.1" 200 25106 dartmoorrunners.co.uk "http://dartmoorrunners.co.uk/" "Mozilla/5.0 (compatible; SeekportBot; +https://bot.seekport.com)" "-"
135.181.82.0 - - [12/Feb/2024:10:22:08 +0100] "GET /summer-series-2023 HTTP/1.1" 200 27248 dartmoorrunners.co.uk "http://dartmoorrunners.co.uk/" "Mozilla/5.0 (compatible; SeekportBot; +https://bot.seekport.com)" "-"
135.181.82.0 - - [12/Feb/2024:10:22:09 +0100] "GET /current-series-dates HTTP/1.1" 200 27885 dartmoorrunners.co.uk "http://dartmoorrunners.co.uk/" "Mozilla/5.0 (compatible; SeekportBot; +https://bot.seekport.com)" "-"
135.181.82.0 - - [12/Feb/2024:10:22:09 +0100] "GET /winter-series-2022-results HTTP/1.1" 200 25784 dartmoorrunners.co.uk "http://dartmoorrunners.co.uk/" "Mozilla/5.0 (compatible; SeekportBot; +https://bot.seekport.com)" "-"
135.181.82.0 - - [12/Feb/2024:10:22:09 +0100] "GET /winter-series-2019-results HTTP/1.1" 200 25725 dartmoorrunners.co.uk "http://dartmoorrunners.co.uk/" "Mozilla/5.0 (compatible; SeekportBot; +https://bot.seekport.com)" "-"
135.181.82.0 - - [12/Feb/2024:10:22:09 +0100] "GET /summer-series-2019-results HTTP/1.1" 200 25725 dartmoorrunners.co.uk "http://dartmoorrunners.co.uk/" "Mozilla/5.0 (compatible; SeekportBot; +https://bot.seekport.com)" "-"
135.181.82.0 - - [12/Feb/2024:10:22:10 +0100] "GET /winter-series-results-2018 HTTP/1.1" 200 25717 dartmoorrunners.co.uk "http://dartmoorrunners.co.uk/" "Mozilla/5.0 (compatible; SeekportBot; +https://bot.seekport.com)" "-"
135.181.82.0 - - [12/Feb/2024:10:22:10 +0100] "GET /results/summer-series-2018-results HTTP/1.1" 200 25795 dartmoorrunners.co.uk "http://dartmoorrunners.co.uk/" "Mozilla/5.0 (compatible; SeekportBot; +https://bot.seekport.com)" "-"
135.181.82.0 - - [12/Feb/2024:10:22:10 +0100] "GET /winter-series-results-2017 HTTP/1.1" 200 25717 dartmoorrunners.co.uk "http://dartmoorrunners.co.uk/" "Mozilla/5.0 (compatible; SeekportBot; +https://bot.seekport.com)" "-"
135.181.82.0 - - [12/Feb/2024:10:22:11 +0100] "GET /results/summer-series-2017-results HTTP/1.1" 200 25704 dartmoorrunners.co.uk "http://dartmoorrunners.co.uk/" "Mozilla/5.0 (compatible; SeekportBot; +https://bot.seekport.com)" "-"
135.181.82.0 - - [12/Feb/2024:10:22:11 +0100] "GET /results/winter-series-2016-results HTTP/1.1" 200 25693 dartmoorrunners.co.uk "http://dartmoorrunners.co.uk/" "Mozilla/5.0 (compatible; SeekportBot; +https://bot.seekport.com)" "-"
135.181.82.0 - - [12/Feb/2024:10:22:11 +0100] "GET /results/summer-series-2016-results HTTP/1.1" 200 25698 dartmoorrunners.co.uk "http://dartmoorrunners.co.uk/" "Mozilla/5.0 (compatible; SeekportBot; +https://bot.seekport.com)" "-"
135.181.82.0 - - [12/Feb/2024:10:22:11 +0100] "GET /results/winter-series-2015-results HTTP/1.1" 200 25698 dartmoorrunners.co.uk "http://dartmoorrunners.co.uk/" "Mozilla/5.0 (compatible; SeekportBot; +https://bot.seekport.com)" "-"
135.181.82.0 - - [12/Feb/2024:10:22:12 +0100] "GET /results/summer-series-2015-results HTTP/1.1" 200 25683 dartmoorrunners.co.uk "http://dartmoorrunners.co.uk/" "Mozilla/5.0 (compatible; SeekportBot; +https://bot.seekport.com)" "-"
135.181.82.0 - - [12/Feb/2024:10:22:12 +0100] "GET /results/summer-series-2014-results HTTP/1.1" 200 25683 dartmoorrunners.co.uk "http://dartmoorrunners.co.uk/" "Mozilla/5.0 (compatible; SeekportBot; +https://bot.seekport.com)" "-"
135.181.82.0 - - [12/Feb/2024:10:22:12 +0100] "GET /results/summer-series-2012-results HTTP/1.1" 200 39430 dartmoorrunners.co.uk "http://dartmoorrunners.co.uk/" "Mozilla/5.0 (compatible; SeekportBot; +https://bot.seekport.com)" "-"
135.181.82.0 - - [12/Feb/2024:10:22:12 +0100] "GET /results/winter-series-2014-results HTTP/1.1" 200 25683 dartmoorrunners.co.uk "http://dartmoorrunners.co.uk/" "Mozilla/5.0 (compatible; SeekportBot; +https://bot.seekport.com)" "-"
135.181.82.0 - - [12/Feb/2024:10:22:13 +0100] "GET /results/winter-series-2013-results HTTP/1.1" 200 25732 dartmoorrunners.co.uk "http://dartmoorrunners.co.uk/" "Mozilla/5.0 (compatible; SeekportBot; +https://bot.seekport.com)" "-"
135.181.82.0 - - [12/Feb/2024:10:22:13 +0100] "GET /results/summer-series-2013-results HTTP/1.1" 200 25694 dartmoorrunners.co.uk "http://dartmoorrunners.co.uk/" "Mozilla/5.0 (compatible; SeekportBot; +https://bot.seekport.com)" "-"
135.181.82.0 - - [12/Feb/2024:10:22:13 +0100] "GET /results/winter-series-2012-results HTTP/1.1" 200 25915 dartmoorrunners.co.uk "http://dartmoorrunners.co.uk/" "Mozilla/5.0 (compatible; SeekportBot; +https://bot.seekport.com)" "-"
135.181.82.0 - - [12/Feb/2024:10:22:14 +0100] "GET /results/winter-series-2011-results HTTP/1.1" 200 44854 dartmoorrunners.co.uk "http://dartmoorrunners.co.uk/" "Mozilla/5.0 (compatible; SeekportBot; +https://bot.seekport.com)" "-"
82.165.88.0 - - [12/Feb/2024:10:32:17 +0100] "POST /wp-cron.php?doing_wp_cron=1707730337.2549939155578613281250 HTTP/1.1" 200 - dartmoorrunners.co.uk "http://dartmoorrunners.co.uk/wp-cron.php?doing_wp_cron=1707730337.2549939155578613281250" "WordPress/6.1.5; http://dartmoorrunners.co.uk" "-"
2607:5300:: - - [12/Feb/2024:10:32:17 +0100] "POST /xmlrpc.php HTTP/1.1" 200 403 dartmoorrunners.co.uk "-" "Mozilla/5.0 (Windows NT 10.0; Win64; x64; rv:70.0) Gecko/20100101 Firefox/70.0" "-"
106.51.127.0 - - [12/Feb/2024:10:33:02 +0100] "POST /wp-login.php HTTP/1.1" 200 9043 dartmoorrunners.co.uk "-" "Mozilla/5.0 (Windows NT 6.3; Win64; x64) AppleWebKit/537.36 (KHTML, like Gecko) Chrome/65.0.3325.181 Safari/537.36" "-"
178.62.126.0 - - [12/Feb/2024:10:35:13 +0100] "POST /wp-login.php HTTP/1.1" 200 9053 dartmoorrunners.co.uk "-" "Mozilla/5.0 (Windows NT 6.1; Win64; x64) AppleWebKit/537.36 (KHTML, like Gecko) Chrome/81.0.4044.122 Safari/537.36" "-"
207.46.13.0 - - [12/Feb/2024:10:49:44 +0100] "GET /robots.txt HTTP/1.1" 301 - www.dartmoorrunners.co.uk "-" "Mozilla/5.0 AppleWebKit/537.36 (KHTML, like Gecko; compatible; bingbot/2.0; +http://www.bing.com/bingbot.htm) Chrome/116.0.1938.76 Safari/537.36" "-"
207.46.13.0 - - [12/Feb/2024:10:49:44 +0100] "GET /robots.txt HTTP/1.1" 200 121 dartmoorrunners.co.uk "-" "Mozilla/5.0 AppleWebKit/537.36 (KHTML, like Gecko; compatible; bingbot/2.0; +http://www.bing.com/bingbot.htm) Chrome/116.0.1938.76 Safari/537.36" "-"
52.167.144.0 - - [12/Feb/2024:10:49:56 +0100] "GET /sitemap.txt HTTP/1.1" 301 - www.dartmoorrunners.co.uk "-" "Mozilla/5.0 AppleWebKit/537.36 (KHTML, like Gecko; compatible; bingbot/2.0; +http://www.bing.com/bingbot.htm) Chrome/116.0.1938.76 Safari/537.36" "-"
40.77.167.0 - - [12/Feb/2024:10:50:05 +0100] "GET /sitemap.txt HTTP/1.1" 404 24761 dartmoorrunners.co.uk "-" "Mozilla/5.0 AppleWebKit/537.36 (KHTML, like Gecko; compatible; bingbot/2.0; +http://www.bing.com/bingbot.htm) Chrome/116.0.1938.76 Safari/537.36" "-"
217.160.200.0 - - [12/Feb/2024:10:51:32 +0100] "POST /xmlrpc.php HTTP/1.1" 200 403 dartmoorrunners.co.uk "-" "Mozilla/5.0 (Windows NT 10.0; Win64; x64; rv:82.0) Gecko/20100101 Firefox/82.0" "-"
82.165.88.0 - - [12/Feb/2024:11:24:50 +0100] "POST /wp-cron.php?doing_wp_cron=1707733490.5593850612640380859375 HTTP/1.1" 200 - dartmoorrunners.co.uk "http://dartmoorrunners.co.uk/wp-cron.php?doing_wp_cron=1707733490.5593850612640380859375" "WordPress/6.1.5; http://dartmoorrunners.co.uk" "-"
186.87.69.0 - - [12/Feb/2024:11:24:50 +0100] "POST /wp-login.php HTTP/1.1" 200 9043 dartmoorrunners.co.uk "-" "Mozilla/5.0 (Windows NT 10.0; WOW64) AppleWebKit/537.36 (KHTML, like Gecko) Chrome/57.0.2987.133 Safari/537.36" "-"
5.255.231.0 - - [12/Feb/2024:11:27:29 +0100] "GET /robots.txt HTTP/1.1" 301 - www.dartmoorrunners.co.uk "-" "Mozilla/5.0 (compatible; YandexBot/3.0; +http://yandex.com/bots)" "-"
5.255.231.0 - - [12/Feb/2024:11:27:30 +0100] "GET /robots.txt HTTP/1.1" 200 121 dartmoorrunners.co.uk "-" "Mozilla/5.0 (compatible; YandexBot/3.0; +http://yandex.com/bots)" "-"
5.255.231.0 - - [12/Feb/2024:11:27:30 +0100] "GET / HTTP/1.1" 301 - www.dartmoorrunners.co.uk "-" "Mozilla/5.0 (compatible; YandexBot/3.0; +http://yandex.com/bots)" "-"
82.165.88.0 - - [12/Feb/2024:11:29:56 +0100] "POST /wp-cron.php?doing_wp_cron=1707733796.6526730060577392578125 HTTP/1.1" 200 - dartmoorrunners.co.uk "http://dartmoorrunners.co.uk/wp-cron.php?doing_wp_cron=1707733796.6526730060577392578125" "WordPress/6.1.5; http://dartmoorrunners.co.uk" "-"
5.255.231.0 - - [12/Feb/2024:11:29:56 +0100] "GET / HTTP/1.1" 301 - www.dartmoorrunners.co.uk "-" "Mozilla/5.0 (compatible; YandexBot/3.0; +http://yandex.com/bots)" "-"
95.108.213.0 - - [12/Feb/2024:11:43:48 +0100] "GET /robots.txt HTTP/1.1" 200 121 dartmoorrunners.co.uk "-" "Mozilla/5.0 (compatible; YandexBot/3.0; +http://yandex.com/bots)" "-"
213.180.203.0 - - [12/Feb/2024:11:43:48 +0100] "GET / HTTP/1.1" 200 31573 dartmoorrunners.co.uk "-" "Mozilla/5.0 (compatible; YandexBot/3.0; +http://yandex.com/bots)" "-"
213.180.203.0 - - [12/Feb/2024:11:45:54 +0100] "GET /robots.txt HTTP/1.1" 200 121 dartmoorrunners.co.uk "-" "Mozilla/5.0 (compatible; YandexBot/3.0; +http://yandex.com/bots)" "-"
5.255.231.0 - - [12/Feb/2024:11:45:55 +0100] "GET / HTTP/1.1" 200 31573 dartmoorrunners.co.uk "-" "Mozilla/5.0 (compatible; YandexBot/3.0; +http://yandex.com/bots)" "-"
52.167.144.0 - - [12/Feb/2024:11:47:38 +0100] "GET / HTTP/1.1" 200 31573 dartmoorrunners.co.uk "-" "Mozilla/5.0 AppleWebKit/537.36 (KHTML, like Gecko; compatible; bingbot/2.0; +http://www.bing.com/bingbot.htm) Chrome/116.0.1938.76 Safari/537.36" "-"
52.167.144.0 - - [12/Feb/2024:11:47:48 +0100] "GET /wp-content/themes/omega/style.css?ver=6.1.5 HTTP/1.1" 200 6552 dartmoorrunners.co.uk "-" "Mozilla/5.0 AppleWebKit/537.36 (KHTML, like Gecko; compatible; bingbot/2.0; +http://www.bing.com/bingbot.htm) Chrome/116.0.1938.76 Safari/537.36" "-"
52.167.144.0 - - [12/Feb/2024:11:47:48 +0100] "GET /wp-includes/js/wp-emoji-release.min.js?ver=6.1.5 HTTP/1.1" 200 18617 dartmoorrunners.co.uk "-" "Mozilla/5.0 AppleWebKit/537.36 (KHTML, like Gecko; compatible; bingbot/2.0; +http://www.bing.com/bingbot.htm) Chrome/116.0.1938.76 Safari/537.36" "-"
40.77.167.0 - - [12/Feb/2024:11:47:53 +0100] "GET /wp-includes/css/classic-themes.min.css?ver=1 HTTP/1.1" 200 189 dartmoorrunners.co.uk "-" "Mozilla/5.0 AppleWebKit/537.36 (KHTML, like Gecko; compatible; bingbot/2.0; +http://www.bing.com/bingbot.htm) Chrome/116.0.1938.76 Safari/537.36" "-"
52.167.144.0 - - [12/Feb/2024:11:47:58 +0100] "GET /wp-includes/css/dist/block-library/style.min.css?ver=6.1.5 HTTP/1.1" 200 16164 dartmoorrunners.co.uk "-" "Mozilla/5.0 AppleWebKit/537.36 (KHTML, like Gecko; compatible; bingbot/2.0; +http://www.bing.com/bingbot.htm) Chrome/116.0.1938.76 Safari/537.36" "-"
94.245.105.0 - - [12/Feb/2024:11:50:30 +0100] "POST /wp-login.php HTTP/1.1" 200 9043 dartmoorrunners.co.uk "-" "Mozilla/5.0 (Windows NT 6.1; WOW64) AppleWebKit/537.36 (KHTML, like Gecko) Chrome/36.0.1985.125 Safari/537.36" "-"
104.167.222.0 - - [12/Feb/2024:12:03:18 +0100] "GET / HTTP/1.1" 200 31573 dartmoorrunners.co.uk "-" "User-Agent: SEOlyt/1.0 (SEO analysis tool; https://seolyt.com)" "-"
155.133.142.0 - - [12/Feb/2024:12:05:21 +0100] "POST /xmlrpc.php HTTP/1.1" 200 403 dartmoorrunners.co.uk "-" "Mozilla/5.0 (Windows NT 10.0; Win64; x64; rv:97.0) Gecko/20100101 Firefox/97.0" "-"
186.87.69.0 - - [12/Feb/2024:12:16:16 +0100] "POST /wp-login.php HTTP/1.1" 200 9043 dartmoorrunners.co.uk "-" "Mozilla/5.0 (Windows NT 6.1) AppleWebKit/537.36 (KHTML, like Gecko) Chrome/59.0.3071.115 Safari/537.36" "-"
82.165.88.0 - - [12/Feb/2024:12:41:02 +0100] "POST /wp-cron.php?doing_wp_cron=1707738062.6223208904266357421875 HTTP/1.1" 200 - dartmoorrunners.co.uk "http://dartmoorrunners.co.uk/wp-cron.php?doing_wp_cron=1707738062.6223208904266357421875" "WordPress/6.1.5; http://dartmoorrunners.co.uk" "-"
173.249.52.0 - - [12/Feb/2024:12:41:02 +0100] "GET /simple.php HTTP/1.1" 404 24761 dartmoorrunners.co.uk "www.google.com" "Mozlila/5.0 (Linux; Android 7.0; SM-G892A Bulid/NRD90M; wv) AppleWebKit/537.36 (KHTML, like Gecko) Version/4.0 Chrome/60.0.3112.107 Moblie Safari/537.36" "-"
45.12.75.0 - - [12/Feb/2024:12:43:33 +0100] "POST /wp-login.php HTTP/1.1" 200 9053 dartmoorrunners.co.uk "-" "Mozilla/5.0 (Windows NT 10.0; Win64; x64) AppleWebKit/537.36 (KHTML, like Gecko) Chrome/62.0.3202.89 Safari/537.36" "-"
38.150.13.0 - - [12/Feb/2024:12:48:20 +0100] "POST /wp-login.php HTTP/1.1" 200 9053 dartmoorrunners.co.uk "http://dartmoorrunners.co.uk/" "Mozilla/5.0 (Windows NT 6.1; WOW64; Trident/7.0; rv:11.0) like Gecko" "-"
38.150.13.0 - - [12/Feb/2024:12:51:55 +0100] "POST /wp-login.php HTTP/1.1" 200 9053 dartmoorrunners.co.uk "http://dartmoorrunners.co.uk/" "Mozilla/5.0 (Windows NT 6.1; WOW64; Trident/7.0; rv:11.0) like Gecko" "-"
2a01:4f9:: - - [12/Feb/2024:12:56:04 +0100] "GET /.tmb/wp-admin.php HTTP/1.1" 404 24761 dartmoorrunners.co.uk "http://simplesite.com" "Mozilla/5.0 (Windows; U; Windows NT 5.1; en-US) AppleWebKit/533.4 (KHTML, like Gecko) Chrome/5.0.375.99 Safari/533.4" "-"
198.38.88.0 - - [12/Feb/2024:13:09:31 +0100] "POST /wp-login.php HTTP/1.1" 200 9053 dartmoorrunners.co.uk "-" "Mozilla/5.0 (Windows NT 6.3; Win64; x64) AppleWebKit/537.36 (KHTML, like Gecko) Chrome/77.0.3865.90 Safari/537.36" "-"
192.42.116.0 - - [12/Feb/2024:13:16:16 +0100] "POST /xmlrpc.php HTTP/1.1" 200 403 dartmoorrunners.co.uk "-" "Mozilla/5.0 (Windows NT 10.0; Win64; x64) AppleWebKit/537.36 (KHTML, like Gecko) Chrome/88.0.4324.182 Safari/537.36 Edg/88.0.705.81" "-"
192.42.116.0 - - [12/Feb/2024:13:16:17 +0100] "POST /xmlrpc.php HTTP/1.1" 200 403 dartmoorrunners.co.uk "-" "Mozilla/5.0 (Windows NT 10.0; Win64; x64) AppleWebKit/537.36 (KHTML, like Gecko) Chrome/88.0.4324.182 Safari/537.36 Edg/88.0.705.81" "-"
192.42.116.0 - - [12/Feb/2024:13:16:18 +0100] "POST /xmlrpc.php HTTP/1.1" 403 618 dartmoorrunners.co.uk "-" "Mozilla/5.0 (Windows NT 10.0; Win64; x64) AppleWebKit/537.36 (KHTML, like Gecko) Chrome/88.0.4324.182 Safari/537.36 Edg/88.0.705.81" "-"
192.42.116.0 - - [12/Feb/2024:13:16:19 +0100] "POST /xmlrpc.php HTTP/1.1" 403 618 dartmoorrunners.co.uk "-" "Mozilla/5.0 (Windows NT 10.0; Win64; x64) AppleWebKit/537.36 (KHTML, like Gecko) Chrome/88.0.4324.182 Safari/537.36 Edg/88.0.705.81" "-"
192.42.116.0 - - [12/Feb/2024:13:16:21 +0100] "POST /xmlrpc.php HTTP/1.1" 403 618 dartmoorrunners.co.uk "-" "Mozilla/5.0 (Windows NT 10.0; Win64; x64) AppleWebKit/537.36 (KHTML, like Gecko) Chrome/88.0.4324.182 Safari/537.36 Edg/88.0.705.81" "-"
212.170.180.0 - - [12/Feb/2024:13:25:32 +0100] "POST /xmlrpc.php HTTP/1.1" 200 403 dartmoorrunners.co.uk "-" "Mozilla/5.0 (Windows NT 10.0; Win64; x64; rv:94.0) Gecko/20100101 Firefox/94.0" "-"
82.165.88.0 - - [12/Feb/2024:13:45:48 +0100] "POST /wp-cron.php?doing_wp_cron=1707741948.8169050216674804687500 HTTP/1.1" 200 - dartmoorrunners.co.uk "http://dartmoorrunners.co.uk/wp-cron.php?doing_wp_cron=1707741948.8169050216674804687500" "WordPress/6.1.5; http://dartmoorrunners.co.uk" "-"
5.255.118.0 - - [12/Feb/2024:13:45:48 +0100] "GET / HTTP/1.1" 200 31573 dartmoorrunners.co.uk "http://dartmoorrunners.co.uk" "Mozilla/5.0 (Windows NT 6.1; WOW64; rv:52.0) Gecko/20100101 Firefox/52.0" "-"
178.20.55.0 - - [12/Feb/2024:13:45:49 +0100] "GET /?author=1 HTTP/1.1" 301 - dartmoorrunners.co.uk "http://dartmoorrunners.co.uk/" "Mozilla/4.0 (compatible; MSIE 7.0; Windows NT 5.1; .NET CLR 2.0.50727; .NET CLR 1.1.4322)" "-"
178.20.55.0 - - [12/Feb/2024:13:45:50 +0100] "GET /author/dradmin HTTP/1.1" 200 25899 dartmoorrunners.co.uk "http://dartmoorrunners.co.uk/" "Mozilla/4.0 (compatible; MSIE 7.0; Windows NT 5.1; .NET CLR 2.0.50727; .NET CLR 1.1.4322)" "-"
185.220.101.0 - - [12/Feb/2024:13:45:51 +0100] "GET /?author=2 HTTP/1.1" 200 24955 dartmoorrunners.co.uk "http://dartmoorrunners.co.uk/" "Mozilla/5.0 (Windows NT 6.1; WOW64) AppleWebKit/537.36 (KHTML, like Gecko) Chrome/52.0.2743.116 Safari/537.36" "-"
46.166.139.0 - - [12/Feb/2024:13:45:52 +0100] "GET /?author=3 HTTP/1.1" 404 24761 dartmoorrunners.co.uk "http://dartmoorrunners.co.uk/" "Mozilla/5.0 (compatible; MSIE 9.0; Windows NT 6.1; WOW64; Trident/5.0)" "-"
142.44.234.0 - - [12/Feb/2024:13:45:54 +0100] "GET /?author=4 HTTP/1.1" 404 24761 dartmoorrunners.co.uk "http://dartmoorrunners.co.uk/" "Mozilla/5.0 (Windows NT 6.1; Win64; x64) AppleWebKit/537.36 (KHTML, like Gecko) Chrome/70.0.3538.102 Safari/537.36" "-"
185.220.101.0 - - [12/Feb/2024:13:46:00 +0100] "GET /wp-json/wp/v2/users/1 HTTP/1.1" 200 582 dartmoorrunners.co.uk "http://dartmoorrunners.co.uk/" "Mozilla/5.0 (iPhone; CPU iPhone OS 7_1_2 like Mac OS X) AppleWebKit/537.51.2 (KHTML, like Gecko) Version/7.0 Mobile/11D257 Safari/9537.53" "-"
185.220.101.0 - - [12/Feb/2024:13:46:02 +0100] "GET /wp-json/wp/v2/users/2 HTTP/1.1" 401 108 dartmoorrunners.co.uk "http://dartmoorrunners.co.uk/" "Mozilla/5.0 (iPhone; CPU iPhone OS 13_3_1 like Mac OS X) AppleWebKit/605.1.15 (KHTML, like Gecko) Version/13.0.5 Mobile/15E148 Safari/604.1" "-"
185.220.101.0 - - [12/Feb/2024:13:46:03 +0100] "GET /wp-json/wp/v2/users/3 HTTP/1.1" 404 82 dartmoorrunners.co.uk "http://dartmoorrunners.co.uk/" "Mozilla/5.0 (Windows NT 6.1; Win64; x64) AppleWebKit/537.36 (KHTML, like Gecko) Chrome/68.0.3440.106 Safari/537.36" "-"
81.19.137.0 - - [12/Feb/2024:13:46:08 +0100] "GET /wp-json/wp/v2/users/5 HTTP/1.1" 404 82 dartmoorrunners.co.uk "http://dartmoorrunners.co.uk/" "Mozilla/5.0 (Macintosh; Intel Mac OS X 10_10; rv:33.0) Gecko/20100101 Firefox/33.0" "-"
176.214.81.0 - - [12/Feb/2024:14:16:29 +0100] "GET / HTTP/1.1" 200 31573 dartmoorrunners.co.uk "-" "Mozilla/5.0 (Windows NT 6.3; Win64; x64) AppleWebKit/537.36 (KHTML, like Gecko) Chrome/102.0.0.0 Safari/537.36" "-"
176.214.81.0 - - [12/Feb/2024:14:16:29 +0100] "GET / HTTP/1.1" 200 31573 dartmoorrunners.co.uk "-" "Mozilla/5.0 (Windows NT 6.3; Win64; x64) AppleWebKit/537.36 (KHTML, like Gecko) Chrome/102.0.0.0 Safari/537.36" "-"
82.165.88.0 - - [12/Feb/2024:14:31:39 +0100] "POST /wp-cron.php?doing_wp_cron=1707744699.8652579784393310546875 HTTP/1.1" 200 - dartmoorrunners.co.uk "http://dartmoorrunners.co.uk/wp-cron.php?doing_wp_cron=1707744699.8652579784393310546875" "WordPress/6.1.5; http://dartmoorrunners.co.uk" "-"
54.36.148.0 - - [12/Feb/2024:14:31:39 +0100] "GET /robots.txt HTTP/1.1" 200 121 dartmoorrunners.co.uk "-" "Mozilla/5.0 (compatible; AhrefsBot/7.0; +http://ahrefs.com/robot/)" "-"
54.36.149.0 - - [12/Feb/2024:14:31:42 +0100] "GET /winter-series-2022-results HTTP/1.1" 200 25784 dartmoorrunners.co.uk "-" "Mozilla/5.0 (compatible; AhrefsBot/7.0; +http://ahrefs.com/robot/)" "-"
188.120.228.0 - - [12/Feb/2024:14:45:41 +0100] "POST /xmlrpc.php HTTP/1.1" 200 403 dartmoorrunners.co.uk "-" "Mozilla/5.0 (Windows NT 10.0; Win64; x64; rv:72.0) Gecko/20100101 Firefox/72.0" "-"
89.200.171.0 - - [12/Feb/2024:14:53:10 +0100] "POST /xmlrpc.php HTTP/1.1" 200 403 dartmoorrunners.co.uk "-" "Mozilla/5.0 (Windows NT 10.0; Win64; x64; rv:85.0) Gecko/20100101 Firefox/85.0" "-"
169.233.1.0 - - [12/Feb/2024:14:56:06 +0100] "GET /wp-content/uploads/2017/04/cropped-dartmoorrunnerslogo_normal.png HTTP/1.1" 200 110052 dartmoorrunners.co.uk "-" "Mozilla/5.0 (X11; Ubuntu; Linux x86_64; rv:72.0) Gecko/20100101 Firefox/72.0" "-"
95.108.213.0 - - [12/Feb/2024:15:05:32 +0100] "GET /robots.txt HTTP/1.1" 301 - www.dartmoorrunners.co.uk "-" "Mozilla/5.0 (compatible; YandexBot/3.0; +http://yandex.com/bots)" "-"
95.108.213.0 - - [12/Feb/2024:15:05:32 +0100] "GET /robots.txt HTTP/1.1" 200 121 dartmoorrunners.co.uk "-" "Mozilla/5.0 (compatible; YandexBot/3.0; +http://yandex.com/bots)" "-"
213.180.203.0 - - [12/Feb/2024:15:05:33 +0100] "GET / HTTP/1.1" 301 - www.dartmoorrunners.co.uk "-" "Mozilla/5.0 (compatible; YandexBot/3.0; +http://yandex.com/bots)" "-"
213.180.203.0 - - [12/Feb/2024:15:06:18 +0100] "GET /robots.txt HTTP/1.1" 200 121 dartmoorrunners.co.uk "-" "Mozilla/5.0 (compatible; YandexBot/3.0; +http://yandex.com/bots)" "-"
95.108.213.0 - - [12/Feb/2024:15:06:19 +0100] "GET / HTTP/1.1" 200 31573 dartmoorrunners.co.uk "-" "Mozilla/5.0 (compatible; YandexBot/3.0; +http://yandex.com/bots)" "-"
5.255.231.0 - - [12/Feb/2024:15:07:37 +0100] "GET /robots.txt HTTP/1.1" 301 - www.dartmoorrunners.co.uk "-" "Mozilla/5.0 (compatible; YandexBot/3.0; +http://yandex.com/bots)" "-"
5.255.231.0 - - [12/Feb/2024:15:07:38 +0100] "GET /robots.txt HTTP/1.1" 200 121 dartmoorrunners.co.uk "-" "Mozilla/5.0 (compatible; YandexBot/3.0; +http://yandex.com/bots)" "-"
95.108.213.0 - - [12/Feb/2024:15:07:38 +0100] "GET / HTTP/1.1" 301 - www.dartmoorrunners.co.uk "-" "Mozilla/5.0 (compatible; YandexBot/3.0; +http://yandex.com/bots)" "-"
87.250.224.0 - - [12/Feb/2024:15:08:23 +0100] "GET /robots.txt HTTP/1.1" 200 121 dartmoorrunners.co.uk "-" "Mozilla/5.0 (compatible; YandexBot/3.0; +http://yandex.com/bots)" "-"
95.108.213.0 - - [12/Feb/2024:15:08:24 +0100] "GET / HTTP/1.1" 200 31573 dartmoorrunners.co.uk "-" "Mozilla/5.0 (compatible; YandexBot/3.0; +http://yandex.com/bots)" "-"
213.136.93.0 - - [12/Feb/2024:15:18:17 +0100] "POST /wp-login.php HTTP/1.1" 200 9053 dartmoorrunners.co.uk "-" "Mozilla/5.0 (Windows NT 6.1; WOW64) AppleWebKit/537.36 (KHTML, like Gecko) Chrome/48.0.2564.116 Safari/537.36" "-"
66.249.69.0 - - [12/Feb/2024:15:31:22 +0100] "GET / HTTP/1.1" 200 31573 dartmoorrunners.co.uk "-" "Mozilla/5.0 (compatible; Googlebot/2.1; +http://www.google.com/bot.html)" "-"
82.165.88.0 - - [12/Feb/2024:15:31:23 +0100] "POST /wp-cron.php?doing_wp_cron=1707748283.1028900146484375000000 HTTP/1.1" 200 - dartmoorrunners.co.uk "http://dartmoorrunners.co.uk/wp-cron.php?doing_wp_cron=1707748283.1028900146484375000000" "WordPress/6.1.5; http://dartmoorrunners.co.uk" "-"
37.27.60.0 - - [12/Feb/2024:15:49:08 +0100] "GET /.env HTTP/1.1" 404 24761 dartmoorrunners.co.uk "-" "Mozilla/5.0 (Windows NT 10.0; Win64; x64) AppleWebKit/537.36 (KHTML, like Gecko) Chrome/83.0.4103.116 Safari/537.36" "-"
82.165.88.0 - - [12/Feb/2024:15:49:08 +0100] "POST /wp-cron.php?doing_wp_cron=1707749348.9852900505065917968750 HTTP/1.1" 200 - dartmoorrunners.co.uk "http://dartmoorrunners.co.uk/wp-cron.php?doing_wp_cron=1707749348.9852900505065917968750" "WordPress/6.1.5; http://dartmoorrunners.co.uk" "-"
2a03:6f00:: - - [12/Feb/2024:15:57:50 +0100] "GET /wp-admin/js/404.php HTTP/1.1" 404 24761 dartmoorrunners.co.uk "http://simplesite.com" "Mozilla/5.0 (Windows; U; Windows NT 5.1; en-US) AppleWebKit/533.4 (KHTML, like Gecko) Chrome/5.0.375.99 Safari/533.4" "-"
5.189.128.0 - - [12/Feb/2024:16:06:27 +0100] "POST /xmlrpc.php HTTP/1.1" 200 403 dartmoorrunners.co.uk "-" "Mozilla/5.0 (Windows NT 10.0; Win64; x64; rv:64.0) Gecko/20100101 Firefox/64.0" "-"
54.36.148.0 - - [12/Feb/2024:16:09:08 +0100] "GET /winter-series-2019-results HTTP/1.1" 200 25725 dartmoorrunners.co.uk "-" "Mozilla/5.0 (compatible; AhrefsBot/7.0; +http://ahrefs.com/robot/)" "-"
44.222.126.0 - - [12/Feb/2024:16:24:00 +0100] "GET /robots.txt HTTP/1.1" 200 121 dartmoorrunners.co.uk "-" "CCBot/2.0 (https://commoncrawl.org/faq/)" "-"
44.222.126.0 - - [12/Feb/2024:16:24:00 +0100] "GET / HTTP/1.1" 200 31573 dartmoorrunners.co.uk "-" "CCBot/2.0 (https://commoncrawl.org/faq/)" "-"
149.102.255.0 - - [12/Feb/2024:16:25:00 +0100] "POST /wp-login.php HTTP/1.1" 200 9043 dartmoorrunners.co.uk "-" "Mozilla/5.0 (Windows NT 6.3; WOW64) AppleWebKit/537.36 (KHTML, like Gecko) Chrome/46.0.2490.80 Safari/537.36" "-"
82.165.88.0 - - [12/Feb/2024:16:34:49 +0100] "POST /wp-cron.php?doing_wp_cron=1707752089.3960490226745605468750 HTTP/1.1" 200 - dartmoorrunners.co.uk "http://dartmoorrunners.co.uk/wp-cron.php?doing_wp_cron=1707752089.3960490226745605468750" "WordPress/6.1.5; http://dartmoorrunners.co.uk" "-"
184.154.76.0 - - [12/Feb/2024:16:34:49 +0100] "GET / HTTP/1.1" 301 - www.dartmoorrunners.co.uk "http://www.google.com/url?url=www.dartmoorrunners.co.uk&yahoo.com" "Mozilla/5.0 (compatible; MSIE 9.0; Windows NT 6.1; WOW64; Trident/6.0)" "-"
184.154.76.0 - - [12/Feb/2024:16:34:50 +0100] "GET / HTTP/1.1" 200 31573 dartmoorrunners.co.uk "http://www.google.com/url?url=dartmoorrunners.co.uk&yahoo.com" "Mozilla/5.0 (compatible; MSIE 9.0; Windows NT 6.1; WOW64; Trident/6.0)" "-"
184.154.76.0 - - [12/Feb/2024:16:34:52 +0100] "GET /th1s_1s_a_4o4.html HTTP/1.1" 404 24761 dartmoorrunners.co.uk "-" "SiteLockSpider [en] (WinNT; I ;Nav)" "-"
184.154.76.0 - - [12/Feb/2024:16:34:53 +0100] "GET /results/winter-series-2011-results HTTP/1.1" 200 44854 dartmoorrunners.co.uk "http://www.google.com/url?url=dartmoorrunners.co.uk&yahoo.com" "Mozilla/5.0 (compatible; MSIE 9.0; Windows NT 6.1; WOW64; Trident/6.0)" "-"
184.154.76.0 - - [12/Feb/2024:16:34:54 +0100] "GET /results/winter-series-2015-results HTTP/1.1" 200 25698 dartmoorrunners.co.uk "-" "SiteLockSpider [en] (WinNT; I ;Nav)" "-"
184.154.76.0 - - [12/Feb/2024:16:34:55 +0100] "GET /wp-json/oembed/1.0/embed?url=http%3A%2F%2Fdartmoorrunners.co.uk%2F&format=xml HTTP/1.1" 200 2495 dartmoorrunners.co.uk "http://www.google.com/url?url=dartmoorrunners.co.uk&yahoo.com" "Mozilla/5.0 (compatible; MSIE 9.0; Windows NT 6.1; WOW64; Trident/6.0)" "-"
184.154.76.0 - - [12/Feb/2024:16:34:56 +0100] "GET /wp-json/wp/v2/pages/2 HTTP/1.1" 200 8903 dartmoorrunners.co.uk "http://www.google.com/url?url=dartmoorrunners.co.uk&yahoo.com" "Mozilla/5.0 (compatible; MSIE 9.0; Windows NT 6.1; WOW64; Trident/6.0)" "-"
184.154.76.0 - - [12/Feb/2024:16:34:57 +0100] "GET /winter-series-2023 HTTP/1.1" 200 27638 dartmoorrunners.co.uk "-" "SiteLockSpider [en] (WinNT; I ;Nav)" "-"
184.154.76.0 - - [12/Feb/2024:16:34:58 +0100] "GET /wp-includes/css/classic-themes.min.css?ver=1 HTTP/1.1" 200 217 dartmoorrunners.co.uk "http://www.google.com/url?url=dartmoorrunners.co.uk&yahoo.com" "Mozilla/5.0 (compatible; MSIE 9.0; Windows NT 6.1; WOW64; Trident/6.0)" "-"
184.154.76.0 - - [12/Feb/2024:16:34:59 +0100] "GET /feed HTTP/1.1" 200 1728 dartmoorrunners.co.uk "-" "SiteLockSpider [en] (WinNT; I ;Nav)" "-"
184.154.76.0 - - [12/Feb/2024:16:34:59 +0100] "GET /wp-includes/wlwmanifest.xml HTTP/1.1" 200 1045 dartmoorrunners.co.uk "http://www.google.com/url?url=dartmoorrunners.co.uk&yahoo.com" "Mozilla/5.0 (compatible; MSIE 9.0; Windows NT 6.1; WOW64; Trident/6.0)" "-"
184.154.76.0 - - [12/Feb/2024:16:35:00 +0100] "GET /summer-series-2023 HTTP/1.1" 200 27248 dartmoorrunners.co.uk "-" "SiteLockSpider [en] (WinNT; I ;Nav)" "-"
184.154.76.0 - - [12/Feb/2024:16:35:01 +0100] "GET /results/summer-series-2014-results HTTP/1.1" 200 25683 dartmoorrunners.co.uk "-" "SiteLockSpider [en] (WinNT; I ;Nav)" "-"
184.154.76.0 - - [12/Feb/2024:16:35:02 +0100] "GET /wp-json/wp/v2/pages/512 HTTP/1.1" 200 4235 dartmoorrunners.co.uk "-" "SiteLockSpider [en] (WinNT; I ;Nav)" "-"
184.154.76.0 - - [12/Feb/2024:16:35:02 +0100] "GET /results/winter-series-2016-results HTTP/1.1" 200 25693 dartmoorrunners.co.uk "-" "SiteLockSpider [en] (WinNT; I ;Nav)" "-"
184.154.76.0 - - [12/Feb/2024:16:35:03 +0100] "GET /results/winter-series-2012-results HTTP/1.1" 200 25915 dartmoorrunners.co.uk "-" "SiteLockSpider [en] (WinNT; I ;Nav)" "-"
184.154.76.0 - - [12/Feb/2024:16:35:04 +0100] "GET / HTTP/1.1" 200 31573 dartmoorrunners.co.uk "-" "SiteLockSpider [en] (WinNT; I ;Nav)" "-"
184.154.76.0 - - [12/Feb/2024:16:35:04 +0100] "GET /winter-series-2019-results HTTP/1.1" 200 25725 dartmoorrunners.co.uk "-" "SiteLockSpider [en] (WinNT; I ;Nav)" "-"
184.154.76.0 - - [12/Feb/2024:16:35:05 +0100] "GET /results/summer-series-2015-results HTTP/1.1" 200 25683 dartmoorrunners.co.uk "-" "SiteLockSpider [en] (WinNT; I ;Nav)" "-"
184.154.76.0 - - [12/Feb/2024:16:35:06 +0100] "GET /wp-json/wp/v2/pages/%5C%22https:%5C/%5C/www.facebook.com%5C/DartmoorRunners%5C/%5C%22 HTTP/1.1" 404 114 dartmoorrunners.co.uk "http://www.google.com/url?url=dartmoorrunners.co.uk&yahoo.com" "Mozilla/5.0 (compatible; MSIE 9.0; Windows NT 6.1; WOW64; Trident/6.0)" "-"
184.154.76.0 - - [12/Feb/2024:16:35:07 +0100] "GET /wp-json/wp/v2/pages/71 HTTP/1.1" 200 2031 dartmoorrunners.co.uk "-" "SiteLockSpider [en] (WinNT; I ;Nav)" "-"
184.154.76.0 - - [12/Feb/2024:16:35:07 +0100] "GET /current-series-dates HTTP/1.1" 200 27885 dartmoorrunners.co.uk "-" "SiteLockSpider [en] (WinNT; I ;Nav)" "-"
184.154.76.0 - - [12/Feb/2024:16:35:08 +0100] "GET /wp-content/themes/omega/style.css?ver=6.1.5 HTTP/1.1" 200 21416 dartmoorrunners.co.uk "http://www.google.com/url?url=dartmoorrunners.co.uk&yahoo.com" "Mozilla/5.0 (compatible; MSIE 9.0; Windows NT 6.1; WOW64; Trident/6.0)" "-"
184.154.76.0 - - [12/Feb/2024:16:35:08 +0100] "GET /wp-json/wp/v2/pages/73 HTTP/1.1" 200 2087 dartmoorrunners.co.uk "-" "SiteLockSpider [en] (WinNT; I ;Nav)" "-"
184.154.76.0 - - [12/Feb/2024:16:35:09 +0100] "GET /winter-series-results-2018 HTTP/1.1" 200 25717 dartmoorrunners.co.uk "-" "SiteLockSpider [en] (WinNT; I ;Nav)" "-"
184.154.76.0 - - [12/Feb/2024:16:35:10 +0100] "GET /results/summer-series-2018-results HTTP/1.1" 200 25795 dartmoorrunners.co.uk "-" "SiteLockSpider [en] (WinNT; I ;Nav)" "-"
184.154.76.0 - - [12/Feb/2024:16:35:11 +0100] "GET /results HTTP/1.1" 200 25106 dartmoorrunners.co.uk "-" "SiteLockSpider [en] (WinNT; I ;Nav)" "-"
184.154.76.0 - - [12/Feb/2024:16:35:11 +0100] "GET /results/winter-series-2014-results HTTP/1.1" 200 25683 dartmoorrunners.co.uk "-" "SiteLockSpider [en] (WinNT; I ;Nav)" "-"
184.154.76.0 - - [12/Feb/2024:16:35:12 +0100] "GET /results/summer-series-2016-results HTTP/1.1" 200 25698 dartmoorrunners.co.uk "-" "SiteLockSpider [en] (WinNT; I ;Nav)" "-"
184.154.76.0 - - [12/Feb/2024:16:35:13 +0100] "GET /wp-includes/css/dist/block-library/style.min.css?ver=6.1.5 HTTP/1.1" 200 95021 dartmoorrunners.co.uk "http://www.google.com/url?url=dartmoorrunners.co.uk&yahoo.com" "Mozilla/5.0 (compatible; MSIE 9.0; Windows NT 6.1; WOW64; Trident/6.0)" "-"
184.154.76.0 - - [12/Feb/2024:16:35:14 +0100] "GET /results/summer-series-2013-results HTTP/1.1" 200 25694 dartmoorrunners.co.uk "-" "SiteLockSpider [en] (WinNT; I ;Nav)" "-"
184.154.76.0 - - [12/Feb/2024:16:35:14 +0100] "GET /results/summer-series-2012-results HTTP/1.1" 200 39430 dartmoorrunners.co.uk "-" "SiteLockSpider [en] (WinNT; I ;Nav)" "-"
184.154.76.0 - - [12/Feb/2024:16:35:15 +0100] "GET /sample-page/feed HTTP/1.1" 200 819 dartmoorrunners.co.uk "http://www.google.com/url?url=dartmoorrunners.co.uk&yahoo.com" "Mozilla/5.0 (compatible; MSIE 9.0; Windows NT 6.1; WOW64; Trident/6.0)" "-"
184.154.76.0 - - [12/Feb/2024:16:35:16 +0100] "GET /summer-series-2019-results HTTP/1.1" 200 25725 dartmoorrunners.co.uk "-" "SiteLockSpider [en] (WinNT; I ;Nav)" "-"
184.154.76.0 - - [12/Feb/2024:16:35:16 +0100] "GET /results/summer-series-2017-results HTTP/1.1" 200 25704 dartmoorrunners.co.uk "-" "SiteLockSpider [en] (WinNT; I ;Nav)" "-"
184.154.76.0 - - [12/Feb/2024:16:35:17 +0100] "GET /xmlrpc.php HTTP/1.1" 405 42 dartmoorrunners.co.uk "-" "SiteLockSpider [en] (WinNT; I ;Nav)" "-"
184.154.76.0 - - [12/Feb/2024:16:35:18 +0100] "GET /wp-json/oembed/1.0/embed?url=http%3A%2F%2Fdartmoorrunners.co.uk%2Fresults%2Fwinter-series-2014-results HTTP/1.1" 200 2560 dartmoorrunners.co.uk "-" "SiteLockSpider [en] (WinNT; I ;Nav)" "-"
184.154.76.0 - - [12/Feb/2024:16:35:18 +0100] "GET /wp-json/oembed/1.0/embed?url=http%3A%2F%2Fdartmoorrunners.co.uk%2Fresults%2Fsummer-series-2012-results HTTP/1.1" 200 2560 dartmoorrunners.co.uk "-" "SiteLockSpider [en] (WinNT; I ;Nav)" "-"
184.154.76.0 - - [12/Feb/2024:16:35:19 +0100] "GET /wp-json/oembed/1.0/embed?url=http%3A%2F%2Fdartmoorrunners.co.uk%2F HTTP/1.1" 200 2425 dartmoorrunners.co.uk "-" "SiteLockSpider [en] (WinNT; I ;Nav)" "-"
184.154.76.0 - - [12/Feb/2024:16:35:19 +0100] "GET /wp-json/oembed/1.0/embed?url=http%3A%2F%2Fdartmoorrunners.co.uk%2Fresults HTTP/1.1" 200 2447 dartmoorrunners.co.uk "-" "SiteLockSpider [en] (WinNT; I ;Nav)" "-"
184.154.76.0 - - [12/Feb/2024:16:35:19 +0100] "GET /wp-json/oembed/1.0/embed?url=http%3A%2F%2Fdartmoorrunners.co.uk%2Fwinter-series-results-2018&format=xml HTTP/1.1" 200 2611 dartmoorrunners.co.uk "-" "SiteLockSpider [en] (WinNT; I ;Nav)" "-"
184.154.76.0 - - [12/Feb/2024:16:35:20 +0100] "GET /wp-json/oembed/1.0/embed?url=http%3A%2F%2Fdartmoorrunners.co.uk%2Fresults%2Fsummer-series-2013-results&format=xml HTTP/1.1" 200 2627 dartmoorrunners.co.uk "-" "SiteLockSpider [en] (WinNT; I ;Nav)" "-"
184.154.76.0 - - [12/Feb/2024:16:35:21 +0100] "GET /wp-json/oembed/1.0/embed?url=http%3A%2F%2Fdartmoorrunners.co.uk%2Fresults%2Fsummer-series-2017-results&format=xml HTTP/1.1" 200 2627 dartmoorrunners.co.uk "-" "SiteLockSpider [en] (WinNT; I ;Nav)" "-"
184.154.76.0 - - [12/Feb/2024:16:35:21 +0100] "GET /wp-json/ HTTP/1.1" 200 164417 dartmoorrunners.co.uk "http://www.google.com/url?url=dartmoorrunners.co.uk&yahoo.com" "Mozilla/5.0 (compatible; MSIE 9.0; Windows NT 6.1; WOW64; Trident/6.0)" "-"
184.154.76.0 - - [12/Feb/2024:16:35:23 +0100] "GET /wp-json/wp/v2/pages/252 HTTP/1.1" 200 2179 dartmoorrunners.co.uk "-" "SiteLockSpider [en] (WinNT; I ;Nav)" "-"
184.154.76.0 - - [12/Feb/2024:16:35:24 +0100] "GET /wp-json/oembed/1.0/%5C%22http:%5C/%5C/dartmoorrunners.co.uk%5C/results%5C/summer-series-2012-results%5C%22 HTTP/1.1" 404 114 dartmoorrunners.co.uk "http://www.google.com/url?url=dartmoorrunners.co.uk&yahoo.com" "Mozilla/5.0 (compatible; MSIE 9.0; Windows NT 6.1; WOW64; Trident/6.0)" "-"
