185.69.145.0 - - [28/Jan/2024:10:58:54 +0100] "GET /wp-content/uploads/2017/04/winter-2015-small.jpg HTTP/1.1" 200 202841 dartmoorrunners.co.uk "http://dartmoorrunners.co.uk/" "Mozilla/5.0 (iPhone; CPU iPhone OS 16_6_1 like Mac OS X) AppleWebKit/605.1.15 (KHTML, like Gecko) Version/16.6 Mobile/15E148 Safari/604.1" "-"
185.69.145.0 - - [28/Jan/2024:10:58:54 +0100] "GET /wp-content/uploads/2017/04/ControlDog-1024x768.jpg HTTP/1.1" 200 147847 dartmoorrunners.co.uk "http://dartmoorrunners.co.uk/" "Mozilla/5.0 (iPhone; CPU iPhone OS 16_6_1 like Mac OS X) AppleWebKit/605.1.15 (KHTML, like Gecko) Version/16.6 Mobile/15E148 Safari/604.1" "-"
185.69.145.0 - - [28/Jan/2024:10:58:54 +0100] "GET /wp-content/uploads/2017/04/Moorland-runner-cropped.jpg HTTP/1.1" 200 437747 dartmoorrunners.co.uk "http://dartmoorrunners.co.uk/" "Mozilla/5.0 (iPhone; CPU iPhone OS 16_6_1 like Mac OS X) AppleWebKit/605.1.15 (KHTML, like Gecko) Version/16.6 Mobile/15E148 Safari/604.1" "-"
15.235.15.0 - - [28/Jan/2024:11:02:14 +0100] "GET / HTTP/1.1" 200 31573 dartmoorrunners.co.uk "-" "-" "-"
82.165.88.0 - - [28/Jan/2024:11:23:07 +0100] "POST /wp-cron.php?doing_wp_cron=1706437387.3992640972137451171875 HTTP/1.1" 200 - dartmoorrunners.co.uk "http://dartmoorrunners.co.uk/wp-cron.php?doing_wp_cron=1706437387.3992640972137451171875" "WordPress/6.1.4; http://dartmoorrunners.co.uk" "-"
193.70.96.0 - - [28/Jan/2024:11:23:07 +0100] "POST /xmlrpc.php HTTP/1.1" 200 403 dartmoorrunners.co.uk "-" "Mozilla/5.0 (Windows NT 10.0; Win64; x64; rv:59.0) Gecko/20100101 Firefox/59.0" "-"
205.185.123.0 - - [28/Jan/2024:11:28:51 +0100] "POST /wp-login.php HTTP/1.1" 200 9047 dartmoorrunners.co.uk "http://dartmoorrunners.co.uk/" "Mozilla/5.0 (Windows NT 6.1; WOW64; Trident/7.0; rv:11.0) like Gecko" "-"
202.64.124.0 - - [28/Jan/2024:11:28:53 +0100] "POST /wp-login.php HTTP/1.1" 200 9057 dartmoorrunners.co.uk "http://dartmoorrunners.co.uk/" "Mozilla/5.0 (Windows NT 6.1; WOW64; Trident/7.0; rv:11.0) like Gecko" "-"
66.249.76.0 - - [28/Jan/2024:11:35:45 +0100] "GET / HTTP/1.1" 200 31573 dartmoorrunners.co.uk "-" "Mozilla/5.0 (compatible; Googlebot/2.1; +http://www.google.com/bot.html)" "-"
82.165.88.0 - - [28/Jan/2024:11:35:46 +0100] "POST /wp-cron.php?doing_wp_cron=1706438146.0799651145935058593750 HTTP/1.1" 200 - dartmoorrunners.co.uk "http://dartmoorrunners.co.uk/wp-cron.php?doing_wp_cron=1706438146.0799651145935058593750" "WordPress/6.1.4; http://dartmoorrunners.co.uk" "-"
66.249.76.0 - - [28/Jan/2024:11:47:33 +0100] "GET /wp-sitemap-posts-page-1.xml HTTP/1.1" 200 2150 dartmoorrunners.co.uk "-" "Mozilla/5.0 (compatible; Googlebot/2.1; +http://www.google.com/bot.html)" "-"
213.180.203.0 - - [28/Jan/2024:12:08:13 +0100] "GET /robots.txt HTTP/1.1" 200 121 dartmoorrunners.co.uk "-" "Mozilla/5.0 (compatible; YandexBot/3.0; +http://yandex.com/bots)" "-"
5.255.231.0 - - [28/Jan/2024:12:08:14 +0100] "GET / HTTP/1.1" 200 31573 dartmoorrunners.co.uk "-" "Mozilla/5.0 (compatible; YandexBot/3.0; +http://yandex.com/bots)" "-"
5.255.231.0 - - [28/Jan/2024:12:10:18 +0100] "GET / HTTP/1.1" 200 31573 dartmoorrunners.co.uk "-" "Mozilla/5.0 (compatible; YandexBot/3.0; +http://yandex.com/bots)" "-"
82.165.88.0 - - [28/Jan/2024:12:43:03 +0100] "POST /wp-cron.php?doing_wp_cron=1706442183.7233529090881347656250 HTTP/1.1" 200 - dartmoorrunners.co.uk "http://dartmoorrunners.co.uk/wp-cron.php?doing_wp_cron=1706442183.7233529090881347656250" "WordPress/6.1.4; http://dartmoorrunners.co.uk" "-"
2a00:23c5:d300:: - - [28/Jan/2024:12:43:03 +0100] "GET / HTTP/1.1" 200 31573 dartmoorrunners.co.uk "-" "Mozilla/5.0 (Windows NT 10.0; Win64; x64) AppleWebKit/537.36 (KHTML, like Gecko) Chrome/109.0.0.0 Safari/537.36" "-"
2a00:23c5:d300:: - - [28/Jan/2024:12:43:05 +0100] "GET /wp-includes/css/dist/block-library/style.min.css?ver=6.1.4 HTTP/1.1" 200 16164 dartmoorrunners.co.uk "http://dartmoorrunners.co.uk/" "Mozilla/5.0 (Windows NT 10.0; Win64; x64) AppleWebKit/537.36 (KHTML, like Gecko) Chrome/109.0.0.0 Safari/537.36" "-"
2a00:23c5:d300:: - - [28/Jan/2024:12:43:05 +0100] "GET /wp-content/themes/omega/style.css?ver=6.1.4 HTTP/1.1" 200 6552 dartmoorrunners.co.uk "http://dartmoorrunners.co.uk/" "Mozilla/5.0 (Windows NT 10.0; Win64; x64) AppleWebKit/537.36 (KHTML, like Gecko) Chrome/109.0.0.0 Safari/537.36" "-"
2a00:23c5:d300:: - - [28/Jan/2024:12:43:05 +0100] "GET /wp-includes/css/classic-themes.min.css?ver=1 HTTP/1.1" 200 189 dartmoorrunners.co.uk "http://dartmoorrunners.co.uk/" "Mozilla/5.0 (Windows NT 10.0; Win64; x64) AppleWebKit/537.36 (KHTML, like Gecko) Chrome/109.0.0.0 Safari/537.36" "-"
2a00:23c5:d300:: - - [28/Jan/2024:12:43:05 +0100] "GET /wp-content/uploads/2017/04/cropped-dartmoorrunnerslogo_normal.png HTTP/1.1" 304 - dartmoorrunners.co.uk "http://dartmoorrunners.co.uk/" "Mozilla/5.0 (Windows NT 10.0; Win64; x64) AppleWebKit/537.36 (KHTML, like Gecko) Chrome/109.0.0.0 Safari/537.36" "-"
2a00:23c5:d300:: - - [28/Jan/2024:12:43:05 +0100] "GET /wp-includes/js/wp-emoji-release.min.js?ver=6.1.4 HTTP/1.1" 200 18617 dartmoorrunners.co.uk "http://dartmoorrunners.co.uk/" "Mozilla/5.0 (Windows NT 10.0; Win64; x64) AppleWebKit/537.36 (KHTML, like Gecko) Chrome/109.0.0.0 Safari/537.36" "-"
2a00:23c5:d300:: - - [28/Jan/2024:12:43:05 +0100] "GET /wp-content/uploads/2017/04/XmasBash2017Med-300x200.jpg HTTP/1.1" 304 - dartmoorrunners.co.uk "http://dartmoorrunners.co.uk/" "Mozilla/5.0 (Windows NT 10.0; Win64; x64) AppleWebKit/537.36 (KHTML, like Gecko) Chrome/109.0.0.0 Safari/537.36" "-"
2a00:23c5:d300:: - - [28/Jan/2024:12:43:05 +0100] "GET /wp-content/uploads/2017/04/winter-2015-small-300x225.jpg HTTP/1.1" 304 - dartmoorrunners.co.uk "http://dartmoorrunners.co.uk/" "Mozilla/5.0 (Windows NT 10.0; Win64; x64) AppleWebKit/537.36 (KHTML, like Gecko) Chrome/109.0.0.0 Safari/537.36" "-"
2a00:23c5:d300:: - - [28/Jan/2024:12:43:05 +0100] "GET /wp-content/uploads/2017/04/ControlDog-300x225.jpg HTTP/1.1" 304 - dartmoorrunners.co.uk "http://dartmoorrunners.co.uk/" "Mozilla/5.0 (Windows NT 10.0; Win64; x64) AppleWebKit/537.36 (KHTML, like Gecko) Chrome/109.0.0.0 Safari/537.36" "-"
2a00:23c5:d300:: - - [28/Jan/2024:12:43:05 +0100] "GET /wp-content/uploads/2017/04/Moorland-runner-cropped-300x212.jpg HTTP/1.1" 304 - dartmoorrunners.co.uk "http://dartmoorrunners.co.uk/" "Mozilla/5.0 (Windows NT 10.0; Win64; x64) AppleWebKit/537.36 (KHTML, like Gecko) Chrome/109.0.0.0 Safari/537.36" "-"
2a00:23c5:d300:: - - [28/Jan/2024:12:43:06 +0100] "GET /wp-content/uploads/2017/04/cropped-dartmoorrunnerslogo_normal-32x32.png HTTP/1.1" 304 - dartmoorrunners.co.uk "http://dartmoorrunners.co.uk/" "Mozilla/5.0 (Windows NT 10.0; Win64; x64) AppleWebKit/537.36 (KHTML, like Gecko) Chrome/109.0.0.0 Safari/537.36" "-"
2a00:23c5:d300:: - - [28/Jan/2024:12:43:09 +0100] "GET /winter-series-2023 HTTP/1.1" 200 27638 dartmoorrunners.co.uk "http://dartmoorrunners.co.uk/" "Mozilla/5.0 (Windows NT 10.0; Win64; x64) AppleWebKit/537.36 (KHTML, like Gecko) Chrome/109.0.0.0 Safari/537.36" "-"
2a00:23c5:d300:: - - [28/Jan/2024:12:47:56 +0100] "GET / HTTP/1.1" 200 31573 dartmoorrunners.co.uk "-" "Mozilla/5.0 (Windows NT 10.0; Win64; x64) AppleWebKit/537.36 (KHTML, like Gecko) Chrome/109.0.0.0 Safari/537.36" "-"
2a00:23c5:d300:: - - [28/Jan/2024:12:48:00 +0100] "GET /winter-series-2023 HTTP/1.1" 200 27638 dartmoorrunners.co.uk "http://dartmoorrunners.co.uk/" "Mozilla/5.0 (Windows NT 10.0; Win64; x64) AppleWebKit/537.36 (KHTML, like Gecko) Chrome/109.0.0.0 Safari/537.36" "-"
2a00:23c5:d300:: - - [28/Jan/2024:12:48:17 +0100] "GET /results HTTP/1.1" 200 25106 dartmoorrunners.co.uk "http://dartmoorrunners.co.uk/winter-series-2023" "Mozilla/5.0 (Windows NT 10.0; Win64; x64) AppleWebKit/537.36 (KHTML, like Gecko) Chrome/109.0.0.0 Safari/537.36" "-"
2a00:23c5:d300:: - - [28/Jan/2024:12:48:22 +0100] "GET /winter-series-2023 HTTP/1.1" 200 27638 dartmoorrunners.co.uk "http://dartmoorrunners.co.uk/results" "Mozilla/5.0 (Windows NT 10.0; Win64; x64) AppleWebKit/537.36 (KHTML, like Gecko) Chrome/109.0.0.0 Safari/537.36" "-"
2a00:23c5:d300:: - - [28/Jan/2024:12:58:58 +0100] "GET / HTTP/1.1" 200 31573 dartmoorrunners.co.uk "-" "Mozilla/5.0 (iPhone; CPU iPhone OS 17_2_1 like Mac OS X) AppleWebKit/605.1.15 (KHTML, like Gecko) Version/17.2 Mobile/15E148 Safari/604.1" "-"
2a00:23c5:d300:: - - [28/Jan/2024:12:58:59 +0100] "GET /wp-includes/js/wp-emoji-release.min.js?ver=6.1.4 HTTP/1.1" 200 18617 dartmoorrunners.co.uk "http://dartmoorrunners.co.uk/" "Mozilla/5.0 (iPhone; CPU iPhone OS 17_2_1 like Mac OS X) AppleWebKit/605.1.15 (KHTML, like Gecko) Version/17.2 Mobile/15E148 Safari/604.1" "-"
2a00:23c5:d300:: - - [28/Jan/2024:12:58:59 +0100] "GET /wp-includes/css/dist/block-library/style.min.css?ver=6.1.4 HTTP/1.1" 200 16164 dartmoorrunners.co.uk "http://dartmoorrunners.co.uk/" "Mozilla/5.0 (iPhone; CPU iPhone OS 17_2_1 like Mac OS X) AppleWebKit/605.1.15 (KHTML, like Gecko) Version/17.2 Mobile/15E148 Safari/604.1" "-"
2a00:23c5:d300:: - - [28/Jan/2024:12:58:59 +0100] "GET /wp-includes/css/classic-themes.min.css?ver=1 HTTP/1.1" 200 189 dartmoorrunners.co.uk "http://dartmoorrunners.co.uk/" "Mozilla/5.0 (iPhone; CPU iPhone OS 17_2_1 like Mac OS X) AppleWebKit/605.1.15 (KHTML, like Gecko) Version/17.2 Mobile/15E148 Safari/604.1" "-"
2a00:23c5:d300:: - - [28/Jan/2024:12:58:59 +0100] "GET /wp-content/themes/omega/style.css?ver=6.1.4 HTTP/1.1" 200 6552 dartmoorrunners.co.uk "http://dartmoorrunners.co.uk/" "Mozilla/5.0 (iPhone; CPU iPhone OS 17_2_1 like Mac OS X) AppleWebKit/605.1.15 (KHTML, like Gecko) Version/17.2 Mobile/15E148 Safari/604.1" "-"
2a00:23c5:d300:: - - [28/Jan/2024:12:58:59 +0100] "GET /wp-content/uploads/2017/04/cropped-dartmoorrunnerslogo_normal.png HTTP/1.1" 200 110052 dartmoorrunners.co.uk "http://dartmoorrunners.co.uk/" "Mozilla/5.0 (iPhone; CPU iPhone OS 17_2_1 like Mac OS X) AppleWebKit/605.1.15 (KHTML, like Gecko) Version/17.2 Mobile/15E148 Safari/604.1" "-"
2a00:23c5:d300:: - - [28/Jan/2024:12:58:59 +0100] "GET /wp-content/uploads/2017/04/XmasBash2017Med.jpg HTTP/1.1" 200 200566 dartmoorrunners.co.uk "http://dartmoorrunners.co.uk/" "Mozilla/5.0 (iPhone; CPU iPhone OS 17_2_1 like Mac OS X) AppleWebKit/605.1.15 (KHTML, like Gecko) Version/17.2 Mobile/15E148 Safari/604.1" "-"
2a00:23c5:d300:: - - [28/Jan/2024:12:58:59 +0100] "GET /wp-content/uploads/2017/04/winter-2015-small.jpg HTTP/1.1" 200 202841 dartmoorrunners.co.uk "http://dartmoorrunners.co.uk/" "Mozilla/5.0 (iPhone; CPU iPhone OS 17_2_1 like Mac OS X) AppleWebKit/605.1.15 (KHTML, like Gecko) Version/17.2 Mobile/15E148 Safari/604.1" "-"
2a00:23c5:d300:: - - [28/Jan/2024:12:58:59 +0100] "GET /wp-content/uploads/2017/04/ControlDog-768x576.jpg HTTP/1.1" 200 85973 dartmoorrunners.co.uk "http://dartmoorrunners.co.uk/" "Mozilla/5.0 (iPhone; CPU iPhone OS 17_2_1 like Mac OS X) AppleWebKit/605.1.15 (KHTML, like Gecko) Version/17.2 Mobile/15E148 Safari/604.1" "-"
2a00:23c5:d300:: - - [28/Jan/2024:12:58:59 +0100] "GET /wp-content/uploads/2017/04/Moorland-runner-cropped.jpg HTTP/1.1" 200 437747 dartmoorrunners.co.uk "http://dartmoorrunners.co.uk/" "Mozilla/5.0 (iPhone; CPU iPhone OS 17_2_1 like Mac OS X) AppleWebKit/605.1.15 (KHTML, like Gecko) Version/17.2 Mobile/15E148 Safari/604.1" "-"
2a00:23c5:d300:: - - [28/Jan/2024:12:59:00 +0100] "GET /wp-content/uploads/2017/04/cropped-dartmoorrunnerslogo_normal-32x32.png HTTP/1.1" 200 2617 dartmoorrunners.co.uk "http://dartmoorrunners.co.uk/" "Mozilla/5.0 (iPhone; CPU iPhone OS 17_2_1 like Mac OS X) AppleWebKit/605.1.15 (KHTML, like Gecko) Version/17.2 Mobile/15E148 Safari/604.1" "-"
2a00:23c5:d300:: - - [28/Jan/2024:12:59:00 +0100] "GET /wp-content/uploads/2017/04/cropped-dartmoorrunnerslogo_normal-192x192.png HTTP/1.1" 200 59292 dartmoorrunners.co.uk "http://dartmoorrunners.co.uk/" "Mozilla/5.0 (iPhone; CPU iPhone OS 17_2_1 like Mac OS X) AppleWebKit/605.1.15 (KHTML, like Gecko) Version/17.2 Mobile/15E148 Safari/604.1" "-"
2a00:23c5:d300:: - - [28/Jan/2024:12:59:04 +0100] "GET /winter-series-2023 HTTP/1.1" 200 27638 dartmoorrunners.co.uk "http://dartmoorrunners.co.uk/" "Mozilla/5.0 (iPhone; CPU iPhone OS 17_2_1 like Mac OS X) AppleWebKit/605.1.15 (KHTML, like Gecko) Version/17.2 Mobile/15E148 Safari/604.1" "-"
104.28.221.0 - - [28/Jan/2024:13:10:32 +0100] "GET /wp-includes/ID3/license.txt HTTP/1.1" 200 1361 dartmoorrunners.co.uk "-" "Mozilla/5.0 (Windows NT 10.0; Win64; x64) AppleWebKit/537.36 (KHTML, like Gecko) Chrome/95.0.4638.69 Safari/537.36" "-"
104.28.221.0 - - [28/Jan/2024:13:10:32 +0100] "GET /feed/ HTTP/1.1" 301 - dartmoorrunners.co.uk "-" "Mozilla/5.0 (Windows NT 10.0; Win64; x64) AppleWebKit/537.36 (KHTML, like Gecko) Chrome/95.0.4638.69 Safari/537.36" "-"
104.28.221.0 - - [28/Jan/2024:13:10:32 +0100] "GET /xmlrpc.php?rsd HTTP/1.1" 200 834 dartmoorrunners.co.uk "-" "Mozilla/5.0 (Windows NT 10.0; Win64; x64) AppleWebKit/537.36 (KHTML, like Gecko) Chrome/95.0.4638.69 Safari/537.36" "-"
104.28.221.0 - - [28/Jan/2024:13:10:33 +0100] "GET /wp-login.php HTTP/1.1" 200 8627 dartmoorrunners.co.uk "-" "Mozilla/5.0 (Windows NT 10.0; Win64; x64) AppleWebKit/537.36 (KHTML, like Gecko) Chrome/95.0.4638.69 Safari/537.36" "-"
104.28.221.0 - - [28/Jan/2024:13:10:33 +0100] "GET /?author=1 HTTP/1.1" 301 - dartmoorrunners.co.uk "-" "Mozilla/5.0 (Windows NT 10.0; Win64; x64) AppleWebKit/537.36 (KHTML, like Gecko) Chrome/95.0.4638.69 Safari/537.36" "-"
104.28.221.0 - - [28/Jan/2024:13:10:34 +0100] "GET /?author=2 HTTP/1.1" 200 24955 dartmoorrunners.co.uk "-" "Mozilla/5.0 (Windows NT 10.0; Win64; x64) AppleWebKit/537.36 (KHTML, like Gecko) Chrome/95.0.4638.69 Safari/537.36" "-"
104.28.221.0 - - [28/Jan/2024:13:10:34 +0100] "GET /wp-json/wp/v2/users/ HTTP/1.1" 200 584 dartmoorrunners.co.uk "-" "Mozilla/5.0 (Windows NT 10.0; Win64; x64) AppleWebKit/537.36 (KHTML, like Gecko) Chrome/95.0.4638.69 Safari/537.36" "-"
104.28.221.0 - - [28/Jan/2024:13:10:34 +0100] "GET /wp-json/oembed/1.0/embed?url=http://dartmoorrunners.co.uk HTTP/1.1" 200 2425 dartmoorrunners.co.uk "-" "Mozilla/5.0 (Windows NT 10.0; Win64; x64) AppleWebKit/537.36 (KHTML, like Gecko) Chrome/95.0.4638.69 Safari/537.36" "-"
104.28.221.0 - - [28/Jan/2024:13:10:35 +0100] "POST /xmlrpc.php HTTP/1.1" 200 403 dartmoorrunners.co.uk "-" "Mozilla/5.0 (Windows NT 10.0; Win64; x64) AppleWebKit/537.36 (KHTML, like Gecko) Chrome/95.0.4638.69 Safari/537.36" "-"
104.28.221.0 - - [28/Jan/2024:13:10:36 +0100] "POST /xmlrpc.php HTTP/1.1" 200 403 dartmoorrunners.co.uk "-" "Mozilla/5.0 (Windows NT 10.0; Win64; x64) AppleWebKit/537.36 (KHTML, like Gecko) Chrome/95.0.4638.69 Safari/537.36" "-"
104.28.221.0 - - [28/Jan/2024:13:10:37 +0100] "POST /xmlrpc.php HTTP/1.1" 403 618 dartmoorrunners.co.uk "-" "Mozilla/5.0 (Windows NT 10.0; Win64; x64) AppleWebKit/537.36 (KHTML, like Gecko) Chrome/95.0.4638.69 Safari/537.36" "-"
104.28.221.0 - - [28/Jan/2024:13:10:45 +0100] "POST /wp-login.php HTTP/1.1" 200 9001 dartmoorrunners.co.uk "http://dartmoorrunners.co.uk/wp-login.php" "Mozilla/5.0 (Windows NT 10.0; Win64; x64) AppleWebKit/537.36 (KHTML, like Gecko) Chrome/95.0.4638.69 Safari/537.36" "-"
104.28.221.0 - - [28/Jan/2024:13:11:09 +0100] "POST /wp-login.php HTTP/1.1" 200 9001 dartmoorrunners.co.uk "http://dartmoorrunners.co.uk/wp-login.php" "Mozilla/5.0 (Windows NT 10.0; Win64; x64) AppleWebKit/537.36 (KHTML, like Gecko) Chrome/95.0.4638.69 Safari/537.36" "-"
104.28.221.0 - - [28/Jan/2024:13:11:21 +0100] "POST /wp-login.php HTTP/1.1" 200 9001 dartmoorrunners.co.uk "http://dartmoorrunners.co.uk/wp-login.php" "Mozilla/5.0 (Windows NT 10.0; Win64; x64) AppleWebKit/537.36 (KHTML, like Gecko) Chrome/95.0.4638.69 Safari/537.36" "-"
104.28.221.0 - - [28/Jan/2024:13:11:33 +0100] "POST /wp-login.php HTTP/1.1" 200 9001 dartmoorrunners.co.uk "http://dartmoorrunners.co.uk/wp-login.php" "Mozilla/5.0 (Windows NT 10.0; Win64; x64) AppleWebKit/537.36 (KHTML, like Gecko) Chrome/95.0.4638.69 Safari/537.36" "-"
104.28.221.0 - - [28/Jan/2024:13:11:45 +0100] "POST /wp-login.php HTTP/1.1" 200 9001 dartmoorrunners.co.uk "http://dartmoorrunners.co.uk/wp-login.php" "Mozilla/5.0 (Windows NT 10.0; Win64; x64) AppleWebKit/537.36 (KHTML, like Gecko) Chrome/95.0.4638.69 Safari/537.36" "-"
104.28.221.0 - - [28/Jan/2024:13:12:09 +0100] "POST /wp-login.php HTTP/1.1" 200 9001 dartmoorrunners.co.uk "http://dartmoorrunners.co.uk/wp-login.php" "Mozilla/5.0 (Windows NT 10.0; Win64; x64) AppleWebKit/537.36 (KHTML, like Gecko) Chrome/95.0.4638.69 Safari/537.36" "-"
104.28.221.0 - - [28/Jan/2024:13:12:21 +0100] "POST /wp-login.php HTTP/1.1" 200 9001 dartmoorrunners.co.uk "http://dartmoorrunners.co.uk/wp-login.php" "Mozilla/5.0 (Windows NT 10.0; Win64; x64) AppleWebKit/537.36 (KHTML, like Gecko) Chrome/95.0.4638.69 Safari/537.36" "-"
104.28.221.0 - - [28/Jan/2024:13:12:33 +0100] "POST /wp-login.php HTTP/1.1" 200 9001 dartmoorrunners.co.uk "http://dartmoorrunners.co.uk/wp-login.php" "Mozilla/5.0 (Windows NT 10.0; Win64; x64) AppleWebKit/537.36 (KHTML, like Gecko) Chrome/95.0.4638.69 Safari/537.36" "-"
104.28.221.0 - - [28/Jan/2024:13:12:57 +0100] "POST /wp-login.php HTTP/1.1" 200 9001 dartmoorrunners.co.uk "http://dartmoorrunners.co.uk/wp-login.php" "Mozilla/5.0 (Windows NT 10.0; Win64; x64) AppleWebKit/537.36 (KHTML, like Gecko) Chrome/95.0.4638.69 Safari/537.36" "-"
104.28.221.0 - - [28/Jan/2024:13:13:05 +0100] "POST /wp-login.php HTTP/1.1" 503 299 dartmoorrunners.co.uk "http://dartmoorrunners.co.uk/wp-login.php" "Mozilla/5.0 (Windows NT 10.0; Win64; x64) AppleWebKit/537.36 (KHTML, like Gecko) Chrome/95.0.4638.69 Safari/537.36" "-"
66.249.75.0 - - [28/Jan/2024:13:31:16 +0100] "GET /wp-sitemap-taxonomies-category-1.xml HTTP/1.1" 200 269 dartmoorrunners.co.uk "-" "Mozilla/5.0 (compatible; Googlebot/2.1; +http://www.google.com/bot.html)" "-"
82.165.88.0 - - [28/Jan/2024:13:31:17 +0100] "POST /wp-cron.php?doing_wp_cron=1706445077.2084839344024658203125 HTTP/1.1" 200 - dartmoorrunners.co.uk "http://dartmoorrunners.co.uk/wp-cron.php?doing_wp_cron=1706445077.2084839344024658203125" "WordPress/6.1.4; http://dartmoorrunners.co.uk" "-"
85.208.96.0 - - [28/Jan/2024:13:40:33 +0100] "GET /robots.txt HTTP/1.1" 200 121 dartmoorrunners.co.uk "-" "Mozilla/5.0 (compatible; SemrushBot/7~bl; +http://www.semrush.com/bot.html)" "-"
85.208.96.0 - - [28/Jan/2024:13:40:33 +0100] "GET /author/dradmin HTTP/1.1" 200 25899 dartmoorrunners.co.uk "-" "Mozilla/5.0 (compatible; SemrushBot/7~bl; +http://www.semrush.com/bot.html)" "-"
104.28.224.0 - - [28/Jan/2024:13:42:10 +0100] "POST /wp-login.php HTTP/1.1" 200 9047 dartmoorrunners.co.uk "http://dartmoorrunners.co.uk/" "Mozilla/5.0 (Windows NT 6.1; WOW64; Trident/7.0; rv:11.0) like Gecko" "-"
3.0.146.0 - - [28/Jan/2024:13:42:11 +0100] "POST /wp-login.php HTTP/1.1" 200 9057 dartmoorrunners.co.uk "http://dartmoorrunners.co.uk/" "Mozilla/5.0 (Windows NT 6.1; WOW64; Trident/7.0; rv:11.0) like Gecko" "-"
202.64.124.0 - - [28/Jan/2024:13:42:19 +0100] "POST /wp-login.php HTTP/1.1" 200 9057 dartmoorrunners.co.uk "http://dartmoorrunners.co.uk/" "Mozilla/5.0 (Windows NT 6.1; WOW64; Trident/7.0; rv:11.0) like Gecko" "-"
38.150.13.0 - - [28/Jan/2024:13:42:21 +0100] "POST /wp-login.php HTTP/1.1" 200 9047 dartmoorrunners.co.uk "http://dartmoorrunners.co.uk/" "Mozilla/5.0 (Windows NT 6.1; WOW64; Trident/7.0; rv:11.0) like Gecko" "-"
202.64.124.0 - - [28/Jan/2024:13:42:31 +0100] "POST /wp-login.php HTTP/1.1" 200 9057 dartmoorrunners.co.uk "http://dartmoorrunners.co.uk/" "Mozilla/5.0 (Windows NT 6.1; WOW64; Trident/7.0; rv:11.0) like Gecko" "-"
35.246.38.0 - - [28/Jan/2024:13:55:05 +0100] "POST /xmlrpc.php HTTP/1.1" 200 403 dartmoorrunners.co.uk "-" "Mozilla/5.0 (Windows NT 10.0; Win64; x64; rv:55.0) Gecko/20100101 Firefox/55.0" "-"
185.191.171.0 - - [28/Jan/2024:13:59:44 +0100] "GET /winter-series-2019-results HTTP/1.1" 200 25725 dartmoorrunners.co.uk "-" "Mozilla/5.0 (compatible; SemrushBot/7~bl; +http://www.semrush.com/bot.html)" "-"
66.249.76.0 - - [28/Jan/2024:14:04:40 +0100] "GET /results/winter-series-2014-results HTTP/1.1" 200 25683 dartmoorrunners.co.uk "-" "Mozilla/5.0 (Linux; Android 6.0.1; Nexus 5X Build/MMB29P) AppleWebKit/537.36 (KHTML, like Gecko) Chrome/120.0.6099.224 Mobile Safari/537.36 (compatible; Googlebot/2.1; +http://www.google.com/bot.html)" "-"
66.249.75.0 - - [28/Jan/2024:14:04:43 +0100] "GET /wp-includes/css/dist/block-library/style.min.css?ver=6.1.4 HTTP/1.1" 200 16164 dartmoorrunners.co.uk "http://dartmoorrunners.co.uk/results/winter-series-2014-results" "Mozilla/5.0 (Linux; Android 6.0.1; Nexus 5X Build/MMB29P) AppleWebKit/537.36 (KHTML, like Gecko) Chrome/120.0.6099.224 Mobile Safari/537.36 (compatible; Googlebot/2.1; +http://www.google.com/bot.html)" "-"
95.108.213.0 - - [28/Jan/2024:14:10:15 +0100] "GET /robots.txt HTTP/1.1" 301 - www.dartmoorrunners.co.uk "-" "Mozilla/5.0 (compatible; YandexBot/3.0; +http://yandex.com/bots)" "-"
95.108.213.0 - - [28/Jan/2024:14:10:16 +0100] "GET /robots.txt HTTP/1.1" 200 121 dartmoorrunners.co.uk "-" "Mozilla/5.0 (compatible; YandexBot/3.0; +http://yandex.com/bots)" "-"
5.255.231.0 - - [28/Jan/2024:14:10:16 +0100] "GET / HTTP/1.1" 301 - www.dartmoorrunners.co.uk "-" "Mozilla/5.0 (compatible; YandexBot/3.0; +http://yandex.com/bots)" "-"
185.191.171.0 - - [28/Jan/2024:14:12:14 +0100] "GET /results/summer-series-2018-results HTTP/1.1" 200 25795 dartmoorrunners.co.uk "-" "Mozilla/5.0 (compatible; SemrushBot/7~bl; +http://www.semrush.com/bot.html)" "-"
213.180.203.0 - - [28/Jan/2024:14:12:15 +0100] "GET / HTTP/1.1" 301 - www.dartmoorrunners.co.uk "-" "Mozilla/5.0 (compatible; YandexBot/3.0; +http://yandex.com/bots)" "-"
2a00:23c5:ff00:: - - [28/Jan/2024:14:27:49 +0100] "GET / HTTP/1.1" 200 31573 dartmoorrunners.co.uk "https://www.google.com/" "Mozilla/5.0 (Macintosh; Intel Mac OS X 10_15_7) AppleWebKit/605.1.15 (KHTML, like Gecko) Version/17.2 Safari/605.1.15" "-"
2a00:23c5:ff00:: - - [28/Jan/2024:14:27:50 +0100] "GET /wp-includes/js/wp-emoji-release.min.js?ver=6.1.4 HTTP/1.1" 200 18617 dartmoorrunners.co.uk "http://dartmoorrunners.co.uk/" "Mozilla/5.0 (Macintosh; Intel Mac OS X 10_15_7) AppleWebKit/605.1.15 (KHTML, like Gecko) Version/17.2 Safari/605.1.15" "-"
2a00:23c5:ff00:: - - [28/Jan/2024:14:27:50 +0100] "GET /wp-includes/css/dist/block-library/style.min.css?ver=6.1.4 HTTP/1.1" 200 16164 dartmoorrunners.co.uk "http://dartmoorrunners.co.uk/" "Mozilla/5.0 (Macintosh; Intel Mac OS X 10_15_7) AppleWebKit/605.1.15 (KHTML, like Gecko) Version/17.2 Safari/605.1.15" "-"
2a00:23c5:ff00:: - - [28/Jan/2024:14:27:50 +0100] "GET /wp-content/themes/omega/style.css?ver=6.1.4 HTTP/1.1" 200 6552 dartmoorrunners.co.uk "http://dartmoorrunners.co.uk/" "Mozilla/5.0 (Macintosh; Intel Mac OS X 10_15_7) AppleWebKit/605.1.15 (KHTML, like Gecko) Version/17.2 Safari/605.1.15" "-"
2a00:23c5:ff00:: - - [28/Jan/2024:14:27:50 +0100] "GET /wp-includes/css/classic-themes.min.css?ver=1 HTTP/1.1" 200 189 dartmoorrunners.co.uk "http://dartmoorrunners.co.uk/" "Mozilla/5.0 (Macintosh; Intel Mac OS X 10_15_7) AppleWebKit/605.1.15 (KHTML, like Gecko) Version/17.2 Safari/605.1.15" "-"
2a00:23c5:ff00:: - - [28/Jan/2024:14:27:50 +0100] "GET /wp-content/uploads/2017/04/cropped-dartmoorrunnerslogo_normal.png HTTP/1.1" 200 110052 dartmoorrunners.co.uk "http://dartmoorrunners.co.uk/" "Mozilla/5.0 (Macintosh; Intel Mac OS X 10_15_7) AppleWebKit/605.1.15 (KHTML, like Gecko) Version/17.2 Safari/605.1.15" "-"
2a00:23c5:ff00:: - - [28/Jan/2024:14:27:50 +0100] "GET /wp-content/uploads/2017/04/XmasBash2017Med.jpg HTTP/1.1" 200 200566 dartmoorrunners.co.uk "http://dartmoorrunners.co.uk/" "Mozilla/5.0 (Macintosh; Intel Mac OS X 10_15_7) AppleWebKit/605.1.15 (KHTML, like Gecko) Version/17.2 Safari/605.1.15" "-"
2a00:23c5:ff00:: - - [28/Jan/2024:14:27:51 +0100] "GET /wp-content/uploads/2017/04/ControlDog-768x576.jpg HTTP/1.1" 200 85973 dartmoorrunners.co.uk "http://dartmoorrunners.co.uk/" "Mozilla/5.0 (Macintosh; Intel Mac OS X 10_15_7) AppleWebKit/605.1.15 (KHTML, like Gecko) Version/17.2 Safari/605.1.15" "-"
2a00:23c5:ff00:: - - [28/Jan/2024:14:27:51 +0100] "GET /wp-content/uploads/2017/04/winter-2015-small.jpg HTTP/1.1" 200 202841 dartmoorrunners.co.uk "http://dartmoorrunners.co.uk/" "Mozilla/5.0 (Macintosh; Intel Mac OS X 10_15_7) AppleWebKit/605.1.15 (KHTML, like Gecko) Version/17.2 Safari/605.1.15" "-"
2a00:23c5:ff00:: - - [28/Jan/2024:14:27:51 +0100] "GET /wp-content/uploads/2017/04/Moorland-runner-cropped.jpg HTTP/1.1" 200 437747 dartmoorrunners.co.uk "http://dartmoorrunners.co.uk/" "Mozilla/5.0 (Macintosh; Intel Mac OS X 10_15_7) AppleWebKit/605.1.15 (KHTML, like Gecko) Version/17.2 Safari/605.1.15" "-"
2a00:23c5:ff00:: - - [28/Jan/2024:14:27:53 +0100] "GET /wp-content/uploads/2017/04/cropped-dartmoorrunnerslogo_normal-32x32.png HTTP/1.1" 200 2617 dartmoorrunners.co.uk "http://dartmoorrunners.co.uk/" "Mozilla/5.0 (Macintosh; Intel Mac OS X 10_15_7) AppleWebKit/605.1.15 (KHTML, like Gecko) Version/17.2 Safari/605.1.15" "-"
2a00:23c5:ff00:: - - [28/Jan/2024:14:27:53 +0100] "GET /wp-content/uploads/2017/04/cropped-dartmoorrunnerslogo_normal-192x192.png HTTP/1.1" 200 59292 dartmoorrunners.co.uk "http://dartmoorrunners.co.uk/" "Mozilla/5.0 (Macintosh; Intel Mac OS X 10_15_7) AppleWebKit/605.1.15 (KHTML, like Gecko) Version/17.2 Safari/605.1.15" "-"
82.165.88.0 - - [28/Jan/2024:14:52:35 +0100] "POST /wp-cron.php?doing_wp_cron=1706449955.8526079654693603515625 HTTP/1.1" 200 - dartmoorrunners.co.uk "http://dartmoorrunners.co.uk/wp-cron.php?doing_wp_cron=1706449955.8526079654693603515625" "WordPress/6.1.4; http://dartmoorrunners.co.uk" "-"
141.94.87.0 - - [28/Jan/2024:14:52:35 +0100] "GET /simple.php HTTP/1.1" 404 24761 dartmoorrunners.co.uk "http://simplesite.com" "Mozilla/5.0 (Windows; U; Windows NT 5.1; en-US) AppleWebKit/533.4 (KHTML, like Gecko) Chrome/5.0.375.99 Safari/533.4" "-"
98.70.49.0 - - [28/Jan/2024:15:18:38 +0100] "GET /wp-admin/css/ HTTP/1.1" 403 618 dartmoorrunners.co.uk "binance.com" "Mozilla/5.0 (Windows NT 10.0; Win64; x64) AppleWebKit/537.36 (KHTML, like Gecko) Chrome/90.0.4430.85 Safari/537.36" "-"
150.109.16.0 - - [28/Jan/2024:15:24:03 +0100] "GET / HTTP/1.1" 200 31573 dartmoorrunners.co.uk "-" "Mozilla/5.0 (iPhone; CPU iPhone OS 13_2_3 like Mac OS X) AppleWebKit/605.1.15 (KHTML, like Gecko) Version/13.0.3 Mobile/15E148 Safari/604.1" "-"
54.36.149.0 - - [28/Jan/2024:15:27:27 +0100] "GET /results/summer-series-2014-results HTTP/1.1" 200 25683 dartmoorrunners.co.uk "-" "Mozilla/5.0 (compatible; AhrefsBot/7.0; +http://ahrefs.com/robot/)" "-"
184.154.139.0 - - [28/Jan/2024:15:33:14 +0100] "GET / HTTP/1.1" 301 - www.dartmoorrunners.co.uk "http://www.google.com/url?url=www.dartmoorrunners.co.uk&yahoo.com" "Mozilla/5.0 (compatible; MSIE 9.0; Windows NT 6.1; WOW64; Trident/6.0)" "-"
82.165.88.0 - - [28/Jan/2024:15:33:14 +0100] "POST /wp-cron.php?doing_wp_cron=1706452394.3550059795379638671875 HTTP/1.1" 200 - dartmoorrunners.co.uk "http://dartmoorrunners.co.uk/wp-cron.php?doing_wp_cron=1706452394.3550059795379638671875" "WordPress/6.1.4; http://dartmoorrunners.co.uk" "-"
184.154.139.0 - - [28/Jan/2024:15:33:15 +0100] "GET / HTTP/1.1" 200 31573 dartmoorrunners.co.uk "http://www.google.com/url?url=dartmoorrunners.co.uk&yahoo.com" "Mozilla/5.0 (compatible; MSIE 9.0; Windows NT 6.1; WOW64; Trident/6.0)" "-"
184.154.139.0 - - [28/Jan/2024:15:33:17 +0100] "GET /th1s_1s_a_4o4.html HTTP/1.1" 404 24761 dartmoorrunners.co.uk "-" "SiteLockSpider [en] (WinNT; I ;Nav)" "-"
184.154.139.0 - - [28/Jan/2024:15:33:17 +0100] "GET /sample-page/feed HTTP/1.1" 200 819 dartmoorrunners.co.uk "http://www.google.com/url?url=dartmoorrunners.co.uk&yahoo.com" "Mozilla/5.0 (compatible; MSIE 9.0; Windows NT 6.1; WOW64; Trident/6.0)" "-"
184.154.139.0 - - [28/Jan/2024:15:33:18 +0100] "GET /wp-json/oembed/1.0/embed?url=http%3A%2F%2Fdartmoorrunners.co.uk%2F&format=xml HTTP/1.1" 200 2495 dartmoorrunners.co.uk "http://www.google.com/url?url=dartmoorrunners.co.uk&yahoo.com" "Mozilla/5.0 (compatible; MSIE 9.0; Windows NT 6.1; WOW64; Trident/6.0)" "-"
184.154.139.0 - - [28/Jan/2024:15:33:18 +0100] "GET /winter-series-2019-results HTTP/1.1" 200 25725 dartmoorrunners.co.uk "-" "SiteLockSpider [en] (WinNT; I ;Nav)" "-"
184.154.139.0 - - [28/Jan/2024:15:33:19 +0100] "GET /winter-series-2023 HTTP/1.1" 200 27638 dartmoorrunners.co.uk "-" "SiteLockSpider [en] (WinNT; I ;Nav)" "-"
184.154.139.0 - - [28/Jan/2024:15:33:20 +0100] "GET /results/summer-series-2016-results HTTP/1.1" 200 25698 dartmoorrunners.co.uk "http://www.google.com/url?url=dartmoorrunners.co.uk&yahoo.com" "Mozilla/5.0 (compatible; MSIE 9.0; Windows NT 6.1; WOW64; Trident/6.0)" "-"
184.154.139.0 - - [28/Jan/2024:15:33:20 +0100] "GET /results/summer-series-2017-results HTTP/1.1" 200 25704 dartmoorrunners.co.uk "-" "SiteLockSpider [en] (WinNT; I ;Nav)" "-"
184.154.139.0 - - [28/Jan/2024:15:33:21 +0100] "GET /wp-includes/wlwmanifest.xml HTTP/1.1" 200 1045 dartmoorrunners.co.uk "http://www.google.com/url?url=dartmoorrunners.co.uk&yahoo.com" "Mozilla/5.0 (compatible; MSIE 9.0; Windows NT 6.1; WOW64; Trident/6.0)" "-"
184.154.139.0 - - [28/Jan/2024:15:33:21 +0100] "GET /summer-series-2023 HTTP/1.1" 200 27248 dartmoorrunners.co.uk "-" "SiteLockSpider [en] (WinNT; I ;Nav)" "-"
184.154.139.0 - - [28/Jan/2024:15:33:22 +0100] "GET /feed HTTP/1.1" 200 1728 dartmoorrunners.co.uk "-" "SiteLockSpider [en] (WinNT; I ;Nav)" "-"
184.154.139.0 - - [28/Jan/2024:15:33:23 +0100] "GET /results HTTP/1.1" 200 25106 dartmoorrunners.co.uk "-" "SiteLockSpider [en] (WinNT; I ;Nav)" "-"
184.154.139.0 - - [28/Jan/2024:15:33:23 +0100] "GET /results/summer-series-2013-results HTTP/1.1" 200 25694 dartmoorrunners.co.uk "-" "SiteLockSpider [en] (WinNT; I ;Nav)" "-"
184.154.139.0 - - [28/Jan/2024:15:33:24 +0100] "GET / HTTP/1.1" 200 31573 dartmoorrunners.co.uk "-" "SiteLockSpider [en] (WinNT; I ;Nav)" "-"
184.154.139.0 - - [28/Jan/2024:15:33:25 +0100] "GET /summer-series-2019-results HTTP/1.1" 200 25725 dartmoorrunners.co.uk "-" "SiteLockSpider [en] (WinNT; I ;Nav)" "-"
184.154.139.0 - - [28/Jan/2024:15:33:25 +0100] "GET /wp-json/wp/v2/pages/363 HTTP/1.1" 200 2074 dartmoorrunners.co.uk "http://www.google.com/url?url=dartmoorrunners.co.uk&yahoo.com" "Mozilla/5.0 (compatible; MSIE 9.0; Windows NT 6.1; WOW64; Trident/6.0)" "-"
184.154.139.0 - - [28/Jan/2024:15:33:26 +0100] "GET /results/winter-series-2011-results HTTP/1.1" 200 44854 dartmoorrunners.co.uk "-" "SiteLockSpider [en] (WinNT; I ;Nav)" "-"
184.154.139.0 - - [28/Jan/2024:15:33:27 +0100] "GET /results/winter-series-2016-results HTTP/1.1" 200 25693 dartmoorrunners.co.uk "-" "SiteLockSpider [en] (WinNT; I ;Nav)" "-"
184.154.139.0 - - [28/Jan/2024:15:33:27 +0100] "GET /wp-json/wp/v2/pages/512 HTTP/1.1" 200 4235 dartmoorrunners.co.uk "-" "SiteLockSpider [en] (WinNT; I ;Nav)" "-"
184.154.139.0 - - [28/Jan/2024:15:33:28 +0100] "GET /wp-json/wp/v2/pages/63 HTTP/1.1" 200 2051 dartmoorrunners.co.uk "-" "SiteLockSpider [en] (WinNT; I ;Nav)" "-"
184.154.139.0 - - [28/Jan/2024:15:33:28 +0100] "GET /wp-content/themes/omega/style.css?ver=6.1.4 HTTP/1.1" 200 21416 dartmoorrunners.co.uk "http://www.google.com/url?url=dartmoorrunners.co.uk&yahoo.com" "Mozilla/5.0 (compatible; MSIE 9.0; Windows NT 6.1; WOW64; Trident/6.0)" "-"
184.154.139.0 - - [28/Jan/2024:15:33:29 +0100] "GET /feed/readme.html HTTP/1.1" 404 24761 dartmoorrunners.co.uk "-" "SiteLockSpider [en] (WinNT; I ;Nav)" "-"
184.154.139.0 - - [28/Jan/2024:15:33:29 +0100] "GET /readme.html HTTP/1.1" 200 7389 dartmoorrunners.co.uk "-" "SiteLockSpider [en] (WinNT; I ;Nav)" "-"
95.108.213.0 - - [28/Jan/2024:15:43:27 +0100] "GET /robots.txt HTTP/1.1" 200 121 dartmoorrunners.co.uk "-" "Mozilla/5.0 (compatible; YandexBot/3.0; +http://yandex.com/bots)" "-"
213.180.203.0 - - [28/Jan/2024:15:43:27 +0100] "GET / HTTP/1.1" 200 31573 dartmoorrunners.co.uk "-" "Mozilla/5.0 (compatible; YandexBot/3.0; +http://yandex.com/bots)" "-"
5.255.231.0 - - [28/Jan/2024:15:45:32 +0100] "GET / HTTP/1.1" 200 31573 dartmoorrunners.co.uk "-" "Mozilla/5.0 (compatible; YandexBot/3.0; +http://yandex.com/bots)" "-"
46.23.98.0 - - [28/Jan/2024:16:37:18 +0100] "POST /xmlrpc.php HTTP/1.1" 200 403 dartmoorrunners.co.uk "-" "Mozilla/5.0 (Windows NT 10.0; Win64; x64; rv:87.0) Gecko/20100101 Firefox/87.0" "-"
82.165.88.0 - - [28/Jan/2024:16:37:19 +0100] "POST /wp-cron.php?doing_wp_cron=1706456239.2507181167602539062500 HTTP/1.1" 200 - dartmoorrunners.co.uk "http://dartmoorrunners.co.uk/wp-cron.php?doing_wp_cron=1706456239.2507181167602539062500" "WordPress/6.1.4; http://dartmoorrunners.co.uk" "-"
2a00:23c8:a700:: - - [28/Jan/2024:17:01:13 +0100] "GET / HTTP/1.1" 301 - www.dartmoorrunners.co.uk "-" "Mozilla/5.0 (Macintosh; Intel Mac OS X 10_15_7) AppleWebKit/605.1.15 (KHTML, like Gecko) Version/17.2 Safari/605.1.15" "-"
66.249.75.0 - - [28/Jan/2024:17:01:13 +0100] "GET / HTTP/1.1" 200 31573 dartmoorrunners.co.uk "-" "Mozilla/5.0 (compatible; Googlebot/2.1; +http://www.google.com/bot.html)" "-"
2a00:23c8:a700:: - - [28/Jan/2024:17:01:13 +0100] "GET / HTTP/1.1" 200 31573 dartmoorrunners.co.uk "-" "Mozilla/5.0 (Macintosh; Intel Mac OS X 10_15_7) AppleWebKit/605.1.15 (KHTML, like Gecko) Version/17.2 Safari/605.1.15" "-"
2a00:23c8:a700:: - - [28/Jan/2024:17:01:14 +0100] "GET /wp-includes/js/wp-emoji-release.min.js?ver=6.1.4 HTTP/1.1" 200 18617 dartmoorrunners.co.uk "http://dartmoorrunners.co.uk/" "Mozilla/5.0 (Macintosh; Intel Mac OS X 10_15_7) AppleWebKit/605.1.15 (KHTML, like Gecko) Version/17.2 Safari/605.1.15" "-"
2a00:23c8:a700:: - - [28/Jan/2024:17:01:14 +0100] "GET /wp-includes/css/classic-themes.min.css?ver=1 HTTP/1.1" 200 189 dartmoorrunners.co.uk "http://dartmoorrunners.co.uk/" "Mozilla/5.0 (Macintosh; Intel Mac OS X 10_15_7) AppleWebKit/605.1.15 (KHTML, like Gecko) Version/17.2 Safari/605.1.15" "-"
2a00:23c8:a700:: - - [28/Jan/2024:17:01:14 +0100] "GET /wp-includes/css/dist/block-library/style.min.css?ver=6.1.4 HTTP/1.1" 200 16164 dartmoorrunners.co.uk "http://dartmoorrunners.co.uk/" "Mozilla/5.0 (Macintosh; Intel Mac OS X 10_15_7) AppleWebKit/605.1.15 (KHTML, like Gecko) Version/17.2 Safari/605.1.15" "-"
2a00:23c8:a700:: - - [28/Jan/2024:17:01:14 +0100] "GET /wp-content/themes/omega/style.css?ver=6.1.4 HTTP/1.1" 200 6552 dartmoorrunners.co.uk "http://dartmoorrunners.co.uk/" "Mozilla/5.0 (Macintosh; Intel Mac OS X 10_15_7) AppleWebKit/605.1.15 (KHTML, like Gecko) Version/17.2 Safari/605.1.15" "-"
2a00:23c8:a700:: - - [28/Jan/2024:17:01:14 +0100] "GET /wp-content/uploads/2017/04/cropped-dartmoorrunnerslogo_normal.png HTTP/1.1" 200 110052 dartmoorrunners.co.uk "http://dartmoorrunners.co.uk/" "Mozilla/5.0 (Macintosh; Intel Mac OS X 10_15_7) AppleWebKit/605.1.15 (KHTML, like Gecko) Version/17.2 Safari/605.1.15" "-"
2a00:23c8:a700:: - - [28/Jan/2024:17:01:14 +0100] "GET /wp-content/uploads/2017/04/XmasBash2017Med.jpg HTTP/1.1" 200 200566 dartmoorrunners.co.uk "http://dartmoorrunners.co.uk/" "Mozilla/5.0 (Macintosh; Intel Mac OS X 10_15_7) AppleWebKit/605.1.15 (KHTML, like Gecko) Version/17.2 Safari/605.1.15" "-"
2a00:23c8:a700:: - - [28/Jan/2024:17:01:14 +0100] "GET /wp-content/uploads/2017/04/ControlDog-768x576.jpg HTTP/1.1" 200 85973 dartmoorrunners.co.uk "http://dartmoorrunners.co.uk/" "Mozilla/5.0 (Macintosh; Intel Mac OS X 10_15_7) AppleWebKit/605.1.15 (KHTML, like Gecko) Version/17.2 Safari/605.1.15" "-"
2a00:23c8:a700:: - - [28/Jan/2024:17:01:14 +0100] "GET /wp-content/uploads/2017/04/winter-2015-small.jpg HTTP/1.1" 200 202841 dartmoorrunners.co.uk "http://dartmoorrunners.co.uk/" "Mozilla/5.0 (Macintosh; Intel Mac OS X 10_15_7) AppleWebKit/605.1.15 (KHTML, like Gecko) Version/17.2 Safari/605.1.15" "-"
2a00:23c8:a700:: - - [28/Jan/2024:17:01:14 +0100] "GET /wp-content/uploads/2017/04/Moorland-runner-cropped.jpg HTTP/1.1" 200 437747 dartmoorrunners.co.uk "http://dartmoorrunners.co.uk/" "Mozilla/5.0 (Macintosh; Intel Mac OS X 10_15_7) AppleWebKit/605.1.15 (KHTML, like Gecko) Version/17.2 Safari/605.1.15" "-"
185.191.171.0 - - [28/Jan/2024:17:07:21 +0100] "GET /robots.txt HTTP/1.1" 200 121 dartmoorrunners.co.uk "-" "Mozilla/5.0 (compatible; SemrushBot/7~bl; +http://www.semrush.com/bot.html)" "-"
82.165.88.0 - - [28/Jan/2024:17:07:22 +0100] "POST /wp-cron.php?doing_wp_cron=1706458042.1732149124145507812500 HTTP/1.1" 200 - dartmoorrunners.co.uk "http://dartmoorrunners.co.uk/wp-cron.php?doing_wp_cron=1706458042.1732149124145507812500" "WordPress/6.1.4; http://dartmoorrunners.co.uk" "-"
85.208.96.0 - - [28/Jan/2024:17:07:22 +0100] "GET /winter-series-2023 HTTP/1.1" 200 27638 dartmoorrunners.co.uk "-" "Mozilla/5.0 (compatible; SemrushBot/7~bl; +http://www.semrush.com/bot.html)" "-"
158.69.23.0 - - [28/Jan/2024:17:08:46 +0100] "GET /options-reading.php?673435=1 HTTP/1.1" 404 24761 dartmoorrunners.co.uk "-" "Linux Mozilla" "-"
158.69.23.0 - - [28/Jan/2024:17:08:48 +0100] "GET /options-permalink.php?673435=1 HTTP/1.1" 404 24761 dartmoorrunners.co.uk "-" "Linux Mozilla" "-"
178.254.50.0 - - [28/Jan/2024:17:09:39 +0100] "GET /wp-admin/network/index.php?520=1 HTTP/1.1" 302 - dartmoorrunners.co.uk "dartmoorrunners.co.uk" "Mozilla/5.0 (Windows NT 6.1; Win64; x64) AppleWebKit/537.36 (KHTML, like Gecko) Chrome/242.02.8301.120 Safari/537.36" "-"
178.254.50.0 - - [28/Jan/2024:17:09:39 +0100] "GET /wp-login.php?redirect_to=http%3A%2F%2Fdartmoorrunners.co.uk%2Fwp-admin%2Fnetwork%2Findex.php%3F520%3D1&reauth=1 HTTP/1.1" 200 8774 dartmoorrunners.co.uk "dartmoorrunners.co.uk" "Mozilla/5.0 (Windows NT 6.1; Win64; x64) AppleWebKit/537.36 (KHTML, like Gecko) Chrome/242.02.8301.120 Safari/537.36" "-"
178.254.50.0 - - [28/Jan/2024:17:11:03 +0100] "GET /assets/index.php?520=1 HTTP/1.1" 301 - dartmoorrunners.co.uk "dartmoorrunners.co.uk" "Mozilla/5.0 (Windows NT 6.1; Win64; x64) AppleWebKit/537.36 (KHTML, like Gecko) Chrome/242.02.8301.120 Safari/537.36" "-"
178.254.50.0 - - [28/Jan/2024:17:11:04 +0100] "GET /assets/?520=1 HTTP/1.1" 404 24761 dartmoorrunners.co.uk "dartmoorrunners.co.uk" "Mozilla/5.0 (Windows NT 6.1; Win64; x64) AppleWebKit/537.36 (KHTML, like Gecko) Chrome/242.02.8301.120 Safari/537.36" "-"
34.247.180.0 - - [28/Jan/2024:17:11:27 +0100] "GET /robots.txt HTTP/1.1" 200 121 dartmoorrunners.co.uk "-" "Mozilla/5.0 (compatible; wpbot/1.0; +https://forms.gle/ajBaxygz9jSR8p8G9)" "-"
178.254.50.0 - - [28/Jan/2024:17:11:48 +0100] "GET /css/admin.php?520=1 HTTP/1.1" 404 24761 dartmoorrunners.co.uk "dartmoorrunners.co.uk" "Mozilla/5.0 (Windows NT 6.1; Win64; x64) AppleWebKit/537.36 (KHTML, like Gecko) Chrome/242.02.8301.120 Safari/537.36" "-"
178.254.50.0 - - [28/Jan/2024:17:12:44 +0100] "GET /wp-includes/blocks/index.php?520=1 HTTP/1.1" 500 - dartmoorrunners.co.uk "dartmoorrunners.co.uk" "Mozilla/5.0 (Windows NT 6.1; Win64; x64) AppleWebKit/537.36 (KHTML, like Gecko) Chrome/242.02.8301.120 Safari/537.36" "-"
178.254.50.0 - - [28/Jan/2024:17:12:50 +0100] "GET /wp-admin/user/index.php?520=1 HTTP/1.1" 302 - dartmoorrunners.co.uk "dartmoorrunners.co.uk" "Mozilla/5.0 (Windows NT 6.1; Win64; x64) AppleWebKit/537.36 (KHTML, like Gecko) Chrome/242.02.8301.120 Safari/537.36" "-"
178.254.50.0 - - [28/Jan/2024:17:12:50 +0100] "GET /wp-login.php?redirect_to=http%3A%2F%2Fdartmoorrunners.co.uk%2Fwp-admin%2Fuser%2Findex.php%3F520%3D1&reauth=1 HTTP/1.1" 200 8768 dartmoorrunners.co.uk "dartmoorrunners.co.uk" "Mozilla/5.0 (Windows NT 6.1; Win64; x64) AppleWebKit/537.36 (KHTML, like Gecko) Chrome/242.02.8301.120 Safari/537.36" "-"
178.254.50.0 - - [28/Jan/2024:17:14:08 +0100] "GET /js/admin.php?520=1 HTTP/1.1" 404 24761 dartmoorrunners.co.uk "dartmoorrunners.co.uk" "Mozilla/5.0 (Windows NT 6.1; Win64; x64) AppleWebKit/537.36 (KHTML, like Gecko) Chrome/242.02.8301.120 Safari/537.36" "-"
178.254.50.0 - - [28/Jan/2024:17:14:15 +0100] "GET /assets/admin.php?520=1 HTTP/1.1" 404 24761 dartmoorrunners.co.uk "dartmoorrunners.co.uk" "Mozilla/5.0 (Windows NT 6.1; Win64; x64) AppleWebKit/537.36 (KHTML, like Gecko) Chrome/242.02.8301.120 Safari/537.36" "-"
178.254.50.0 - - [28/Jan/2024:17:14:59 +0100] "GET /wp-includes/index.php?520=1 HTTP/1.1" 301 - dartmoorrunners.co.uk "dartmoorrunners.co.uk" "Mozilla/5.0 (Windows NT 6.1; Win64; x64) AppleWebKit/537.36 (KHTML, like Gecko) Chrome/242.02.8301.120 Safari/537.36" "-"
178.254.50.0 - - [28/Jan/2024:17:15:00 +0100] "GET /wp-includes/?520=1 HTTP/1.1" 403 618 dartmoorrunners.co.uk "dartmoorrunners.co.uk" "Mozilla/5.0 (Windows NT 6.1; Win64; x64) AppleWebKit/537.36 (KHTML, like Gecko) Chrome/242.02.8301.120 Safari/537.36" "-"
178.254.50.0 - - [28/Jan/2024:17:16:27 +0100] "GET /wp-content/plugins/index.php?520=1 HTTP/1.1" 200 - dartmoorrunners.co.uk "dartmoorrunners.co.uk" "Mozilla/5.0 (Windows NT 6.1; Win64; x64) AppleWebKit/537.36 (KHTML, like Gecko) Chrome/242.02.8301.120 Safari/537.36" "-"
85.208.96.0 - - [28/Jan/2024:17:18:06 +0100] "GET /results/summer-series-2012-results HTTP/1.1" 200 39430 dartmoorrunners.co.uk "-" "Mozilla/5.0 (compatible; SemrushBot/7~bl; +http://www.semrush.com/bot.html)" "-"
178.254.50.0 - - [28/Jan/2024:17:19:23 +0100] "GET /wp-content/themes/index.php?520=1 HTTP/1.1" 200 - dartmoorrunners.co.uk "dartmoorrunners.co.uk" "Mozilla/5.0 (Windows NT 6.1; Win64; x64) AppleWebKit/537.36 (KHTML, like Gecko) Chrome/242.02.8301.120 Safari/537.36" "-"
178.254.50.0 - - [28/Jan/2024:17:19:53 +0100] "GET /.well-known/index.php?520=1 HTTP/1.1" 301 - dartmoorrunners.co.uk "dartmoorrunners.co.uk" "Mozilla/5.0 (Windows NT 6.1; Win64; x64) AppleWebKit/537.36 (KHTML, like Gecko) Chrome/242.02.8301.120 Safari/537.36" "-"
178.254.50.0 - - [28/Jan/2024:17:19:53 +0100] "GET /.well-known/?520=1 HTTP/1.1" 404 2908 dartmoorrunners.co.uk "dartmoorrunners.co.uk" "Mozilla/5.0 (Windows NT 6.1; Win64; x64) AppleWebKit/537.36 (KHTML, like Gecko) Chrome/242.02.8301.120 Safari/537.36" "-"
178.254.50.0 - - [28/Jan/2024:17:19:58 +0100] "GET /.wp-cli/admin.php?520=1 HTTP/1.1" 404 24761 dartmoorrunners.co.uk "dartmoorrunners.co.uk" "Mozilla/5.0 (Windows NT 6.1; Win64; x64) AppleWebKit/537.36 (KHTML, like Gecko) Chrome/242.02.8301.120 Safari/537.36" "-"
178.254.50.0 - - [28/Jan/2024:17:20:11 +0100] "GET /tmp/admin.php?520=1 HTTP/1.1" 404 24761 dartmoorrunners.co.uk "dartmoorrunners.co.uk" "Mozilla/5.0 (Windows NT 6.1; Win64; x64) AppleWebKit/537.36 (KHTML, like Gecko) Chrome/242.02.8301.120 Safari/537.36" "-"
178.254.50.0 - - [28/Jan/2024:17:20:21 +0100] "GET /index.php?520=1 HTTP/1.1" 301 - dartmoorrunners.co.uk "dartmoorrunners.co.uk" "Mozilla/5.0 (Windows NT 6.1; Win64; x64) AppleWebKit/537.36 (KHTML, like Gecko) Chrome/242.02.8301.120 Safari/537.36" "-"
178.254.50.0 - - [28/Jan/2024:17:20:21 +0100] "GET /?520=1 HTTP/1.1" 200 31573 dartmoorrunners.co.uk "dartmoorrunners.co.uk" "Mozilla/5.0 (Windows NT 6.1; Win64; x64) AppleWebKit/537.36 (KHTML, like Gecko) Chrome/242.02.8301.120 Safari/537.36" "-"
82.165.88.0 - - [28/Jan/2024:17:33:18 +0100] "POST /wp-cron.php?doing_wp_cron=1706459598.2833020687103271484375 HTTP/1.1" 200 - dartmoorrunners.co.uk "http://dartmoorrunners.co.uk/wp-cron.php?doing_wp_cron=1706459598.2833020687103271484375" "WordPress/6.1.4; http://dartmoorrunners.co.uk" "-"
104.244.77.0 - - [28/Jan/2024:17:33:18 +0100] "GET /wp-login.php HTTP/1.1" 200 8627 dartmoorrunners.co.uk "-" "Mozilla/5.0 (Macintosh; Intel Mac OS X 10.8; rv:30.0) Gecko/20100101 Firefox/30.0" "-"
2a00:23c8:a700:: - - [28/Jan/2024:17:39:23 +0100] "GET / HTTP/1.1" 200 31573 dartmoorrunners.co.uk "-" "Mozilla/5.0 (Macintosh; Intel Mac OS X 10_15_7) AppleWebKit/605.1.15 (KHTML, like Gecko) Version/17.2 Safari/605.1.15" "-"
2a00:23c8:a700:: - - [28/Jan/2024:17:39:27 +0100] "GET /winter-series-2023 HTTP/1.1" 200 27638 dartmoorrunners.co.uk "http://dartmoorrunners.co.uk/" "Mozilla/5.0 (Macintosh; Intel Mac OS X 10_15_7) AppleWebKit/605.1.15 (KHTML, like Gecko) Version/17.2 Safari/605.1.15" "-"
104.244.77.0 - - [28/Jan/2024:17:41:43 +0100] "POST /wp-login.php HTTP/1.1" 200 9065 dartmoorrunners.co.uk "-" "Mozilla/5.0 (Macintosh; Intel Mac OS X 10.8; rv:30.0) Gecko/20100101 Firefox/30.0" "-"
54.36.148.0 - - [28/Jan/2024:17:49:30 +0100] "GET / HTTP/1.1" 200 31573 dartmoorrunners.co.uk "-" "Mozilla/5.0 (compatible; AhrefsBot/7.0; +http://ahrefs.com/robot/)" "-"
20.107.58.0 - - [28/Jan/2024:17:51:02 +0100] "GET /wp-content/uploads/2017/04/cropped-dartmoorrunnerslogo_normal.png HTTP/1.1" 200 110052 dartmoorrunners.co.uk "-" "Mozilla/5.0 (X11; Ubuntu; Linux x86_64; rv:72.0) Gecko/20100101 Firefox/72.0" "-"
173.249.52.0 - - [28/Jan/2024:17:56:51 +0100] "GET /wp-includes/js/jquery/jquery.js HTTP/1.1" 200 289832 dartmoorrunners.co.uk "www.google.com" "Mozlila/5.0 (Linux; Android 7.0; SM-G892A Bulid/NRD90M; wv) AppleWebKit/537.36 (KHTML, like Gecko) Version/4.0 Chrome/60.0.3112.107 Moblie Safari/537.36" "-"
5.255.231.0 - - [28/Jan/2024:17:58:38 +0100] "GET /robots.txt HTTP/1.1" 301 - www.dartmoorrunners.co.uk "-" "Mozilla/5.0 (compatible; YandexBot/3.0; +http://yandex.com/bots)" "-"
5.255.231.0 - - [28/Jan/2024:17:58:39 +0100] "GET /robots.txt HTTP/1.1" 200 121 dartmoorrunners.co.uk "-" "Mozilla/5.0 (compatible; YandexBot/3.0; +http://yandex.com/bots)" "-"
95.108.213.0 - - [28/Jan/2024:17:58:40 +0100] "GET / HTTP/1.1" 301 - www.dartmoorrunners.co.uk "-" "Mozilla/5.0 (compatible; YandexBot/3.0; +http://yandex.com/bots)" "-"
213.180.203.0 - - [28/Jan/2024:18:00:44 +0100] "GET / HTTP/1.1" 301 - www.dartmoorrunners.co.uk "-" "Mozilla/5.0 (compatible; YandexBot/3.0; +http://yandex.com/bots)" "-"
2a00:23c8:a700:: - - [28/Jan/2024:18:00:59 +0100] "GET / HTTP/1.1" 200 31573 dartmoorrunners.co.uk "-" "Mozilla/5.0 (Macintosh; Intel Mac OS X 10_15_7) AppleWebKit/605.1.15 (KHTML, like Gecko) Version/17.2 Safari/605.1.15" "-"
2a00:23c8:a700:: - - [28/Jan/2024:18:01:02 +0100] "GET /winter-series-2023 HTTP/1.1" 200 27638 dartmoorrunners.co.uk "http://dartmoorrunners.co.uk/" "Mozilla/5.0 (Macintosh; Intel Mac OS X 10_15_7) AppleWebKit/605.1.15 (KHTML, like Gecko) Version/17.2 Safari/605.1.15" "-"
66.249.75.0 - - [28/Jan/2024:18:02:56 +0100] "GET / HTTP/1.1" 200 31573 dartmoorrunners.co.uk "-" "Mozilla/5.0 (compatible; Googlebot/2.1; +http://www.google.com/bot.html)" "-"
138.199.18.0 - - [28/Jan/2024:18:06:04 +0100] "GET / HTTP/1.1" 200 31573 dartmoorrunners.co.uk "-" "Mozilla/5.0 (Windows NT 10.0; Win64; x64) AppleWebKit/537.36 (KHTML, like Gecko) Chrome/88.0.4240.193 Safari/537.36" "-"
138.199.18.0 - - [28/Jan/2024:18:06:05 +0100] "GET /?author=1 HTTP/1.1" 301 - dartmoorrunners.co.uk "-" "Mozilla/5.0 (Windows NT 10.0; Win64; x64) AppleWebKit/537.36 (KHTML, like Gecko) Chrome/88.0.4240.193 Safari/537.36" "-"
138.199.18.0 - - [28/Jan/2024:18:06:05 +0100] "GET /?author=2 HTTP/1.1" 200 24955 dartmoorrunners.co.uk "-" "Mozilla/5.0 (Windows NT 10.0; Win64; x64) AppleWebKit/537.36 (KHTML, like Gecko) Chrome/88.0.4240.193 Safari/537.36" "-"
138.199.18.0 - - [28/Jan/2024:18:06:05 +0100] "GET /?author=3 HTTP/1.1" 404 24761 dartmoorrunners.co.uk "-" "Mozilla/5.0 (Windows NT 10.0; Win64; x64) AppleWebKit/537.36 (KHTML, like Gecko) Chrome/88.0.4240.193 Safari/537.36" "-"
138.199.18.0 - - [28/Jan/2024:18:06:06 +0100] "GET /wp-json/wp/v2/users/ HTTP/1.1" 200 584 dartmoorrunners.co.uk "-" "Mozilla/5.0 (Windows NT 10.0; Win64; x64) AppleWebKit/537.36 (KHTML, like Gecko) Chrome/88.0.4240.193 Safari/537.36" "-"
138.199.18.0 - - [28/Jan/2024:18:06:06 +0100] "GET /wp-json/oembed/1.0/embed?url=http://dartmoorrunners.co.uk HTTP/1.1" 200 2425 dartmoorrunners.co.uk "-" "Mozilla/5.0 (Windows NT 10.0; Win64; x64) AppleWebKit/537.36 (KHTML, like Gecko) Chrome/88.0.4240.193 Safari/537.36" "-"
138.199.18.0 - - [28/Jan/2024:18:06:06 +0100] "POST /xmlrpc.php HTTP/1.1" 200 401 dartmoorrunners.co.uk "-" "Mozilla/5.0 (Windows NT 10.0; Win64; x64) AppleWebKit/537.36 (KHTML, like Gecko) Chrome/88.0.4240.193 Safari/537.36" "-"
138.199.18.0 - - [28/Jan/2024:18:06:07 +0100] "POST /xmlrpc.php HTTP/1.1" 200 401 dartmoorrunners.co.uk "-" "Mozilla/5.0 (Windows NT 10.0; Win64; x64) AppleWebKit/537.36 (KHTML, like Gecko) Chrome/88.0.4240.193 Safari/537.36" "-"
138.199.18.0 - - [28/Jan/2024:18:06:08 +0100] "POST /xmlrpc.php HTTP/1.1" 403 618 dartmoorrunners.co.uk "-" "Mozilla/5.0 (Windows NT 10.0; Win64; x64) AppleWebKit/537.36 (KHTML, like Gecko) Chrome/88.0.4240.193 Safari/537.36" "-"
2607:f298:: - - [28/Jan/2024:18:15:08 +0100] "GET /wordpress/ HTTP/1.1" 404 24761 dartmoorrunners.co.uk "-" "-" "-"
34.143.184.0 - - [28/Jan/2024:18:27:01 +0100] "GET / HTTP/1.1" 200 31573 dartmoorrunners.co.uk "-" "Go-http-client/1.1" "-"
34.143.184.0 - - [28/Jan/2024:18:27:01 +0100] "GET /wp-includes/css/buttons.css HTTP/1.1" 200 2798 dartmoorrunners.co.uk "-" "Go-http-client/1.1" "-"
82.165.88.0 - - [28/Jan/2024:18:34:43 +0100] "POST /wp-cron.php?doing_wp_cron=1706463283.6944360733032226562500 HTTP/1.1" 200 - dartmoorrunners.co.uk "http://dartmoorrunners.co.uk/wp-cron.php?doing_wp_cron=1706463283.6944360733032226562500" "WordPress/6.1.4; http://dartmoorrunners.co.uk" "-"
185.214.220.0 - - [28/Jan/2024:18:34:43 +0100] "GET / HTTP/1.1" 301 - www.dartmoorrunners.co.uk "-" "Mozilla/5.0 (Macintosh; Intel Mac OS X 10_15_7) AppleWebKit/605.1.15 (KHTML, like Gecko)" "-"
185.214.220.0 - - [28/Jan/2024:18:34:44 +0100] "GET / HTTP/1.1" 200 31573 dartmoorrunners.co.uk "-" "Mozilla/5.0 (Macintosh; Intel Mac OS X 10_15_7) AppleWebKit/605.1.15 (KHTML, like Gecko)" "-"
185.214.220.0 - - [28/Jan/2024:18:34:44 +0100] "GET /wp-content/uploads/2017/04/cropped-dartmoorrunnerslogo_normal-180x180.png HTTP/1.1" 200 55513 dartmoorrunners.co.uk "-" "Safari/17617.1.17.11.12 CFNetwork/1335.5 Darwin/21.6.0" "-"
194.38.22.0 - - [28/Jan/2024:18:35:45 +0100] "GET /wp-content/themes/seotheme/db.php?u HTTP/1.1" 404 24761 dartmoorrunners.co.uk "-" "ALittle Client" "-"
185.214.220.0 - - [28/Jan/2024:18:40:31 +0100] "GET / HTTP/1.1" 301 - www.dartmoorrunners.co.uk "-" "Mozilla/5.0 (Macintosh; Intel Mac OS X 10_15_7) AppleWebKit/605.1.15 (KHTML, like Gecko) Version/17.2.1 Safari/605.1.15" "-"
185.214.220.0 - - [28/Jan/2024:18:40:32 +0100] "GET / HTTP/1.1" 200 31573 dartmoorrunners.co.uk "-" "Mozilla/5.0 (Macintosh; Intel Mac OS X 10_15_7) AppleWebKit/605.1.15 (KHTML, like Gecko) Version/17.2.1 Safari/605.1.15" "-"
