213.180.203.0 - - [15/Feb/2024:14:09:51 +0100] "GET /robots.txt HTTP/1.1" 200 121 dartmoorrunners.co.uk "-" "Mozilla/5.0 (compatible; YandexBot/3.0; +http://yandex.com/bots)" "-"
213.180.203.0 - - [15/Feb/2024:14:09:52 +0100] "GET / HTTP/1.1" 200 31575 dartmoorrunners.co.uk "-" "Mozilla/5.0 (compatible; YandexBot/3.0; +http://yandex.com/bots)" "-"
139.59.105.0 - - [15/Feb/2024:14:10:01 +0100] "GET / HTTP/1.1" 200 31575 dartmoorrunners.co.uk "-" "Mozilla/5.0 (Macintosh; Intel Mac OS X 10.5; rv:10.0.1) Gecko/20100101 Firefox/10.0.1 SeaMonkey/2.7.1" "-"
51.222.253.0 - - [15/Feb/2024:14:11:44 +0100] "GET /current-series-dates HTTP/1.1" 200 27887 dartmoorrunners.co.uk "-" "Mozilla/5.0 (compatible; AhrefsBot/7.0; +http://ahrefs.com/robot/)" "-"
87.250.224.0 - - [15/Feb/2024:14:11:56 +0100] "GET /robots.txt HTTP/1.1" 200 121 dartmoorrunners.co.uk "-" "Mozilla/5.0 (compatible; YandexBot/3.0; +http://yandex.com/bots)" "-"
213.180.203.0 - - [15/Feb/2024:14:11:57 +0100] "GET / HTTP/1.1" 200 31575 dartmoorrunners.co.uk "-" "Mozilla/5.0 (compatible; YandexBot/3.0; +http://yandex.com/bots)" "-"
66.249.79.0 - - [15/Feb/2024:14:26:51 +0100] "GET /robots.txt HTTP/1.1" 200 121 dartmoorrunners.co.uk "-" "Mozilla/5.0 (compatible; Googlebot/2.1; +http://www.google.com/bot.html)" "-"
66.249.79.0 - - [15/Feb/2024:14:27:06 +0100] "GET / HTTP/1.1" 200 31575 dartmoorrunners.co.uk "-" "Mozilla/5.0 (compatible; Googlebot/2.1; +http://www.google.com/bot.html)" "-"
82.165.88.0 - - [15/Feb/2024:14:33:57 +0100] "POST /wp-cron.php?doing_wp_cron=1708004037.6447229385375976562500 HTTP/1.1" 200 - dartmoorrunners.co.uk "http://dartmoorrunners.co.uk/wp-cron.php?doing_wp_cron=1708004037.6447229385375976562500" "WordPress/6.1.5; http://dartmoorrunners.co.uk" "-"
178.128.103.0 - - [15/Feb/2024:14:33:57 +0100] "POST /xmlrpc.php HTTP/1.1" 200 403 dartmoorrunners.co.uk "-" "Mozilla/5.0 (Windows NT 10.0; Win64; x64; rv:65.0) Gecko/20100101 Firefox/65.0" "-"
40.77.167.0 - - [15/Feb/2024:14:41:50 +0100] "GET /wp-sitemap.xml HTTP/1.1" 200 562 dartmoorrunners.co.uk "-" "Mozilla/5.0 AppleWebKit/537.36 (KHTML, like Gecko; compatible; bingbot/2.0; +http://www.bing.com/bingbot.htm) Chrome/116.0.1938.76 Safari/537.36" "-"
24.199.112.0 - - [15/Feb/2024:15:06:03 +0100] "GET /wp-admin/network/cloud.php HTTP/1.1" 404 24763 dartmoorrunners.co.uk "-" "Mozlila/5.0 (Linux; Android 7.0; SM-G892A Bulid/NRD90M; wv) AppleWebKit/537.36 (KHTML, like Gecko) Version/4.0 Chrome/60.0.3112.107 Moblie Safari/537.36" "-"
24.199.112.0 - - [15/Feb/2024:15:06:07 +0100] "GET /cloud.php HTTP/1.1" 404 24763 dartmoorrunners.co.uk "-" "Mozlila/5.0 (Linux; Android 7.0; SM-G892A Bulid/NRD90M; wv) AppleWebKit/537.36 (KHTML, like Gecko) Version/4.0 Chrome/60.0.3112.107 Moblie Safari/537.36" "-"
24.199.112.0 - - [15/Feb/2024:15:06:10 +0100] "GET /cgi-bin/cloud.php HTTP/1.1" 404 626 dartmoorrunners.co.uk "-" "Mozlila/5.0 (Linux; Android 7.0; SM-G892A Bulid/NRD90M; wv) AppleWebKit/537.36 (KHTML, like Gecko) Version/4.0 Chrome/60.0.3112.107 Moblie Safari/537.36" "-"
24.199.112.0 - - [15/Feb/2024:15:06:12 +0100] "GET /css/cloud.php HTTP/1.1" 404 24763 dartmoorrunners.co.uk "-" "Mozlila/5.0 (Linux; Android 7.0; SM-G892A Bulid/NRD90M; wv) AppleWebKit/537.36 (KHTML, like Gecko) Version/4.0 Chrome/60.0.3112.107 Moblie Safari/537.36" "-"
24.199.112.0 - - [15/Feb/2024:15:06:14 +0100] "GET /wp-admin/user/cloud.php HTTP/1.1" 404 24763 dartmoorrunners.co.uk "-" "Mozlila/5.0 (Linux; Android 7.0; SM-G892A Bulid/NRD90M; wv) AppleWebKit/537.36 (KHTML, like Gecko) Version/4.0 Chrome/60.0.3112.107 Moblie Safari/537.36" "-"
24.199.112.0 - - [15/Feb/2024:15:06:19 +0100] "GET /img/cloud.php HTTP/1.1" 404 24763 dartmoorrunners.co.uk "-" "Mozlila/5.0 (Linux; Android 7.0; SM-G892A Bulid/NRD90M; wv) AppleWebKit/537.36 (KHTML, like Gecko) Version/4.0 Chrome/60.0.3112.107 Moblie Safari/537.36" "-"
24.199.112.0 - - [15/Feb/2024:15:06:23 +0100] "GET /wp-admin/css/colors/coffee/cloud.php HTTP/1.1" 404 24763 dartmoorrunners.co.uk "-" "Mozlila/5.0 (Linux; Android 7.0; SM-G892A Bulid/NRD90M; wv) AppleWebKit/537.36 (KHTML, like Gecko) Version/4.0 Chrome/60.0.3112.107 Moblie Safari/537.36" "-"
24.199.112.0 - - [15/Feb/2024:15:06:27 +0100] "GET /wp-admin/images/cloud.php HTTP/1.1" 404 24763 dartmoorrunners.co.uk "-" "Mozlila/5.0 (Linux; Android 7.0; SM-G892A Bulid/NRD90M; wv) AppleWebKit/537.36 (KHTML, like Gecko) Version/4.0 Chrome/60.0.3112.107 Moblie Safari/537.36" "-"
24.199.112.0 - - [15/Feb/2024:15:06:33 +0100] "GET /images/cloud.php HTTP/1.1" 404 24763 dartmoorrunners.co.uk "-" "Mozlila/5.0 (Linux; Android 7.0; SM-G892A Bulid/NRD90M; wv) AppleWebKit/537.36 (KHTML, like Gecko) Version/4.0 Chrome/60.0.3112.107 Moblie Safari/537.36" "-"
24.199.112.0 - - [15/Feb/2024:15:06:40 +0100] "GET /wp-admin/js/widgets/cloud.php HTTP/1.1" 404 24763 dartmoorrunners.co.uk "-" "Mozlila/5.0 (Linux; Android 7.0; SM-G892A Bulid/NRD90M; wv) AppleWebKit/537.36 (KHTML, like Gecko) Version/4.0 Chrome/60.0.3112.107 Moblie Safari/537.36" "-"
24.199.112.0 - - [15/Feb/2024:15:06:46 +0100] "GET /wp-admin/css/colors/cloud.php HTTP/1.1" 404 24763 dartmoorrunners.co.uk "-" "Mozlila/5.0 (Linux; Android 7.0; SM-G892A Bulid/NRD90M; wv) AppleWebKit/537.36 (KHTML, like Gecko) Version/4.0 Chrome/60.0.3112.107 Moblie Safari/537.36" "-"
24.199.112.0 - - [15/Feb/2024:15:06:52 +0100] "GET /wp-admin/includes/cloud.php HTTP/1.1" 404 24763 dartmoorrunners.co.uk "-" "Mozlila/5.0 (Linux; Android 7.0; SM-G892A Bulid/NRD90M; wv) AppleWebKit/537.36 (KHTML, like Gecko) Version/4.0 Chrome/60.0.3112.107 Moblie Safari/537.36" "-"
24.199.112.0 - - [15/Feb/2024:15:06:57 +0100] "GET /wp-admin/css/colors/blue/cloud.php HTTP/1.1" 404 24763 dartmoorrunners.co.uk "-" "Mozlila/5.0 (Linux; Android 7.0; SM-G892A Bulid/NRD90M; wv) AppleWebKit/537.36 (KHTML, like Gecko) Version/4.0 Chrome/60.0.3112.107 Moblie Safari/537.36" "-"
24.199.112.0 - - [15/Feb/2024:15:07:05 +0100] "GET /wp-admin/cloud.php HTTP/1.1" 404 24763 dartmoorrunners.co.uk "-" "Mozlila/5.0 (Linux; Android 7.0; SM-G892A Bulid/NRD90M; wv) AppleWebKit/537.36 (KHTML, like Gecko) Version/4.0 Chrome/60.0.3112.107 Moblie Safari/537.36" "-"
45.63.48.0 - - [15/Feb/2024:15:26:38 +0100] "GET /wp-includes/js/jquery/jquery-migrate.min.js HTTP/1.1" 200 11224 dartmoorrunners.co.uk "-" "Mozilla/5.0 (Windows NT 10.0; Win64; x64; rv:88.0) Gecko/20100101 Firefox/88.0" "-"
2001:19f0:6000:: - - [15/Feb/2024:15:26:38 +0100] "GET / HTTP/1.1" 200 31575 dartmoorrunners.co.uk "-" "Mozilla/5.0 (Windows NT 10.0; Win64; x64; rv:88.0) Gecko/20100101 Firefox/88.0" "-"
45.63.48.0 - - [15/Feb/2024:15:26:39 +0100] "GET /administrator/language/en-GB/en-GB.xml HTTP/1.1" 404 24763 dartmoorrunners.co.uk "-" "Mozilla/5.0 (Windows NT 10.0; Win64; x64; rv:88.0) Gecko/20100101 Firefox/88.0" "-"
2001:19f0:6000:: - - [15/Feb/2024:15:26:39 +0100] "GET /wp-includes/ID3/license.txt HTTP/1.1" 200 487 dartmoorrunners.co.uk "-" "Mozilla/5.0 (Windows NT 10.0; Win64; x64; rv:88.0) Gecko/20100101 Firefox/88.0" "-"
82.165.88.0 - - [15/Feb/2024:15:29:34 +0100] "POST /wp-cron.php?doing_wp_cron=1708007374.4929869174957275390625 HTTP/1.1" 200 - dartmoorrunners.co.uk "http://dartmoorrunners.co.uk/wp-cron.php?doing_wp_cron=1708007374.4929869174957275390625" "WordPress/6.1.5; http://dartmoorrunners.co.uk" "-"
66.249.79.0 - - [15/Feb/2024:15:29:34 +0100] "GET / HTTP/1.1" 200 31575 dartmoorrunners.co.uk "-" "Mozilla/5.0 (compatible; Googlebot/2.1; +http://www.google.com/bot.html)" "-"
198.20.67.0 - - [15/Feb/2024:16:08:12 +0100] "GET / HTTP/1.1" 301 - www.dartmoorrunners.co.uk "http://www.google.com/url?url=www.dartmoorrunners.co.uk&yahoo.com" "Mozilla/5.0 (compatible; MSIE 9.0; Windows NT 6.1; WOW64; Trident/6.0)" "-"
82.165.88.0 - - [15/Feb/2024:16:08:13 +0100] "POST /wp-cron.php?doing_wp_cron=1708009692.9707520008087158203125 HTTP/1.1" 200 - dartmoorrunners.co.uk "http://dartmoorrunners.co.uk/wp-cron.php?doing_wp_cron=1708009692.9707520008087158203125" "WordPress/6.1.5; http://dartmoorrunners.co.uk" "-"
198.20.67.0 - - [15/Feb/2024:16:08:14 +0100] "GET / HTTP/1.1" 200 31575 dartmoorrunners.co.uk "http://www.google.com/url?url=dartmoorrunners.co.uk&yahoo.com" "Mozilla/5.0 (compatible; MSIE 9.0; Windows NT 6.1; WOW64; Trident/6.0)" "-"
198.20.67.0 - - [15/Feb/2024:16:08:16 +0100] "GET /th1s_1s_a_4o4.html HTTP/1.1" 404 24763 dartmoorrunners.co.uk "-" "SiteLockSpider [en] (WinNT; I ;Nav)" "-"
198.20.67.0 - - [15/Feb/2024:16:08:17 +0100] "GET /comments/feed HTTP/1.1" 200 827 dartmoorrunners.co.uk "http://www.google.com/url?url=dartmoorrunners.co.uk&yahoo.com" "Mozilla/5.0 (compatible; MSIE 9.0; Windows NT 6.1; WOW64; Trident/6.0)" "-"
198.20.67.0 - - [15/Feb/2024:16:08:17 +0100] "GET /results/winter-series-2013-results HTTP/1.1" 200 25734 dartmoorrunners.co.uk "http://www.google.com/url?url=dartmoorrunners.co.uk&yahoo.com" "Mozilla/5.0 (compatible; MSIE 9.0; Windows NT 6.1; WOW64; Trident/6.0)" "-"
198.20.67.0 - - [15/Feb/2024:16:08:18 +0100] "GET /results/summer-series-2012-results HTTP/1.1" 200 39432 dartmoorrunners.co.uk "-" "SiteLockSpider [en] (WinNT; I ;Nav)" "-"
198.20.67.0 - - [15/Feb/2024:16:08:19 +0100] "GET /winter-series-2019-results HTTP/1.1" 200 25727 dartmoorrunners.co.uk "-" "SiteLockSpider [en] (WinNT; I ;Nav)" "-"
198.20.67.0 - - [15/Feb/2024:16:08:20 +0100] "GET /feed HTTP/1.1" 200 1728 dartmoorrunners.co.uk "-" "SiteLockSpider [en] (WinNT; I ;Nav)" "-"
198.20.67.0 - - [15/Feb/2024:16:08:21 +0100] "GET /wp-json/oembed/1.0/embed?url=http%3A%2F%2Fdartmoorrunners.co.uk%2F HTTP/1.1" 200 2425 dartmoorrunners.co.uk "http://www.google.com/url?url=dartmoorrunners.co.uk&yahoo.com" "Mozilla/5.0 (compatible; MSIE 9.0; Windows NT 6.1; WOW64; Trident/6.0)" "-"
198.20.67.0 - - [15/Feb/2024:16:08:21 +0100] "GET /results/summer-series-2016-results HTTP/1.1" 200 25700 dartmoorrunners.co.uk "-" "SiteLockSpider [en] (WinNT; I ;Nav)" "-"
198.20.67.0 - - [15/Feb/2024:16:08:22 +0100] "GET /results/summer-series-2017-results HTTP/1.1" 200 25706 dartmoorrunners.co.uk "-" "SiteLockSpider [en] (WinNT; I ;Nav)" "-"
198.20.67.0 - - [15/Feb/2024:16:08:23 +0100] "GET /wp-includes/css/dist/block-library/style.min.css?ver=6.1.5 HTTP/1.1" 200 95021 dartmoorrunners.co.uk "http://www.google.com/url?url=dartmoorrunners.co.uk&yahoo.com" "Mozilla/5.0 (compatible; MSIE 9.0; Windows NT 6.1; WOW64; Trident/6.0)" "-"
198.20.67.0 - - [15/Feb/2024:16:08:24 +0100] "GET /results/summer-series-2013-results HTTP/1.1" 200 25696 dartmoorrunners.co.uk "-" "SiteLockSpider [en] (WinNT; I ;Nav)" "-"
198.20.67.0 - - [15/Feb/2024:16:08:26 +0100] "GET /results/winter-series-2011-results HTTP/1.1" 200 44856 dartmoorrunners.co.uk "-" "SiteLockSpider [en] (WinNT; I ;Nav)" "-"
198.20.67.0 - - [15/Feb/2024:16:08:27 +0100] "GET /sample-page/feed HTTP/1.1" 200 819 dartmoorrunners.co.uk "http://www.google.com/url?url=dartmoorrunners.co.uk&yahoo.com" "Mozilla/5.0 (compatible; MSIE 9.0; Windows NT 6.1; WOW64; Trident/6.0)" "-"
198.20.67.0 - - [15/Feb/2024:16:08:27 +0100] "GET /wp-includes/css/classic-themes.min.css?ver=1 HTTP/1.1" 200 217 dartmoorrunners.co.uk "http://www.google.com/url?url=dartmoorrunners.co.uk&yahoo.com" "Mozilla/5.0 (compatible; MSIE 9.0; Windows NT 6.1; WOW64; Trident/6.0)" "-"
198.20.67.0 - - [15/Feb/2024:16:08:28 +0100] "GET /wp-json/oembed/1.0/%5C%22http:%5C/%5C/dartmoorrunners.co.uk%5C/embed HTTP/1.1" 404 114 dartmoorrunners.co.uk "http://www.google.com/url?url=dartmoorrunners.co.uk&yahoo.com" "Mozilla/5.0 (compatible; MSIE 9.0; Windows NT 6.1; WOW64; Trident/6.0)" "-"
198.20.67.0 - - [15/Feb/2024:16:08:28 +0100] "GET /wp-json/wp/v2/pages/73 HTTP/1.1" 200 2087 dartmoorrunners.co.uk "http://www.google.com/url?url=dartmoorrunners.co.uk&yahoo.com" "Mozilla/5.0 (compatible; MSIE 9.0; Windows NT 6.1; WOW64; Trident/6.0)" "-"
198.20.67.0 - - [15/Feb/2024:16:08:29 +0100] "GET /wp-content/themes/omega/style.css?ver=6.1.5 HTTP/1.1" 200 21416 dartmoorrunners.co.uk "http://www.google.com/url?url=dartmoorrunners.co.uk&yahoo.com" "Mozilla/5.0 (compatible; MSIE 9.0; Windows NT 6.1; WOW64; Trident/6.0)" "-"
198.20.67.0 - - [15/Feb/2024:16:08:30 +0100] "GET /results HTTP/1.1" 200 25108 dartmoorrunners.co.uk "-" "SiteLockSpider [en] (WinNT; I ;Nav)" "-"
198.20.67.0 - - [15/Feb/2024:16:08:31 +0100] "GET /results/winter-series-2015-results HTTP/1.1" 200 25700 dartmoorrunners.co.uk "-" "SiteLockSpider [en] (WinNT; I ;Nav)" "-"
198.20.67.0 - - [15/Feb/2024:16:08:31 +0100] "GET /wp-json/wp/v2/pages/27 HTTP/1.1" 200 2057 dartmoorrunners.co.uk "-" "SiteLockSpider [en] (WinNT; I ;Nav)" "-"
198.20.67.0 - - [15/Feb/2024:16:08:32 +0100] "GET /feed/readme.html HTTP/1.1" 404 24763 dartmoorrunners.co.uk "-" "SiteLockSpider [en] (WinNT; I ;Nav)" "-"
198.20.67.0 - - [15/Feb/2024:16:08:33 +0100] "GET /readme.html HTTP/1.1" 200 7389 dartmoorrunners.co.uk "-" "SiteLockSpider [en] (WinNT; I ;Nav)" "-"
188.40.115.0 - - [15/Feb/2024:16:11:58 +0100] "POST /xmlrpc.php HTTP/1.1" 200 403 dartmoorrunners.co.uk "-" "Mozilla/5.0 (Windows NT 10.0; Win64; x64; rv:54.0) Gecko/20100101 Firefox/54.0" "-"
82.165.88.0 - - [15/Feb/2024:17:03:48 +0100] "POST /wp-cron.php?doing_wp_cron=1708013028.5064079761505126953125 HTTP/1.1" 200 - dartmoorrunners.co.uk "http://dartmoorrunners.co.uk/wp-cron.php?doing_wp_cron=1708013028.5064079761505126953125" "WordPress/6.1.5; http://dartmoorrunners.co.uk" "-"
213.180.203.0 - - [15/Feb/2024:17:03:48 +0100] "GET /robots.txt HTTP/1.1" 200 121 dartmoorrunners.co.uk "-" "Mozilla/5.0 (compatible; YandexBot/3.0; +http://yandex.com/bots)" "-"
5.255.231.0 - - [15/Feb/2024:17:03:49 +0100] "GET / HTTP/1.1" 200 31575 dartmoorrunners.co.uk "-" "Mozilla/5.0 (compatible; YandexBot/3.0; +http://yandex.com/bots)" "-"
213.180.203.0 - - [15/Feb/2024:17:05:53 +0100] "GET / HTTP/1.1" 200 31575 dartmoorrunners.co.uk "-" "Mozilla/5.0 (compatible; YandexBot/3.0; +http://yandex.com/bots)" "-"
179.43.143.0 - - [15/Feb/2024:17:31:54 +0100] "GET /.git/HEAD HTTP/1.1" 403 618 dartmoorrunners.co.uk "-" "Mozilla/5.0 (Linux; Android 7.0; SM-J710FN) AppleWebKit/537.36 (KHTML, like Gecko) Chrome/76.0.3809.111 Mobile Safari/537.36" "-"
82.165.88.0 - - [15/Feb/2024:17:34:39 +0100] "POST /wp-cron.php?doing_wp_cron=1708014879.7521910667419433593750 HTTP/1.1" 200 - dartmoorrunners.co.uk "http://dartmoorrunners.co.uk/wp-cron.php?doing_wp_cron=1708014879.7521910667419433593750" "WordPress/6.1.5; http://dartmoorrunners.co.uk" "-"
66.249.76.0 - - [15/Feb/2024:17:34:39 +0100] "GET /wp-sitemap-users-1.xml HTTP/1.1" 200 261 dartmoorrunners.co.uk "-" "Mozilla/5.0 (compatible; Googlebot/2.1; +http://www.google.com/bot.html)" "-"
2a00:23c6:b400:: - - [15/Feb/2024:17:37:04 +0100] "GET / HTTP/1.1" 200 31575 dartmoorrunners.co.uk "-" "Mozilla/5.0 (Macintosh; Intel Mac OS X 10_13_6) AppleWebKit/605.1.15 (KHTML, like Gecko)" "-"
2a00:23c6:b400:: - - [15/Feb/2024:17:37:05 +0100] "GET /wp-content/uploads/2017/04/cropped-dartmoorrunnerslogo_normal-180x180.png HTTP/1.1" 200 55513 dartmoorrunners.co.uk "-" "Safari/13609.3.5.1.5 CFNetwork/902.6 Darwin/17.7.0 (x86_64)" "-"
2a00:23c6:b400:: - - [15/Feb/2024:17:37:32 +0100] "GET / HTTP/1.1" 200 31575 dartmoorrunners.co.uk "-" "Mozilla/5.0 (Macintosh; Intel Mac OS X 10_13_6) AppleWebKit/605.1.15 (KHTML, like Gecko)" "-"
2a00:23c6:b400:: - - [15/Feb/2024:17:37:33 +0100] "GET /wp-content/uploads/2017/04/cropped-dartmoorrunnerslogo_normal-180x180.png HTTP/1.1" 200 55513 dartmoorrunners.co.uk "-" "Safari/13609.3.5.1.5 CFNetwork/902.6 Darwin/17.7.0 (x86_64)" "-"
114.119.151.0 - - [15/Feb/2024:17:38:28 +0100] "GET /robots.txt HTTP/1.1" 200 121 dartmoorrunners.co.uk "-" "Mozilla/5.0 (compatible;PetalBot;+https://webmaster.petalsearch.com/site/petalbot)" "-"
103.171.156.0 - - [15/Feb/2024:17:46:01 +0100] "GET / HTTP/1.1" 200 31575 dartmoorrunners.co.uk "-" "-" "-"
168.119.81.0 - - [15/Feb/2024:17:51:19 +0100] "POST /xmlrpc.php HTTP/1.1" 200 403 dartmoorrunners.co.uk "-" "Mozilla/5.0 (Windows NT 10.0; Win64; x64; rv:86.0) Gecko/20100101 Firefox/86.0" "-"
2a09:bac3:3700:: - - [15/Feb/2024:18:18:14 +0100] "GET / HTTP/1.1" 200 31575 dartmoorrunners.co.uk "-" "Mozilla/5.0 (iPhone; CPU iPhone OS 17_2_1 like Mac OS X) AppleWebKit/605.1.15 (KHTML, like Gecko) Version/17.2 Mobile/15E148 Safari/604.1" "-"
88.83.104.0 - - [15/Feb/2024:18:19:31 +0100] "GET /summer-series-2023 HTTP/1.1" 200 27250 dartmoorrunners.co.uk "http://dartmoorrunners.co.uk/" "Mozilla/5.0 (iPhone; CPU iPhone OS 16_1_2 like Mac OS X) AppleWebKit/605.1.15 (KHTML, like Gecko) Version/16.1 Mobile/15E148 Safari/604.1" "-"
88.83.104.0 - - [15/Feb/2024:18:19:31 +0100] "GET /wp-includes/js/wp-emoji-release.min.js?ver=6.1.5 HTTP/1.1" 200 18617 dartmoorrunners.co.uk "http://dartmoorrunners.co.uk/summer-series-2023" "Mozilla/5.0 (iPhone; CPU iPhone OS 16_1_2 like Mac OS X) AppleWebKit/605.1.15 (KHTML, like Gecko) Version/16.1 Mobile/15E148 Safari/604.1" "-"
88.83.104.0 - - [15/Feb/2024:18:19:31 +0100] "GET /wp-includes/css/dist/block-library/style.min.css?ver=6.1.5 HTTP/1.1" 200 16164 dartmoorrunners.co.uk "http://dartmoorrunners.co.uk/summer-series-2023" "Mozilla/5.0 (iPhone; CPU iPhone OS 16_1_2 like Mac OS X) AppleWebKit/605.1.15 (KHTML, like Gecko) Version/16.1 Mobile/15E148 Safari/604.1" "-"
88.83.104.0 - - [15/Feb/2024:18:19:31 +0100] "GET /wp-includes/css/classic-themes.min.css?ver=1 HTTP/1.1" 200 189 dartmoorrunners.co.uk "http://dartmoorrunners.co.uk/summer-series-2023" "Mozilla/5.0 (iPhone; CPU iPhone OS 16_1_2 like Mac OS X) AppleWebKit/605.1.15 (KHTML, like Gecko) Version/16.1 Mobile/15E148 Safari/604.1" "-"
88.83.104.0 - - [15/Feb/2024:18:19:31 +0100] "GET /wp-content/themes/omega/style.css?ver=6.1.5 HTTP/1.1" 200 6552 dartmoorrunners.co.uk "http://dartmoorrunners.co.uk/summer-series-2023" "Mozilla/5.0 (iPhone; CPU iPhone OS 16_1_2 like Mac OS X) AppleWebKit/605.1.15 (KHTML, like Gecko) Version/16.1 Mobile/15E148 Safari/604.1" "-"
88.83.104.0 - - [15/Feb/2024:18:19:32 +0100] "GET /wp-content/uploads/2017/04/cropped-dartmoorrunnerslogo_normal.png HTTP/1.1" 200 110052 dartmoorrunners.co.uk "http://dartmoorrunners.co.uk/summer-series-2023" "Mozilla/5.0 (iPhone; CPU iPhone OS 16_1_2 like Mac OS X) AppleWebKit/605.1.15 (KHTML, like Gecko) Version/16.1 Mobile/15E148 Safari/604.1" "-"
88.83.104.0 - - [15/Feb/2024:18:19:32 +0100] "GET /wp-content/uploads/2017/04/XmasBash2017Med.jpg HTTP/1.1" 200 200566 dartmoorrunners.co.uk "http://dartmoorrunners.co.uk/summer-series-2023" "Mozilla/5.0 (iPhone; CPU iPhone OS 16_1_2 like Mac OS X) AppleWebKit/605.1.15 (KHTML, like Gecko) Version/16.1 Mobile/15E148 Safari/604.1" "-"
88.83.104.0 - - [15/Feb/2024:18:19:32 +0100] "GET /wp-content/uploads/2017/04/winter-2015-small.jpg HTTP/1.1" 200 202841 dartmoorrunners.co.uk "http://dartmoorrunners.co.uk/summer-series-2023" "Mozilla/5.0 (iPhone; CPU iPhone OS 16_1_2 like Mac OS X) AppleWebKit/605.1.15 (KHTML, like Gecko) Version/16.1 Mobile/15E148 Safari/604.1" "-"
88.83.104.0 - - [15/Feb/2024:18:19:32 +0100] "GET /wp-content/uploads/2017/04/ControlDog-768x576.jpg HTTP/1.1" 200 85973 dartmoorrunners.co.uk "http://dartmoorrunners.co.uk/summer-series-2023" "Mozilla/5.0 (iPhone; CPU iPhone OS 16_1_2 like Mac OS X) AppleWebKit/605.1.15 (KHTML, like Gecko) Version/16.1 Mobile/15E148 Safari/604.1" "-"
88.83.104.0 - - [15/Feb/2024:18:19:32 +0100] "GET /wp-content/uploads/2017/04/Moorland-runner-cropped.jpg HTTP/1.1" 200 437747 dartmoorrunners.co.uk "http://dartmoorrunners.co.uk/summer-series-2023" "Mozilla/5.0 (iPhone; CPU iPhone OS 16_1_2 like Mac OS X) AppleWebKit/605.1.15 (KHTML, like Gecko) Version/16.1 Mobile/15E148 Safari/604.1" "-"
88.83.104.0 - - [15/Feb/2024:18:19:34 +0100] "GET /wp-content/uploads/2017/04/cropped-dartmoorrunnerslogo_normal-32x32.png HTTP/1.1" 200 2617 dartmoorrunners.co.uk "http://dartmoorrunners.co.uk/summer-series-2023" "Mozilla/5.0 (iPhone; CPU iPhone OS 16_1_2 like Mac OS X) AppleWebKit/605.1.15 (KHTML, like Gecko) Version/16.1 Mobile/15E148 Safari/604.1" "-"
88.83.104.0 - - [15/Feb/2024:18:19:34 +0100] "GET /wp-content/uploads/2017/04/cropped-dartmoorrunnerslogo_normal-192x192.png HTTP/1.1" 200 59292 dartmoorrunners.co.uk "http://dartmoorrunners.co.uk/summer-series-2023" "Mozilla/5.0 (iPhone; CPU iPhone OS 16_1_2 like Mac OS X) AppleWebKit/605.1.15 (KHTML, like Gecko) Version/16.1 Mobile/15E148 Safari/604.1" "-"
88.83.104.0 - - [15/Feb/2024:18:19:42 +0100] "GET / HTTP/1.1" 200 31575 dartmoorrunners.co.uk "http://dartmoorrunners.co.uk/summer-series-2023" "Mozilla/5.0 (iPhone; CPU iPhone OS 16_1_2 like Mac OS X) AppleWebKit/605.1.15 (KHTML, like Gecko) Version/16.1 Mobile/15E148 Safari/604.1" "-"
88.83.104.0 - - [15/Feb/2024:18:19:56 +0100] "GET /winter-series-2023 HTTP/1.1" 200 27640 dartmoorrunners.co.uk "http://dartmoorrunners.co.uk/" "Mozilla/5.0 (iPhone; CPU iPhone OS 16_1_2 like Mac OS X) AppleWebKit/605.1.15 (KHTML, like Gecko) Version/16.1 Mobile/15E148 Safari/604.1" "-"
179.43.143.0 - - [15/Feb/2024:18:41:00 +0100] "GET /.git/HEAD HTTP/1.1" 403 618 dartmoorrunners.co.uk "-" "Mozilla/5.0 (Windows NT 10.0; WOW64) AppleWebKit/537.36 (KHTML, like Gecko) Chrome/64.0.3282.119 Safari/537.36" "-"
82.165.88.0 - - [15/Feb/2024:18:48:19 +0100] "POST /wp-cron.php?doing_wp_cron=1708019299.8121180534362792968750 HTTP/1.1" 200 - dartmoorrunners.co.uk "http://dartmoorrunners.co.uk/wp-cron.php?doing_wp_cron=1708019299.8121180534362792968750" "WordPress/6.1.5; http://dartmoorrunners.co.uk" "-"
52.167.144.0 - - [15/Feb/2024:18:48:19 +0100] "GET /wp-sitemap-posts-post-1.xml HTTP/1.1" 200 258 dartmoorrunners.co.uk "-" "Mozilla/5.0 AppleWebKit/537.36 (KHTML, like Gecko; compatible; bingbot/2.0; +http://www.bing.com/bingbot.htm) Chrome/116.0.1938.76 Safari/537.36" "-"
217.147.193.0 - - [15/Feb/2024:19:30:28 +0100] "POST /xmlrpc.php HTTP/1.1" 200 403 dartmoorrunners.co.uk "-" "Mozilla/5.0 (Windows NT 10.0; Win64; x64; rv:80.0) Gecko/20100101 Firefox/80.0" "-"
82.165.88.0 - - [15/Feb/2024:19:30:29 +0100] "POST /wp-cron.php?doing_wp_cron=1708021829.4148020744323730468750 HTTP/1.1" 200 - dartmoorrunners.co.uk "http://dartmoorrunners.co.uk/wp-cron.php?doing_wp_cron=1708021829.4148020744323730468750" "WordPress/6.1.5; http://dartmoorrunners.co.uk" "-"
2a02:c7e:2f00:: - - [15/Feb/2024:19:32:11 +0100] "GET / HTTP/1.1" 200 31575 dartmoorrunners.co.uk "-" "Mozilla/5.0 (iPhone; CPU iPhone OS 17_2_1 like Mac OS X) AppleWebKit/605.1.15 (KHTML, like Gecko) Version/17.2 Mobile/15E148 Safari/604.1" "-"
2a02:c7e:2f00:: - - [15/Feb/2024:19:32:12 +0100] "GET /apple-touch-icon-120x120-precomposed.png HTTP/1.1" 404 24763 dartmoorrunners.co.uk "-" "MobileSafari/8617.1.17.10.9 CFNetwork/1490.0.4 Darwin/23.2.0" "-"
2a02:c7e:2f00:: - - [15/Feb/2024:19:32:12 +0100] "GET /apple-touch-icon-120x120.png HTTP/1.1" 404 24763 dartmoorrunners.co.uk "-" "MobileSafari/8617.1.17.10.9 CFNetwork/1490.0.4 Darwin/23.2.0" "-"
2a02:c7e:2f00:: - - [15/Feb/2024:19:32:12 +0100] "GET /wp-content/uploads/2017/04/cropped-dartmoorrunnerslogo_normal-180x180.png HTTP/1.1" 200 55513 dartmoorrunners.co.uk "-" "MobileSafari/8617.1.17.10.9 CFNetwork/1490.0.4 Darwin/23.2.0" "-"
89.46.110.0 - - [15/Feb/2024:19:41:05 +0100] "GET / HTTP/1.1" 200 31575 dartmoorrunners.co.uk "-" "-" "-"
66.249.76.0 - - [15/Feb/2024:20:07:13 +0100] "GET /winter-series-2023 HTTP/1.1" 200 27640 dartmoorrunners.co.uk "-" "Mozilla/5.0 (Linux; Android 6.0.1; Nexus 5X Build/MMB29P) AppleWebKit/537.36 (KHTML, like Gecko) Chrome/121.0.6167.139 Mobile Safari/537.36 (compatible; Googlebot/2.1; +http://www.google.com/bot.html)" "-"
66.249.76.0 - - [15/Feb/2024:20:11:12 +0100] "GET /results/winter-series-2014-results HTTP/1.1" 200 25685 dartmoorrunners.co.uk "-" "Mozilla/5.0 (Linux; Android 6.0.1; Nexus 5X Build/MMB29P) AppleWebKit/537.36 (KHTML, like Gecko) Chrome/121.0.6167.139 Mobile Safari/537.36 (compatible; Googlebot/2.1; +http://www.google.com/bot.html)" "-"
66.249.76.0 - - [15/Feb/2024:20:11:20 +0100] "GET /wp-includes/css/classic-themes.min.css?ver=1 HTTP/1.1" 200 189 dartmoorrunners.co.uk "http://dartmoorrunners.co.uk/results/winter-series-2014-results" "Mozilla/5.0 (Linux; Android 6.0.1; Nexus 5X Build/MMB29P) AppleWebKit/537.36 (KHTML, like Gecko) Chrome/121.0.6167.85 Mobile Safari/537.36 (compatible; Googlebot/2.1; +http://www.google.com/bot.html)" "-"
66.249.79.0 - - [15/Feb/2024:20:11:20 +0100] "GET /wp-includes/js/wp-emoji-release.min.js?ver=6.1.5 HTTP/1.1" 200 18617 dartmoorrunners.co.uk "http://dartmoorrunners.co.uk/results/winter-series-2014-results" "Mozilla/5.0 (Linux; Android 6.0.1; Nexus 5X Build/MMB29P) AppleWebKit/537.36 (KHTML, like Gecko) Chrome/121.0.6167.85 Mobile Safari/537.36 (compatible; Googlebot/2.1; +http://www.google.com/bot.html)" "-"
47.128.127.0 - - [15/Feb/2024:20:20:05 +0100] "GET /robots.txt HTTP/1.1" 200 121 dartmoorrunners.co.uk "-" "Mozilla/5.0 (Linux; Android 5.0) AppleWebKit/537.36 (KHTML, like Gecko) Mobile Safari/537.36 (compatible; Bytespider; spider-feedback@bytedance.com)" "-"
47.128.127.0 - - [15/Feb/2024:20:24:02 +0100] "GET /winter-series-results-2017 HTTP/1.1" 200 25719 dartmoorrunners.co.uk "-" "Mozilla/5.0 (compatible; Bytespider; spider-feedback@bytedance.com) AppleWebKit/537.36 (KHTML, like Gecko) Chrome/70.0.0.0 Safari/537.36" "-"
47.128.127.0 - - [15/Feb/2024:20:24:03 +0100] "GET /wp-content/uploads/2017/04/cropped-dartmoorrunnerslogo_normal.png HTTP/1.1" 200 110052 dartmoorrunners.co.uk "http://dartmoorrunners.co.uk/winter-series-results-2017" "Mozilla/5.0 (compatible; Bytespider; spider-feedback@bytedance.com) AppleWebKit/537.36 (KHTML, like Gecko) Chrome/70.0.0.0 Safari/537.36" "-"
82.165.88.0 - - [15/Feb/2024:20:29:20 +0100] "POST /wp-cron.php?doing_wp_cron=1708025360.5388529300689697265625 HTTP/1.1" 200 - dartmoorrunners.co.uk "http://dartmoorrunners.co.uk/wp-cron.php?doing_wp_cron=1708025360.5388529300689697265625" "WordPress/6.1.5; http://dartmoorrunners.co.uk" "-"
5.188.62.0 - - [15/Feb/2024:20:29:20 +0100] "GET /wp-login.php?wp_lang=en_US HTTP/1.1" 200 6947 dartmoorrunners.co.uk "-" "Mozilla/5.0 (Windows NT 6.1; WOW64) AppleWebKit/537.36 (KHTML, like Gecko) Chrome/100.0.4896.127 Safari/537.36" "-"
5.188.62.0 - - [15/Feb/2024:20:29:20 +0100] "GET /wp-login.php?wp_lang=en_US HTTP/1.1" 200 6947 dartmoorrunners.co.uk "-" "Mozilla/5.0 (Windows NT 10.0; Win64; x64) AppleWebKit/537.36 (KHTML, like Gecko) Chrome/99.0.4844.84 Safari/537.36" "-"
5.188.62.0 - - [15/Feb/2024:20:29:25 +0100] "POST /wp-login.php?wp_lang=en_US HTTP/1.1" 200 7367 dartmoorrunners.co.uk "-" "Mozilla/5.0 (Windows NT 6.1; WOW64) AppleWebKit/537.36 (KHTML, like Gecko) Chrome/100.0.4896.127 Safari/537.36" "-"
5.188.62.0 - - [15/Feb/2024:20:29:25 +0100] "POST /wp-login.php?wp_lang=en_US HTTP/1.1" 503 299 dartmoorrunners.co.uk "-" "Mozilla/5.0 (Windows NT 10.0; Win64; x64) AppleWebKit/537.36 (KHTML, like Gecko) Chrome/99.0.4844.84 Safari/537.36" "-"
43.128.110.0 - - [15/Feb/2024:20:31:11 +0100] "GET / HTTP/1.1" 200 31575 dartmoorrunners.co.uk "-" "Mozilla/5.0 (iPhone; CPU iPhone OS 13_2_3 like Mac OS X) AppleWebKit/605.1.15 (KHTML, like Gecko) Version/13.0.3 Mobile/15E148 Safari/604.1" "-"
82.165.88.0 - - [15/Feb/2024:20:31:11 +0100] "POST /wp-cron.php?doing_wp_cron=1708025471.5590159893035888671875 HTTP/1.1" 200 - dartmoorrunners.co.uk "http://dartmoorrunners.co.uk/wp-cron.php?doing_wp_cron=1708025471.5590159893035888671875" "WordPress/6.1.5; http://dartmoorrunners.co.uk" "-"
82.165.88.0 - - [15/Feb/2024:20:44:35 +0100] "POST /wp-cron.php?doing_wp_cron=1708026275.6178491115570068359375 HTTP/1.1" 200 - dartmoorrunners.co.uk "http://dartmoorrunners.co.uk/wp-cron.php?doing_wp_cron=1708026275.6178491115570068359375" "WordPress/6.1.5; http://dartmoorrunners.co.uk" "-"
185.149.210.0 - - [15/Feb/2024:20:44:35 +0100] "GET / HTTP/1.1" 200 31575 dartmoorrunners.co.uk "android-app://com.google.android.googlequicksearchbox/" "Mozilla/5.0 (Linux; Android 10; K) AppleWebKit/537.36 (KHTML, like Gecko) Chrome/121.0.0.0 Mobile Safari/537.36" "-"
185.149.210.0 - - [15/Feb/2024:20:44:36 +0100] "GET /wp-includes/css/dist/block-library/style.min.css?ver=6.1.5 HTTP/1.1" 200 16164 dartmoorrunners.co.uk "http://dartmoorrunners.co.uk/" "Mozilla/5.0 (Linux; Android 10; K) AppleWebKit/537.36 (KHTML, like Gecko) Chrome/121.0.0.0 Mobile Safari/537.36" "-"
185.149.210.0 - - [15/Feb/2024:20:44:36 +0100] "GET /wp-includes/css/classic-themes.min.css?ver=1 HTTP/1.1" 200 189 dartmoorrunners.co.uk "http://dartmoorrunners.co.uk/" "Mozilla/5.0 (Linux; Android 10; K) AppleWebKit/537.36 (KHTML, like Gecko) Chrome/121.0.0.0 Mobile Safari/537.36" "-"
185.149.210.0 - - [15/Feb/2024:20:44:36 +0100] "GET /wp-content/themes/omega/style.css?ver=6.1.5 HTTP/1.1" 200 6552 dartmoorrunners.co.uk "http://dartmoorrunners.co.uk/" "Mozilla/5.0 (Linux; Android 10; K) AppleWebKit/537.36 (KHTML, like Gecko) Chrome/121.0.0.0 Mobile Safari/537.36" "-"
185.149.210.0 - - [15/Feb/2024:20:44:36 +0100] "GET /wp-content/uploads/2017/04/cropped-dartmoorrunnerslogo_normal.png HTTP/1.1" 200 110052 dartmoorrunners.co.uk "http://dartmoorrunners.co.uk/" "Mozilla/5.0 (Linux; Android 10; K) AppleWebKit/537.36 (KHTML, like Gecko) Chrome/121.0.0.0 Mobile Safari/537.36" "-"
185.149.210.0 - - [15/Feb/2024:20:44:36 +0100] "GET /wp-content/uploads/2017/04/XmasBash2017Med.jpg HTTP/1.1" 200 200566 dartmoorrunners.co.uk "http://dartmoorrunners.co.uk/" "Mozilla/5.0 (Linux; Android 10; K) AppleWebKit/537.36 (KHTML, like Gecko) Chrome/121.0.0.0 Mobile Safari/537.36" "-"
185.149.210.0 - - [15/Feb/2024:20:44:36 +0100] "GET /wp-content/uploads/2017/04/winter-2015-small.jpg HTTP/1.1" 200 202841 dartmoorrunners.co.uk "http://dartmoorrunners.co.uk/" "Mozilla/5.0 (Linux; Android 10; K) AppleWebKit/537.36 (KHTML, like Gecko) Chrome/121.0.0.0 Mobile Safari/537.36" "-"
185.149.210.0 - - [15/Feb/2024:20:44:36 +0100] "GET /wp-content/uploads/2017/04/ControlDog-768x576.jpg HTTP/1.1" 200 85973 dartmoorrunners.co.uk "http://dartmoorrunners.co.uk/" "Mozilla/5.0 (Linux; Android 10; K) AppleWebKit/537.36 (KHTML, like Gecko) Chrome/121.0.0.0 Mobile Safari/537.36" "-"
185.149.210.0 - - [15/Feb/2024:20:44:36 +0100] "GET /wp-content/uploads/2017/04/Moorland-runner-cropped.jpg HTTP/1.1" 200 437747 dartmoorrunners.co.uk "http://dartmoorrunners.co.uk/" "Mozilla/5.0 (Linux; Android 10; K) AppleWebKit/537.36 (KHTML, like Gecko) Chrome/121.0.0.0 Mobile Safari/537.36" "-"
185.149.210.0 - - [15/Feb/2024:20:44:36 +0100] "GET /wp-includes/js/wp-emoji-release.min.js?ver=6.1.5 HTTP/1.1" 200 18617 dartmoorrunners.co.uk "http://dartmoorrunners.co.uk/" "Mozilla/5.0 (Linux; Android 10; K) AppleWebKit/537.36 (KHTML, like Gecko) Chrome/121.0.0.0 Mobile Safari/537.36" "-"
185.149.210.0 - - [15/Feb/2024:20:44:36 +0100] "GET /wp-content/uploads/2017/04/cropped-dartmoorrunnerslogo_normal-192x192.png HTTP/1.1" 200 59292 dartmoorrunners.co.uk "http://dartmoorrunners.co.uk/" "Mozilla/5.0 (Linux; Android 10; K) AppleWebKit/537.36 (KHTML, like Gecko) Chrome/121.0.0.0 Mobile Safari/537.36" "-"
185.149.210.0 - - [15/Feb/2024:20:44:36 +0100] "GET /wp-content/uploads/2017/04/cropped-dartmoorrunnerslogo_normal-180x180.png HTTP/1.1" 200 55513 dartmoorrunners.co.uk "http://dartmoorrunners.co.uk/" "Mozilla/5.0 (Linux; Android 10; K) AppleWebKit/537.36 (KHTML, like Gecko) Chrome/121.0.0.0 Mobile Safari/537.36" "-"
185.149.210.0 - - [15/Feb/2024:20:44:43 +0100] "GET /winter-series-2023 HTTP/1.1" 200 27640 dartmoorrunners.co.uk "http://dartmoorrunners.co.uk/" "Mozilla/5.0 (Linux; Android 10; K) AppleWebKit/537.36 (KHTML, like Gecko) Chrome/121.0.0.0 Mobile Safari/537.36" "-"
179.43.143.0 - - [15/Feb/2024:20:51:26 +0100] "GET /.git/HEAD HTTP/1.1" 403 618 dartmoorrunners.co.uk "-" "Mozilla/5.0 (X11; Linux i686) AppleWebKit/537.36 (KHTML, like Gecko) Ubuntu Chromium/51.0.2704.79 Chrome/51.0.2704.79 Safari/537.36" "-"
213.180.203.0 - - [15/Feb/2024:21:01:47 +0100] "GET /robots.txt HTTP/1.1" 301 - www.dartmoorrunners.co.uk "-" "Mozilla/5.0 (compatible; YandexBot/3.0; +http://yandex.com/bots)" "-"
213.180.203.0 - - [15/Feb/2024:21:01:48 +0100] "GET /robots.txt HTTP/1.1" 200 121 dartmoorrunners.co.uk "-" "Mozilla/5.0 (compatible; YandexBot/3.0; +http://yandex.com/bots)" "-"
213.180.203.0 - - [15/Feb/2024:21:01:48 +0100] "GET / HTTP/1.1" 301 - www.dartmoorrunners.co.uk "-" "Mozilla/5.0 (compatible; YandexBot/3.0; +http://yandex.com/bots)" "-"
213.180.203.0 - - [15/Feb/2024:21:03:53 +0100] "GET /robots.txt HTTP/1.1" 301 - www.dartmoorrunners.co.uk "-" "Mozilla/5.0 (compatible; YandexBot/3.0; +http://yandex.com/bots)" "-"
213.180.203.0 - - [15/Feb/2024:21:03:54 +0100] "GET /robots.txt HTTP/1.1" 200 121 dartmoorrunners.co.uk "-" "Mozilla/5.0 (compatible; YandexBot/3.0; +http://yandex.com/bots)" "-"
95.108.213.0 - - [15/Feb/2024:21:03:54 +0100] "GET / HTTP/1.1" 301 - www.dartmoorrunners.co.uk "-" "Mozilla/5.0 (compatible; YandexBot/3.0; +http://yandex.com/bots)" "-"
54.38.85.0 - - [15/Feb/2024:21:09:34 +0100] "POST /xmlrpc.php HTTP/1.1" 200 403 dartmoorrunners.co.uk "-" "Mozilla/5.0 (Windows NT 10.0; Win64; x64; rv:62.0) Gecko/20100101 Firefox/62.0" "-"
47.128.26.0 - - [15/Feb/2024:21:13:25 +0100] "GET /author/dradmin HTTP/1.1" 200 25901 dartmoorrunners.co.uk "-" "Mozilla/5.0 (compatible; Bytespider; spider-feedback@bytedance.com) AppleWebKit/537.36 (KHTML, like Gecko) Chrome/70.0.0.0 Safari/537.36" "-"
47.128.26.0 - - [15/Feb/2024:21:13:27 +0100] "GET /wp-content/uploads/2017/04/cropped-dartmoorrunnerslogo_normal.png HTTP/1.1" 200 110052 dartmoorrunners.co.uk "http://dartmoorrunners.co.uk/author/dradmin" "Mozilla/5.0 (compatible; Bytespider; spider-feedback@bytedance.com) AppleWebKit/537.36 (KHTML, like Gecko) Chrome/70.0.0.0 Safari/537.36" "-"
95.108.213.0 - - [15/Feb/2024:21:15:26 +0100] "GET /robots.txt HTTP/1.1" 200 121 dartmoorrunners.co.uk "-" "Mozilla/5.0 (compatible; YandexBot/3.0; +http://yandex.com/bots)" "-"
213.180.203.0 - - [15/Feb/2024:21:15:27 +0100] "GET / HTTP/1.1" 200 31575 dartmoorrunners.co.uk "-" "Mozilla/5.0 (compatible; YandexBot/3.0; +http://yandex.com/bots)" "-"
213.180.203.0 - - [15/Feb/2024:21:18:23 +0100] "GET / HTTP/1.1" 200 31575 dartmoorrunners.co.uk "-" "Mozilla/5.0 (compatible; YandexBot/3.0; +http://yandex.com/bots)" "-"
18.215.158.0 - - [15/Feb/2024:21:19:46 +0100] "GET /robots.txt HTTP/1.1" 200 121 dartmoorrunners.co.uk "-" "claudebot" "-"
18.215.158.0 - - [15/Feb/2024:21:19:46 +0100] "GET /wp-content/uploads/2017/04/cropped-dartmoorrunnerslogo_normal.png HTTP/1.1" 200 110052 dartmoorrunners.co.uk "-" "claudebot" "-"
66.249.79.0 - - [15/Feb/2024:22:01:45 +0100] "GET / HTTP/1.1" 200 31575 dartmoorrunners.co.uk "-" "Mozilla/5.0 (compatible; Googlebot/2.1; +http://www.google.com/bot.html)" "-"
82.165.88.0 - - [15/Feb/2024:22:01:46 +0100] "POST /wp-cron.php?doing_wp_cron=1708030906.0541589260101318359375 HTTP/1.1" 200 - dartmoorrunners.co.uk "http://dartmoorrunners.co.uk/wp-cron.php?doing_wp_cron=1708030906.0541589260101318359375" "WordPress/6.1.5; http://dartmoorrunners.co.uk" "-"
179.43.143.0 - - [15/Feb/2024:22:19:02 +0100] "GET /.git/HEAD HTTP/1.1" 403 618 dartmoorrunners.co.uk "-" "Mozilla/5.0 (Windows NT 10.0; Win64; x64) AppleWebKit/537.36 (KHTML, like Gecko) Chrome/78.0.3866.0 Safari/537.36" "-"
94.173.118.0 - - [15/Feb/2024:22:29:42 +0100] "GET / HTTP/1.1" 200 31575 dartmoorrunners.co.uk "https://www.google.com/url?q=http://dartmoorrunners.co.uk/&sa=U&sqi=2&ved=2ahUKEwip1LeXpa6EAxUPov0HHVbpAkoQFnoECA8QAQ&usg=AOvVaw2q_PIf8Qm-6LXKkAl_mA_f" "Mozilla/5.0 (iPhone; CPU iPhone OS 16_7 like Mac OS X) AppleWebKit/605.1.15 (KHTML, like Gecko) GSA/303.0.605094169 Mobile/15E148 Safari/604.1" "-"
82.165.88.0 - - [15/Feb/2024:22:29:43 +0100] "POST /wp-cron.php?doing_wp_cron=1708032583.0693819522857666015625 HTTP/1.1" 200 - dartmoorrunners.co.uk "http://dartmoorrunners.co.uk/wp-cron.php?doing_wp_cron=1708032583.0693819522857666015625" "WordPress/6.1.5; http://dartmoorrunners.co.uk" "-"
94.173.118.0 - - [15/Feb/2024:22:29:43 +0100] "GET /wp-includes/js/wp-emoji-release.min.js?ver=6.1.5 HTTP/1.1" 200 18617 dartmoorrunners.co.uk "http://dartmoorrunners.co.uk/" "Mozilla/5.0 (iPhone; CPU iPhone OS 16_7 like Mac OS X) AppleWebKit/605.1.15 (KHTML, like Gecko) GSA/303.0.605094169 Mobile/15E148 Safari/604.1" "-"
94.173.118.0 - - [15/Feb/2024:22:29:43 +0100] "GET /wp-content/themes/omega/style.css?ver=6.1.5 HTTP/1.1" 200 6552 dartmoorrunners.co.uk "http://dartmoorrunners.co.uk/" "Mozilla/5.0 (iPhone; CPU iPhone OS 16_7 like Mac OS X) AppleWebKit/605.1.15 (KHTML, like Gecko) GSA/303.0.605094169 Mobile/15E148 Safari/604.1" "-"
94.173.118.0 - - [15/Feb/2024:22:29:43 +0100] "GET /wp-includes/css/classic-themes.min.css?ver=1 HTTP/1.1" 200 189 dartmoorrunners.co.uk "http://dartmoorrunners.co.uk/" "Mozilla/5.0 (iPhone; CPU iPhone OS 16_7 like Mac OS X) AppleWebKit/605.1.15 (KHTML, like Gecko) GSA/303.0.605094169 Mobile/15E148 Safari/604.1" "-"
94.173.118.0 - - [15/Feb/2024:22:29:43 +0100] "GET /wp-includes/css/dist/block-library/style.min.css?ver=6.1.5 HTTP/1.1" 200 16164 dartmoorrunners.co.uk "http://dartmoorrunners.co.uk/" "Mozilla/5.0 (iPhone; CPU iPhone OS 16_7 like Mac OS X) AppleWebKit/605.1.15 (KHTML, like Gecko) GSA/303.0.605094169 Mobile/15E148 Safari/604.1" "-"
94.173.118.0 - - [15/Feb/2024:22:29:43 +0100] "GET /wp-content/uploads/2017/04/cropped-dartmoorrunnerslogo_normal.png HTTP/1.1" 200 110052 dartmoorrunners.co.uk "http://dartmoorrunners.co.uk/" "Mozilla/5.0 (iPhone; CPU iPhone OS 16_7 like Mac OS X) AppleWebKit/605.1.15 (KHTML, like Gecko) GSA/303.0.605094169 Mobile/15E148 Safari/604.1" "-"
94.173.118.0 - - [15/Feb/2024:22:29:43 +0100] "GET /wp-content/uploads/2017/04/XmasBash2017Med.jpg HTTP/1.1" 200 200566 dartmoorrunners.co.uk "http://dartmoorrunners.co.uk/" "Mozilla/5.0 (iPhone; CPU iPhone OS 16_7 like Mac OS X) AppleWebKit/605.1.15 (KHTML, like Gecko) GSA/303.0.605094169 Mobile/15E148 Safari/604.1" "-"
94.173.118.0 - - [15/Feb/2024:22:29:43 +0100] "GET /wp-content/uploads/2017/04/Moorland-runner-cropped.jpg HTTP/1.1" 200 437747 dartmoorrunners.co.uk "http://dartmoorrunners.co.uk/" "Mozilla/5.0 (iPhone; CPU iPhone OS 16_7 like Mac OS X) AppleWebKit/605.1.15 (KHTML, like Gecko) GSA/303.0.605094169 Mobile/15E148 Safari/604.1" "-"
94.173.118.0 - - [15/Feb/2024:22:29:43 +0100] "GET /wp-content/uploads/2017/04/winter-2015-small.jpg HTTP/1.1" 200 202841 dartmoorrunners.co.uk "http://dartmoorrunners.co.uk/" "Mozilla/5.0 (iPhone; CPU iPhone OS 16_7 like Mac OS X) AppleWebKit/605.1.15 (KHTML, like Gecko) GSA/303.0.605094169 Mobile/15E148 Safari/604.1" "-"
94.173.118.0 - - [15/Feb/2024:22:29:43 +0100] "GET /wp-content/uploads/2017/04/ControlDog-1024x768.jpg HTTP/1.1" 200 147847 dartmoorrunners.co.uk "http://dartmoorrunners.co.uk/" "Mozilla/5.0 (iPhone; CPU iPhone OS 16_7 like Mac OS X) AppleWebKit/605.1.15 (KHTML, like Gecko) GSA/303.0.605094169 Mobile/15E148 Safari/604.1" "-"
2a03:2880:3100:: - - [15/Feb/2024:22:34:01 +0100] "GET /wp-content/uploads/2017/04/Moorland-runner-cropped-300x212.jpg HTTP/1.1" 200 16206 dartmoorrunners.co.uk "-" "facebookexternalhit/1.1 (+http://www.facebook.com/externalhit_uatext.php)" "-"
2a03:2880:3200:: - - [15/Feb/2024:22:34:01 +0100] "GET /wp-content/uploads/2017/04/ControlDog-300x225.jpg HTTP/1.1" 200 17221 dartmoorrunners.co.uk "-" "facebookexternalhit/1.1 (+http://www.facebook.com/externalhit_uatext.php)" "-"
2a03:2880:3000:: - - [15/Feb/2024:22:34:01 +0100] "GET /wp-content/uploads/2017/04/cropped-dartmoorrunnerslogo_normal.png HTTP/1.1" 200 110052 dartmoorrunners.co.uk "-" "facebookexternalhit/1.1 (+http://www.facebook.com/externalhit_uatext.php)" "-"
2a03:2880:3000:: - - [15/Feb/2024:22:34:01 +0100] "GET /wp-content/uploads/2017/04/winter-2015-small-300x225.jpg HTTP/1.1" 200 17306 dartmoorrunners.co.uk "-" "facebookexternalhit/1.1 (+http://www.facebook.com/externalhit_uatext.php)" "-"
2a03:2880:2300:: - - [15/Feb/2024:22:34:01 +0100] "GET /wp-content/uploads/2017/04/XmasBash2017Med-300x200.jpg HTTP/1.1" 200 19902 dartmoorrunners.co.uk "-" "facebookexternalhit/1.1 (+http://www.facebook.com/externalhit_uatext.php)" "-"
2a03:2880:3100:: - - [15/Feb/2024:22:36:09 +0100] "GET /robots.txt HTTP/1.1" 200 121 dartmoorrunners.co.uk "-" "facebookexternalhit/1.1 (+http://www.facebook.com/externalhit_uatext.php)" "-"
2a03:2880:3100:: - - [15/Feb/2024:22:36:09 +0100] "GET /robots.txt HTTP/1.1" 200 121 dartmoorrunners.co.uk "-" "facebookexternalhit/1.1 (+http://www.facebook.com/externalhit_uatext.php)" "-"
2a03:2880:3100:: - - [15/Feb/2024:22:36:10 +0100] "GET / HTTP/1.1" 200 31575 dartmoorrunners.co.uk "-" "facebookexternalhit/1.1 (+http://www.facebook.com/externalhit_uatext.php)" "-"
2a03:2880:3100:: - - [15/Feb/2024:22:36:10 +0100] "GET / HTTP/1.1" 200 31575 dartmoorrunners.co.uk "-" "facebookexternalhit/1.1 (+http://www.facebook.com/externalhit_uatext.php)" "-"
157.90.209.0 - - [15/Feb/2024:22:47:49 +0100] "GET /robots.txt HTTP/1.1" 403 618 dartmoorrunners.co.uk "-" "Mozilla/5.0 (compatible; BLEXBot/1.0; +http://webmeup-crawler.com/)" "-"
157.90.209.0 - - [15/Feb/2024:22:47:49 +0100] "GET / HTTP/1.1" 403 618 dartmoorrunners.co.uk "-" "Mozilla/5.0 (compatible; BLEXBot/1.0; +http://webmeup-crawler.com/)" "-"
47.128.35.0 - - [15/Feb/2024:22:49:57 +0100] "GET /results/summer-series-2012-results HTTP/1.1" 200 39432 dartmoorrunners.co.uk "-" "Mozilla/5.0 (compatible; Bytespider; spider-feedback@bytedance.com) AppleWebKit/537.36 (KHTML, like Gecko) Chrome/70.0.0.0 Safari/537.36" "-"
47.128.35.0 - - [15/Feb/2024:22:49:58 +0100] "GET /wp-content/uploads/2017/04/cropped-dartmoorrunnerslogo_normal.png HTTP/1.1" 200 110052 dartmoorrunners.co.uk "http://dartmoorrunners.co.uk/results/summer-series-2012-results" "Mozilla/5.0 (compatible; Bytespider; spider-feedback@bytedance.com) AppleWebKit/537.36 (KHTML, like Gecko) Chrome/70.0.0.0 Safari/537.36" "-"
2a02:c206:2000:: - - [15/Feb/2024:22:55:25 +0100] "POST /xmlrpc.php HTTP/1.1" 200 403 dartmoorrunners.co.uk "-" "Mozilla/5.0 (Windows NT 10.0; Win64; x64; rv:50.0) Gecko/20100101 Firefox/50.0" "-"
85.215.144.0 - - [15/Feb/2024:23:10:55 +0100] "GET / HTTP/1.1" 200 31575 dartmoorrunners.co.uk "-" "Mozilla/5.0 (Windows NT 10.0; Win64; x64) AppleWebKit/537.36 (KHTML, like Gecko) Chrome/85.0.3029.110 Safari/537.3" "-"
82.165.88.0 - - [15/Feb/2024:23:10:56 +0100] "POST /wp-cron.php?doing_wp_cron=1708035056.1589789390563964843750 HTTP/1.1" 200 - dartmoorrunners.co.uk "http://dartmoorrunners.co.uk/wp-cron.php?doing_wp_cron=1708035056.1589789390563964843750" "WordPress/6.1.5; http://dartmoorrunners.co.uk" "-"
47.128.33.0 - - [15/Feb/2024:23:14:30 +0100] "GET /summer-series-2023 HTTP/1.1" 200 27250 dartmoorrunners.co.uk "-" "Mozilla/5.0 (compatible; Bytespider; spider-feedback@bytedance.com) AppleWebKit/537.36 (KHTML, like Gecko) Chrome/70.0.0.0 Safari/537.36" "-"
47.128.33.0 - - [15/Feb/2024:23:14:31 +0100] "GET /wp-content/uploads/2017/04/cropped-dartmoorrunnerslogo_normal.png HTTP/1.1" 200 110052 dartmoorrunners.co.uk "http://dartmoorrunners.co.uk/summer-series-2023" "Mozilla/5.0 (compatible; Bytespider; spider-feedback@bytedance.com) AppleWebKit/537.36 (KHTML, like Gecko) Chrome/70.0.0.0 Safari/537.36" "-"
38.150.13.0 - - [15/Feb/2024:23:48:57 +0100] "POST /wp-login.php HTTP/1.1" 200 9053 dartmoorrunners.co.uk "http://dartmoorrunners.co.uk/" "Mozilla/5.0 (Windows NT 6.1; WOW64; Trident/7.0; rv:11.0) like Gecko" "-"
82.165.88.0 - - [15/Feb/2024:23:48:58 +0100] "POST /wp-cron.php?doing_wp_cron=1708037338.1970651149749755859375 HTTP/1.1" 200 - dartmoorrunners.co.uk "http://dartmoorrunners.co.uk/wp-cron.php?doing_wp_cron=1708037338.1970651149749755859375" "WordPress/6.1.5; http://dartmoorrunners.co.uk" "-"
38.150.13.0 - - [15/Feb/2024:23:49:00 +0100] "POST /wp-login.php HTTP/1.1" 503 299 dartmoorrunners.co.uk "http://dartmoorrunners.co.uk/" "Mozilla/5.0 (Windows NT 6.1; WOW64; Trident/7.0; rv:11.0) like Gecko" "-"
38.150.13.0 - - [15/Feb/2024:23:49:12 +0100] "POST /wp-login.php HTTP/1.1" 200 9053 dartmoorrunners.co.uk "http://dartmoorrunners.co.uk/" "Mozilla/5.0 (Windows NT 6.1; WOW64; Trident/7.0; rv:11.0) like Gecko" "-"
