54.36.149.0 - - [05/Jan/2024:00:03:44 +0100] "GET /summer-series-2019-results HTTP/1.1" 200 25727 dartmoorrunners.co.uk "-" "Mozilla/5.0 (compatible; AhrefsBot/7.0; +http://ahrefs.com/robot/)" "-"
104.28.192.0 - - [05/Jan/2024:00:19:08 +0100] "POST /wp-login.php HTTP/1.1" 200 9047 dartmoorrunners.co.uk "http://dartmoorrunners.co.uk/" "Mozilla/5.0 (Windows NT 6.1; WOW64; Trident/7.0; rv:11.0) like Gecko" "-"
54.151.152.0 - - [05/Jan/2024:00:19:17 +0100] "POST /wp-login.php HTTP/1.1" 200 9057 dartmoorrunners.co.uk "http://dartmoorrunners.co.uk/" "Mozilla/5.0 (Windows NT 6.1; WOW64; Trident/7.0; rv:11.0) like Gecko" "-"
54.36.148.0 - - [05/Jan/2024:00:23:26 +0100] "GET /results HTTP/1.1" 200 25108 dartmoorrunners.co.uk "-" "Mozilla/5.0 (compatible; AhrefsBot/7.0; +http://ahrefs.com/robot/)" "-"
82.165.88.0 - - [05/Jan/2024:00:35:50 +0100] "POST /wp-cron.php?doing_wp_cron=1704411350.5901379585266113281250 HTTP/1.1" 200 - dartmoorrunners.co.uk "http://dartmoorrunners.co.uk/wp-cron.php?doing_wp_cron=1704411350.5901379585266113281250" "WordPress/6.1.4; http://dartmoorrunners.co.uk" "-"
80.88.87.0 - - [05/Jan/2024:00:35:50 +0100] "GET /wp-content/plugins/Update/upx.php HTTP/1.1" 404 24763 dartmoorrunners.co.uk "http://simplesite.com" "Mozilla/5.0 (Windows; U; Windows NT 5.1; en-US) AppleWebKit/533.4 (KHTML, like Gecko) Chrome/5.0.375.99 Safari/533.4" "-"
192.185.131.0 - - [05/Jan/2024:00:59:57 +0100] "GET /wordpress/ HTTP/1.1" 404 24763 dartmoorrunners.co.uk "-" "-" "-"
54.36.148.0 - - [05/Jan/2024:01:10:33 +0100] "GET /results/summer-series-2017-results HTTP/1.1" 200 25704 dartmoorrunners.co.uk "-" "Mozilla/5.0 (compatible; AhrefsBot/7.0; +http://ahrefs.com/robot/)" "-"
82.165.88.0 - - [05/Jan/2024:01:33:18 +0100] "POST /wp-cron.php?doing_wp_cron=1704414798.6336340904235839843750 HTTP/1.1" 200 - dartmoorrunners.co.uk "http://dartmoorrunners.co.uk/wp-cron.php?doing_wp_cron=1704414798.6336340904235839843750" "WordPress/6.1.4; http://dartmoorrunners.co.uk" "-"
54.36.148.0 - - [05/Jan/2024:01:33:18 +0100] "GET /results/summer-series-2016-results HTTP/1.1" 200 25698 dartmoorrunners.co.uk "-" "Mozilla/5.0 (compatible; AhrefsBot/7.0; +http://ahrefs.com/robot/)" "-"
45.61.186.0 - - [05/Jan/2024:02:23:33 +0100] "GET /?author=5 HTTP/1.1" 404 24761 dartmoorrunners.co.uk "http://www.google.com.hk" "Mozilla/5.0 (Windows NT 6.1; WOW64) AppleWebKit/537.36 (KHTML, like Gecko) Chrome/42.0.2311.90 Safari/537.36" "-"
54.36.148.0 - - [05/Jan/2024:02:24:35 +0100] "GET /results/winter-series-2012-results HTTP/1.1" 200 25915 dartmoorrunners.co.uk "-" "Mozilla/5.0 (compatible; AhrefsBot/7.0; +http://ahrefs.com/robot/)" "-"
82.165.88.0 - - [05/Jan/2024:02:39:14 +0100] "POST /wp-cron.php?doing_wp_cron=1704418754.8338420391082763671875 HTTP/1.1" 200 - dartmoorrunners.co.uk "http://dartmoorrunners.co.uk/wp-cron.php?doing_wp_cron=1704418754.8338420391082763671875" "WordPress/6.1.4; http://dartmoorrunners.co.uk" "-"
81.94.150.0 - - [05/Jan/2024:02:39:14 +0100] "POST /cd.php HTTP/1.1" 404 24761 dartmoorrunners.co.uk "-" "Mozilla/4.0 (compatible; MSIE 6.0; Windows NT 5.1; SV1)" "-"
163.5.64.0 - - [05/Jan/2024:02:41:00 +0100] "GET /wp-content/plugins/userpro/changelog.txt HTTP/1.1" 404 24761 dartmoorrunners.co.uk "-" "Mozilla/5.0 (Linux; Android 10; K) AppleWebKit/537.36 (KHTML, like Gecko) Chrome/120.0.6099.43 Mobile Safari/537.36" "-"
66.249.79.0 - - [05/Jan/2024:02:47:24 +0100] "GET /wp-sitemap.xml HTTP/1.1" 200 562 dartmoorrunners.co.uk "-" "Mozilla/5.0 (compatible; Googlebot/2.1; +http://www.google.com/bot.html)" "-"
74.249.237.0 - - [05/Jan/2024:03:10:22 +0100] "GET /robots.txt HTTP/1.1" 200 121 dartmoorrunners.co.uk "-" "Mozilla/5.0 (Windows NT 10.0; Win64; x64) AppleWebKit/537.36 (KHTML, like Gecko) Chrome/92.0.4515.115 Safari/537.36" "-"
78.153.140.0 - - [05/Jan/2024:03:33:20 +0100] "GET /.env HTTP/1.1" 301 - www.dartmoorrunners.co.uk "-" "Mozilla/5.0 (X11; Linux x86_64) AppleWebKit/537.36 (KHTML, like Gecko) Chrome/81.0.4044.129 Safari/537.36" "-"
78.153.140.0 - - [05/Jan/2024:03:33:20 +0100] "GET /.env HTTP/1.1" 404 24761 dartmoorrunners.co.uk "-" "Mozilla/5.0 (X11; Linux x86_64) AppleWebKit/537.36 (KHTML, like Gecko) Chrome/81.0.4044.129 Safari/537.36" "-"
82.165.88.0 - - [05/Jan/2024:03:33:20 +0100] "POST /wp-cron.php?doing_wp_cron=1704422000.5645549297332763671875 HTTP/1.1" 200 - dartmoorrunners.co.uk "http://dartmoorrunners.co.uk/wp-cron.php?doing_wp_cron=1704422000.5645549297332763671875" "WordPress/6.1.4; http://dartmoorrunners.co.uk" "-"
78.153.140.0 - - [05/Jan/2024:03:33:26 +0100] "GET /.env HTTP/1.1" 404 24761 dartmoorrunners.co.uk "-" "Mozilla/5.0 (X11; Linux x86_64) AppleWebKit/537.36 (KHTML, like Gecko) Chrome/81.0.4044.129 Safari/537.36" "-"
38.150.13.0 - - [05/Jan/2024:03:49:31 +0100] "POST /wp-login.php HTTP/1.1" 200 9047 dartmoorrunners.co.uk "http://dartmoorrunners.co.uk/" "Mozilla/5.0 (Windows NT 6.1; WOW64; Trident/7.0; rv:11.0) like Gecko" "-"
202.64.124.0 - - [05/Jan/2024:03:49:32 +0100] "POST /wp-login.php HTTP/1.1" 200 9057 dartmoorrunners.co.uk "http://dartmoorrunners.co.uk/" "Mozilla/5.0 (Windows NT 6.1; WOW64; Trident/7.0; rv:11.0) like Gecko" "-"
188.164.196.0 - - [05/Jan/2024:03:49:58 +0100] "GET /wp-login.php HTTP/1.1" 200 8627 dartmoorrunners.co.uk "-" "Mozilla/5.0 (Windows NT 10.0; Win64; x64; rv:84.0) Gecko/20100101 Firefox/84.0" "-"
31.220.0.0 - - [05/Jan/2024:04:12:56 +0100] "GET /.git/config HTTP/1.1" 403 618 dartmoorrunners.co.uk "-" "Mozilla/5.0 (Macintosh; Intel Mac OS X 10_14_0) AppleWebKit/537.36 (KHTML, like Gecko) Chrome/70.0.3538.67 Safari/537.36" "-"
82.165.88.0 - - [05/Jan/2024:04:34:37 +0100] "POST /wp-cron.php?doing_wp_cron=1704425677.4273350238800048828125 HTTP/1.1" 200 - dartmoorrunners.co.uk "http://dartmoorrunners.co.uk/wp-cron.php?doing_wp_cron=1704425677.4273350238800048828125" "WordPress/6.1.4; http://dartmoorrunners.co.uk" "-"
163.5.64.0 - - [05/Jan/2024:04:34:37 +0100] "GET /wp-content/plugins/backup-backup/readme.txt HTTP/1.1" 404 24761 dartmoorrunners.co.uk "-" "Mozilla/5.0 (Linux; Android 11; ONEPLUS A6013) AppleWebKit/537.36 (KHTML, like Gecko) Chrome/120.0.0.0 Mobile Safari/537.36" "-"
185.220.101.0 - - [05/Jan/2024:04:35:29 +0100] "GET / HTTP/1.1" 200 31573 dartmoorrunners.co.uk "http://dartmoorrunners.co.uk" "Mozilla/5.0 (Macintosh; Intel Mac OS X 10_14_6) AppleWebKit/605.1.15 (KHTML, like Gecko) Version/13.1.1 Safari/605.1.15" "-"
185.220.100.0 - - [05/Jan/2024:04:35:30 +0100] "GET /?author=1 HTTP/1.1" 301 - dartmoorrunners.co.uk "http://dartmoorrunners.co.uk/" "Mozilla/5.0 (iPhone; CPU iPhone OS 14_3 like Mac OS X) AppleWebKit/605.1.15 (KHTML, like Gecko) Version/14.0.2 Mobile/15E148 Safari/604.1" "-"
185.220.101.0 - - [05/Jan/2024:04:35:30 +0100] "GET /author/dradmin HTTP/1.1" 200 25899 dartmoorrunners.co.uk "http://dartmoorrunners.co.uk/" "Mozilla/5.0 (iPhone; CPU iPhone OS 14_3 like Mac OS X) AppleWebKit/605.1.15 (KHTML, like Gecko) Version/14.0.2 Mobile/15E148 Safari/604.1" "-"
185.220.100.0 - - [05/Jan/2024:04:35:32 +0100] "GET /?author=3 HTTP/1.1" 404 24761 dartmoorrunners.co.uk "http://dartmoorrunners.co.uk/" "Mozilla/5.0 (Linux; Android 7.1.2; AFTMM Build/NS6265; wv) AppleWebKit/537.36 (KHTML, like Gecko) Version/4.0 Chrome/70.0.3538.110 Mobile Safari/537.36" "-"
192.42.116.0 - - [05/Jan/2024:04:35:33 +0100] "GET /?author=5 HTTP/1.1" 404 24761 dartmoorrunners.co.uk "http://dartmoorrunners.co.uk/" "Mozilla/5.0 (Windows NT 6.3; Win64; x64) AppleWebKit/537.36 (KHTML, like Gecko) Chrome/74.0.3729.169 Safari/537.36" "-"
185.220.100.0 - - [05/Jan/2024:04:35:42 +0100] "GET /wp-json/wp/v2/users/2 HTTP/1.1" 401 108 dartmoorrunners.co.uk "http://dartmoorrunners.co.uk/" "Mozilla/5.0 (Windows NT 10.0; Win64; x64) AppleWebKit/537.36 (KHTML, like Gecko) Chrome/86.0.4240.183 Safari/537.36" "-"
185.100.87.0 - - [05/Jan/2024:04:35:45 +0100] "GET /wp-json/wp/v2/users/3 HTTP/1.1" 404 82 dartmoorrunners.co.uk "http://dartmoorrunners.co.uk/" "Mozilla/5.0 (Windows NT 10.0; Win64; x64) AppleWebKit/537.36 (KHTML, like Gecko) Chrome/89.0.4389.128 Safari/537.36" "-"
151.80.148.0 - - [05/Jan/2024:04:35:45 +0100] "GET /wp-json/wp/v2/users/4 HTTP/1.1" 404 82 dartmoorrunners.co.uk "http://dartmoorrunners.co.uk/" "Mozilla/5.0 (Windows NT 6.1; Win64; x64) AppleWebKit/537.36 (KHTML, like Gecko) Chrome/63.0.3239.132 Safari/537.36" "-"
185.246.188.0 - - [05/Jan/2024:04:35:46 +0100] "GET /wp-json/wp/v2/users/5 HTTP/1.1" 404 82 dartmoorrunners.co.uk "http://dartmoorrunners.co.uk/" "Mozilla/5.0 (Windows NT 10.0; Win64; x64; rv:65.0) Gecko/20100101 Firefox/65.0" "-"
5.134.119.0 - - [05/Jan/2024:06:16:41 +0100] "GET /dup-installer/main.installer.php HTTP/1.1" 404 24761 dartmoorrunners.co.uk "-" "-" "-"
82.165.88.0 - - [05/Jan/2024:06:16:42 +0100] "POST /wp-cron.php?doing_wp_cron=1704431802.1672890186309814453125 HTTP/1.1" 200 - dartmoorrunners.co.uk "http://dartmoorrunners.co.uk/wp-cron.php?doing_wp_cron=1704431802.1672890186309814453125" "WordPress/6.1.4; http://dartmoorrunners.co.uk" "-"
66.249.79.0 - - [05/Jan/2024:06:33:51 +0100] "GET /ads.txt HTTP/1.1" 200 160 dartmoorrunners.co.uk "-" "Mozilla/5.0 (compatible; Googlebot/2.1; +http://www.google.com/bot.html)" "-"
82.165.88.0 - - [05/Jan/2024:06:36:13 +0100] "POST /wp-cron.php?doing_wp_cron=1704432973.6388039588928222656250 HTTP/1.1" 200 - dartmoorrunners.co.uk "http://dartmoorrunners.co.uk/wp-cron.php?doing_wp_cron=1704432973.6388039588928222656250" "WordPress/6.1.4; http://dartmoorrunners.co.uk" "-"
157.55.39.0 - - [05/Jan/2024:06:36:13 +0100] "GET /wp-sitemap.xml HTTP/1.1" 200 562 dartmoorrunners.co.uk "-" "Mozilla/5.0 AppleWebKit/537.36 (KHTML, like Gecko; compatible; bingbot/2.0; +http://www.bing.com/bingbot.htm) Chrome/116.0.1938.76 Safari/537.36" "-"
172.202.7.0 - - [05/Jan/2024:06:43:22 +0100] "GET /robots.txt HTTP/1.1" 301 - www.dartmoorrunners.co.uk "-" "Mozilla/5.0 (Windows NT 10.0; Win64; x64) AppleWebKit/537.36 (KHTML, like Gecko) Chrome/92.0.4515.131 Safari/537.36" "-"
172.202.7.0 - - [05/Jan/2024:06:43:22 +0100] "GET /robots.txt HTTP/1.1" 200 121 dartmoorrunners.co.uk "-" "Mozilla/5.0 (Windows NT 10.0; Win64; x64) AppleWebKit/537.36 (KHTML, like Gecko) Chrome/92.0.4515.131 Safari/537.36" "-"
141.94.87.0 - - [05/Jan/2024:06:47:43 +0100] "GET /wp-admin/maint/atomlib.php HTTP/1.1" 404 24761 dartmoorrunners.co.uk "http://simplesite.com" "Mozilla/5.0 (Windows; U; Windows NT 5.1; en-US) AppleWebKit/533.4 (KHTML, like Gecko) Chrome/5.0.375.99 Safari/533.4" "-"
186.202.153.0 - - [05/Jan/2024:06:54:05 +0100] "GET /wp-content/plugins/ypubang/mar.php HTTP/1.1" 404 24761 dartmoorrunners.co.uk "http://simplesite.com" "Mozilla/5.0 (Windows; U; Windows NT 5.1; en-US) AppleWebKit/533.4 (KHTML, like Gecko) Chrome/5.0.375.99 Safari/533.4" "-"
195.191.219.0 - - [05/Jan/2024:07:01:43 +0100] "GET /robots.txt HTTP/1.1" 200 121 dartmoorrunners.co.uk "-" "Mozilla/5.0 (compatible; MJ12bot/v1.4.8; http://mj12bot.com/)" "-"
195.191.219.0 - - [05/Jan/2024:07:01:45 +0100] "GET / HTTP/1.1" 200 31573 dartmoorrunners.co.uk "-" "Mozilla/5.0 (compatible; MJ12bot/v1.4.8; http://mj12bot.com/)" "-"
107.189.8.0 - - [05/Jan/2024:07:04:15 +0100] "POST /xmlrpc.php HTTP/1.1" 200 403 dartmoorrunners.co.uk "-" "Mozilla/5.0 (Windows NT 10.0; Win64; x64) AppleWebKit/537.36 (KHTML, like Gecko) Chrome/70.0.3538.102 Safari/537.36 Edge/18.18363" "-"
107.189.8.0 - - [05/Jan/2024:07:04:16 +0100] "POST /xmlrpc.php HTTP/1.1" 200 403 dartmoorrunners.co.uk "-" "Mozilla/5.0 (Windows NT 10.0; Win64; x64) AppleWebKit/537.36 (KHTML, like Gecko) Chrome/70.0.3538.102 Safari/537.36 Edge/18.18363" "-"
107.189.8.0 - - [05/Jan/2024:07:04:17 +0100] "POST /xmlrpc.php HTTP/1.1" 403 618 dartmoorrunners.co.uk "-" "Mozilla/5.0 (Windows NT 10.0; Win64; x64) AppleWebKit/537.36 (KHTML, like Gecko) Chrome/70.0.3538.102 Safari/537.36 Edge/18.18363" "-"
107.189.8.0 - - [05/Jan/2024:07:04:18 +0100] "POST /xmlrpc.php HTTP/1.1" 403 618 dartmoorrunners.co.uk "-" "Mozilla/5.0 (Windows NT 10.0; Win64; x64) AppleWebKit/537.36 (KHTML, like Gecko) Chrome/70.0.3538.102 Safari/537.36 Edge/18.18363" "-"
107.189.8.0 - - [05/Jan/2024:07:04:19 +0100] "POST /xmlrpc.php HTTP/1.1" 403 618 dartmoorrunners.co.uk "-" "Mozilla/5.0 (Windows NT 10.0; Win64; x64) AppleWebKit/537.36 (KHTML, like Gecko) Chrome/70.0.3538.102 Safari/537.36 Edge/18.18363" "-"
165.22.104.0 - - [05/Jan/2024:07:26:25 +0100] "POST //wp-admin/admin-ajax.php?action=_ning_upload_image HTTP/1.1" 400 1 dartmoorrunners.co.uk "www.google.com" "Mozlila/5.0 (Linux; Android 7.0; SM-G892A Bulid/NRD90M; wv) AppleWebKit/537.36 (KHTML, like Gecko) Version/4.0 Chrome/60.0.3112.107 Moblie Safari/537.36" "-"
165.22.104.0 - - [05/Jan/2024:07:26:54 +0100] "GET //Taf.php HTTP/1.1" 301 - dartmoorrunners.co.uk "www.google.com" "Mozlila/5.0 (Linux; Android 7.0; SM-G892A Bulid/NRD90M; wv) AppleWebKit/537.36 (KHTML, like Gecko) Version/4.0 Chrome/60.0.3112.107 Moblie Safari/537.36" "-"
165.22.104.0 - - [05/Jan/2024:07:26:54 +0100] "GET /Taf.php HTTP/1.1" 404 24761 dartmoorrunners.co.uk "www.google.com" "Mozlila/5.0 (Linux; Android 7.0; SM-G892A Bulid/NRD90M; wv) AppleWebKit/537.36 (KHTML, like Gecko) Version/4.0 Chrome/60.0.3112.107 Moblie Safari/537.36" "-"
82.165.88.0 - - [05/Jan/2024:07:32:07 +0100] "POST /wp-cron.php?doing_wp_cron=1704436327.6135089397430419921875 HTTP/1.1" 200 - dartmoorrunners.co.uk "http://dartmoorrunners.co.uk/wp-cron.php?doing_wp_cron=1704436327.6135089397430419921875" "WordPress/6.1.4; http://dartmoorrunners.co.uk" "-"
54.36.148.0 - - [05/Jan/2024:07:32:07 +0100] "GET /robots.txt HTTP/1.1" 200 121 dartmoorrunners.co.uk "-" "Mozilla/5.0 (compatible; AhrefsBot/7.0; +http://ahrefs.com/robot/)" "-"
51.222.253.0 - - [05/Jan/2024:07:32:11 +0100] "GET /results/summer-series-2013-results HTTP/1.1" 200 25694 dartmoorrunners.co.uk "-" "Mozilla/5.0 (compatible; AhrefsBot/7.0; +http://ahrefs.com/robot/)" "-"
185.162.130.0 - - [05/Jan/2024:08:33:54 +0100] "GET /wp-content/plugins/td-composer/license.txt HTTP/1.1" 404 24761 dartmoorrunners.co.uk "-" "Mozilla/5.0 (Windows NT 10.0; Win64; x64) AppleWebKit/537.36 (KHTML, like Gecko) Chrome/70.0.3538.77 Safari/537.36" "-"
82.165.88.0 - - [05/Jan/2024:08:33:54 +0100] "POST /wp-cron.php?doing_wp_cron=1704440034.2949550151824951171875 HTTP/1.1" 200 - dartmoorrunners.co.uk "http://dartmoorrunners.co.uk/wp-cron.php?doing_wp_cron=1704440034.2949550151824951171875" "WordPress/6.1.4; http://dartmoorrunners.co.uk" "-"
66.249.76.0 - - [05/Jan/2024:08:44:38 +0100] "GET / HTTP/1.1" 200 31573 dartmoorrunners.co.uk "-" "Mozilla/5.0 (compatible; Googlebot/2.1; +http://www.google.com/bot.html)" "-"
66.249.79.0 - - [05/Jan/2024:08:44:51 +0100] "GET /wp-includes/css/dist/block-library/style.min.css?ver=6.1.4 HTTP/1.1" 200 16164 dartmoorrunners.co.uk "http://dartmoorrunners.co.uk/" "Mozilla/5.0 AppleWebKit/537.36 (KHTML, like Gecko; compatible; Googlebot/2.1; +http://www.google.com/bot.html) Chrome/120.0.6099.71 Safari/537.36" "-"
110.166.71.0 - - [05/Jan/2024:08:49:08 +0100] "GET / HTTP/1.1" 301 - www.dartmoorrunners.co.uk "-" "Mozilla/5.0 (iPhone; CPU iPhone OS 13_2_3 like Mac OS X) AppleWebKit/605.1.15 (KHTML, like Gecko) Version/13.0.3 Mobile/15E148 Safari/604.1" "-"
110.166.71.0 - - [05/Jan/2024:08:49:15 +0100] "GET / HTTP/1.1" 200 31573 dartmoorrunners.co.uk "http://www.dartmoorrunners.co.uk" "Mozilla/5.0 (iPhone; CPU iPhone OS 13_2_3 like Mac OS X) AppleWebKit/605.1.15 (KHTML, like Gecko) Version/13.0.3 Mobile/15E148 Safari/604.1" "-"
205.185.123.0 - - [05/Jan/2024:09:14:18 +0100] "POST /wp-login.php HTTP/1.1" 200 9047 dartmoorrunners.co.uk "http://dartmoorrunners.co.uk/" "Mozilla/5.0 (Windows NT 6.1; WOW64; Trident/7.0; rv:11.0) like Gecko" "-"
54.199.117.0 - - [05/Jan/2024:09:14:20 +0100] "POST /wp-login.php HTTP/1.1" 200 9057 dartmoorrunners.co.uk "http://dartmoorrunners.co.uk/" "Mozilla/5.0 (Windows NT 6.1; WOW64; Trident/7.0; rv:11.0) like Gecko" "-"
82.165.88.0 - - [05/Jan/2024:10:14:15 +0100] "POST /wp-cron.php?doing_wp_cron=1704446055.9529531002044677734375 HTTP/1.1" 200 - dartmoorrunners.co.uk "http://dartmoorrunners.co.uk/wp-cron.php?doing_wp_cron=1704446055.9529531002044677734375" "WordPress/6.1.4; http://dartmoorrunners.co.uk" "-"
202.64.124.0 - - [05/Jan/2024:10:14:15 +0100] "POST /wp-login.php HTTP/1.1" 200 9047 dartmoorrunners.co.uk "http://dartmoorrunners.co.uk/" "Mozilla/5.0 (Windows NT 6.1; WOW64; Trident/7.0; rv:11.0) like Gecko" "-"
205.185.123.0 - - [05/Jan/2024:10:14:16 +0100] "POST /wp-login.php HTTP/1.1" 200 9057 dartmoorrunners.co.uk "http://dartmoorrunners.co.uk/" "Mozilla/5.0 (Windows NT 6.1; WOW64; Trident/7.0; rv:11.0) like Gecko" "-"
194.146.12.0 - - [05/Jan/2024:10:19:00 +0100] "GET /wp-content/plugins/hellopress/wp_filemanager.php HTTP/1.1" 404 24761 dartmoorrunners.co.uk "-" "-" "-"
194.146.12.0 - - [05/Jan/2024:10:19:02 +0100] "GET /wp-admin/network/cloud.php HTTP/1.1" 404 24761 dartmoorrunners.co.uk "-" "-" "-"
194.146.12.0 - - [05/Jan/2024:10:19:04 +0100] "GET /cloud.php HTTP/1.1" 404 24761 dartmoorrunners.co.uk "-" "-" "-"
194.146.12.0 - - [05/Jan/2024:10:19:05 +0100] "GET /cgi-bin/cloud.php HTTP/1.1" 404 626 dartmoorrunners.co.uk "-" "-" "-"
194.146.12.0 - - [05/Jan/2024:10:19:06 +0100] "GET /css/cloud.php HTTP/1.1" 404 24761 dartmoorrunners.co.uk "-" "-" "-"
194.146.12.0 - - [05/Jan/2024:10:19:06 +0100] "GET /wp-admin/user/cloud.php HTTP/1.1" 404 24761 dartmoorrunners.co.uk "-" "-" "-"
194.146.12.0 - - [05/Jan/2024:10:19:07 +0100] "GET /img/cloud.php HTTP/1.1" 404 24761 dartmoorrunners.co.uk "-" "-" "-"
194.146.12.0 - - [05/Jan/2024:10:19:07 +0100] "GET /wp-admin/css/colors/coffee/cloud.php HTTP/1.1" 404 24761 dartmoorrunners.co.uk "-" "-" "-"
194.146.12.0 - - [05/Jan/2024:10:19:10 +0100] "GET /wp-admin/images/cloud.php HTTP/1.1" 404 24761 dartmoorrunners.co.uk "-" "-" "-"
194.146.12.0 - - [05/Jan/2024:10:19:11 +0100] "GET /images/cloud.php HTTP/1.1" 404 24761 dartmoorrunners.co.uk "-" "-" "-"
194.146.12.0 - - [05/Jan/2024:10:19:12 +0100] "GET /wp-admin/js/widgets/cloud.php HTTP/1.1" 404 24761 dartmoorrunners.co.uk "-" "-" "-"
194.146.12.0 - - [05/Jan/2024:10:19:13 +0100] "GET /wp-admin/css/colors/cloud.php HTTP/1.1" 404 24761 dartmoorrunners.co.uk "-" "-" "-"
194.146.12.0 - - [05/Jan/2024:10:19:14 +0100] "GET /wp-admin/includes/cloud.php HTTP/1.1" 404 24761 dartmoorrunners.co.uk "-" "-" "-"
194.146.12.0 - - [05/Jan/2024:10:19:14 +0100] "GET /wp-admin/css/colors/blue/cloud.php HTTP/1.1" 404 24761 dartmoorrunners.co.uk "-" "-" "-"
194.146.12.0 - - [05/Jan/2024:10:19:16 +0100] "GET /wp-admin/cloud.php HTTP/1.1" 404 24761 dartmoorrunners.co.uk "-" "-" "-"
194.146.12.0 - - [05/Jan/2024:10:19:17 +0100] "GET /alfa-rex.php HTTP/1.1" 404 24761 dartmoorrunners.co.uk "-" "-" "-"
194.146.12.0 - - [05/Jan/2024:10:19:17 +0100] "GET /repeater.php HTTP/1.1" 404 24761 dartmoorrunners.co.uk "-" "-" "-"
194.146.12.0 - - [05/Jan/2024:10:19:17 +0100] "GET /wp-admin/js/widgets/about.php7 HTTP/1.1" 404 24761 dartmoorrunners.co.uk "-" "-" "-"
194.146.12.0 - - [05/Jan/2024:10:19:18 +0100] "GET /alfa-rex.php7 HTTP/1.1" 404 24761 dartmoorrunners.co.uk "-" "-" "-"
194.146.12.0 - - [05/Jan/2024:10:19:19 +0100] "GET /wp-admin/js/about.php HTTP/1.1" 404 24761 dartmoorrunners.co.uk "-" "-" "-"
194.146.12.0 - - [05/Jan/2024:10:19:25 +0100] "GET /wp-includes/theme-compat/wp-conflg.php HTTP/1.1" 404 24761 dartmoorrunners.co.uk "-" "-" "-"
194.146.12.0 - - [05/Jan/2024:10:19:26 +0100] "GET /wp-content/themes/applica/400.php HTTP/1.1" 404 24761 dartmoorrunners.co.uk "-" "-" "-"
194.146.12.0 - - [05/Jan/2024:10:19:28 +0100] "GET /wp-admin/network/xmrlpc.php?p= HTTP/1.1" 301 - dartmoorrunners.co.uk "-" "-" "-"
194.146.12.0 - - [05/Jan/2024:10:19:28 +0100] "GET /wp-admin/network/xmrlpc.php HTTP/1.1" 404 24761 dartmoorrunners.co.uk "-" "-" "-"
194.146.12.0 - - [05/Jan/2024:10:19:30 +0100] "GET /xmrlpc.php?p= HTTP/1.1" 301 - dartmoorrunners.co.uk "-" "-" "-"
194.146.12.0 - - [05/Jan/2024:10:19:30 +0100] "GET /xmrlpc.php HTTP/1.1" 404 24761 dartmoorrunners.co.uk "-" "-" "-"
194.146.12.0 - - [05/Jan/2024:10:19:31 +0100] "GET /cgi-bin/xmrlpc.php?p= HTTP/1.1" 404 626 dartmoorrunners.co.uk "-" "-" "-"
194.146.12.0 - - [05/Jan/2024:10:19:33 +0100] "GET /css/xmrlpc.php?p= HTTP/1.1" 301 - dartmoorrunners.co.uk "-" "-" "-"
194.146.12.0 - - [05/Jan/2024:10:19:33 +0100] "GET /css/xmrlpc.php HTTP/1.1" 404 24761 dartmoorrunners.co.uk "-" "-" "-"
194.146.12.0 - - [05/Jan/2024:10:19:35 +0100] "GET /wp-admin/user/xmrlpc.php?p= HTTP/1.1" 301 - dartmoorrunners.co.uk "-" "-" "-"
194.146.12.0 - - [05/Jan/2024:10:19:35 +0100] "GET /wp-admin/user/xmrlpc.php HTTP/1.1" 404 24761 dartmoorrunners.co.uk "-" "-" "-"
194.146.12.0 - - [05/Jan/2024:10:19:39 +0100] "GET /img/xmrlpc.php?p= HTTP/1.1" 301 - dartmoorrunners.co.uk "-" "-" "-"
194.146.12.0 - - [05/Jan/2024:10:19:39 +0100] "GET /img/xmrlpc.php HTTP/1.1" 404 24761 dartmoorrunners.co.uk "-" "-" "-"
194.146.12.0 - - [05/Jan/2024:10:19:42 +0100] "GET /wp-admin/css/colors/coffee/xmrlpc.php?p= HTTP/1.1" 301 - dartmoorrunners.co.uk "-" "-" "-"
194.146.12.0 - - [05/Jan/2024:10:19:42 +0100] "GET /wp-admin/css/colors/coffee/xmrlpc.php HTTP/1.1" 404 24761 dartmoorrunners.co.uk "-" "-" "-"
194.146.12.0 - - [05/Jan/2024:10:19:43 +0100] "GET /wp-admin/images/xmrlpc.php?p= HTTP/1.1" 301 - dartmoorrunners.co.uk "-" "-" "-"
194.146.12.0 - - [05/Jan/2024:10:19:44 +0100] "GET /wp-admin/images/xmrlpc.php HTTP/1.1" 404 24761 dartmoorrunners.co.uk "-" "-" "-"
194.146.12.0 - - [05/Jan/2024:10:19:45 +0100] "GET /images/xmrlpc.php?p= HTTP/1.1" 301 - dartmoorrunners.co.uk "-" "-" "-"
194.146.12.0 - - [05/Jan/2024:10:19:45 +0100] "GET /images/xmrlpc.php HTTP/1.1" 404 24761 dartmoorrunners.co.uk "-" "-" "-"
194.146.12.0 - - [05/Jan/2024:10:19:46 +0100] "GET /wp-admin/js/widgets/xmrlpc.php?p= HTTP/1.1" 301 - dartmoorrunners.co.uk "-" "-" "-"
194.146.12.0 - - [05/Jan/2024:10:19:46 +0100] "GET /wp-admin/js/widgets/xmrlpc.php HTTP/1.1" 404 24761 dartmoorrunners.co.uk "-" "-" "-"
194.146.12.0 - - [05/Jan/2024:10:19:47 +0100] "GET /wp-admin/css/colors/xmrlpc.php?p= HTTP/1.1" 301 - dartmoorrunners.co.uk "-" "-" "-"
194.146.12.0 - - [05/Jan/2024:10:19:48 +0100] "GET /wp-admin/css/colors/xmrlpc.php HTTP/1.1" 404 24761 dartmoorrunners.co.uk "-" "-" "-"
194.146.12.0 - - [05/Jan/2024:10:19:49 +0100] "GET /wp-admin/includes/xmrlpc.php?p= HTTP/1.1" 301 - dartmoorrunners.co.uk "-" "-" "-"
194.146.12.0 - - [05/Jan/2024:10:19:49 +0100] "GET /wp-admin/includes/xmrlpc.php HTTP/1.1" 404 24761 dartmoorrunners.co.uk "-" "-" "-"
194.146.12.0 - - [05/Jan/2024:10:19:50 +0100] "GET /wp-admin/css/colors/blue/xmrlpc.php?p= HTTP/1.1" 301 - dartmoorrunners.co.uk "-" "-" "-"
194.146.12.0 - - [05/Jan/2024:10:19:51 +0100] "GET /wp-admin/css/colors/blue/xmrlpc.php HTTP/1.1" 404 24761 dartmoorrunners.co.uk "-" "-" "-"
194.146.12.0 - - [05/Jan/2024:10:19:54 +0100] "GET /wp-admin/xmrlpc.php?p= HTTP/1.1" 301 - dartmoorrunners.co.uk "-" "-" "-"
194.146.12.0 - - [05/Jan/2024:10:19:54 +0100] "GET /wp-admin/xmrlpc.php HTTP/1.1" 404 24761 dartmoorrunners.co.uk "-" "-" "-"
194.146.12.0 - - [05/Jan/2024:10:19:55 +0100] "GET /wp-content/themes/pridmag/db.php?u HTTP/1.1" 404 24761 dartmoorrunners.co.uk "-" "-" "-"
194.146.12.0 - - [05/Jan/2024:10:19:56 +0100] "GET /wp-content/themes/seotheme/mar.php HTTP/1.1" 404 24761 dartmoorrunners.co.uk "-" "-" "-"
194.146.12.0 - - [05/Jan/2024:10:20:03 +0100] "GET /wp-content/plugins/linkpreview/db.php?u HTTP/1.1" 404 24761 dartmoorrunners.co.uk "-" "-" "-"
194.146.12.0 - - [05/Jan/2024:10:20:05 +0100] "GET /wp-content/themes/seotheme/db.php?u HTTP/1.1" 404 24761 dartmoorrunners.co.uk "-" "-" "-"
194.146.12.0 - - [05/Jan/2024:10:20:05 +0100] "GET /wp-content/plugins/seoplugins/db.php?u HTTP/1.1" 404 24761 dartmoorrunners.co.uk "-" "-" "-"
194.146.12.0 - - [05/Jan/2024:10:20:07 +0100] "GET /wp-content/plugins/seoplugins/mar.php HTTP/1.1" 404 24761 dartmoorrunners.co.uk "-" "-" "-"
194.146.12.0 - - [05/Jan/2024:10:20:08 +0100] "GET /wp/wp-content/themes/pridmag/db.php?u HTTP/1.1" 404 24761 dartmoorrunners.co.uk "-" "-" "-"
194.146.12.0 - - [05/Jan/2024:10:20:10 +0100] "GET /wp/wp-content/themes/seotheme/mar.php HTTP/1.1" 404 24761 dartmoorrunners.co.uk "-" "-" "-"
194.146.12.0 - - [05/Jan/2024:10:20:10 +0100] "GET /wp/wp-content/plugins/linkpreview/db.php?u HTTP/1.1" 404 24761 dartmoorrunners.co.uk "-" "-" "-"
194.146.12.0 - - [05/Jan/2024:10:20:11 +0100] "GET /wp/wp-content/themes/seotheme/db.php?u HTTP/1.1" 404 24761 dartmoorrunners.co.uk "-" "-" "-"
194.146.12.0 - - [05/Jan/2024:10:20:11 +0100] "GET /wp/wp-content/plugins/seoplugins/db.php?u HTTP/1.1" 404 24761 dartmoorrunners.co.uk "-" "-" "-"
194.146.12.0 - - [05/Jan/2024:10:20:12 +0100] "GET /wp/wp-content/plugins/seoplugins/mar.php HTTP/1.1" 404 24761 dartmoorrunners.co.uk "-" "-" "-"
194.146.12.0 - - [05/Jan/2024:10:20:12 +0100] "GET /blog/wp-content/themes/pridmag/db.php?u HTTP/1.1" 404 24761 dartmoorrunners.co.uk "-" "-" "-"
194.146.12.0 - - [05/Jan/2024:10:20:15 +0100] "GET /blog/wp-content/themes/seotheme/mar.php HTTP/1.1" 404 24761 dartmoorrunners.co.uk "-" "-" "-"
194.146.12.0 - - [05/Jan/2024:10:20:16 +0100] "GET /blog/wp-content/plugins/linkpreview/db.php?u HTTP/1.1" 404 24761 dartmoorrunners.co.uk "-" "-" "-"
194.146.12.0 - - [05/Jan/2024:10:20:17 +0100] "GET /blog/wp-content/themes/seotheme/db.php?u HTTP/1.1" 404 24761 dartmoorrunners.co.uk "-" "-" "-"
194.146.12.0 - - [05/Jan/2024:10:20:19 +0100] "GET /blog/wp-content/plugins/seoplugins/db.php?u HTTP/1.1" 404 24761 dartmoorrunners.co.uk "-" "-" "-"
194.146.12.0 - - [05/Jan/2024:10:20:20 +0100] "GET /blog/wp-content/plugins/seoplugins/mar.php HTTP/1.1" 404 24761 dartmoorrunners.co.uk "-" "-" "-"
194.146.12.0 - - [05/Jan/2024:10:20:20 +0100] "GET /wordpress/wp-content/themes/pridmag/db.php?u HTTP/1.1" 404 24761 dartmoorrunners.co.uk "-" "-" "-"
194.146.12.0 - - [05/Jan/2024:10:20:21 +0100] "GET /wordpress/wp-content/themes/seotheme/mar.php HTTP/1.1" 404 24761 dartmoorrunners.co.uk "-" "-" "-"
194.146.12.0 - - [05/Jan/2024:10:20:22 +0100] "GET /wordpress/wp-content/plugins/linkpreview/db.php?u HTTP/1.1" 404 24761 dartmoorrunners.co.uk "-" "-" "-"
194.146.12.0 - - [05/Jan/2024:10:20:23 +0100] "GET /wordpress/wp-content/themes/seotheme/db.php?u HTTP/1.1" 404 24761 dartmoorrunners.co.uk "-" "-" "-"
194.146.12.0 - - [05/Jan/2024:10:20:24 +0100] "GET /wordpress/wp-content/plugins/seoplugins/db.php?u HTTP/1.1" 404 24761 dartmoorrunners.co.uk "-" "-" "-"
194.146.12.0 - - [05/Jan/2024:10:20:24 +0100] "GET /wordpress/wp-content/plugins/seoplugins/mar.php HTTP/1.1" 404 24761 dartmoorrunners.co.uk "-" "-" "-"
194.146.12.0 - - [05/Jan/2024:10:20:25 +0100] "GET /old/wp-content/themes/pridmag/db.php?u HTTP/1.1" 404 24761 dartmoorrunners.co.uk "-" "-" "-"
194.146.12.0 - - [05/Jan/2024:10:20:30 +0100] "GET /old/wp-content/themes/seotheme/mar.php HTTP/1.1" 404 24761 dartmoorrunners.co.uk "-" "-" "-"
194.146.12.0 - - [05/Jan/2024:10:20:32 +0100] "GET /old/wp-content/plugins/linkpreview/db.php?u HTTP/1.1" 404 24761 dartmoorrunners.co.uk "-" "-" "-"
194.146.12.0 - - [05/Jan/2024:10:20:32 +0100] "GET /old/wp-content/themes/seotheme/db.php?u HTTP/1.1" 404 24761 dartmoorrunners.co.uk "-" "-" "-"
194.146.12.0 - - [05/Jan/2024:10:20:32 +0100] "GET /old/wp-content/plugins/seoplugins/db.php?u HTTP/1.1" 404 24761 dartmoorrunners.co.uk "-" "-" "-"
194.146.12.0 - - [05/Jan/2024:10:20:33 +0100] "GET /old/wp-content/plugins/seoplugins/mar.php HTTP/1.1" 404 24761 dartmoorrunners.co.uk "-" "-" "-"
194.146.12.0 - - [05/Jan/2024:10:20:34 +0100] "GET /wp-content/themes/ccx/index.php HTTP/1.1" 301 - dartmoorrunners.co.uk "-" "-" "-"
194.146.12.0 - - [05/Jan/2024:10:20:34 +0100] "GET /wp-content/themes/ccx/ HTTP/1.1" 404 24761 dartmoorrunners.co.uk "-" "-" "-"
194.146.12.0 - - [05/Jan/2024:10:20:35 +0100] "GET /wp-content/updates.php HTTP/1.1" 404 24761 dartmoorrunners.co.uk "-" "-" "-"
194.146.12.0 - - [05/Jan/2024:10:20:36 +0100] "GET /wp-includes/js/tinymce/skins/lightgray/img/index.php?p= HTTP/1.1" 301 - dartmoorrunners.co.uk "-" "-" "-"
194.146.12.0 - - [05/Jan/2024:10:20:36 +0100] "GET /wp-includes/js/tinymce/skins/lightgray/img/ HTTP/1.1" 403 618 dartmoorrunners.co.uk "-" "-" "-"
194.146.12.0 - - [05/Jan/2024:10:20:37 +0100] "GET /wp-content/plugins/ccx/index.php HTTP/1.1" 301 - dartmoorrunners.co.uk "-" "-" "-"
194.146.12.0 - - [05/Jan/2024:10:20:37 +0100] "GET /wp-content/plugins/ccx/ HTTP/1.1" 404 24761 dartmoorrunners.co.uk "-" "-" "-"
194.146.12.0 - - [05/Jan/2024:10:20:38 +0100] "GET /wp-content/plugins/raizo/raizoworm.php HTTP/1.1" 404 24761 dartmoorrunners.co.uk "-" "-" "-"
194.146.12.0 - - [05/Jan/2024:10:20:41 +0100] "GET /wp-content/gecko-new.php HTTP/1.1" 404 24761 dartmoorrunners.co.uk "-" "-" "-"
194.146.12.0 - - [05/Jan/2024:10:20:42 +0100] "GET /wp-admin/raizoworm.php HTTP/1.1" 404 24761 dartmoorrunners.co.uk "-" "-" "-"
194.146.12.0 - - [05/Jan/2024:10:20:42 +0100] "GET /wp-content/plugins/background-image-cropper/ups.php HTTP/1.1" 404 24761 dartmoorrunners.co.uk "-" "-" "-"
194.146.12.0 - - [05/Jan/2024:10:20:43 +0100] "GET /updates.php HTTP/1.1" 404 24761 dartmoorrunners.co.uk "-" "-" "-"
194.146.12.0 - - [05/Jan/2024:10:20:43 +0100] "GET /libraries/legacy/updates.php HTTP/1.1" 404 24761 dartmoorrunners.co.uk "-" "-" "-"
194.146.12.0 - - [05/Jan/2024:10:20:44 +0100] "GET /libraries/phpmailer/updates.php HTTP/1.1" 404 24761 dartmoorrunners.co.uk "-" "-" "-"
194.146.12.0 - - [05/Jan/2024:10:20:45 +0100] "GET /libraries/vendor/updates.php HTTP/1.1" 404 24761 dartmoorrunners.co.uk "-" "-" "-"
192.185.4.0 - - [05/Jan/2024:10:34:06 +0100] "GET /wp-includes/js/500.php HTTP/1.1" 404 24761 dartmoorrunners.co.uk "http://simplesite.com" "Mozilla/5.0 (Windows; U; Windows NT 5.1; en-US) AppleWebKit/533.4 (KHTML, like Gecko) Chrome/5.0.375.99 Safari/533.4" "-"
82.165.88.0 - - [05/Jan/2024:10:34:07 +0100] "POST /wp-cron.php?doing_wp_cron=1704447247.0702919960021972656250 HTTP/1.1" 200 - dartmoorrunners.co.uk "http://dartmoorrunners.co.uk/wp-cron.php?doing_wp_cron=1704447247.0702919960021972656250" "WordPress/6.1.4; http://dartmoorrunners.co.uk" "-"
154.13.98.0 - - [05/Jan/2024:10:43:14 +0100] "GET / HTTP/1.1" 200 31573 dartmoorrunners.co.uk "http://dartmoorrunners.co.uk/" "Mozilla/5.0 (Macintosh; Intel Mac OS X 10_15_7) AppleWebKit/605.1.15 (KHTML, like Gecko) Version/15.6.1 Safari/605.1.15" "-"
154.13.98.0 - - [05/Jan/2024:10:43:15 +0100] "GET /?s=best+toaster+for+sale HTTP/1.1" 200 24976 dartmoorrunners.co.uk "http://dartmoorrunners.co.uk/" "Mozilla/5.0 (Macintosh; Intel Mac OS X 10_15_7) AppleWebKit/605.1.15 (KHTML, like Gecko) Version/15.6.1 Safari/605.1.15" "-"
2607:5300:: - - [05/Jan/2024:10:48:14 +0100] "GET / HTTP/1.1" 200 31573 dartmoorrunners.co.uk "-" "Mozilla/5.0 (Windows NT 10.0; Win64; x64) AppleWebKit/537.36 (KHTML, like Gecko) Chrome/118.0.0.0 Safari/537.36" "-"
82.165.88.0 - - [05/Jan/2024:11:44:20 +0100] "POST /wp-cron.php?doing_wp_cron=1704451460.3159298896789550781250 HTTP/1.1" 200 - dartmoorrunners.co.uk "http://dartmoorrunners.co.uk/wp-cron.php?doing_wp_cron=1704451460.3159298896789550781250" "WordPress/6.1.4; http://dartmoorrunners.co.uk" "-"
18.179.174.0 - - [05/Jan/2024:11:44:20 +0100] "POST /wp-login.php HTTP/1.1" 200 9047 dartmoorrunners.co.uk "http://dartmoorrunners.co.uk/" "Mozilla/5.0 (Windows NT 6.1; WOW64; Trident/7.0; rv:11.0) like Gecko" "-"
18.179.174.0 - - [05/Jan/2024:11:44:32 +0100] "POST /wp-login.php HTTP/1.1" 200 9057 dartmoorrunners.co.uk "http://dartmoorrunners.co.uk/" "Mozilla/5.0 (Windows NT 6.1; WOW64; Trident/7.0; rv:11.0) like Gecko" "-"
212.102.57.0 - - [05/Jan/2024:11:47:23 +0100] "GET / HTTP/1.1" 200 31573 dartmoorrunners.co.uk "-" "Mozilla/5.0 (Windows NT 10.0; Win64; x64) AppleWebKit/537.36 (KHTML, like Gecko) Chrome/88.0.4240.193 Safari/537.36" "-"
212.102.57.0 - - [05/Jan/2024:11:47:24 +0100] "GET /?author=1 HTTP/1.1" 301 - dartmoorrunners.co.uk "-" "Mozilla/5.0 (Windows NT 10.0; Win64; x64) AppleWebKit/537.36 (KHTML, like Gecko) Chrome/88.0.4240.193 Safari/537.36" "-"
212.102.57.0 - - [05/Jan/2024:11:47:24 +0100] "GET /?author=2 HTTP/1.1" 200 24955 dartmoorrunners.co.uk "-" "Mozilla/5.0 (Windows NT 10.0; Win64; x64) AppleWebKit/537.36 (KHTML, like Gecko) Chrome/88.0.4240.193 Safari/537.36" "-"
212.102.57.0 - - [05/Jan/2024:11:47:24 +0100] "GET /?author=3 HTTP/1.1" 404 24761 dartmoorrunners.co.uk "-" "Mozilla/5.0 (Windows NT 10.0; Win64; x64) AppleWebKit/537.36 (KHTML, like Gecko) Chrome/88.0.4240.193 Safari/537.36" "-"
212.102.57.0 - - [05/Jan/2024:11:47:25 +0100] "GET /wp-json/wp/v2/users/ HTTP/1.1" 200 584 dartmoorrunners.co.uk "-" "Mozilla/5.0 (Windows NT 10.0; Win64; x64) AppleWebKit/537.36 (KHTML, like Gecko) Chrome/88.0.4240.193 Safari/537.36" "-"
212.102.57.0 - - [05/Jan/2024:11:47:25 +0100] "GET /wp-json/oembed/1.0/embed?url=http://dartmoorrunners.co.uk HTTP/1.1" 200 2425 dartmoorrunners.co.uk "-" "Mozilla/5.0 (Windows NT 10.0; Win64; x64) AppleWebKit/537.36 (KHTML, like Gecko) Chrome/88.0.4240.193 Safari/537.36" "-"
212.102.57.0 - - [05/Jan/2024:11:47:25 +0100] "POST /xmlrpc.php HTTP/1.1" 200 401 dartmoorrunners.co.uk "-" "Mozilla/5.0 (Windows NT 10.0; Win64; x64) AppleWebKit/537.36 (KHTML, like Gecko) Chrome/88.0.4240.193 Safari/537.36" "-"
212.102.57.0 - - [05/Jan/2024:11:47:26 +0100] "POST /xmlrpc.php HTTP/1.1" 200 401 dartmoorrunners.co.uk "-" "Mozilla/5.0 (Windows NT 10.0; Win64; x64) AppleWebKit/537.36 (KHTML, like Gecko) Chrome/88.0.4240.193 Safari/537.36" "-"
212.102.57.0 - - [05/Jan/2024:11:47:27 +0100] "POST /xmlrpc.php HTTP/1.1" 403 618 dartmoorrunners.co.uk "-" "Mozilla/5.0 (Windows NT 10.0; Win64; x64) AppleWebKit/537.36 (KHTML, like Gecko) Chrome/88.0.4240.193 Safari/537.36" "-"
51.222.253.0 - - [05/Jan/2024:11:54:35 +0100] "GET /results/summer-series-2018-results HTTP/1.1" 200 25795 dartmoorrunners.co.uk "-" "Mozilla/5.0 (compatible; AhrefsBot/7.0; +http://ahrefs.com/robot/)" "-"
17.241.75.0 - - [05/Jan/2024:12:07:40 +0100] "GET /results/winter-series-2016-results HTTP/1.1" 200 25693 dartmoorrunners.co.uk "-" "Mozilla/5.0 (Macintosh; Intel Mac OS X 10_15_5) AppleWebKit/605.1.15 (KHTML, like Gecko) Version/13.1.1 Safari/605.1.15 (Applebot/0.1; +http://www.apple.com/go/applebot)" "-"
66.249.79.0 - - [05/Jan/2024:12:46:18 +0100] "GET / HTTP/1.1" 200 31573 dartmoorrunners.co.uk "-" "Mozilla/5.0 (Linux; Android 6.0.1; Nexus 5X Build/MMB29P) AppleWebKit/537.36 (KHTML, like Gecko) Chrome/120.0.6099.129 Mobile Safari/537.36 (compatible; Googlebot/2.1; +http://www.google.com/bot.html)" "-"
82.165.88.0 - - [05/Jan/2024:12:46:19 +0100] "POST /wp-cron.php?doing_wp_cron=1704455179.1702499389648437500000 HTTP/1.1" 200 - dartmoorrunners.co.uk "http://dartmoorrunners.co.uk/wp-cron.php?doing_wp_cron=1704455179.1702499389648437500000" "WordPress/6.1.4; http://dartmoorrunners.co.uk" "-"
66.249.79.0 - - [05/Jan/2024:12:46:31 +0100] "GET /wp-includes/js/wp-emoji-release.min.js?ver=6.1.4 HTTP/1.1" 200 18617 dartmoorrunners.co.uk "http://dartmoorrunners.co.uk/" "Mozilla/5.0 (Linux; Android 6.0.1; Nexus 5X Build/MMB29P) AppleWebKit/537.36 (KHTML, like Gecko) Chrome/120.0.6099.71 Mobile Safari/537.36 (compatible; Googlebot/2.1; +http://www.google.com/bot.html)" "-"
157.55.39.0 - - [05/Jan/2024:13:12:52 +0100] "GET / HTTP/1.1" 200 31573 dartmoorrunners.co.uk "-" "Mozilla/5.0 AppleWebKit/537.36 (KHTML, like Gecko; compatible; bingbot/2.0; +http://www.bing.com/bingbot.htm) Chrome/116.0.1938.76 Safari/537.36" "-"
82.165.88.0 - - [05/Jan/2024:13:36:20 +0100] "POST /wp-cron.php?doing_wp_cron=1704458180.5687599182128906250000 HTTP/1.1" 200 - dartmoorrunners.co.uk "http://dartmoorrunners.co.uk/wp-cron.php?doing_wp_cron=1704458180.5687599182128906250000" "WordPress/6.1.4; http://dartmoorrunners.co.uk" "-"
35.86.134.0 - - [05/Jan/2024:13:36:20 +0100] "GET / HTTP/1.1" 200 31573 dartmoorrunners.co.uk "-" "Mozilla/5.0 (X11; Linux x86_64) AppleWebKit/537.36 (KHTML, like Gecko) Chrome/83.0.4103.97 Safari/537.36" "-"
34.212.172.0 - - [05/Jan/2024:13:37:15 +0100] "GET / HTTP/1.1" 200 31573 dartmoorrunners.co.uk "-" "Mozilla/5.0 (X11; Linux x86_64) AppleWebKit/537.36 (KHTML, like Gecko) Chrome/83.0.4103.97 Safari/537.36" "-"
65.108.0.0 - - [05/Jan/2024:13:55:28 +0100] "GET /robots.txt HTTP/1.1" 200 121 dartmoorrunners.co.uk "-" "Mozilla/5.0 (compatible; SEOkicks; +https://www.seokicks.de/robot.html)" "-"
65.108.0.0 - - [05/Jan/2024:13:55:29 +0100] "GET / HTTP/1.1" 200 31573 dartmoorrunners.co.uk "-" "Mozilla/5.0 (compatible; SEOkicks; +https://www.seokicks.de/robot.html)" "-"
65.108.0.0 - - [05/Jan/2024:13:55:30 +0100] "GET /feed HTTP/1.1" 200 1728 dartmoorrunners.co.uk "http://dartmoorrunners.co.uk/" "Mozilla/5.0 (compatible; SEOkicks; +https://www.seokicks.de/robot.html)" "-"
65.108.0.0 - - [05/Jan/2024:13:55:32 +0100] "GET /comments/feed HTTP/1.1" 200 827 dartmoorrunners.co.uk "http://dartmoorrunners.co.uk/" "Mozilla/5.0 (compatible; SEOkicks; +https://www.seokicks.de/robot.html)" "-"
65.108.0.0 - - [05/Jan/2024:13:55:33 +0100] "GET /sample-page/feed HTTP/1.1" 200 819 dartmoorrunners.co.uk "http://dartmoorrunners.co.uk/" "Mozilla/5.0 (compatible; SEOkicks; +https://www.seokicks.de/robot.html)" "-"
65.108.0.0 - - [05/Jan/2024:13:55:35 +0100] "GET /winter-series-2023 HTTP/1.1" 200 27619 dartmoorrunners.co.uk "http://dartmoorrunners.co.uk/" "Mozilla/5.0 (compatible; SEOkicks; +https://www.seokicks.de/robot.html)" "-"
65.108.0.0 - - [05/Jan/2024:13:55:37 +0100] "GET /results HTTP/1.1" 200 25106 dartmoorrunners.co.uk "http://dartmoorrunners.co.uk/" "Mozilla/5.0 (compatible; SEOkicks; +https://www.seokicks.de/robot.html)" "-"
65.108.0.0 - - [05/Jan/2024:13:55:38 +0100] "GET /summer-series-2023 HTTP/1.1" 200 27248 dartmoorrunners.co.uk "http://dartmoorrunners.co.uk/" "Mozilla/5.0 (compatible; SEOkicks; +https://www.seokicks.de/robot.html)" "-"
65.108.0.0 - - [05/Jan/2024:13:55:40 +0100] "GET /current-series-dates HTTP/1.1" 200 27885 dartmoorrunners.co.uk "http://dartmoorrunners.co.uk/" "Mozilla/5.0 (compatible; SEOkicks; +https://www.seokicks.de/robot.html)" "-"
65.108.0.0 - - [05/Jan/2024:13:55:42 +0100] "GET /winter-series-2022-results HTTP/1.1" 200 25784 dartmoorrunners.co.uk "http://dartmoorrunners.co.uk/" "Mozilla/5.0 (compatible; SEOkicks; +https://www.seokicks.de/robot.html)" "-"
82.165.88.0 - - [05/Jan/2024:14:29:48 +0100] "POST /wp-cron.php?doing_wp_cron=1704461388.4121060371398925781250 HTTP/1.1" 200 - dartmoorrunners.co.uk "http://dartmoorrunners.co.uk/wp-cron.php?doing_wp_cron=1704461388.4121060371398925781250" "WordPress/6.1.4; http://dartmoorrunners.co.uk" "-"
66.249.76.0 - - [05/Jan/2024:14:29:48 +0100] "GET / HTTP/1.1" 200 31573 dartmoorrunners.co.uk "-" "Mozilla/5.0 (compatible; Googlebot/2.1; +http://www.google.com/bot.html)" "-"
66.249.76.0 - - [05/Jan/2024:14:29:52 +0100] "GET /wp-includes/js/wp-emoji-release.min.js?ver=6.1.4 HTTP/1.1" 200 18617 dartmoorrunners.co.uk "http://dartmoorrunners.co.uk/" "Mozilla/5.0 AppleWebKit/537.36 (KHTML, like Gecko; compatible; Googlebot/2.1; +http://www.google.com/bot.html) Chrome/120.0.6099.71 Safari/537.36" "-"
66.249.69.0 - - [05/Jan/2024:14:29:53 +0100] "GET /wp-content/themes/omega/style.css?ver=6.1.4 HTTP/1.1" 200 6552 dartmoorrunners.co.uk "http://dartmoorrunners.co.uk/" "Mozilla/5.0 AppleWebKit/537.36 (KHTML, like Gecko; compatible; Googlebot/2.1; +http://www.google.com/bot.html) Chrome/120.0.6099.71 Safari/537.36" "-"
109.248.205.0 - - [05/Jan/2024:14:39:14 +0100] "GET / HTTP/1.1" 200 31573 dartmoorrunners.co.uk "-" "Mozilla/4.0 (compatible; MSIE 6.0; Windows NT 5.1; SV1)" "-"
172.234.41.0 - - [05/Jan/2024:15:01:13 +0100] "POST /wp-content/plugins/backup-backup/includes/backup-heart.php HTTP/1.1" 503 299 dartmoorrunners.co.uk "-" "Mozilla/5.0 (Windows NT 10.0; Win64; x64) AppleWebKit/537.36 (KHTML, like Gecko) Chrome/90.0.4430.85 Safari/537.36" "-"
172.234.41.0 - - [05/Jan/2024:15:01:13 +0100] "POST /wp-content/plugins/backup-backup/includes/backup-heart.php HTTP/1.1" 503 299 dartmoorrunners.co.uk "-" "Mozilla/5.0 (Windows NT 10.0; Win64; x64) AppleWebKit/537.36 (KHTML, like Gecko) Chrome/90.0.4430.85 Safari/537.36" "-"
54.151.152.0 - - [05/Jan/2024:15:24:21 +0100] "POST /wp-login.php HTTP/1.1" 200 9047 dartmoorrunners.co.uk "http://dartmoorrunners.co.uk/" "Mozilla/5.0 (Windows NT 6.1; WOW64; Trident/7.0; rv:11.0) like Gecko" "-"
38.150.13.0 - - [05/Jan/2024:15:24:22 +0100] "POST /wp-login.php HTTP/1.1" 200 9057 dartmoorrunners.co.uk "http://dartmoorrunners.co.uk/" "Mozilla/5.0 (Windows NT 6.1; WOW64; Trident/7.0; rv:11.0) like Gecko" "-"
202.64.124.0 - - [05/Jan/2024:15:24:25 +0100] "POST /wp-login.php HTTP/1.1" 200 9047 dartmoorrunners.co.uk "http://dartmoorrunners.co.uk/" "Mozilla/5.0 (Windows NT 6.1; WOW64; Trident/7.0; rv:11.0) like Gecko" "-"
184.154.76.0 - - [05/Jan/2024:15:49:47 +0100] "GET / HTTP/1.1" 301 - www.dartmoorrunners.co.uk "http://www.google.com/url?url=www.dartmoorrunners.co.uk&yahoo.com" "Mozilla/5.0 (compatible; MSIE 9.0; Windows NT 6.1; WOW64; Trident/6.0)" "-"
82.165.88.0 - - [05/Jan/2024:15:49:47 +0100] "POST /wp-cron.php?doing_wp_cron=1704466187.4185979366302490234375 HTTP/1.1" 200 - dartmoorrunners.co.uk "http://dartmoorrunners.co.uk/wp-cron.php?doing_wp_cron=1704466187.4185979366302490234375" "WordPress/6.1.4; http://dartmoorrunners.co.uk" "-"
184.154.76.0 - - [05/Jan/2024:15:49:49 +0100] "GET / HTTP/1.1" 200 31573 dartmoorrunners.co.uk "http://www.google.com/url?url=dartmoorrunners.co.uk&yahoo.com" "Mozilla/5.0 (compatible; MSIE 9.0; Windows NT 6.1; WOW64; Trident/6.0)" "-"
184.154.76.0 - - [05/Jan/2024:15:49:53 +0100] "GET /th1s_1s_a_4o4.html HTTP/1.1" 404 24761 dartmoorrunners.co.uk "-" "SiteLockSpider [en] (WinNT; I ;Nav)" "-"
184.154.76.0 - - [05/Jan/2024:15:49:54 +0100] "GET /results/winter-series-2014-results HTTP/1.1" 200 25683 dartmoorrunners.co.uk "http://www.google.com/url?url=dartmoorrunners.co.uk&yahoo.com" "Mozilla/5.0 (compatible; MSIE 9.0; Windows NT 6.1; WOW64; Trident/6.0)" "-"
184.154.76.0 - - [05/Jan/2024:15:49:55 +0100] "GET /results/summer-series-2017-results HTTP/1.1" 200 25704 dartmoorrunners.co.uk "-" "SiteLockSpider [en] (WinNT; I ;Nav)" "-"
184.154.76.0 - - [05/Jan/2024:15:49:57 +0100] "GET /results/winter-series-2013-results HTTP/1.1" 200 25732 dartmoorrunners.co.uk "-" "SiteLockSpider [en] (WinNT; I ;Nav)" "-"
184.154.76.0 - - [05/Jan/2024:15:49:59 +0100] "GET /winter-series-results-2017 HTTP/1.1" 200 25717 dartmoorrunners.co.uk "-" "SiteLockSpider [en] (WinNT; I ;Nav)" "-"
184.154.76.0 - - [05/Jan/2024:15:50:00 +0100] "GET /results/summer-series-2015-results HTTP/1.1" 200 25683 dartmoorrunners.co.uk "-" "SiteLockSpider [en] (WinNT; I ;Nav)" "-"
184.154.76.0 - - [05/Jan/2024:15:50:04 +0100] "GET /current-series-dates HTTP/1.1" 200 27885 dartmoorrunners.co.uk "-" "SiteLockSpider [en] (WinNT; I ;Nav)" "-"
184.154.76.0 - - [05/Jan/2024:15:50:07 +0100] "GET /results/summer-series-2014-results HTTP/1.1" 200 25683 dartmoorrunners.co.uk "-" "SiteLockSpider [en] (WinNT; I ;Nav)" "-"
62.233.120.0 - - [05/Jan/2024:15:51:46 +0100] "GET /wp-content/vz.php HTTP/1.1" 404 24761 dartmoorrunners.co.uk "http://simplesite.com" "Mozilla/5.0 (Windows; U; Windows NT 5.1; en-US) AppleWebKit/533.4 (KHTML, like Gecko) Chrome/5.0.375.99 Safari/533.4" "-"
186.202.153.0 - - [05/Jan/2024:16:05:43 +0100] "GET /wp-shop.php HTTP/1.1" 404 24761 dartmoorrunners.co.uk "http://simplesite.com" "Mozilla/5.0 (Windows; U; Windows NT 5.1; en-US) AppleWebKit/533.4 (KHTML, like Gecko) Chrome/5.0.375.99 Safari/533.4" "-"
192.42.116.0 - - [05/Jan/2024:16:21:46 +0100] "POST /xmlrpc.php HTTP/1.1" 200 403 dartmoorrunners.co.uk "-" "Mozilla/5.0 (Macintosh; Intel Mac OS X 10_9_3) AppleWebKit/537.75.14 (KHTML, like Gecko) Version/7.0.3 Safari/E7FBAF" "-"
192.42.116.0 - - [05/Jan/2024:16:21:47 +0100] "POST /xmlrpc.php HTTP/1.1" 200 403 dartmoorrunners.co.uk "-" "Mozilla/5.0 (Macintosh; Intel Mac OS X 10_9_3) AppleWebKit/537.75.14 (KHTML, like Gecko) Version/7.0.3 Safari/E7FBAF" "-"
192.42.116.0 - - [05/Jan/2024:16:21:48 +0100] "POST /xmlrpc.php HTTP/1.1" 403 618 dartmoorrunners.co.uk "-" "Mozilla/5.0 (Macintosh; Intel Mac OS X 10_9_3) AppleWebKit/537.75.14 (KHTML, like Gecko) Version/7.0.3 Safari/E7FBAF" "-"
192.42.116.0 - - [05/Jan/2024:16:21:49 +0100] "POST /xmlrpc.php HTTP/1.1" 403 618 dartmoorrunners.co.uk "-" "Mozilla/5.0 (Macintosh; Intel Mac OS X 10_9_3) AppleWebKit/537.75.14 (KHTML, like Gecko) Version/7.0.3 Safari/E7FBAF" "-"
192.42.116.0 - - [05/Jan/2024:16:21:50 +0100] "POST /xmlrpc.php HTTP/1.1" 403 618 dartmoorrunners.co.uk "-" "Mozilla/5.0 (Macintosh; Intel Mac OS X 10_9_3) AppleWebKit/537.75.14 (KHTML, like Gecko) Version/7.0.3 Safari/E7FBAF" "-"
148.72.232.0 - - [05/Jan/2024:16:22:47 +0100] "GET /style.php?sig=rename HTTP/1.1" 404 24761 dartmoorrunners.co.uk "-" "-" "-"
82.165.88.0 - - [05/Jan/2024:16:33:17 +0100] "POST /wp-cron.php?doing_wp_cron=1704468797.9264409542083740234375 HTTP/1.1" 200 - dartmoorrunners.co.uk "http://dartmoorrunners.co.uk/wp-cron.php?doing_wp_cron=1704468797.9264409542083740234375" "WordPress/6.1.4; http://dartmoorrunners.co.uk" "-"
107.189.8.0 - - [05/Jan/2024:16:33:17 +0100] "GET //?author=5 HTTP/1.1" 301 - dartmoorrunners.co.uk "http://www.google.com.hk" "Mozilla/5.0 (Windows NT 6.1; WOW64) AppleWebKit/537.36 (KHTML, like Gecko) Chrome/42.0.2311.90 Safari/537.36" "-"
107.189.8.0 - - [05/Jan/2024:16:33:18 +0100] "GET /?author=5 HTTP/1.1" 404 24761 dartmoorrunners.co.uk "http://www.google.com.hk" "Mozilla/5.0 (Windows NT 6.1; WOW64) AppleWebKit/537.36 (KHTML, like Gecko) Chrome/42.0.2311.90 Safari/537.36" "-"
35.245.185.0 - - [05/Jan/2024:16:55:44 +0100] "GET / HTTP/1.1" 200 31573 dartmoorrunners.co.uk "-" "Mozilla/5.0 (Windows NT 10.0; Win64; x64) AppleWebKit/537.36 (KHTML, like Gecko) Chrome/88.0.4240.193 Safari/537.36" "-"
35.245.185.0 - - [05/Jan/2024:16:55:45 +0100] "GET /?author=1 HTTP/1.1" 301 - dartmoorrunners.co.uk "-" "Mozilla/5.0 (Windows NT 10.0; Win64; x64) AppleWebKit/537.36 (KHTML, like Gecko) Chrome/88.0.4240.193 Safari/537.36" "-"
35.245.185.0 - - [05/Jan/2024:16:55:45 +0100] "GET /?author=2 HTTP/1.1" 200 24955 dartmoorrunners.co.uk "-" "Mozilla/5.0 (Windows NT 10.0; Win64; x64) AppleWebKit/537.36 (KHTML, like Gecko) Chrome/88.0.4240.193 Safari/537.36" "-"
35.245.185.0 - - [05/Jan/2024:16:55:46 +0100] "GET /?author=3 HTTP/1.1" 404 24761 dartmoorrunners.co.uk "-" "Mozilla/5.0 (Windows NT 10.0; Win64; x64) AppleWebKit/537.36 (KHTML, like Gecko) Chrome/88.0.4240.193 Safari/537.36" "-"
35.245.185.0 - - [05/Jan/2024:16:55:46 +0100] "GET /wp-json/wp/v2/users/ HTTP/1.1" 200 584 dartmoorrunners.co.uk "-" "Mozilla/5.0 (Windows NT 10.0; Win64; x64) AppleWebKit/537.36 (KHTML, like Gecko) Chrome/88.0.4240.193 Safari/537.36" "-"
35.245.185.0 - - [05/Jan/2024:16:55:46 +0100] "GET /wp-json/oembed/1.0/embed?url=http://dartmoorrunners.co.uk HTTP/1.1" 200 2425 dartmoorrunners.co.uk "-" "Mozilla/5.0 (Windows NT 10.0; Win64; x64) AppleWebKit/537.36 (KHTML, like Gecko) Chrome/88.0.4240.193 Safari/537.36" "-"
35.245.185.0 - - [05/Jan/2024:16:55:47 +0100] "POST /xmlrpc.php HTTP/1.1" 200 401 dartmoorrunners.co.uk "-" "Mozilla/5.0 (Windows NT 10.0; Win64; x64) AppleWebKit/537.36 (KHTML, like Gecko) Chrome/88.0.4240.193 Safari/537.36" "-"
35.245.185.0 - - [05/Jan/2024:16:55:48 +0100] "POST /xmlrpc.php HTTP/1.1" 200 401 dartmoorrunners.co.uk "-" "Mozilla/5.0 (Windows NT 10.0; Win64; x64) AppleWebKit/537.36 (KHTML, like Gecko) Chrome/88.0.4240.193 Safari/537.36" "-"
35.245.185.0 - - [05/Jan/2024:16:55:49 +0100] "POST /xmlrpc.php HTTP/1.1" 403 618 dartmoorrunners.co.uk "-" "Mozilla/5.0 (Windows NT 10.0; Win64; x64) AppleWebKit/537.36 (KHTML, like Gecko) Chrome/88.0.4240.193 Safari/537.36" "-"
104.41.226.0 - - [05/Jan/2024:17:14:28 +0100] "GET /ovatools.php HTTP/1.1" 404 24761 dartmoorrunners.co.uk "-" "Mozilla/5.0 (Windows NT 10.0; Win64; x64; rv:75.0) Gecko/20100101 Firefox/75.0" "-"
82.165.88.0 - - [05/Jan/2024:17:14:29 +0100] "POST /wp-cron.php?doing_wp_cron=1704471269.0515060424804687500000 HTTP/1.1" 200 - dartmoorrunners.co.uk "http://dartmoorrunners.co.uk/wp-cron.php?doing_wp_cron=1704471269.0515060424804687500000" "WordPress/6.1.4; http://dartmoorrunners.co.uk" "-"
104.41.226.0 - - [05/Jan/2024:17:14:29 +0100] "GET /sidwso.php HTTP/1.1" 404 24761 dartmoorrunners.co.uk "-" "Mozilla/5.0 (Windows NT 10.0; Win64; x64; rv:74.0) Gecko/20100101 Firefox/74.0" "-"
104.41.226.0 - - [05/Jan/2024:17:14:29 +0100] "GET /worksec.php HTTP/1.1" 404 24761 dartmoorrunners.co.uk "-" "Mozilla/5.0 (Windows NT 10.0; Win64; x64; rv:74.0) Gecko/20100101 Firefox/74.0" "-"
104.41.226.0 - - [05/Jan/2024:17:14:29 +0100] "GET /todo.php HTTP/1.1" 404 24761 dartmoorrunners.co.uk "-" "Mozilla/5.0 (Windows NT 10.0; WOW64; Trident/7.0; .NET4.0C; .NET4.0E; .NET CLR 2.0.50727; .NET CLR 3.0.30729; .NET CLR 3.5.30729; rv:11.0) like Gecko" "-"
104.41.226.0 - - [05/Jan/2024:17:14:30 +0100] "GET /upl.php HTTP/1.1" 404 24761 dartmoorrunners.co.uk "-" "Mozilla/5.0 (Windows NT 10.0; Win64; x64) AppleWebKit/537.36 (KHTML, like Gecko) Chrome/83.0.4103.61 Safari/537.36" "-"
104.41.226.0 - - [05/Jan/2024:17:14:30 +0100] "GET /aver.php HTTP/1.1" 404 24761 dartmoorrunners.co.uk "-" "Mozilla/5.0 (Windows NT 6.1; Win64; x64) AppleWebKit/537.36 (KHTML, like Gecko) Chrome/80.0.3987.149 Safari/537.36" "-"
104.41.226.0 - - [05/Jan/2024:17:14:30 +0100] "GET /wp-content/plugins/content-management/content.php HTTP/1.1" 404 24761 dartmoorrunners.co.uk "-" "Mozilla/5.0 (Windows NT 10.0; Win64; x64; rv:67.0) Gecko/20100101 Firefox/67.0" "-"
104.41.226.0 - - [05/Jan/2024:17:14:30 +0100] "GET /nice.php?p= HTTP/1.1" 301 - dartmoorrunners.co.uk "-" "Mozilla/5.0 (Windows NT 10.0; WOW64) AppleWebKit/537.36 (KHTML, like Gecko) Chrome/84.0.4147.105 Safari/537.36" "-"
104.41.226.0 - - [05/Jan/2024:17:14:31 +0100] "GET /wp-content/plugins/core-plugin/include.php HTTP/1.1" 404 24761 dartmoorrunners.co.uk "-" "Mozilla/5.0 (Macintosh; Intel Mac OS X 10_12_6) AppleWebKit/537.36 (KHTML, like Gecko) Chrome/58.0.3029.110 Safari/537.3" "-"
