18.142.184.0 - - [31/Jan/2024:00:05:47 +0100] "POST /wp-login.php HTTP/1.1" 200 9047 dartmoorrunners.co.uk "http://dartmoorrunners.co.uk/" "Mozilla/5.0 (Windows NT 6.1; WOW64; Trident/7.0; rv:11.0) like Gecko" "-"
18.142.184.0 - - [31/Jan/2024:00:06:00 +0100] "POST /wp-login.php HTTP/1.1" 200 9057 dartmoorrunners.co.uk "http://dartmoorrunners.co.uk/" "Mozilla/5.0 (Windows NT 6.1; WOW64; Trident/7.0; rv:11.0) like Gecko" "-"
90.243.183.0 - - [31/Jan/2024:00:17:18 +0100] "GET /winter-series-2023 HTTP/1.1" 200 27639 dartmoorrunners.co.uk "http://dartmoorrunners.co.uk/" "Mozilla/5.0 (iPhone; CPU iPhone OS 16_6_1 like Mac OS X) AppleWebKit/605.1.15 (KHTML, like Gecko) Version/16.6 Mobile/15E148 Safari/604.1" "-"
90.243.183.0 - - [31/Jan/2024:00:17:19 +0100] "GET /wp-includes/js/wp-emoji-release.min.js?ver=6.1.4 HTTP/1.1" 200 18617 dartmoorrunners.co.uk "http://dartmoorrunners.co.uk/winter-series-2023" "Mozilla/5.0 (iPhone; CPU iPhone OS 16_6_1 like Mac OS X) AppleWebKit/605.1.15 (KHTML, like Gecko) Version/16.6 Mobile/15E148 Safari/604.1" "-"
90.243.183.0 - - [31/Jan/2024:00:17:19 +0100] "GET /wp-includes/css/classic-themes.min.css?ver=1 HTTP/1.1" 200 189 dartmoorrunners.co.uk "http://dartmoorrunners.co.uk/winter-series-2023" "Mozilla/5.0 (iPhone; CPU iPhone OS 16_6_1 like Mac OS X) AppleWebKit/605.1.15 (KHTML, like Gecko) Version/16.6 Mobile/15E148 Safari/604.1" "-"
90.243.183.0 - - [31/Jan/2024:00:17:19 +0100] "GET /wp-content/themes/omega/style.css?ver=6.1.4 HTTP/1.1" 200 6552 dartmoorrunners.co.uk "http://dartmoorrunners.co.uk/winter-series-2023" "Mozilla/5.0 (iPhone; CPU iPhone OS 16_6_1 like Mac OS X) AppleWebKit/605.1.15 (KHTML, like Gecko) Version/16.6 Mobile/15E148 Safari/604.1" "-"
90.243.183.0 - - [31/Jan/2024:00:17:19 +0100] "GET /wp-includes/css/dist/block-library/style.min.css?ver=6.1.4 HTTP/1.1" 200 16164 dartmoorrunners.co.uk "http://dartmoorrunners.co.uk/winter-series-2023" "Mozilla/5.0 (iPhone; CPU iPhone OS 16_6_1 like Mac OS X) AppleWebKit/605.1.15 (KHTML, like Gecko) Version/16.6 Mobile/15E148 Safari/604.1" "-"
90.243.183.0 - - [31/Jan/2024:00:17:19 +0100] "GET /wp-content/uploads/2017/04/cropped-dartmoorrunnerslogo_normal.png HTTP/1.1" 200 110052 dartmoorrunners.co.uk "http://dartmoorrunners.co.uk/winter-series-2023" "Mozilla/5.0 (iPhone; CPU iPhone OS 16_6_1 like Mac OS X) AppleWebKit/605.1.15 (KHTML, like Gecko) Version/16.6 Mobile/15E148 Safari/604.1" "-"
90.243.183.0 - - [31/Jan/2024:00:17:19 +0100] "GET /wp-content/uploads/2017/04/XmasBash2017Med.jpg HTTP/1.1" 200 200566 dartmoorrunners.co.uk "http://dartmoorrunners.co.uk/winter-series-2023" "Mozilla/5.0 (iPhone; CPU iPhone OS 16_6_1 like Mac OS X) AppleWebKit/605.1.15 (KHTML, like Gecko) Version/16.6 Mobile/15E148 Safari/604.1" "-"
90.243.183.0 - - [31/Jan/2024:00:17:19 +0100] "GET /wp-content/uploads/2017/04/winter-2015-small.jpg HTTP/1.1" 200 202841 dartmoorrunners.co.uk "http://dartmoorrunners.co.uk/winter-series-2023" "Mozilla/5.0 (iPhone; CPU iPhone OS 16_6_1 like Mac OS X) AppleWebKit/605.1.15 (KHTML, like Gecko) Version/16.6 Mobile/15E148 Safari/604.1" "-"
90.243.183.0 - - [31/Jan/2024:00:17:19 +0100] "GET /wp-content/uploads/2017/04/ControlDog-1024x768.jpg HTTP/1.1" 200 147847 dartmoorrunners.co.uk "http://dartmoorrunners.co.uk/winter-series-2023" "Mozilla/5.0 (iPhone; CPU iPhone OS 16_6_1 like Mac OS X) AppleWebKit/605.1.15 (KHTML, like Gecko) Version/16.6 Mobile/15E148 Safari/604.1" "-"
90.243.183.0 - - [31/Jan/2024:00:17:19 +0100] "GET /wp-content/uploads/2017/04/Moorland-runner-cropped.jpg HTTP/1.1" 200 437747 dartmoorrunners.co.uk "http://dartmoorrunners.co.uk/winter-series-2023" "Mozilla/5.0 (iPhone; CPU iPhone OS 16_6_1 like Mac OS X) AppleWebKit/605.1.15 (KHTML, like Gecko) Version/16.6 Mobile/15E148 Safari/604.1" "-"
90.243.183.0 - - [31/Jan/2024:00:17:20 +0100] "GET /wp-content/uploads/2017/04/cropped-dartmoorrunnerslogo_normal-32x32.png HTTP/1.1" 200 2617 dartmoorrunners.co.uk "http://dartmoorrunners.co.uk/winter-series-2023" "Mozilla/5.0 (iPhone; CPU iPhone OS 16_6_1 like Mac OS X) AppleWebKit/605.1.15 (KHTML, like Gecko) Version/16.6 Mobile/15E148 Safari/604.1" "-"
90.243.183.0 - - [31/Jan/2024:00:17:20 +0100] "GET /wp-content/uploads/2017/04/cropped-dartmoorrunnerslogo_normal-192x192.png HTTP/1.1" 200 59292 dartmoorrunners.co.uk "http://dartmoorrunners.co.uk/winter-series-2023" "Mozilla/5.0 (iPhone; CPU iPhone OS 16_6_1 like Mac OS X) AppleWebKit/605.1.15 (KHTML, like Gecko) Version/16.6 Mobile/15E148 Safari/604.1" "-"
82.165.88.0 - - [31/Jan/2024:00:36:11 +0100] "POST /wp-cron.php?doing_wp_cron=1706657771.3478040695190429687500 HTTP/1.1" 200 - dartmoorrunners.co.uk "http://dartmoorrunners.co.uk/wp-cron.php?doing_wp_cron=1706657771.3478040695190429687500" "WordPress/6.1.4; http://dartmoorrunners.co.uk" "-"
104.28.224.0 - - [31/Jan/2024:00:36:11 +0100] "POST /wp-login.php HTTP/1.1" 200 9047 dartmoorrunners.co.uk "http://dartmoorrunners.co.uk/" "Mozilla/5.0 (Windows NT 6.1; WOW64; Trident/7.0; rv:11.0) like Gecko" "-"
104.28.224.0 - - [31/Jan/2024:00:36:21 +0100] "POST /wp-login.php HTTP/1.1" 200 9057 dartmoorrunners.co.uk "http://dartmoorrunners.co.uk/" "Mozilla/5.0 (Windows NT 6.1; WOW64; Trident/7.0; rv:11.0) like Gecko" "-"
45.61.185.0 - - [31/Jan/2024:00:47:51 +0100] "GET /wp-login.php HTTP/1.1" 200 8627 dartmoorrunners.co.uk "-" "Mozilla/5.0 (Windows NT 6.1; WOW64) AppleWebKit/537.36 (KHTML, like Gecko) Chrome/35.0.1916.114 Safari/537.36" "-"
45.61.185.0 - - [31/Jan/2024:00:48:03 +0100] "POST /wp-login.php HTTP/1.1" 200 9065 dartmoorrunners.co.uk "-" "Mozilla/5.0 (Windows NT 6.1; WOW64) AppleWebKit/537.36 (KHTML, like Gecko) Chrome/35.0.1916.114 Safari/537.36" "-"
2001:4ba0:ca00:: - - [31/Jan/2024:00:48:45 +0100] "POST /xmlrpc.php HTTP/1.1" 200 403 dartmoorrunners.co.uk "-" "Mozilla/5.0 (Windows NT 10.0; Win64; x64; rv:98.0) Gecko/20100101 Firefox/98.0" "-"
66.249.79.0 - - [31/Jan/2024:00:49:32 +0100] "GET / HTTP/1.1" 200 31574 dartmoorrunners.co.uk "-" "Mozilla/5.0 (compatible; Googlebot/2.1; +http://www.google.com/bot.html)" "-"
5.255.231.0 - - [31/Jan/2024:00:53:02 +0100] "GET /robots.txt HTTP/1.1" 200 121 dartmoorrunners.co.uk "-" "Mozilla/5.0 (compatible; YandexBot/3.0; +http://yandex.com/bots)" "-"
213.180.203.0 - - [31/Jan/2024:00:53:03 +0100] "GET / HTTP/1.1" 200 31574 dartmoorrunners.co.uk "-" "Mozilla/5.0 (compatible; YandexBot/3.0; +http://yandex.com/bots)" "-"
5.255.231.0 - - [31/Jan/2024:00:55:08 +0100] "GET / HTTP/1.1" 200 31574 dartmoorrunners.co.uk "-" "Mozilla/5.0 (compatible; YandexBot/3.0; +http://yandex.com/bots)" "-"
66.249.79.0 - - [31/Jan/2024:00:57:00 +0100] "GET /wp-sitemap-users-1.xml HTTP/1.1" 200 261 dartmoorrunners.co.uk "-" "Mozilla/5.0 (compatible; Googlebot/2.1; +http://www.google.com/bot.html)" "-"
192.42.116.0 - - [31/Jan/2024:00:59:34 +0100] "GET / HTTP/1.1" 200 31574 dartmoorrunners.co.uk "dartmoorrunners.co.uk" "Mozilla/5.0 (Android 9; Mobile; rv:109.0) Gecko/113.0 Firefox/113.0" "-"
45.130.83.0 - - [31/Jan/2024:01:18:51 +0100] "GET / HTTP/1.1" 200 31576 dartmoorrunners.co.uk "-" "Go-http-client/1.1" "-"
45.130.83.0 - - [31/Jan/2024:01:18:52 +0100] "GET //wp-includes/css/buttons.css HTTP/1.1" 200 2798 dartmoorrunners.co.uk "-" "Go-http-client/1.1" "-"
82.165.88.0 - - [31/Jan/2024:01:59:52 +0100] "POST /wp-cron.php?doing_wp_cron=1706662792.4192829132080078125000 HTTP/1.1" 200 - dartmoorrunners.co.uk "http://dartmoorrunners.co.uk/wp-cron.php?doing_wp_cron=1706662792.4192829132080078125000" "WordPress/6.1.4; http://dartmoorrunners.co.uk" "-"
2a01:4f8:100:: - - [31/Jan/2024:01:59:52 +0100] "POST /xmlrpc.php HTTP/1.1" 200 403 dartmoorrunners.co.uk "-" "Mozilla/5.0 (Windows NT 10.0; Win64; x64; rv:53.0) Gecko/20100101 Firefox/53.0" "-"
213.180.203.0 - - [31/Jan/2024:02:22:46 +0100] "GET /robots.txt HTTP/1.1" 301 - www.dartmoorrunners.co.uk "-" "Mozilla/5.0 (compatible; YandexBot/3.0; +http://yandex.com/bots)" "-"
213.180.203.0 - - [31/Jan/2024:02:22:46 +0100] "GET /robots.txt HTTP/1.1" 200 121 dartmoorrunners.co.uk "-" "Mozilla/5.0 (compatible; YandexBot/3.0; +http://yandex.com/bots)" "-"
95.108.213.0 - - [31/Jan/2024:02:22:47 +0100] "GET / HTTP/1.1" 301 - www.dartmoorrunners.co.uk "-" "Mozilla/5.0 (compatible; YandexBot/3.0; +http://yandex.com/bots)" "-"
5.255.231.0 - - [31/Jan/2024:02:24:50 +0100] "GET / HTTP/1.1" 301 - www.dartmoorrunners.co.uk "-" "Mozilla/5.0 (compatible; YandexBot/3.0; +http://yandex.com/bots)" "-"
51.68.11.0 - - [31/Jan/2024:02:27:19 +0100] "GET /wp-content/plugins/wp-doft/noimg.php HTTP/1.1" 404 24764 dartmoorrunners.co.uk "http://simplesite.com" "Mozilla/5.0 (Windows; U; Windows NT 5.1; en-US) AppleWebKit/533.4 (KHTML, like Gecko) Chrome/5.0.375.99 Safari/533.4" "-"
185.120.144.0 - - [31/Jan/2024:03:04:16 +0100] "GET /wp-admin/admin-ajax.php?action=duplicator_download&file=../wp-config.php HTTP/1.1" 503 299 dartmoorrunners.co.uk "-" "Mozilla/5.0 (X11; Ubuntu; Linux i686; rv:28.0) Gecko/20100101 Firefox/72.0" "-"
185.120.144.0 - - [31/Jan/2024:03:04:16 +0100] "GET /wp-admin/admin-ajax.php?action=revslider_show_image&img=../wp-config.php HTTP/1.1" 503 299 dartmoorrunners.co.uk "-" "Mozilla/5.0 (X11; Ubuntu; Linux i686; rv:28.0) Gecko/20100101 Firefox/72.0" "-"
65.109.208.0 - - [31/Jan/2024:03:12:20 +0100] "POST /xmlrpc.php HTTP/1.1" 200 403 dartmoorrunners.co.uk "-" "Mozilla/5.0 (Windows NT 10.0; Win64; x64; rv:49.0) Gecko/20100101 Firefox/49.0" "-"
82.165.88.0 - - [31/Jan/2024:03:12:21 +0100] "POST /wp-cron.php?doing_wp_cron=1706667141.1491990089416503906250 HTTP/1.1" 200 - dartmoorrunners.co.uk "http://dartmoorrunners.co.uk/wp-cron.php?doing_wp_cron=1706667141.1491990089416503906250" "WordPress/6.1.4; http://dartmoorrunners.co.uk" "-"
104.28.224.0 - - [31/Jan/2024:04:05:42 +0100] "POST /wp-login.php HTTP/1.1" 200 9047 dartmoorrunners.co.uk "http://dartmoorrunners.co.uk/" "Mozilla/5.0 (Windows NT 6.1; WOW64; Trident/7.0; rv:11.0) like Gecko" "-"
82.165.88.0 - - [31/Jan/2024:04:05:43 +0100] "POST /wp-cron.php?doing_wp_cron=1706670343.5144059658050537109375 HTTP/1.1" 200 - dartmoorrunners.co.uk "http://dartmoorrunners.co.uk/wp-cron.php?doing_wp_cron=1706670343.5144059658050537109375" "WordPress/6.1.4; http://dartmoorrunners.co.uk" "-"
54.254.10.0 - - [31/Jan/2024:04:05:48 +0100] "POST /wp-login.php HTTP/1.1" 200 9047 dartmoorrunners.co.uk "http://dartmoorrunners.co.uk/" "Mozilla/5.0 (Windows NT 6.1; WOW64; Trident/7.0; rv:11.0) like Gecko" "-"
54.95.58.0 - - [31/Jan/2024:04:05:51 +0100] "POST /wp-login.php HTTP/1.1" 200 9057 dartmoorrunners.co.uk "http://dartmoorrunners.co.uk/" "Mozilla/5.0 (Windows NT 6.1; WOW64; Trident/7.0; rv:11.0) like Gecko" "-"
104.28.224.0 - - [31/Jan/2024:04:05:51 +0100] "POST /wp-login.php HTTP/1.1" 200 9057 dartmoorrunners.co.uk "http://dartmoorrunners.co.uk/" "Mozilla/5.0 (Windows NT 6.1; WOW64; Trident/7.0; rv:11.0) like Gecko" "-"
104.28.224.0 - - [31/Jan/2024:04:05:54 +0100] "POST /wp-login.php HTTP/1.1" 503 299 dartmoorrunners.co.uk "http://dartmoorrunners.co.uk/" "Mozilla/5.0 (Windows NT 6.1; WOW64; Trident/7.0; rv:11.0) like Gecko" "-"
202.64.124.0 - - [31/Jan/2024:04:05:54 +0100] "POST /wp-login.php HTTP/1.1" 200 9057 dartmoorrunners.co.uk "http://dartmoorrunners.co.uk/" "Mozilla/5.0 (Windows NT 6.1; WOW64; Trident/7.0; rv:11.0) like Gecko" "-"
82.165.88.0 - - [31/Jan/2024:04:06:40 +0100] "POST /wp-admin/upgrade.php?step=upgrade_db HTTP/1.1" 200 1 dartmoorrunners.co.uk "http://dartmoorrunners.co.uk/wp-admin/upgrade.php?step=upgrade_db" "WordPress/6.1.4; http://dartmoorrunners.co.uk" "-"
155.133.142.0 - - [31/Jan/2024:04:21:18 +0100] "POST /xmlrpc.php HTTP/1.1" 200 403 dartmoorrunners.co.uk "-" "Mozilla/5.0 (Windows NT 10.0; Win64; x64; rv:84.0) Gecko/20100101 Firefox/84.0" "-"
213.180.203.0 - - [31/Jan/2024:04:24:48 +0100] "GET /robots.txt HTTP/1.1" 200 121 dartmoorrunners.co.uk "-" "Mozilla/5.0 (compatible; YandexBot/3.0; +http://yandex.com/bots)" "-"
5.255.231.0 - - [31/Jan/2024:04:24:48 +0100] "GET / HTTP/1.1" 200 31576 dartmoorrunners.co.uk "-" "Mozilla/5.0 (compatible; YandexBot/3.0; +http://yandex.com/bots)" "-"
5.255.231.0 - - [31/Jan/2024:04:26:53 +0100] "GET /robots.txt HTTP/1.1" 200 121 dartmoorrunners.co.uk "-" "Mozilla/5.0 (compatible; YandexBot/3.0; +http://yandex.com/bots)" "-"
5.255.231.0 - - [31/Jan/2024:04:26:54 +0100] "GET / HTTP/1.1" 200 31576 dartmoorrunners.co.uk "-" "Mozilla/5.0 (compatible; YandexBot/3.0; +http://yandex.com/bots)" "-"
66.249.79.0 - - [31/Jan/2024:04:28:17 +0100] "GET /ads.txt HTTP/1.1" 200 160 dartmoorrunners.co.uk "-" "Mozilla/5.0 (compatible; Googlebot/2.1; +http://www.google.com/bot.html)" "-"
82.165.88.0 - - [31/Jan/2024:05:05:20 +0100] "POST /wp-cron.php?doing_wp_cron=1706673920.3632709980010986328125 HTTP/1.1" 200 - dartmoorrunners.co.uk "http://dartmoorrunners.co.uk/wp-cron.php?doing_wp_cron=1706673920.3632709980010986328125" "WordPress/6.1.5; http://dartmoorrunners.co.uk" "-"
182.43.70.0 - - [31/Jan/2024:05:05:20 +0100] "GET / HTTP/1.1" 200 31576 dartmoorrunners.co.uk "-" "Mozilla/5.0 (iPhone; CPU iPhone OS 13_2_3 like Mac OS X) AppleWebKit/605.1.15 (KHTML, like Gecko) Version/13.0.3 Mobile/15E148 Safari/604.1" "-"
212.115.49.0 - - [31/Jan/2024:05:27:06 +0100] "GET / HTTP/1.1" 200 31576 dartmoorrunners.co.uk "-" "Mozilla/5.0 (Windows NT 10.0; Win64; x64) AppleWebKit/537.36 (KHTML, like Gecko) Chrome/120.0.0.0 Safari/537.36" "-"
212.115.49.0 - - [31/Jan/2024:05:27:06 +0100] "GET /wp-sitemap-posts-post-1.xml HTTP/1.1" 200 258 dartmoorrunners.co.uk "-" "Mozilla/5.0 (Windows NT 10.0; Win64; x64) AppleWebKit/537.36 (KHTML, like Gecko) Chrome/120.0.0.0 Safari/537.36" "-"
212.115.49.0 - - [31/Jan/2024:05:27:07 +0100] "GET /hello-world HTTP/1.1" 200 25916 dartmoorrunners.co.uk "-" "Mozilla/5.0 (Windows NT 10.0; Win64; x64) AppleWebKit/537.36 (KHTML, like Gecko) Chrome/120.0.0.0 Safari/537.36" "-"
82.165.88.0 - - [31/Jan/2024:05:33:38 +0100] "POST /wp-cron.php?doing_wp_cron=1706675618.4058020114898681640625 HTTP/1.1" 200 - dartmoorrunners.co.uk "http://dartmoorrunners.co.uk/wp-cron.php?doing_wp_cron=1706675618.4058020114898681640625" "WordPress/6.1.5; http://dartmoorrunners.co.uk" "-"
2a01:4f9:: - - [31/Jan/2024:05:33:38 +0100] "POST /xmlrpc.php HTTP/1.1" 200 403 dartmoorrunners.co.uk "-" "Mozilla/5.0 (Windows NT 10.0; Win64; x64; rv:78.0) Gecko/20100101 Firefox/78.0" "-"
195.191.219.0 - - [31/Jan/2024:05:44:18 +0100] "GET /robots.txt HTTP/1.1" 200 121 dartmoorrunners.co.uk "-" "Mozilla/5.0 (compatible; MJ12bot/v1.4.8; http://mj12bot.com/)" "-"
195.191.219.0 - - [31/Jan/2024:05:44:20 +0100] "GET / HTTP/1.1" 200 31576 dartmoorrunners.co.uk "-" "Mozilla/5.0 (compatible; MJ12bot/v1.4.8; http://mj12bot.com/)" "-"
5.255.231.0 - - [31/Jan/2024:06:06:46 +0100] "GET /robots.txt HTTP/1.1" 301 - www.dartmoorrunners.co.uk "-" "Mozilla/5.0 (compatible; YandexBot/3.0; +http://yandex.com/bots)" "-"
5.255.231.0 - - [31/Jan/2024:06:06:47 +0100] "GET /robots.txt HTTP/1.1" 200 121 dartmoorrunners.co.uk "-" "Mozilla/5.0 (compatible; YandexBot/3.0; +http://yandex.com/bots)" "-"
5.255.231.0 - - [31/Jan/2024:06:06:47 +0100] "GET / HTTP/1.1" 301 - www.dartmoorrunners.co.uk "-" "Mozilla/5.0 (compatible; YandexBot/3.0; +http://yandex.com/bots)" "-"
95.108.213.0 - - [31/Jan/2024:06:08:43 +0100] "GET / HTTP/1.1" 301 - www.dartmoorrunners.co.uk "-" "Mozilla/5.0 (compatible; YandexBot/3.0; +http://yandex.com/bots)" "-"
51.9.207.0 - - [31/Jan/2024:06:15:35 +0100] "GET / HTTP/1.1" 200 31576 dartmoorrunners.co.uk "-" "Mozilla/5.0 (iPhone; CPU iPhone OS 17_2_1 like Mac OS X) AppleWebKit/605.1.15 (KHTML, like Gecko) Version/17.2 Mobile/15E148 Safari/604.1" "-"
51.9.207.0 - - [31/Jan/2024:06:15:35 +0100] "GET /wp-includes/js/wp-emoji-release.min.js?ver=6.1.5 HTTP/1.1" 200 18617 dartmoorrunners.co.uk "http://dartmoorrunners.co.uk/" "Mozilla/5.0 (iPhone; CPU iPhone OS 17_2_1 like Mac OS X) AppleWebKit/605.1.15 (KHTML, like Gecko) Version/17.2 Mobile/15E148 Safari/604.1" "-"
51.9.207.0 - - [31/Jan/2024:06:15:35 +0100] "GET /wp-includes/css/dist/block-library/style.min.css?ver=6.1.5 HTTP/1.1" 200 16164 dartmoorrunners.co.uk "http://dartmoorrunners.co.uk/" "Mozilla/5.0 (iPhone; CPU iPhone OS 17_2_1 like Mac OS X) AppleWebKit/605.1.15 (KHTML, like Gecko) Version/17.2 Mobile/15E148 Safari/604.1" "-"
51.9.207.0 - - [31/Jan/2024:06:15:35 +0100] "GET /wp-content/themes/omega/style.css?ver=6.1.5 HTTP/1.1" 200 6552 dartmoorrunners.co.uk "http://dartmoorrunners.co.uk/" "Mozilla/5.0 (iPhone; CPU iPhone OS 17_2_1 like Mac OS X) AppleWebKit/605.1.15 (KHTML, like Gecko) Version/17.2 Mobile/15E148 Safari/604.1" "-"
51.9.207.0 - - [31/Jan/2024:06:16:08 +0100] "GET / HTTP/1.1" 200 31576 dartmoorrunners.co.uk "-" "Mozilla/5.0 (iPhone; CPU iPhone OS 17_2_1 like Mac OS X) AppleWebKit/605.1.15 (KHTML, like Gecko) Version/17.2 Mobile/15E148 Safari/604.1" "-"
51.9.207.0 - - [31/Jan/2024:06:16:09 +0100] "GET /wp-content/uploads/2017/04/ControlDog-768x576.jpg HTTP/1.1" 200 85973 dartmoorrunners.co.uk "http://dartmoorrunners.co.uk/" "Mozilla/5.0 (iPhone; CPU iPhone OS 17_2_1 like Mac OS X) AppleWebKit/605.1.15 (KHTML, like Gecko) Version/17.2 Mobile/15E148 Safari/604.1" "-"
51.9.207.0 - - [31/Jan/2024:06:16:09 +0100] "GET /wp-includes/js/wp-emoji-release.min.js?ver=6.1.5 HTTP/1.1" 200 18617 dartmoorrunners.co.uk "http://dartmoorrunners.co.uk/" "Mozilla/5.0 (iPhone; CPU iPhone OS 17_2_1 like Mac OS X) AppleWebKit/605.1.15 (KHTML, like Gecko) Version/17.2 Mobile/15E148 Safari/604.1" "-"
51.9.207.0 - - [31/Jan/2024:06:16:09 +0100] "GET /wp-includes/css/dist/block-library/style.min.css?ver=6.1.5 HTTP/1.1" 200 16164 dartmoorrunners.co.uk "http://dartmoorrunners.co.uk/" "Mozilla/5.0 (iPhone; CPU iPhone OS 17_2_1 like Mac OS X) AppleWebKit/605.1.15 (KHTML, like Gecko) Version/17.2 Mobile/15E148 Safari/604.1" "-"
51.9.207.0 - - [31/Jan/2024:06:16:09 +0100] "GET /wp-content/themes/omega/style.css?ver=6.1.5 HTTP/1.1" 200 6552 dartmoorrunners.co.uk "http://dartmoorrunners.co.uk/" "Mozilla/5.0 (iPhone; CPU iPhone OS 17_2_1 like Mac OS X) AppleWebKit/605.1.15 (KHTML, like Gecko) Version/17.2 Mobile/15E148 Safari/604.1" "-"
50.62.177.0 - - [31/Jan/2024:06:27:47 +0100] "GET /woh.php HTTP/1.1" 404 24764 dartmoorrunners.co.uk "http://simplesite.com" "Mozilla/5.0 (Windows; U; Windows NT 5.1; en-US) AppleWebKit/533.4 (KHTML, like Gecko) Chrome/5.0.375.99 Safari/533.4" "-"
82.165.88.0 - - [31/Jan/2024:06:45:13 +0100] "POST /wp-cron.php?doing_wp_cron=1706679913.4409780502319335937500 HTTP/1.1" 200 - dartmoorrunners.co.uk "http://dartmoorrunners.co.uk/wp-cron.php?doing_wp_cron=1706679913.4409780502319335937500" "WordPress/6.1.5; http://dartmoorrunners.co.uk" "-"
172.202.168.0 - - [31/Jan/2024:06:45:13 +0100] "GET /wp-content/plugins/hellopress/wp_filemanager.php HTTP/1.1" 404 24764 dartmoorrunners.co.uk "-" "-" "-"
172.202.168.0 - - [31/Jan/2024:06:45:14 +0100] "GET /wp-content/themes/intense/block-css.php?mode=upload HTTP/1.1" 404 24764 dartmoorrunners.co.uk "-" "-" "-"
172.202.168.0 - - [31/Jan/2024:06:45:14 +0100] "GET /wp-admin/network/cloud.php HTTP/1.1" 404 24764 dartmoorrunners.co.uk "-" "-" "-"
172.202.168.0 - - [31/Jan/2024:06:45:15 +0100] "GET /cloud.php HTTP/1.1" 404 24764 dartmoorrunners.co.uk "-" "-" "-"
172.202.168.0 - - [31/Jan/2024:06:45:15 +0100] "GET /cgi-bin/cloud.php HTTP/1.1" 404 626 dartmoorrunners.co.uk "-" "-" "-"
172.202.168.0 - - [31/Jan/2024:06:45:15 +0100] "GET /wp-content/updates.php HTTP/1.1" 404 24764 dartmoorrunners.co.uk "-" "-" "-"
172.202.168.0 - - [31/Jan/2024:06:45:16 +0100] "GET /css/cloud.php HTTP/1.1" 404 24764 dartmoorrunners.co.uk "-" "-" "-"
172.202.168.0 - - [31/Jan/2024:06:45:16 +0100] "GET /wp-admin/user/cloud.php HTTP/1.1" 404 24764 dartmoorrunners.co.uk "-" "-" "-"
172.202.168.0 - - [31/Jan/2024:06:45:16 +0100] "GET /img/cloud.php HTTP/1.1" 404 24764 dartmoorrunners.co.uk "-" "-" "-"
172.202.168.0 - - [31/Jan/2024:06:45:17 +0100] "GET /wp-admin/css/colors/coffee/cloud.php HTTP/1.1" 404 24764 dartmoorrunners.co.uk "-" "-" "-"
172.202.168.0 - - [31/Jan/2024:06:45:17 +0100] "GET /wp-admin/images/cloud.php HTTP/1.1" 404 24764 dartmoorrunners.co.uk "-" "-" "-"
172.202.168.0 - - [31/Jan/2024:06:45:17 +0100] "GET /images/cloud.php HTTP/1.1" 404 24764 dartmoorrunners.co.uk "-" "-" "-"
172.202.168.0 - - [31/Jan/2024:06:45:18 +0100] "GET /wp-admin/js/widgets/cloud.php HTTP/1.1" 404 24764 dartmoorrunners.co.uk "-" "-" "-"
172.202.168.0 - - [31/Jan/2024:06:45:18 +0100] "GET /wp-includes/Requests/Text/admin.php HTTP/1.1" 404 24764 dartmoorrunners.co.uk "-" "-" "-"
172.202.168.0 - - [31/Jan/2024:06:45:19 +0100] "GET /wp-admin/css/colors/cloud.php HTTP/1.1" 404 24764 dartmoorrunners.co.uk "-" "-" "-"
172.202.168.0 - - [31/Jan/2024:06:45:19 +0100] "GET /wp-admin/includes/cloud.php HTTP/1.1" 404 24764 dartmoorrunners.co.uk "-" "-" "-"
172.202.168.0 - - [31/Jan/2024:06:45:19 +0100] "GET /wp-admin/css/colors/blue/cloud.php HTTP/1.1" 404 24764 dartmoorrunners.co.uk "-" "-" "-"
172.202.168.0 - - [31/Jan/2024:06:45:20 +0100] "GET /wp-admin/cloud.php HTTP/1.1" 404 24764 dartmoorrunners.co.uk "-" "-" "-"
172.202.168.0 - - [31/Jan/2024:06:45:20 +0100] "GET /updates.php HTTP/1.1" 404 24764 dartmoorrunners.co.uk "-" "-" "-"
172.202.168.0 - - [31/Jan/2024:06:45:21 +0100] "GET /libraries/legacy/updates.php HTTP/1.1" 404 24764 dartmoorrunners.co.uk "-" "-" "-"
172.202.168.0 - - [31/Jan/2024:06:45:21 +0100] "GET /libraries/phpmailer/updates.php HTTP/1.1" 404 24764 dartmoorrunners.co.uk "-" "-" "-"
172.202.168.0 - - [31/Jan/2024:06:45:22 +0100] "GET /libraries/vendor/updates.php HTTP/1.1" 404 24764 dartmoorrunners.co.uk "-" "-" "-"
172.202.168.0 - - [31/Jan/2024:06:45:22 +0100] "GET /alfa-rex.php7 HTTP/1.1" 404 24764 dartmoorrunners.co.uk "-" "-" "-"
172.202.168.0 - - [31/Jan/2024:06:45:22 +0100] "GET /alfanew.php HTTP/1.1" 404 24764 dartmoorrunners.co.uk "-" "-" "-"
172.202.168.0 - - [31/Jan/2024:06:45:23 +0100] "GET /wp-content/plugins/Cache/Cache.php HTTP/1.1" 404 24764 dartmoorrunners.co.uk "-" "-" "-"
172.202.168.0 - - [31/Jan/2024:06:45:23 +0100] "GET /wp-admin/js/widgets/about.php7 HTTP/1.1" 404 24764 dartmoorrunners.co.uk "-" "-" "-"
68.168.102.0 - - [31/Jan/2024:06:45:23 +0100] "POST /xmlrpc.php HTTP/1.1" 200 403 dartmoorrunners.co.uk "-" "Mozilla/5.0 (Windows NT 10.0; Win64; x64; rv:98.0) Gecko/20100101 Firefox/98.0" "-"
172.202.168.0 - - [31/Jan/2024:06:45:24 +0100] "GET /wp-p.php7 HTTP/1.1" 404 24764 dartmoorrunners.co.uk "-" "-" "-"
172.202.168.0 - - [31/Jan/2024:06:45:24 +0100] "GET /wp-admin/repeater.php HTTP/1.1" 404 24764 dartmoorrunners.co.uk "-" "-" "-"
172.202.168.0 - - [31/Jan/2024:06:45:24 +0100] "GET /wp-includes/repeater.php HTTP/1.1" 404 24764 dartmoorrunners.co.uk "-" "-" "-"
172.202.168.0 - - [31/Jan/2024:06:45:25 +0100] "GET /wp-content/repeater.php HTTP/1.1" 404 24764 dartmoorrunners.co.uk "-" "-" "-"
172.202.168.0 - - [31/Jan/2024:06:45:25 +0100] "GET /wsoyanz.php HTTP/1.1" 404 24764 dartmoorrunners.co.uk "-" "-" "-"
172.202.168.0 - - [31/Jan/2024:06:45:25 +0100] "GET /yanz.php HTTP/1.1" 404 24764 dartmoorrunners.co.uk "-" "-" "-"
172.202.168.0 - - [31/Jan/2024:06:45:26 +0100] "GET /wp-admin/js/about.php HTTP/1.1" 404 24764 dartmoorrunners.co.uk "-" "-" "-"
172.202.168.0 - - [31/Jan/2024:06:45:26 +0100] "GET /wp-content/plugins/seoo/wsoyanz.php HTTP/1.1" 404 24764 dartmoorrunners.co.uk "-" "-" "-"
172.202.168.0 - - [31/Jan/2024:06:45:27 +0100] "GET /wp-content/plugins/seoo/wsoyanz1.php HTTP/1.1" 404 24764 dartmoorrunners.co.uk "-" "-" "-"
172.202.168.0 - - [31/Jan/2024:06:45:27 +0100] "GET /cache-compat.php HTTP/1.1" 404 24764 dartmoorrunners.co.uk "-" "-" "-"
172.202.168.0 - - [31/Jan/2024:06:45:27 +0100] "GET /ajax-actions.php HTTP/1.1" 404 24764 dartmoorrunners.co.uk "-" "-" "-"
172.202.168.0 - - [31/Jan/2024:06:45:28 +0100] "GET /wp-admin/ajax-actions.php HTTP/1.1" 404 24764 dartmoorrunners.co.uk "-" "-" "-"
172.202.168.0 - - [31/Jan/2024:06:45:28 +0100] "GET /wp-consar.php HTTP/1.1" 404 24764 dartmoorrunners.co.uk "-" "-" "-"
172.202.168.0 - - [31/Jan/2024:06:45:29 +0100] "GET /repeater.php HTTP/1.1" 404 24764 dartmoorrunners.co.uk "-" "-" "-"
172.202.168.0 - - [31/Jan/2024:06:45:29 +0100] "GET /admin-post.php HTTP/1.1" 404 24764 dartmoorrunners.co.uk "-" "-" "-"
172.202.168.0 - - [31/Jan/2024:06:45:29 +0100] "GET /wp-admin/maint/maint/ajax-actions.php HTTP/1.1" 404 24764 dartmoorrunners.co.uk "-" "-" "-"
172.202.168.0 - - [31/Jan/2024:06:45:30 +0100] "GET /wp-admin/dropdown.php HTTP/1.1" 404 24764 dartmoorrunners.co.uk "-" "-" "-"
172.202.168.0 - - [31/Jan/2024:06:45:30 +0100] "GET /wp-admin/css/index.php HTTP/1.1" 301 - dartmoorrunners.co.uk "-" "-" "-"
172.202.168.0 - - [31/Jan/2024:06:45:31 +0100] "GET /wp-admin/css/ HTTP/1.1" 403 618 dartmoorrunners.co.uk "-" "-" "-"
172.202.168.0 - - [31/Jan/2024:06:45:31 +0100] "GET /dropdown.php HTTP/1.1" 404 24764 dartmoorrunners.co.uk "-" "-" "-"
172.202.168.0 - - [31/Jan/2024:06:45:31 +0100] "GET /about.php HTTP/1.1" 404 24764 dartmoorrunners.co.uk "-" "-" "-"
172.202.168.0 - - [31/Jan/2024:06:45:32 +0100] "GET /admin.php HTTP/1.1" 404 24764 dartmoorrunners.co.uk "-" "-" "-"
172.202.168.0 - - [31/Jan/2024:06:45:32 +0100] "GET /about.php7 HTTP/1.1" 404 24764 dartmoorrunners.co.uk "-" "-" "-"
207.46.13.0 - - [31/Jan/2024:06:55:15 +0100] "GET /robots.txt HTTP/1.1" 200 121 dartmoorrunners.co.uk "-" "Mozilla/5.0 AppleWebKit/537.36 (KHTML, like Gecko; compatible; bingbot/2.0; +http://www.bing.com/bingbot.htm) Chrome/116.0.1938.76 Safari/537.36" "-"
52.167.144.0 - - [31/Jan/2024:06:55:21 +0100] "GET /wp-sitemap.xml HTTP/1.1" 200 562 dartmoorrunners.co.uk "-" "Mozilla/5.0 AppleWebKit/537.36 (KHTML, like Gecko; compatible; bingbot/2.0; +http://www.bing.com/bingbot.htm) Chrome/116.0.1938.76 Safari/537.36" "-"
66.249.79.0 - - [31/Jan/2024:07:19:54 +0100] "GET / HTTP/1.1" 200 31576 dartmoorrunners.co.uk "-" "Mozilla/5.0 (compatible; Googlebot/2.1; +http://www.google.com/bot.html)" "-"
66.249.76.0 - - [31/Jan/2024:07:20:07 +0100] "GET /wp-content/themes/omega/style.css?ver=6.1.5 HTTP/1.1" 200 6552 dartmoorrunners.co.uk "http://dartmoorrunners.co.uk/" "Mozilla/5.0 AppleWebKit/537.36 (KHTML, like Gecko; compatible; Googlebot/2.1; +http://www.google.com/bot.html) Chrome/120.0.6099.224 Safari/537.36" "-"
66.249.79.0 - - [31/Jan/2024:07:20:07 +0100] "GET /wp-includes/js/wp-emoji-release.min.js?ver=6.1.5 HTTP/1.1" 200 18617 dartmoorrunners.co.uk "http://dartmoorrunners.co.uk/" "Mozilla/5.0 AppleWebKit/537.36 (KHTML, like Gecko; compatible; Googlebot/2.1; +http://www.google.com/bot.html) Chrome/120.0.6099.224 Safari/537.36" "-"
66.249.76.0 - - [31/Jan/2024:07:20:08 +0100] "GET /wp-includes/css/dist/block-library/style.min.css?ver=6.1.5 HTTP/1.1" 200 16164 dartmoorrunners.co.uk "http://dartmoorrunners.co.uk/" "Mozilla/5.0 AppleWebKit/537.36 (KHTML, like Gecko; compatible; Googlebot/2.1; +http://www.google.com/bot.html) Chrome/120.0.6099.224 Safari/537.36" "-"
95.108.213.0 - - [31/Jan/2024:07:57:15 +0100] "GET /robots.txt HTTP/1.1" 200 121 dartmoorrunners.co.uk "-" "Mozilla/5.0 (compatible; YandexBot/3.0; +http://yandex.com/bots)" "-"
82.165.88.0 - - [31/Jan/2024:07:57:16 +0100] "POST /wp-cron.php?doing_wp_cron=1706684236.1445009708404541015625 HTTP/1.1" 200 - dartmoorrunners.co.uk "http://dartmoorrunners.co.uk/wp-cron.php?doing_wp_cron=1706684236.1445009708404541015625" "WordPress/6.1.5; http://dartmoorrunners.co.uk" "-"
5.255.231.0 - - [31/Jan/2024:07:57:16 +0100] "GET / HTTP/1.1" 200 31576 dartmoorrunners.co.uk "-" "Mozilla/5.0 (compatible; YandexBot/3.0; +http://yandex.com/bots)" "-"
5.255.231.0 - - [31/Jan/2024:07:59:21 +0100] "GET / HTTP/1.1" 200 31576 dartmoorrunners.co.uk "-" "Mozilla/5.0 (compatible; YandexBot/3.0; +http://yandex.com/bots)" "-"
155.133.132.0 - - [31/Jan/2024:08:00:02 +0100] "POST /xmlrpc.php HTTP/1.1" 200 403 dartmoorrunners.co.uk "-" "Mozilla/5.0 (Windows NT 10.0; Win64; x64; rv:93.0) Gecko/20100101 Firefox/93.0" "-"
2a02:c7e:3000:: - - [31/Jan/2024:08:01:28 +0100] "GET / HTTP/1.1" 200 31576 dartmoorrunners.co.uk "https://www.google.com/" "Mozilla/5.0 (iPhone; CPU iPhone OS 17_3 like Mac OS X) AppleWebKit/605.1.15 (KHTML, like Gecko) Version/17.3 Mobile/15E148 Safari/604.1" "-"
2a02:c7e:3000:: - - [31/Jan/2024:08:01:29 +0100] "GET /wp-includes/js/wp-emoji-release.min.js?ver=6.1.5 HTTP/1.1" 200 18617 dartmoorrunners.co.uk "http://dartmoorrunners.co.uk/" "Mozilla/5.0 (iPhone; CPU iPhone OS 17_3 like Mac OS X) AppleWebKit/605.1.15 (KHTML, like Gecko) Version/17.3 Mobile/15E148 Safari/604.1" "-"
2a02:c7e:3000:: - - [31/Jan/2024:08:01:29 +0100] "GET /wp-includes/css/dist/block-library/style.min.css?ver=6.1.5 HTTP/1.1" 200 16164 dartmoorrunners.co.uk "http://dartmoorrunners.co.uk/" "Mozilla/5.0 (iPhone; CPU iPhone OS 17_3 like Mac OS X) AppleWebKit/605.1.15 (KHTML, like Gecko) Version/17.3 Mobile/15E148 Safari/604.1" "-"
2a02:c7e:3000:: - - [31/Jan/2024:08:01:29 +0100] "GET /wp-content/themes/omega/style.css?ver=6.1.5 HTTP/1.1" 200 6552 dartmoorrunners.co.uk "http://dartmoorrunners.co.uk/" "Mozilla/5.0 (iPhone; CPU iPhone OS 17_3 like Mac OS X) AppleWebKit/605.1.15 (KHTML, like Gecko) Version/17.3 Mobile/15E148 Safari/604.1" "-"
2a02:c7e:3000:: - - [31/Jan/2024:08:01:29 +0100] "GET /wp-includes/css/classic-themes.min.css?ver=1 HTTP/1.1" 200 189 dartmoorrunners.co.uk "http://dartmoorrunners.co.uk/" "Mozilla/5.0 (iPhone; CPU iPhone OS 17_3 like Mac OS X) AppleWebKit/605.1.15 (KHTML, like Gecko) Version/17.3 Mobile/15E148 Safari/604.1" "-"
2a02:c7e:3000:: - - [31/Jan/2024:08:01:29 +0100] "GET /wp-content/uploads/2017/04/cropped-dartmoorrunnerslogo_normal.png HTTP/1.1" 200 110052 dartmoorrunners.co.uk "http://dartmoorrunners.co.uk/" "Mozilla/5.0 (iPhone; CPU iPhone OS 17_3 like Mac OS X) AppleWebKit/605.1.15 (KHTML, like Gecko) Version/17.3 Mobile/15E148 Safari/604.1" "-"
2a02:c7e:3000:: - - [31/Jan/2024:08:01:29 +0100] "GET /wp-content/uploads/2017/04/XmasBash2017Med.jpg HTTP/1.1" 200 200566 dartmoorrunners.co.uk "http://dartmoorrunners.co.uk/" "Mozilla/5.0 (iPhone; CPU iPhone OS 17_3 like Mac OS X) AppleWebKit/605.1.15 (KHTML, like Gecko) Version/17.3 Mobile/15E148 Safari/604.1" "-"
2a02:c7e:3000:: - - [31/Jan/2024:08:01:30 +0100] "GET /wp-content/uploads/2017/04/winter-2015-small.jpg HTTP/1.1" 200 202841 dartmoorrunners.co.uk "http://dartmoorrunners.co.uk/" "Mozilla/5.0 (iPhone; CPU iPhone OS 17_3 like Mac OS X) AppleWebKit/605.1.15 (KHTML, like Gecko) Version/17.3 Mobile/15E148 Safari/604.1" "-"
2a02:c7e:3000:: - - [31/Jan/2024:08:01:30 +0100] "GET /wp-content/uploads/2017/04/Moorland-runner-cropped.jpg HTTP/1.1" 200 437747 dartmoorrunners.co.uk "http://dartmoorrunners.co.uk/" "Mozilla/5.0 (iPhone; CPU iPhone OS 17_3 like Mac OS X) AppleWebKit/605.1.15 (KHTML, like Gecko) Version/17.3 Mobile/15E148 Safari/604.1" "-"
2a02:c7e:3000:: - - [31/Jan/2024:08:01:30 +0100] "GET /wp-content/uploads/2017/04/ControlDog-1024x768.jpg HTTP/1.1" 200 147847 dartmoorrunners.co.uk "http://dartmoorrunners.co.uk/" "Mozilla/5.0 (iPhone; CPU iPhone OS 17_3 like Mac OS X) AppleWebKit/605.1.15 (KHTML, like Gecko) Version/17.3 Mobile/15E148 Safari/604.1" "-"
2a02:c7e:3000:: - - [31/Jan/2024:08:01:31 +0100] "GET /wp-content/uploads/2017/04/cropped-dartmoorrunnerslogo_normal-192x192.png HTTP/1.1" 200 59292 dartmoorrunners.co.uk "http://dartmoorrunners.co.uk/" "Mozilla/5.0 (iPhone; CPU iPhone OS 17_3 like Mac OS X) AppleWebKit/605.1.15 (KHTML, like Gecko) Version/17.3 Mobile/15E148 Safari/604.1" "-"
2a02:c7e:3000:: - - [31/Jan/2024:08:01:31 +0100] "GET /wp-content/uploads/2017/04/cropped-dartmoorrunnerslogo_normal-32x32.png HTTP/1.1" 200 2617 dartmoorrunners.co.uk "http://dartmoorrunners.co.uk/" "Mozilla/5.0 (iPhone; CPU iPhone OS 17_3 like Mac OS X) AppleWebKit/605.1.15 (KHTML, like Gecko) Version/17.3 Mobile/15E148 Safari/604.1" "-"
66.249.76.0 - - [31/Jan/2024:08:12:04 +0100] "GET /wp-sitemap.xml HTTP/1.1" 200 562 dartmoorrunners.co.uk "-" "Mozilla/5.0 (compatible; Googlebot/2.1; +http://www.google.com/bot.html)" "-"
46.101.0.0 - - [31/Jan/2024:08:39:07 +0100] "GET / HTTP/1.1" 200 31576 dartmoorrunners.co.uk "-" "Mozilla/5.0 (X11; Linux x86_64) AppleWebKit/537.36 (KHTML, like Gecko) Chrome/108.0.0.0 Safari/537.36" "-"
82.165.88.0 - - [31/Jan/2024:08:39:08 +0100] "POST /wp-cron.php?doing_wp_cron=1706686748.1760849952697753906250 HTTP/1.1" 200 - dartmoorrunners.co.uk "http://dartmoorrunners.co.uk/wp-cron.php?doing_wp_cron=1706686748.1760849952697753906250" "WordPress/6.1.5; http://dartmoorrunners.co.uk" "-"
40.77.167.0 - - [31/Jan/2024:08:44:22 +0100] "GET /wp-sitemap-users-1.xml HTTP/1.1" 200 261 dartmoorrunners.co.uk "-" "Mozilla/5.0 AppleWebKit/537.36 (KHTML, like Gecko; compatible; bingbot/2.0; +http://www.bing.com/bingbot.htm) Chrome/116.0.1938.76 Safari/537.36" "-"
66.249.76.0 - - [31/Jan/2024:08:44:23 +0100] "GET /results/winter-series-2013-results HTTP/1.1" 200 25735 dartmoorrunners.co.uk "-" "Mozilla/5.0 (Linux; Android 6.0.1; Nexus 5X Build/MMB29P) AppleWebKit/537.36 (KHTML, like Gecko) Chrome/121.0.6167.85 Mobile Safari/537.36 (compatible; Googlebot/2.1; +http://www.google.com/bot.html)" "-"
66.249.79.0 - - [31/Jan/2024:08:44:26 +0100] "GET /wp-content/themes/omega/style.css?ver=6.1.5 HTTP/1.1" 200 6552 dartmoorrunners.co.uk "http://dartmoorrunners.co.uk/results/winter-series-2013-results" "Mozilla/5.0 (Linux; Android 6.0.1; Nexus 5X Build/MMB29P) AppleWebKit/537.36 (KHTML, like Gecko) Chrome/120.0.6099.224 Mobile Safari/537.36 (compatible; Googlebot/2.1; +http://www.google.com/bot.html)" "-"
66.249.76.0 - - [31/Jan/2024:08:44:26 +0100] "GET /wp-includes/css/dist/block-library/style.min.css?ver=6.1.5 HTTP/1.1" 200 16164 dartmoorrunners.co.uk "http://dartmoorrunners.co.uk/results/winter-series-2013-results" "Mozilla/5.0 (Linux; Android 6.0.1; Nexus 5X Build/MMB29P) AppleWebKit/537.36 (KHTML, like Gecko) Chrome/120.0.6099.224 Mobile Safari/537.36 (compatible; Googlebot/2.1; +http://www.google.com/bot.html)" "-"
66.249.76.0 - - [31/Jan/2024:08:44:26 +0100] "GET /wp-includes/js/wp-emoji-release.min.js?ver=6.1.5 HTTP/1.1" 200 18617 dartmoorrunners.co.uk "http://dartmoorrunners.co.uk/results/winter-series-2013-results" "Mozilla/5.0 (Linux; Android 6.0.1; Nexus 5X Build/MMB29P) AppleWebKit/537.36 (KHTML, like Gecko) Chrome/120.0.6099.224 Mobile Safari/537.36 (compatible; Googlebot/2.1; +http://www.google.com/bot.html)" "-"
66.249.79.0 - - [31/Jan/2024:08:44:38 +0100] "GET /wp-content/uploads/2017/04/Moorland-runner-cropped-300x212.jpg HTTP/1.1" 200 16206 dartmoorrunners.co.uk "-" "Googlebot-Image/1.0" "-"
209.141.55.0 - - [31/Jan/2024:09:14:18 +0100] "GET /wp-login.php HTTP/1.1" 200 8623 dartmoorrunners.co.uk "-" "Mozilla/5.0 (Macintosh; Intel Mac OS X 10_9_3) AppleWebKit/537.36 (KHTML, like Gecko) Chrome/35.0.1916.153 Safari/537.36" "-"
209.141.55.0 - - [31/Jan/2024:09:14:42 +0100] "POST /wp-login.php HTTP/1.1" 200 9061 dartmoorrunners.co.uk "-" "Mozilla/5.0 (Macintosh; Intel Mac OS X 10_9_3) AppleWebKit/537.36 (KHTML, like Gecko) Chrome/35.0.1916.153 Safari/537.36" "-"
155.133.142.0 - - [31/Jan/2024:09:16:12 +0100] "POST /xmlrpc.php HTTP/1.1" 200 403 dartmoorrunners.co.uk "-" "Mozilla/5.0 (Windows NT 10.0; Win64; x64; rv:57.0) Gecko/20100101 Firefox/57.0" "-"
81.94.159.0 - - [31/Jan/2024:09:25:42 +0100] "GET /wp-content/themes/travel/issue.php HTTP/1.1" 404 24764 dartmoorrunners.co.uk "-" "Mozilla/4.0 (compatible; MSIE 6.0; Windows NT 5.1; SV1)" "-"
51.222.42.0 - - [31/Jan/2024:09:30:03 +0100] "GET /.env HTTP/1.1" 404 24764 dartmoorrunners.co.uk "-" "Mozilla/5.0 (X11; Linux x86_64) AppleWebKit/537.36 (KHTML, like Gecko) Chrome/81.0.4044.129 Safari/537.36" "-"
82.165.88.0 - - [31/Jan/2024:09:30:04 +0100] "POST /wp-cron.php?doing_wp_cron=1706689804.1112649440765380859375 HTTP/1.1" 200 - dartmoorrunners.co.uk "http://dartmoorrunners.co.uk/wp-cron.php?doing_wp_cron=1706689804.1112649440765380859375" "WordPress/6.1.5; http://dartmoorrunners.co.uk" "-"
51.222.42.0 - - [31/Jan/2024:09:30:04 +0100] "POST / HTTP/1.1" 200 31576 dartmoorrunners.co.uk "-" "Mozilla/5.0 (X11; Linux x86_64) AppleWebKit/537.36 (KHTML, like Gecko) Chrome/81.0.4044.129 Safari/537.36" "-"
66.249.79.0 - - [31/Jan/2024:09:42:37 +0100] "GET /results/summer-series-2014-results HTTP/1.1" 200 25686 dartmoorrunners.co.uk "-" "Mozilla/5.0 (Linux; Android 6.0.1; Nexus 5X Build/MMB29P) AppleWebKit/537.36 (KHTML, like Gecko) Chrome/121.0.6167.85 Mobile Safari/537.36 (compatible; Googlebot/2.1; +http://www.google.com/bot.html)" "-"
95.108.213.0 - - [31/Jan/2024:09:56:08 +0100] "GET /robots.txt HTTP/1.1" 301 - www.dartmoorrunners.co.uk "-" "Mozilla/5.0 (compatible; YandexBot/3.0; +http://yandex.com/bots)" "-"
95.108.213.0 - - [31/Jan/2024:09:56:09 +0100] "GET /robots.txt HTTP/1.1" 200 121 dartmoorrunners.co.uk "-" "Mozilla/5.0 (compatible; YandexBot/3.0; +http://yandex.com/bots)" "-"
213.180.203.0 - - [31/Jan/2024:09:56:09 +0100] "GET / HTTP/1.1" 301 - www.dartmoorrunners.co.uk "-" "Mozilla/5.0 (compatible; YandexBot/3.0; +http://yandex.com/bots)" "-"
66.249.76.0 - - [31/Jan/2024:09:56:10 +0100] "GET /results/winter-series-2015-results HTTP/1.1" 200 25701 dartmoorrunners.co.uk "-" "Mozilla/5.0 (Linux; Android 6.0.1; Nexus 5X Build/MMB29P) AppleWebKit/537.36 (KHTML, like Gecko) Chrome/121.0.6167.85 Mobile Safari/537.36 (compatible; Googlebot/2.1; +http://www.google.com/bot.html)" "-"
66.249.79.0 - - [31/Jan/2024:09:56:16 +0100] "GET /wp-includes/css/dist/block-library/style.min.css?ver=6.1.5 HTTP/1.1" 200 16164 dartmoorrunners.co.uk "http://dartmoorrunners.co.uk/results/winter-series-2015-results" "Mozilla/5.0 (Linux; Android 6.0.1; Nexus 5X Build/MMB29P) AppleWebKit/537.36 (KHTML, like Gecko) Chrome/120.0.6099.224 Mobile Safari/537.36 (compatible; Googlebot/2.1; +http://www.google.com/bot.html)" "-"
66.249.79.0 - - [31/Jan/2024:09:56:17 +0100] "GET /wp-content/themes/omega/style.css?ver=6.1.5 HTTP/1.1" 200 6552 dartmoorrunners.co.uk "http://dartmoorrunners.co.uk/results/winter-series-2015-results" "Mozilla/5.0 (Linux; Android 6.0.1; Nexus 5X Build/MMB29P) AppleWebKit/537.36 (KHTML, like Gecko) Chrome/120.0.6099.224 Mobile Safari/537.36 (compatible; Googlebot/2.1; +http://www.google.com/bot.html)" "-"
66.249.79.0 - - [31/Jan/2024:09:56:17 +0100] "GET /wp-includes/js/wp-emoji-release.min.js?ver=6.1.5 HTTP/1.1" 200 18617 dartmoorrunners.co.uk "http://dartmoorrunners.co.uk/results/winter-series-2015-results" "Mozilla/5.0 (Linux; Android 6.0.1; Nexus 5X Build/MMB29P) AppleWebKit/537.36 (KHTML, like Gecko) Chrome/120.0.6099.224 Mobile Safari/537.36 (compatible; Googlebot/2.1; +http://www.google.com/bot.html)" "-"
213.180.203.0 - - [31/Jan/2024:09:58:15 +0100] "GET / HTTP/1.1" 301 - www.dartmoorrunners.co.uk "-" "Mozilla/5.0 (compatible; YandexBot/3.0; +http://yandex.com/bots)" "-"
18.142.184.0 - - [31/Jan/2024:10:01:15 +0100] "POST /wp-login.php HTTP/1.1" 200 9043 dartmoorrunners.co.uk "http://dartmoorrunners.co.uk/" "Mozilla/5.0 (Windows NT 6.1; WOW64; Trident/7.0; rv:11.0) like Gecko" "-"
38.150.13.0 - - [31/Jan/2024:10:01:16 +0100] "POST /wp-login.php HTTP/1.1" 200 9053 dartmoorrunners.co.uk "http://dartmoorrunners.co.uk/" "Mozilla/5.0 (Windows NT 6.1; WOW64; Trident/7.0; rv:11.0) like Gecko" "-"
188.40.189.0 - - [31/Jan/2024:10:24:55 +0100] "POST /xmlrpc.php HTTP/1.1" 200 403 dartmoorrunners.co.uk "-" "Mozilla/5.0 (Windows NT 10.0; Win64; x64; rv:58.0) Gecko/20100101 Firefox/58.0" "-"
62.171.139.0 - - [31/Jan/2024:10:39:14 +0100] "GET /.env HTTP/1.1" 404 24764 dartmoorrunners.co.uk "-" "Mozilla/5.0 (X11; Linux x86_64) AppleWebKit/537.36 (KHTML, like Gecko) Chrome/81.0.4044.129 Safari/537.36" "-"
82.165.88.0 - - [31/Jan/2024:10:39:15 +0100] "POST /wp-cron.php?doing_wp_cron=1706693954.9770159721374511718750 HTTP/1.1" 200 - dartmoorrunners.co.uk "http://dartmoorrunners.co.uk/wp-cron.php?doing_wp_cron=1706693954.9770159721374511718750" "WordPress/6.1.5; http://dartmoorrunners.co.uk" "-"
62.171.139.0 - - [31/Jan/2024:10:39:15 +0100] "POST / HTTP/1.1" 200 31576 dartmoorrunners.co.uk "-" "Mozilla/5.0 (X11; Linux x86_64) AppleWebKit/537.36 (KHTML, like Gecko) Chrome/81.0.4044.129 Safari/537.36" "-"
62.171.139.0 - - [31/Jan/2024:10:39:15 +0100] "GET /sendgrid/.env HTTP/1.1" 404 24764 dartmoorrunners.co.uk "-" "Mozilla/5.0 (X11; Linux x86_64) AppleWebKit/537.36 (KHTML, like Gecko) Chrome/81.0.4044.129 Safari/537.36" "-"
62.171.139.0 - - [31/Jan/2024:10:39:16 +0100] "POST / HTTP/1.1" 200 31576 dartmoorrunners.co.uk "-" "Mozilla/5.0 (X11; Linux x86_64) AppleWebKit/537.36 (KHTML, like Gecko) Chrome/81.0.4044.129 Safari/537.36" "-"
62.171.139.0 - - [31/Jan/2024:10:39:16 +0100] "GET /.env HTTP/1.1" 404 24764 dartmoorrunners.co.uk "-" "Mozlila/5.0 (Linux; Android 7.0; SM-G892A Bulid/NRD90M; wv) AppleWebKit/537.36 (KHTML, like Gecko) Version/4.0 Chrome/60.0.3112.107 Moblie Safari/537.36" "-"
192.42.116.0 - - [31/Jan/2024:10:40:21 +0100] "GET / HTTP/1.1" 200 31576 dartmoorrunners.co.uk "http://dartmoorrunners.co.uk" "Mozilla/5.0 (Windows NT 6.1; Win64; x64) AppleWebKit/537.36 (KHTML, like Gecko) Chrome/80.0.3987.149 Safari/537.36" "-"
185.220.101.0 - - [31/Jan/2024:10:40:22 +0100] "GET /?author=1 HTTP/1.1" 301 - dartmoorrunners.co.uk "http://dartmoorrunners.co.uk/" "Mozilla/5.0 (iPad; CPU OS 10_3_3 like Mac OS X) AppleWebKit/603.3.8 (KHTML, like Gecko) Version/10.0 Mobile/14G60 Safari/602.1" "-"
185.220.101.0 - - [31/Jan/2024:10:40:22 +0100] "GET /author/dradmin HTTP/1.1" 200 25902 dartmoorrunners.co.uk "http://dartmoorrunners.co.uk/" "Mozilla/5.0 (iPad; CPU OS 10_3_3 like Mac OS X) AppleWebKit/603.3.8 (KHTML, like Gecko) Version/10.0 Mobile/14G60 Safari/602.1" "-"
185.220.100.0 - - [31/Jan/2024:10:40:24 +0100] "GET /?author=2 HTTP/1.1" 200 24958 dartmoorrunners.co.uk "http://dartmoorrunners.co.uk/" "Mozilla/5.0 (Windows NT 10.0; WOW64; rv:53.0) Gecko/20100101 Firefox/53.0" "-"
23.129.64.0 - - [31/Jan/2024:10:40:25 +0100] "GET /?author=3 HTTP/1.1" 404 24764 dartmoorrunners.co.uk "http://dartmoorrunners.co.uk/" "Mozilla/5.0 (Windows NT 6.2; Win64; x64) AppleWebKit/537.36 (KHTML, like Gecko) Chrome/60.0.3112.90 Safari/537.36" "-"
185.220.101.0 - - [31/Jan/2024:10:40:30 +0100] "GET /?author=4 HTTP/1.1" 404 24764 dartmoorrunners.co.uk "http://dartmoorrunners.co.uk/" "Mozilla/5.0 (Windows NT 10.0; Win64; x64) AppleWebKit/537.36 (KHTML, like Gecko) Chrome/70.0.3538.102 Safari/537.36 Edge/18.18363" "-"
23.129.64.0 - - [31/Jan/2024:10:40:37 +0100] "GET /wp-json/wp/v2/users/1 HTTP/1.1" 200 582 dartmoorrunners.co.uk "http://dartmoorrunners.co.uk/" "Mozilla/5.0 (Windows NT 10.0; Win64; x64) AppleWebKit/537.36 (KHTML, like Gecko) Chrome/79.0.3945.79 Safari/537.36" "-"
192.42.116.0 - - [31/Jan/2024:10:40:37 +0100] "GET /wp-json/wp/v2/users/2 HTTP/1.1" 401 108 dartmoorrunners.co.uk "http://dartmoorrunners.co.uk/" "Mozilla/5.0 (Windows NT 10.0; WOW64; rv:51.0) Gecko/20100101 Firefox/51.0" "-"
185.220.100.0 - - [31/Jan/2024:10:40:43 +0100] "GET /wp-json/wp/v2/users/5 HTTP/1.1" 404 82 dartmoorrunners.co.uk "http://dartmoorrunners.co.uk/" "Mozilla/4.0 (compatible; MSIE 7.0; Windows NT 5.1; .NET CLR 1.1.4322; .NET CLR 2.0.50727; .NET CLR 3.0.04506.30)" "-"
2a00:23c6:9400:: - - [31/Jan/2024:10:43:21 +0100] "GET / HTTP/1.1" 200 373 dartmoorrunners.co.uk "-" "Mozilla/5.0 (Macintosh; Intel Mac OS X 10_15_7) AppleWebKit/605.1.15 (KHTML, like Gecko) Version/16.3 Safari/605.1.15" "-"
199.244.88.0 - - [31/Jan/2024:10:45:06 +0100] "GET / HTTP/1.1" 200 31576 dartmoorrunners.co.uk "-" "Mozilla/5.0 (X11; Linux x86_64) AppleWebKit/537.36 (KHTML, like Gecko) Chrome/105.0.0.0 Safari/537.36" "-"
40.77.167.0 - - [31/Jan/2024:10:55:56 +0100] "GET /wp-sitemap-taxonomies-category-1.xml HTTP/1.1" 200 269 dartmoorrunners.co.uk "-" "Mozilla/5.0 AppleWebKit/537.36 (KHTML, like Gecko; compatible; bingbot/2.0; +http://www.bing.com/bingbot.htm) Chrome/116.0.1938.76 Safari/537.36" "-"
95.108.213.0 - - [31/Jan/2024:11:35:41 +0100] "GET /robots.txt HTTP/1.1" 200 121 dartmoorrunners.co.uk "-" "Mozilla/5.0 (compatible; YandexBot/3.0; +http://yandex.com/bots)" "-"
82.165.88.0 - - [31/Jan/2024:11:35:42 +0100] "POST /wp-cron.php?doing_wp_cron=1706697342.2877709865570068359375 HTTP/1.1" 200 - dartmoorrunners.co.uk "http://dartmoorrunners.co.uk/wp-cron.php?doing_wp_cron=1706697342.2877709865570068359375" "WordPress/6.1.5; http://dartmoorrunners.co.uk" "-"
87.250.224.0 - - [31/Jan/2024:11:35:43 +0100] "GET / HTTP/1.1" 200 31576 dartmoorrunners.co.uk "-" "Mozilla/5.0 (compatible; YandexBot/3.0; +http://yandex.com/bots)" "-"
213.180.203.0 - - [31/Jan/2024:11:37:46 +0100] "GET / HTTP/1.1" 200 31576 dartmoorrunners.co.uk "-" "Mozilla/5.0 (compatible; YandexBot/3.0; +http://yandex.com/bots)" "-"
2a09:bac3:3700:: - - [31/Jan/2024:11:43:51 +0100] "GET / HTTP/1.1" 200 31576 dartmoorrunners.co.uk "-" "Mozilla/5.0 (iPhone; CPU iPhone OS 17_2_1 like Mac OS X) AppleWebKit/605.1.15 (KHTML, like Gecko) Version/17.2 Mobile/15E148 Safari/604.1" "-"
91.135.67.0 - - [31/Jan/2024:11:45:22 +0100] "POST /xmlrpc.php HTTP/1.1" 200 403 dartmoorrunners.co.uk "-" "Mozilla/5.0 (Windows NT 10.0; Win64; x64; rv:50.0) Gecko/20100101 Firefox/50.0" "-"
82.165.88.0 - - [31/Jan/2024:12:47:11 +0100] "POST /wp-cron.php?doing_wp_cron=1706701631.8377199172973632812500 HTTP/1.1" 200 - dartmoorrunners.co.uk "http://dartmoorrunners.co.uk/wp-cron.php?doing_wp_cron=1706701631.8377199172973632812500" "WordPress/6.1.5; http://dartmoorrunners.co.uk" "-"
54.36.149.0 - - [31/Jan/2024:12:47:11 +0100] "GET /robots.txt HTTP/1.1" 200 121 dartmoorrunners.co.uk "-" "Mozilla/5.0 (compatible; AhrefsBot/7.0; +http://ahrefs.com/robot/)" "-"
54.36.148.0 - - [31/Jan/2024:12:47:12 +0100] "GET /results/winter-series-2011-results HTTP/1.1" 200 44857 dartmoorrunners.co.uk "-" "Mozilla/5.0 (compatible; AhrefsBot/7.0; +http://ahrefs.com/robot/)" "-"
13.94.151.0 - - [31/Jan/2024:12:54:18 +0100] "POST /xmlrpc.php HTTP/1.1" 200 403 dartmoorrunners.co.uk "-" "Mozilla/5.0 (Windows NT 10.0; Win64; x64; rv:64.0) Gecko/20100101 Firefox/64.0" "-"
66.249.75.0 - - [31/Jan/2024:13:22:23 +0100] "GET /robots.txt HTTP/1.1" 200 121 dartmoorrunners.co.uk "-" "Mozilla/5.0 (compatible; Googlebot/2.1; +http://www.google.com/bot.html)" "-"
66.249.75.0 - - [31/Jan/2024:13:22:45 +0100] "GET /wp-sitemap-posts-post-1.xml HTTP/1.1" 200 258 dartmoorrunners.co.uk "-" "Mozilla/5.0 (compatible; Googlebot/2.1; +http://www.google.com/bot.html)" "-"
35.197.84.0 - - [31/Jan/2024:13:41:33 +0100] "GET /wp-content/uploads/2017/04/cropped-dartmoorrunnerslogo_normal.png HTTP/1.1" 200 110052 dartmoorrunners.co.uk "-" "Mozilla/5.0 (X11; Ubuntu; Linux x86_64; rv:72.0) Gecko/20100101 Firefox/72.0" "-"
82.165.88.0 - - [31/Jan/2024:13:46:20 +0100] "POST /wp-cron.php?doing_wp_cron=1706705180.6487720012664794921875 HTTP/1.1" 200 - dartmoorrunners.co.uk "http://dartmoorrunners.co.uk/wp-cron.php?doing_wp_cron=1706705180.6487720012664794921875" "WordPress/6.1.5; http://dartmoorrunners.co.uk" "-"
66.249.75.0 - - [31/Jan/2024:13:46:20 +0100] "GET / HTTP/1.1" 200 31576 dartmoorrunners.co.uk "-" "Mozilla/5.0 (compatible; Googlebot/2.1; +http://www.google.com/bot.html)" "-"
95.108.213.0 - - [31/Jan/2024:13:46:33 +0100] "GET /robots.txt HTTP/1.1" 301 - www.dartmoorrunners.co.uk "-" "Mozilla/5.0 (compatible; YandexBot/3.0; +http://yandex.com/bots)" "-"
95.108.213.0 - - [31/Jan/2024:13:46:33 +0100] "GET /robots.txt HTTP/1.1" 200 121 dartmoorrunners.co.uk "-" "Mozilla/5.0 (compatible; YandexBot/3.0; +http://yandex.com/bots)" "-"
66.249.75.0 - - [31/Jan/2024:13:46:33 +0100] "GET /wp-includes/js/wp-emoji-release.min.js?ver=6.1.5 HTTP/1.1" 200 18617 dartmoorrunners.co.uk "http://dartmoorrunners.co.uk/" "Mozilla/5.0 AppleWebKit/537.36 (KHTML, like Gecko; compatible; Googlebot/2.1; +http://www.google.com/bot.html) Chrome/120.0.6099.224 Safari/537.36" "-"
213.180.203.0 - - [31/Jan/2024:13:46:34 +0100] "GET / HTTP/1.1" 301 - www.dartmoorrunners.co.uk "-" "Mozilla/5.0 (compatible; YandexBot/3.0; +http://yandex.com/bots)" "-"
5.255.231.0 - - [31/Jan/2024:13:48:38 +0100] "GET / HTTP/1.1" 301 - www.dartmoorrunners.co.uk "-" "Mozilla/5.0 (compatible; YandexBot/3.0; +http://yandex.com/bots)" "-"
2a02:c207:2000:: - - [31/Jan/2024:14:10:28 +0100] "POST /xmlrpc.php HTTP/1.1" 200 403 dartmoorrunners.co.uk "-" "Mozilla/5.0 (Windows NT 10.0; Win64; x64; rv:56.0) Gecko/20100101 Firefox/56.0" "-"
2a09:bac2:3700:: - - [31/Jan/2024:14:30:28 +0100] "GET / HTTP/1.1" 200 31576 dartmoorrunners.co.uk "-" "Mozilla/5.0 (iPhone; CPU iPhone OS 17_2_1 like Mac OS X) AppleWebKit/605.1.15 (KHTML, like Gecko) Version/17.2 Mobile/15E148 Safari/604.1" "-"
82.165.88.0 - - [31/Jan/2024:14:30:29 +0100] "POST /wp-cron.php?doing_wp_cron=1706707829.1259369850158691406250 HTTP/1.1" 200 - dartmoorrunners.co.uk "http://dartmoorrunners.co.uk/wp-cron.php?doing_wp_cron=1706707829.1259369850158691406250" "WordPress/6.1.5; http://dartmoorrunners.co.uk" "-"
2a09:bac3:3700:: - - [31/Jan/2024:14:30:29 +0100] "GET /apple-touch-icon-120x120-precomposed.png HTTP/1.1" 404 24764 dartmoorrunners.co.uk "-" "MobileSafari/8617.1.17.10.9 CFNetwork/1490.0.4 Darwin/23.2.0" "-"
2a09:bac3:3700:: - - [31/Jan/2024:14:30:30 +0100] "GET /apple-touch-icon-120x120.png HTTP/1.1" 404 24764 dartmoorrunners.co.uk "-" "MobileSafari/8617.1.17.10.9 CFNetwork/1490.0.4 Darwin/23.2.0" "-"
2a09:bac3:3700:: - - [31/Jan/2024:14:30:30 +0100] "GET /wp-content/uploads/2017/04/cropped-dartmoorrunnerslogo_normal-180x180.png HTTP/1.1" 200 55513 dartmoorrunners.co.uk "-" "MobileSafari/8617.1.17.10.9 CFNetwork/1490.0.4 Darwin/23.2.0" "-"
18.136.123.0 - - [31/Jan/2024:14:35:01 +0100] "POST /wp-login.php HTTP/1.1" 200 9043 dartmoorrunners.co.uk "http://dartmoorrunners.co.uk/" "Mozilla/5.0 (Windows NT 6.1; WOW64; Trident/7.0; rv:11.0) like Gecko" "-"
104.28.224.0 - - [31/Jan/2024:14:35:02 +0100] "POST /wp-login.php HTTP/1.1" 200 9053 dartmoorrunners.co.uk "http://dartmoorrunners.co.uk/" "Mozilla/5.0 (Windows NT 6.1; WOW64; Trident/7.0; rv:11.0) like Gecko" "-"
54.178.75.0 - - [31/Jan/2024:14:48:09 +0100] "POST /wp-login.php HTTP/1.1" 200 9043 dartmoorrunners.co.uk "http://dartmoorrunners.co.uk/" "Mozilla/5.0 (Windows NT 6.1; WOW64; Trident/7.0; rv:11.0) like Gecko" "-"
