37.221.92.0 - - [19/Feb/2024:10:26:48 +0100] "GET /wp-admin/network/cloud.php HTTP/1.1" 404 24761 dartmoorrunners.co.uk "-" "-" "-"
37.221.92.0 - - [19/Feb/2024:10:26:48 +0100] "GET /cloud.php HTTP/1.1" 404 24761 dartmoorrunners.co.uk "-" "-" "-"
37.221.92.0 - - [19/Feb/2024:10:26:49 +0100] "GET /cgi-bin/cloud.php HTTP/1.1" 404 626 dartmoorrunners.co.uk "-" "-" "-"
37.221.92.0 - - [19/Feb/2024:10:26:49 +0100] "GET /wp-content/updates.php HTTP/1.1" 404 24761 dartmoorrunners.co.uk "-" "-" "-"
37.221.92.0 - - [19/Feb/2024:10:26:49 +0100] "GET /css/cloud.php HTTP/1.1" 404 24761 dartmoorrunners.co.uk "-" "-" "-"
82.165.88.0 - - [19/Feb/2024:10:29:18 +0100] "POST /wp-cron.php?doing_wp_cron=1708334958.5136370658874511718750 HTTP/1.1" 200 - dartmoorrunners.co.uk "http://dartmoorrunners.co.uk/wp-cron.php?doing_wp_cron=1708334958.5136370658874511718750" "WordPress/6.1.5; http://dartmoorrunners.co.uk" "-"
37.221.92.0 - - [19/Feb/2024:10:29:18 +0100] "GET /wp-admin/user/cloud.php HTTP/1.1" 404 24761 dartmoorrunners.co.uk "-" "-" "-"
37.221.92.0 - - [19/Feb/2024:10:29:19 +0100] "GET /img/cloud.php HTTP/1.1" 404 24761 dartmoorrunners.co.uk "-" "-" "-"
37.221.92.0 - - [19/Feb/2024:10:29:19 +0100] "GET /wp-admin/css/colors/coffee/cloud.php HTTP/1.1" 404 24761 dartmoorrunners.co.uk "-" "-" "-"
37.221.92.0 - - [19/Feb/2024:10:29:20 +0100] "GET /wp-admin/images/cloud.php HTTP/1.1" 404 24761 dartmoorrunners.co.uk "-" "-" "-"
37.221.92.0 - - [19/Feb/2024:10:29:20 +0100] "GET /avaa.php HTTP/1.1" 404 24761 dartmoorrunners.co.uk "-" "-" "-"
37.221.92.0 - - [19/Feb/2024:10:29:20 +0100] "GET /images/cloud.php HTTP/1.1" 404 24761 dartmoorrunners.co.uk "-" "-" "-"
37.221.92.0 - - [19/Feb/2024:10:29:21 +0100] "GET /wp-admin/js/widgets/cloud.php HTTP/1.1" 404 24761 dartmoorrunners.co.uk "-" "-" "-"
37.221.92.0 - - [19/Feb/2024:10:29:21 +0100] "GET /wp-includes/Requests/Text/admin.php HTTP/1.1" 404 24761 dartmoorrunners.co.uk "-" "-" "-"
37.221.92.0 - - [19/Feb/2024:10:29:22 +0100] "GET /wp-admin/css/colors/cloud.php HTTP/1.1" 404 24761 dartmoorrunners.co.uk "-" "-" "-"
37.221.92.0 - - [19/Feb/2024:10:29:22 +0100] "GET /wp-admin/includes/cloud.php HTTP/1.1" 404 24761 dartmoorrunners.co.uk "-" "-" "-"
37.221.92.0 - - [19/Feb/2024:10:29:22 +0100] "GET /wp-admin/css/colors/blue/cloud.php HTTP/1.1" 404 24761 dartmoorrunners.co.uk "-" "-" "-"
37.221.92.0 - - [19/Feb/2024:10:29:23 +0100] "GET /wp-admin/cloud.php HTTP/1.1" 404 24761 dartmoorrunners.co.uk "-" "-" "-"
37.221.92.0 - - [19/Feb/2024:10:29:23 +0100] "GET /updates.php HTTP/1.1" 404 24761 dartmoorrunners.co.uk "-" "-" "-"
37.221.92.0 - - [19/Feb/2024:10:29:24 +0100] "GET /libraries/legacy/updates.php HTTP/1.1" 404 24761 dartmoorrunners.co.uk "-" "-" "-"
37.221.92.0 - - [19/Feb/2024:10:29:24 +0100] "GET /libraries/phpmailer/updates.php HTTP/1.1" 404 24761 dartmoorrunners.co.uk "-" "-" "-"
37.221.92.0 - - [19/Feb/2024:10:29:24 +0100] "GET /libraries/vendor/updates.php HTTP/1.1" 404 24761 dartmoorrunners.co.uk "-" "-" "-"
37.221.92.0 - - [19/Feb/2024:10:29:25 +0100] "GET /alfa-rex.php7 HTTP/1.1" 404 24761 dartmoorrunners.co.uk "-" "-" "-"
37.221.92.0 - - [19/Feb/2024:10:29:25 +0100] "GET /alfanew.php HTTP/1.1" 404 24761 dartmoorrunners.co.uk "-" "-" "-"
37.221.92.0 - - [19/Feb/2024:10:29:25 +0100] "GET /wp-content/plugins/Cache/Cache.php HTTP/1.1" 404 24761 dartmoorrunners.co.uk "-" "-" "-"
37.221.92.0 - - [19/Feb/2024:10:29:26 +0100] "GET /wp-admin/js/widgets/about.php7 HTTP/1.1" 404 24761 dartmoorrunners.co.uk "-" "-" "-"
138.197.6.0 - - [19/Feb/2024:10:30:11 +0100] "POST /wp-login.php HTTP/1.1" 200 9053 dartmoorrunners.co.uk "-" "Mozilla/5.0 (Windows NT 10.0; WOW64) AppleWebKit/537.36 (KHTML, like Gecko) Chrome/55.0.2883.87 Safari/537.36" "-"
37.221.92.0 - - [19/Feb/2024:10:31:36 +0100] "GET /wp-p.php7 HTTP/1.1" 404 24761 dartmoorrunners.co.uk "-" "-" "-"
37.221.92.0 - - [19/Feb/2024:10:31:36 +0100] "GET /wp-admin/repeater.php HTTP/1.1" 404 24761 dartmoorrunners.co.uk "-" "-" "-"
37.221.92.0 - - [19/Feb/2024:10:31:37 +0100] "GET /wp-includes/repeater.php HTTP/1.1" 404 24761 dartmoorrunners.co.uk "-" "-" "-"
37.221.92.0 - - [19/Feb/2024:10:31:37 +0100] "GET /wp-content/repeater.php HTTP/1.1" 404 24761 dartmoorrunners.co.uk "-" "-" "-"
37.221.92.0 - - [19/Feb/2024:10:31:37 +0100] "GET /wsoyanz.php HTTP/1.1" 404 24761 dartmoorrunners.co.uk "-" "-" "-"
37.221.92.0 - - [19/Feb/2024:10:31:38 +0100] "GET /yanz.php HTTP/1.1" 404 24761 dartmoorrunners.co.uk "-" "-" "-"
37.221.92.0 - - [19/Feb/2024:10:31:38 +0100] "GET /wp-admin/js/about.php HTTP/1.1" 404 24761 dartmoorrunners.co.uk "-" "-" "-"
37.221.92.0 - - [19/Feb/2024:10:31:38 +0100] "GET /wp-content/plugins/seoo/wsoyanz.php HTTP/1.1" 404 24761 dartmoorrunners.co.uk "-" "-" "-"
37.221.92.0 - - [19/Feb/2024:10:31:39 +0100] "GET /wp-content/plugins/seoo/wsoyanz1.php HTTP/1.1" 404 24761 dartmoorrunners.co.uk "-" "-" "-"
37.221.92.0 - - [19/Feb/2024:10:31:39 +0100] "GET /cache-compat.php HTTP/1.1" 404 24761 dartmoorrunners.co.uk "-" "-" "-"
37.221.92.0 - - [19/Feb/2024:10:31:39 +0100] "GET /ajax-actions.php HTTP/1.1" 404 24761 dartmoorrunners.co.uk "-" "-" "-"
37.221.92.0 - - [19/Feb/2024:10:31:40 +0100] "GET /wp-admin/ajax-actions.php HTTP/1.1" 404 24761 dartmoorrunners.co.uk "-" "-" "-"
37.221.92.0 - - [19/Feb/2024:10:31:40 +0100] "GET /wp-consar.php HTTP/1.1" 404 24761 dartmoorrunners.co.uk "-" "-" "-"
37.221.92.0 - - [19/Feb/2024:10:31:40 +0100] "GET /repeater.php HTTP/1.1" 404 24761 dartmoorrunners.co.uk "-" "-" "-"
37.221.92.0 - - [19/Feb/2024:10:31:41 +0100] "GET /admin-post.php HTTP/1.1" 404 24761 dartmoorrunners.co.uk "-" "-" "-"
37.221.92.0 - - [19/Feb/2024:10:31:41 +0100] "GET /wp-admin/maint/maint/ajax-actions.php HTTP/1.1" 404 24761 dartmoorrunners.co.uk "-" "-" "-"
37.221.92.0 - - [19/Feb/2024:10:31:41 +0100] "GET /wp-admin/dropdown.php HTTP/1.1" 404 24761 dartmoorrunners.co.uk "-" "-" "-"
37.221.92.0 - - [19/Feb/2024:10:31:41 +0100] "GET /wp-admin/css/index.php HTTP/1.1" 301 - dartmoorrunners.co.uk "-" "-" "-"
37.221.92.0 - - [19/Feb/2024:10:31:42 +0100] "GET /wp-admin/css/ HTTP/1.1" 403 618 dartmoorrunners.co.uk "-" "-" "-"
37.221.92.0 - - [19/Feb/2024:10:31:42 +0100] "GET /dropdown.php HTTP/1.1" 404 24761 dartmoorrunners.co.uk "-" "-" "-"
103.78.24.0 - - [19/Feb/2024:10:50:27 +0100] "POST /wp-login.php HTTP/1.1" 200 9043 dartmoorrunners.co.uk "-" "Mozilla/5.0 (Windows NT 6.1) AppleWebKit/537.36 (KHTML, like Gecko) Chrome/62.0.3202.94 Safari/537.36" "-"
149.202.42.0 - - [19/Feb/2024:10:57:24 +0100] "POST /wp-login.php HTTP/1.1" 200 9053 dartmoorrunners.co.uk "-" "Mozilla/5.0 (Windows NT 6.1; WOW64) AppleWebKit/537.36 (KHTML, like Gecko) Chrome/36.0.1985.125 Safari/537.36" "-"
20.204.41.0 - - [19/Feb/2024:11:06:48 +0100] "POST /wp-login.php HTTP/1.1" 200 9053 dartmoorrunners.co.uk "-" "Mozilla/5.0 (Windows NT 6.3; WOW64) AppleWebKit/537.36 (KHTML, like Gecko) Chrome/46.0.2490.80 Safari/537.36" "-"
82.165.88.0 - - [19/Feb/2024:11:25:06 +0100] "POST /wp-cron.php?doing_wp_cron=1708338306.8397049903869628906250 HTTP/1.1" 200 - dartmoorrunners.co.uk "http://dartmoorrunners.co.uk/wp-cron.php?doing_wp_cron=1708338306.8397049903869628906250" "WordPress/6.1.5; http://dartmoorrunners.co.uk" "-"
162.214.197.0 - - [19/Feb/2024:11:25:06 +0100] "POST /wp-login.php HTTP/1.1" 200 9053 dartmoorrunners.co.uk "-" "Mozilla/5.0 (Windows NT 6.1; WOW64) AppleWebKit/537.36 (KHTML, like Gecko) Chrome/48.0.2564.116 Safari/537.36" "-"
138.197.6.0 - - [19/Feb/2024:11:27:05 +0100] "POST /wp-login.php HTTP/1.1" 200 9043 dartmoorrunners.co.uk "-" "Mozilla/5.0 (Windows NT 6.1; WOW64) AppleWebKit/537.36 (KHTML, like Gecko) Chrome/47.0.2526.111 Safari/537.36" "-"
47.252.71.0 - - [19/Feb/2024:11:56:00 +0100] "HEAD /wp-content/uploads/2017/04/cropped-dartmoorrunnerslogo_normal.png HTTP/1.1" 200 - dartmoorrunners.co.uk "-" "Go-http-client/1.1" "-"
47.252.71.0 - - [19/Feb/2024:11:56:00 +0100] "GET /wp-content/uploads/2017/04/cropped-dartmoorrunnerslogo_normal.png HTTP/1.1" 200 110052 dartmoorrunners.co.uk "-" "Go-http-client/1.1" "-"
82.165.88.0 - - [19/Feb/2024:12:02:21 +0100] "POST /wp-cron.php?doing_wp_cron=1708340541.7537369728088378906250 HTTP/1.1" 200 - dartmoorrunners.co.uk "http://dartmoorrunners.co.uk/wp-cron.php?doing_wp_cron=1708340541.7537369728088378906250" "WordPress/6.1.5; http://dartmoorrunners.co.uk" "-"
167.86.110.0 - - [19/Feb/2024:12:02:21 +0100] "GET /simple.php HTTP/1.1" 404 24761 dartmoorrunners.co.uk "www.google.com" "Mozlila/5.0 (Linux; Android 7.0; SM-G892A Bulid/NRD90M; wv) AppleWebKit/537.36 (KHTML, like Gecko) Version/4.0 Chrome/60.0.3112.107 Moblie Safari/537.36" "-"
92.205.19.0 - - [19/Feb/2024:12:03:11 +0100] "POST /wp-login.php HTTP/1.1" 200 9043 dartmoorrunners.co.uk "-" "Mozilla/5.0 (Windows NT 10.0; WOW64) AppleWebKit/537.36 (KHTML, like Gecko) Chrome/46.0.2490.80 Safari/537.36" "-"
20.212.58.0 - - [19/Feb/2024:12:04:40 +0100] "GET /wp-includes/js/jquery/jquery-migrate.min.js HTTP/1.1" 200 11224 dartmoorrunners.co.uk "-" "Mozilla/5.0 (Windows NT 10.0; Win64; x64; rv:88.0) Gecko/20100101 Firefox/88.0" "-"
20.212.58.0 - - [19/Feb/2024:12:04:41 +0100] "GET / HTTP/1.1" 200 31573 dartmoorrunners.co.uk "-" "Mozilla/5.0 (Windows NT 10.0; Win64; x64; rv:88.0) Gecko/20100101 Firefox/88.0" "-"
20.212.58.0 - - [19/Feb/2024:12:04:42 +0100] "GET /administrator/language/en-GB/en-GB.xml HTTP/1.1" 404 24761 dartmoorrunners.co.uk "-" "Mozilla/5.0 (Windows NT 10.0; Win64; x64; rv:88.0) Gecko/20100101 Firefox/88.0" "-"
20.212.58.0 - - [19/Feb/2024:12:04:42 +0100] "GET /wp-includes/ID3/license.txt HTTP/1.1" 200 487 dartmoorrunners.co.uk "-" "Mozilla/5.0 (Windows NT 10.0; Win64; x64; rv:88.0) Gecko/20100101 Firefox/88.0" "-"
69.163.137.0 - - [19/Feb/2024:12:12:46 +0100] "POST /wp-login.php HTTP/1.1" 200 9043 dartmoorrunners.co.uk "-" "Mozilla/5.0 (Windows NT 6.3; Win64; x64) AppleWebKit/537.36 (KHTML, like Gecko) Chrome/79.0.3945.130 Safari/537.36" "-"
192.76.8.0 - - [19/Feb/2024:12:13:37 +0100] "GET /varsity/relay/ HTTP/1.1" 200 4158 dartmoorrunners.co.uk "-" "Mozilla/5.0 (Windows NT 10.0; Win64; x64) AppleWebKit/537.36 (KHTML, like Gecko) Chrome/121.0.0.0 Safari/537.36 Edg/121.0.0.0" "-"
192.76.8.0 - - [19/Feb/2024:12:13:37 +0100] "GET /favicon.ico HTTP/1.1" 302 - dartmoorrunners.co.uk "http://dartmoorrunners.co.uk/varsity/relay/" "Mozilla/5.0 (Windows NT 10.0; Win64; x64) AppleWebKit/537.36 (KHTML, like Gecko) Chrome/121.0.0.0 Safari/537.36 Edg/121.0.0.0" "-"
192.76.8.0 - - [19/Feb/2024:12:13:38 +0100] "GET /wp-content/uploads/2017/04/cropped-dartmoorrunnerslogo_normal-32x32.png HTTP/1.1" 200 2617 dartmoorrunners.co.uk "http://dartmoorrunners.co.uk/varsity/relay/" "Mozilla/5.0 (Windows NT 10.0; Win64; x64) AppleWebKit/537.36 (KHTML, like Gecko) Chrome/121.0.0.0 Safari/537.36 Edg/121.0.0.0" "-"
54.36.148.0 - - [19/Feb/2024:12:21:00 +0100] "GET /results/summer-series-2018-results HTTP/1.1" 200 25795 dartmoorrunners.co.uk "-" "Mozilla/5.0 (compatible; AhrefsBot/7.0; +http://ahrefs.com/robot/)" "-"
82.165.88.0 - - [19/Feb/2024:12:40:16 +0100] "POST /wp-cron.php?doing_wp_cron=1708342816.9700469970703125000000 HTTP/1.1" 200 - dartmoorrunners.co.uk "http://dartmoorrunners.co.uk/wp-cron.php?doing_wp_cron=1708342816.9700469970703125000000" "WordPress/6.1.5; http://dartmoorrunners.co.uk" "-"
138.68.188.0 - - [19/Feb/2024:12:40:16 +0100] "POST /wp-login.php HTTP/1.1" 200 9043 dartmoorrunners.co.uk "-" "Mozilla/5.0 (Windows NT 10.0; Win64; x64) AppleWebKit/537.36 (KHTML, like Gecko) Chrome/64.0.3282.140 Safari/537.36" "-"
198.48.92.0 - - [19/Feb/2024:13:01:08 +0100] "GET /wp-content/uploads/2017/04/cropped-dartmoorrunnerslogo_normal.png HTTP/1.1" 200 110052 dartmoorrunners.co.uk "-" "Mozilla/5.0 (X11; Ubuntu; Linux x86_64; rv:72.0) Gecko/20100101 Firefox/72.0" "-"
38.150.13.0 - - [19/Feb/2024:13:12:38 +0100] "POST /wp-login.php HTTP/1.1" 200 9043 dartmoorrunners.co.uk "http://dartmoorrunners.co.uk/" "Mozilla/5.0 (Windows NT 6.1; WOW64; Trident/7.0; rv:11.0) like Gecko" "-"
116.92.208.0 - - [19/Feb/2024:13:12:47 +0100] "POST /wp-login.php HTTP/1.1" 200 9053 dartmoorrunners.co.uk "http://dartmoorrunners.co.uk/" "Mozilla/5.0 (Windows NT 6.1; WOW64; Trident/7.0; rv:11.0) like Gecko" "-"
82.165.88.0 - - [19/Feb/2024:13:39:59 +0100] "POST /wp-cron.php?doing_wp_cron=1708346399.5915260314941406250000 HTTP/1.1" 200 - dartmoorrunners.co.uk "http://dartmoorrunners.co.uk/wp-cron.php?doing_wp_cron=1708346399.5915260314941406250000" "WordPress/6.1.5; http://dartmoorrunners.co.uk" "-"
213.180.203.0 - - [19/Feb/2024:13:39:59 +0100] "GET /robots.txt HTTP/1.1" 200 121 dartmoorrunners.co.uk "-" "Mozilla/5.0 (compatible; YandexBot/3.0; +http://yandex.com/bots)" "-"
5.255.231.0 - - [19/Feb/2024:13:40:00 +0100] "GET / HTTP/1.1" 200 31573 dartmoorrunners.co.uk "-" "Mozilla/5.0 (compatible; YandexBot/3.0; +http://yandex.com/bots)" "-"
95.108.213.0 - - [19/Feb/2024:13:42:05 +0100] "GET / HTTP/1.1" 200 31573 dartmoorrunners.co.uk "-" "Mozilla/5.0 (compatible; YandexBot/3.0; +http://yandex.com/bots)" "-"
101.34.244.0 - - [19/Feb/2024:13:47:29 +0100] "POST /wp-login.php HTTP/1.1" 200 9005 dartmoorrunners.co.uk "-" "Mozilla/5.0 (compatible; DuckDuckGo-Favicons-Bot/1.0; +http://duckduckgo.com)" "-"
5.188.62.0 - - [19/Feb/2024:13:53:29 +0100] "GET /wp-login.php?wp_lang=en_US HTTP/1.1" 200 6947 dartmoorrunners.co.uk "-" "Mozilla/5.0 (Windows NT 6.1; WOW64) AppleWebKit/537.36 (KHTML, like Gecko) Chrome/100.0.4896.127 Safari/537.36" "-"
5.188.62.0 - - [19/Feb/2024:13:53:30 +0100] "GET /wp-login.php?wp_lang=en_US HTTP/1.1" 200 6947 dartmoorrunners.co.uk "-" "Mozilla/5.0 (Windows NT 6.1; WOW64) AppleWebKit/537.36 (KHTML, like Gecko) Chrome/101.0.4951.67 Safari/537.36" "-"
5.188.62.0 - - [19/Feb/2024:13:53:33 +0100] "POST /wp-login.php?wp_lang=en_US HTTP/1.1" 200 7367 dartmoorrunners.co.uk "-" "Mozilla/5.0 (Windows NT 6.1; WOW64) AppleWebKit/537.36 (KHTML, like Gecko) Chrome/100.0.4896.127 Safari/537.36" "-"
5.188.62.0 - - [19/Feb/2024:13:53:35 +0100] "POST /wp-login.php?wp_lang=en_US HTTP/1.1" 503 299 dartmoorrunners.co.uk "-" "Mozilla/5.0 (Windows NT 6.1; WOW64) AppleWebKit/537.36 (KHTML, like Gecko) Chrome/101.0.4951.67 Safari/537.36" "-"
213.180.203.0 - - [19/Feb/2024:14:02:23 +0100] "GET /robots.txt HTTP/1.1" 301 - www.dartmoorrunners.co.uk "-" "Mozilla/5.0 (compatible; YandexBot/3.0; +http://yandex.com/bots)" "-"
213.180.203.0 - - [19/Feb/2024:14:02:24 +0100] "GET /robots.txt HTTP/1.1" 200 121 dartmoorrunners.co.uk "-" "Mozilla/5.0 (compatible; YandexBot/3.0; +http://yandex.com/bots)" "-"
5.255.231.0 - - [19/Feb/2024:14:02:24 +0100] "GET / HTTP/1.1" 301 - www.dartmoorrunners.co.uk "-" "Mozilla/5.0 (compatible; YandexBot/3.0; +http://yandex.com/bots)" "-"
95.108.213.0 - - [19/Feb/2024:14:04:29 +0100] "GET / HTTP/1.1" 301 - www.dartmoorrunners.co.uk "-" "Mozilla/5.0 (compatible; YandexBot/3.0; +http://yandex.com/bots)" "-"
192.76.8.0 - - [19/Feb/2024:14:11:16 +0100] "GET /varsity/relay/ HTTP/1.1" 200 4158 dartmoorrunners.co.uk "-" "Mozilla/5.0 (iPhone; CPU iPhone OS 15_8 like Mac OS X) AppleWebKit/605.1.15 (KHTML, like Gecko) Version/15.6.6 Mobile/15E148 Safari/604.1" "-"
192.76.8.0 - - [19/Feb/2024:14:11:18 +0100] "GET /favicon.ico HTTP/1.1" 302 - dartmoorrunners.co.uk "http://dartmoorrunners.co.uk/varsity/relay/" "Mozilla/5.0 (iPhone; CPU iPhone OS 15_8 like Mac OS X) AppleWebKit/605.1.15 (KHTML, like Gecko) Version/15.6.6 Mobile/15E148 Safari/604.1" "-"
192.76.8.0 - - [19/Feb/2024:14:11:18 +0100] "GET /wp-content/uploads/2017/04/cropped-dartmoorrunnerslogo_normal-32x32.png HTTP/1.1" 200 2617 dartmoorrunners.co.uk "http://dartmoorrunners.co.uk/varsity/relay/" "Mozilla/5.0 (iPhone; CPU iPhone OS 15_8 like Mac OS X) AppleWebKit/605.1.15 (KHTML, like Gecko) Version/15.6.6 Mobile/15E148 Safari/604.1" "-"
3.15.165.0 - - [19/Feb/2024:14:23:50 +0100] "GET /.git/config HTTP/1.1" 403 618 dartmoorrunners.co.uk "-" "Mozilla/5.0 (Linux; Android 9; SM-G901F Build/PQ3A.190705.003) AppleWebKit/537.36 (KHTML, like Gecko) Version/4.0 Chrome/76.0.3809.89 Mobile Safari/537.36" "-"
203.33.203.0 - - [19/Feb/2024:14:24:04 +0100] "GET / HTTP/1.1" 301 - www.dartmoorrunners.co.uk "-" "Mozilla/5.0 (iPhone; CPU iPhone OS 13_2_3 like Mac OS X) AppleWebKit/605.1.15 (KHTML, like Gecko) Version/13.0.3 Mobile/15E148 Safari/604.1" "-"
203.33.203.0 - - [19/Feb/2024:14:24:07 +0100] "GET / HTTP/1.1" 200 31573 dartmoorrunners.co.uk "http://www.dartmoorrunners.co.uk" "Mozilla/5.0 (iPhone; CPU iPhone OS 13_2_3 like Mac OS X) AppleWebKit/605.1.15 (KHTML, like Gecko) Version/13.0.3 Mobile/15E148 Safari/604.1" "-"
82.165.88.0 - - [19/Feb/2024:14:29:23 +0100] "POST /wp-cron.php?doing_wp_cron=1708349363.4918110370635986328125 HTTP/1.1" 200 - dartmoorrunners.co.uk "http://dartmoorrunners.co.uk/wp-cron.php?doing_wp_cron=1708349363.4918110370635986328125" "WordPress/6.1.5; http://dartmoorrunners.co.uk" "-"
52.167.144.0 - - [19/Feb/2024:14:29:23 +0100] "GET /wp-sitemap-posts-post-1.xml HTTP/1.1" 200 258 dartmoorrunners.co.uk "-" "Mozilla/5.0 AppleWebKit/537.36 (KHTML, like Gecko; compatible; bingbot/2.0; +http://www.bing.com/bingbot.htm) Chrome/116.0.1938.76 Safari/537.36" "-"
184.154.139.0 - - [19/Feb/2024:14:48:11 +0100] "GET / HTTP/1.1" 301 - www.dartmoorrunners.co.uk "http://www.google.com/url?url=www.dartmoorrunners.co.uk&yahoo.com" "Mozilla/5.0 (compatible; MSIE 9.0; Windows NT 6.1; WOW64; Trident/6.0)" "-"
184.154.139.0 - - [19/Feb/2024:14:48:13 +0100] "GET / HTTP/1.1" 200 31573 dartmoorrunners.co.uk "http://www.google.com/url?url=dartmoorrunners.co.uk&yahoo.com" "Mozilla/5.0 (compatible; MSIE 9.0; Windows NT 6.1; WOW64; Trident/6.0)" "-"
184.154.139.0 - - [19/Feb/2024:14:48:17 +0100] "GET /th1s_1s_a_4o4.html HTTP/1.1" 404 24761 dartmoorrunners.co.uk "-" "SiteLockSpider [en] (WinNT; I ;Nav)" "-"
184.154.139.0 - - [19/Feb/2024:14:48:21 +0100] "GET /summer-series-2023 HTTP/1.1" 200 27248 dartmoorrunners.co.uk "-" "SiteLockSpider [en] (WinNT; I ;Nav)" "-"
184.154.139.0 - - [19/Feb/2024:14:48:26 +0100] "GET /results/summer-series-2017-results HTTP/1.1" 200 25704 dartmoorrunners.co.uk "http://www.google.com/url?url=dartmoorrunners.co.uk&yahoo.com" "Mozilla/5.0 (compatible; MSIE 9.0; Windows NT 6.1; WOW64; Trident/6.0)" "-"
184.154.139.0 - - [19/Feb/2024:14:48:30 +0100] "GET /results/winter-series-2014-results HTTP/1.1" 200 25683 dartmoorrunners.co.uk "-" "SiteLockSpider [en] (WinNT; I ;Nav)" "-"
2a00:23c8:a700:: - - [19/Feb/2024:15:00:32 +0100] "GET / HTTP/1.1" 301 - www.dartmoorrunners.co.uk "-" "Mozilla/5.0 (Macintosh; Intel Mac OS X 10_15_7) AppleWebKit/605.1.15 (KHTML, like Gecko) Version/17.2 Safari/605.1.15" "-"
2a00:23c8:a700:: - - [19/Feb/2024:15:00:32 +0100] "GET / HTTP/1.1" 200 31573 dartmoorrunners.co.uk "-" "Mozilla/5.0 (Macintosh; Intel Mac OS X 10_15_7) AppleWebKit/605.1.15 (KHTML, like Gecko) Version/17.2 Safari/605.1.15" "-"
2a00:23c8:a700:: - - [19/Feb/2024:15:00:33 +0100] "GET /wp-includes/js/wp-emoji-release.min.js?ver=6.1.5 HTTP/1.1" 200 18617 dartmoorrunners.co.uk "http://dartmoorrunners.co.uk/" "Mozilla/5.0 (Macintosh; Intel Mac OS X 10_15_7) AppleWebKit/605.1.15 (KHTML, like Gecko) Version/17.2 Safari/605.1.15" "-"
2a00:23c8:a700:: - - [19/Feb/2024:15:00:33 +0100] "GET /wp-content/themes/omega/style.css?ver=6.1.5 HTTP/1.1" 200 6552 dartmoorrunners.co.uk "http://dartmoorrunners.co.uk/" "Mozilla/5.0 (Macintosh; Intel Mac OS X 10_15_7) AppleWebKit/605.1.15 (KHTML, like Gecko) Version/17.2 Safari/605.1.15" "-"
2a00:23c8:a700:: - - [19/Feb/2024:15:00:33 +0100] "GET /wp-includes/css/classic-themes.min.css?ver=1 HTTP/1.1" 200 189 dartmoorrunners.co.uk "http://dartmoorrunners.co.uk/" "Mozilla/5.0 (Macintosh; Intel Mac OS X 10_15_7) AppleWebKit/605.1.15 (KHTML, like Gecko) Version/17.2 Safari/605.1.15" "-"
2a00:23c8:a700:: - - [19/Feb/2024:15:00:33 +0100] "GET /wp-includes/css/dist/block-library/style.min.css?ver=6.1.5 HTTP/1.1" 200 16164 dartmoorrunners.co.uk "http://dartmoorrunners.co.uk/" "Mozilla/5.0 (Macintosh; Intel Mac OS X 10_15_7) AppleWebKit/605.1.15 (KHTML, like Gecko) Version/17.2 Safari/605.1.15" "-"
2a00:23c8:a700:: - - [19/Feb/2024:15:00:33 +0100] "GET /wp-content/uploads/2017/04/cropped-dartmoorrunnerslogo_normal.png HTTP/1.1" 200 110052 dartmoorrunners.co.uk "http://dartmoorrunners.co.uk/" "Mozilla/5.0 (Macintosh; Intel Mac OS X 10_15_7) AppleWebKit/605.1.15 (KHTML, like Gecko) Version/17.2 Safari/605.1.15" "-"
2a00:23c8:a700:: - - [19/Feb/2024:15:00:33 +0100] "GET /wp-content/uploads/2017/04/XmasBash2017Med.jpg HTTP/1.1" 200 200566 dartmoorrunners.co.uk "http://dartmoorrunners.co.uk/" "Mozilla/5.0 (Macintosh; Intel Mac OS X 10_15_7) AppleWebKit/605.1.15 (KHTML, like Gecko) Version/17.2 Safari/605.1.15" "-"
2a00:23c8:a700:: - - [19/Feb/2024:15:00:33 +0100] "GET /wp-content/uploads/2017/04/ControlDog-768x576.jpg HTTP/1.1" 200 85973 dartmoorrunners.co.uk "http://dartmoorrunners.co.uk/" "Mozilla/5.0 (Macintosh; Intel Mac OS X 10_15_7) AppleWebKit/605.1.15 (KHTML, like Gecko) Version/17.2 Safari/605.1.15" "-"
2a00:23c8:a700:: - - [19/Feb/2024:15:00:33 +0100] "GET /wp-content/uploads/2017/04/winter-2015-small.jpg HTTP/1.1" 200 202841 dartmoorrunners.co.uk "http://dartmoorrunners.co.uk/" "Mozilla/5.0 (Macintosh; Intel Mac OS X 10_15_7) AppleWebKit/605.1.15 (KHTML, like Gecko) Version/17.2 Safari/605.1.15" "-"
2a00:23c8:a700:: - - [19/Feb/2024:15:00:33 +0100] "GET /wp-content/uploads/2017/04/Moorland-runner-cropped.jpg HTTP/1.1" 200 437747 dartmoorrunners.co.uk "http://dartmoorrunners.co.uk/" "Mozilla/5.0 (Macintosh; Intel Mac OS X 10_15_7) AppleWebKit/605.1.15 (KHTML, like Gecko) Version/17.2 Safari/605.1.15" "-"
2a00:23c8:a700:: - - [19/Feb/2024:15:00:39 +0100] "GET /winter-series-2023 HTTP/1.1" 200 27638 dartmoorrunners.co.uk "http://dartmoorrunners.co.uk/" "Mozilla/5.0 (Macintosh; Intel Mac OS X 10_15_7) AppleWebKit/605.1.15 (KHTML, like Gecko) Version/17.2 Safari/605.1.15" "-"
213.180.203.0 - - [19/Feb/2024:15:11:29 +0100] "GET /robots.txt HTTP/1.1" 200 121 dartmoorrunners.co.uk "-" "Mozilla/5.0 (compatible; YandexBot/3.0; +http://yandex.com/bots)" "-"
213.180.203.0 - - [19/Feb/2024:15:11:31 +0100] "GET /winter-series-2019-dates HTTP/1.1" 404 24761 dartmoorrunners.co.uk "-" "Mozilla/5.0 (compatible; YandexBot/3.0; +http://yandex.com/bots)" "-"
15.235.160.0 - - [19/Feb/2024:15:27:34 +0100] "GET /filemanager/dialog.php HTTP/1.1" 404 24761 dartmoorrunners.co.uk "-" "Mozilla/5.0 (Macintosh; Intel Mac OS X 10.15; rv:77.0) Gecko/20100101 Firefox/77.0" "-"
15.235.160.0 - - [19/Feb/2024:15:27:35 +0100] "GET /assets/filemanager/dialog.php HTTP/1.1" 404 24761 dartmoorrunners.co.uk "-" "Mozilla/5.0 (Macintosh; Intel Mac OS X 10.15; rv:77.0) Gecko/20100101 Firefox/77.0" "-"
82.165.88.0 - - [19/Feb/2024:15:31:10 +0100] "POST /wp-cron.php?doing_wp_cron=1708353070.3194921016693115234375 HTTP/1.1" 200 - dartmoorrunners.co.uk "http://dartmoorrunners.co.uk/wp-cron.php?doing_wp_cron=1708353070.3194921016693115234375" "WordPress/6.1.5; http://dartmoorrunners.co.uk" "-"
37.77.111.0 - - [19/Feb/2024:15:31:10 +0100] "GET / HTTP/1.1" 200 31573 dartmoorrunners.co.uk "http://dartmoorrunners.co.uk/" "Mozilla/5.0 (Windows NT 6.3; Win64; x64) AppleWebKit/537.36 (KHTML, like Gecko) Chrome/103.0.0.0 Safari/537.36" "-"
66.249.66.0 - - [19/Feb/2024:15:54:46 +0100] "GET / HTTP/1.1" 200 31573 dartmoorrunners.co.uk "-" "Mozilla/5.0 (compatible; Googlebot/2.1; +http://www.google.com/bot.html)" "-"
82.165.88.0 - - [19/Feb/2024:15:54:46 +0100] "POST /wp-cron.php?doing_wp_cron=1708354486.4878690242767333984375 HTTP/1.1" 200 - dartmoorrunners.co.uk "http://dartmoorrunners.co.uk/wp-cron.php?doing_wp_cron=1708354486.4878690242767333984375" "WordPress/6.1.5; http://dartmoorrunners.co.uk" "-"
66.249.76.0 - - [19/Feb/2024:15:54:49 +0100] "GET /wp-includes/css/classic-themes.min.css?ver=1 HTTP/1.1" 200 189 dartmoorrunners.co.uk "http://dartmoorrunners.co.uk/" "Mozilla/5.0 AppleWebKit/537.36 (KHTML, like Gecko; compatible; Googlebot/2.1; +http://www.google.com/bot.html) Chrome/121.0.6167.85 Safari/537.36" "-"
129.67.88.0 - - [19/Feb/2024:16:28:54 +0100] "GET /varsity/relay/ HTTP/1.1" 200 4158 dartmoorrunners.co.uk "-" "Mozilla/5.0 (Macintosh; Intel Mac OS X 10_15_7) AppleWebKit/605.1.15 (KHTML, like Gecko) Version/17.0 Safari/605.1.15" "-"
129.67.88.0 - - [19/Feb/2024:16:28:54 +0100] "GET /favicon.ico HTTP/1.1" 302 - dartmoorrunners.co.uk "http://dartmoorrunners.co.uk/varsity/relay/" "Mozilla/5.0 (Macintosh; Intel Mac OS X 10_15_7) AppleWebKit/605.1.15 (KHTML, like Gecko) Version/17.0 Safari/605.1.15" "-"
129.67.88.0 - - [19/Feb/2024:16:28:55 +0100] "GET /wp-content/uploads/2017/04/cropped-dartmoorrunnerslogo_normal-32x32.png HTTP/1.1" 200 2617 dartmoorrunners.co.uk "http://dartmoorrunners.co.uk/varsity/relay/" "Mozilla/5.0 (Macintosh; Intel Mac OS X 10_15_7) AppleWebKit/605.1.15 (KHTML, like Gecko) Version/17.0 Safari/605.1.15" "-"
82.165.88.0 - - [19/Feb/2024:16:41:26 +0100] "POST /wp-cron.php?doing_wp_cron=1708357286.5141708850860595703125 HTTP/1.1" 200 - dartmoorrunners.co.uk "http://dartmoorrunners.co.uk/wp-cron.php?doing_wp_cron=1708357286.5141708850860595703125" "WordPress/6.1.5; http://dartmoorrunners.co.uk" "-"
162.241.2.0 - - [19/Feb/2024:16:41:26 +0100] "GET /item.php HTTP/1.1" 404 24761 dartmoorrunners.co.uk "http://simplesite.com" "Mozilla/5.0 (Windows; U; Windows NT 5.1; en-US) AppleWebKit/533.4 (KHTML, like Gecko) Chrome/5.0.375.99 Safari/533.4" "-"
66.249.76.0 - - [19/Feb/2024:16:54:44 +0100] "GET / HTTP/1.1" 200 31573 dartmoorrunners.co.uk "-" "Mozilla/5.0 (compatible; Googlebot/2.1; +http://www.google.com/bot.html)" "-"
192.185.176.0 - - [19/Feb/2024:16:56:34 +0100] "GET /wp-admin/mah.php HTTP/1.1" 404 24761 dartmoorrunners.co.uk "http://simplesite.com" "Mozilla/5.0 (Windows; U; Windows NT 5.1; en-US) AppleWebKit/533.4 (KHTML, like Gecko) Chrome/5.0.375.99 Safari/533.4" "-"
82.165.88.0 - - [19/Feb/2024:17:04:43 +0100] "POST /wp-cron.php?doing_wp_cron=1708358683.9070899486541748046875 HTTP/1.1" 200 - dartmoorrunners.co.uk "http://dartmoorrunners.co.uk/wp-cron.php?doing_wp_cron=1708358683.9070899486541748046875" "WordPress/6.1.5; http://dartmoorrunners.co.uk" "-"
66.249.66.0 - - [19/Feb/2024:17:04:43 +0100] "GET /wp-sitemap-posts-page-1.xml HTTP/1.1" 200 2150 dartmoorrunners.co.uk "-" "Mozilla/5.0 (compatible; Googlebot/2.1; +http://www.google.com/bot.html)" "-"
2a00:23ee:1400:: - - [19/Feb/2024:17:09:21 +0100] "GET / HTTP/1.1" 200 31573 dartmoorrunners.co.uk "https://www.google.com/" "Mozilla/5.0 (Linux; Android 10; K) AppleWebKit/537.36 (KHTML, like Gecko) Chrome/121.0.0.0 Mobile Safari/537.36" "-"
2a00:23ee:1400:: - - [19/Feb/2024:17:09:28 +0100] "GET /winter-series-2023 HTTP/1.1" 200 27638 dartmoorrunners.co.uk "http://dartmoorrunners.co.uk/" "Mozilla/5.0 (Linux; Android 10; K) AppleWebKit/537.36 (KHTML, like Gecko) Chrome/121.0.0.0 Mobile Safari/537.36" "-"
213.180.203.0 - - [19/Feb/2024:17:19:27 +0100] "GET /robots.txt HTTP/1.1" 200 121 dartmoorrunners.co.uk "-" "Mozilla/5.0 (compatible; YandexBot/3.0; +http://yandex.com/bots)" "-"
213.180.203.0 - - [19/Feb/2024:17:19:28 +0100] "GET / HTTP/1.1" 200 31573 dartmoorrunners.co.uk "-" "Mozilla/5.0 (compatible; YandexBot/3.0; +http://yandex.com/bots)" "-"
5.255.231.0 - - [19/Feb/2024:17:21:32 +0100] "GET / HTTP/1.1" 200 31573 dartmoorrunners.co.uk "-" "Mozilla/5.0 (compatible; YandexBot/3.0; +http://yandex.com/bots)" "-"
82.165.88.0 - - [19/Feb/2024:17:33:18 +0100] "POST /wp-cron.php?doing_wp_cron=1708360398.2466681003570556640625 HTTP/1.1" 200 - dartmoorrunners.co.uk "http://dartmoorrunners.co.uk/wp-cron.php?doing_wp_cron=1708360398.2466681003570556640625" "WordPress/6.1.5; http://dartmoorrunners.co.uk" "-"
54.36.149.0 - - [19/Feb/2024:17:33:18 +0100] "GET /robots.txt HTTP/1.1" 200 121 dartmoorrunners.co.uk "-" "Mozilla/5.0 (compatible; AhrefsBot/7.0; +http://ahrefs.com/robot/)" "-"
54.36.148.0 - - [19/Feb/2024:17:33:20 +0100] "GET /winter-series-results-2017 HTTP/1.1" 200 25717 dartmoorrunners.co.uk "-" "Mozilla/5.0 (compatible; AhrefsBot/7.0; +http://ahrefs.com/robot/)" "-"
213.180.203.0 - - [19/Feb/2024:17:45:23 +0100] "GET /robots.txt HTTP/1.1" 301 - www.dartmoorrunners.co.uk "-" "Mozilla/5.0 (compatible; YandexBot/3.0; +http://yandex.com/bots)" "-"
213.180.203.0 - - [19/Feb/2024:17:45:24 +0100] "GET /robots.txt HTTP/1.1" 200 121 dartmoorrunners.co.uk "-" "Mozilla/5.0 (compatible; YandexBot/3.0; +http://yandex.com/bots)" "-"
213.180.203.0 - - [19/Feb/2024:17:45:24 +0100] "GET / HTTP/1.1" 301 - www.dartmoorrunners.co.uk "-" "Mozilla/5.0 (compatible; YandexBot/3.0; +http://yandex.com/bots)" "-"
95.108.213.0 - - [19/Feb/2024:17:49:11 +0100] "GET / HTTP/1.1" 301 - www.dartmoorrunners.co.uk "-" "Mozilla/5.0 (compatible; YandexBot/3.0; +http://yandex.com/bots)" "-"
2a00:23ee:1600:: - - [19/Feb/2024:18:03:00 +0100] "GET / HTTP/1.1" 200 31573 dartmoorrunners.co.uk "-" "Mozilla/5.0 (Linux; Android 10; K) AppleWebKit/537.36 (KHTML, like Gecko) Chrome/119.0.0.0 Mobile Safari/537.36" "-"
2a00:23ee:1600:: - - [19/Feb/2024:18:03:01 +0100] "GET /wp-includes/css/classic-themes.min.css?ver=1 HTTP/1.1" 200 189 dartmoorrunners.co.uk "http://dartmoorrunners.co.uk/" "Mozilla/5.0 (Linux; Android 10; K) AppleWebKit/537.36 (KHTML, like Gecko) Chrome/119.0.0.0 Mobile Safari/537.36" "-"
2a00:23ee:1600:: - - [19/Feb/2024:18:03:01 +0100] "GET /wp-includes/css/dist/block-library/style.min.css?ver=6.1.5 HTTP/1.1" 200 16164 dartmoorrunners.co.uk "http://dartmoorrunners.co.uk/" "Mozilla/5.0 (Linux; Android 10; K) AppleWebKit/537.36 (KHTML, like Gecko) Chrome/119.0.0.0 Mobile Safari/537.36" "-"
2a00:23ee:1600:: - - [19/Feb/2024:18:03:01 +0100] "GET /wp-content/themes/omega/style.css?ver=6.1.5 HTTP/1.1" 200 6552 dartmoorrunners.co.uk "http://dartmoorrunners.co.uk/" "Mozilla/5.0 (Linux; Android 10; K) AppleWebKit/537.36 (KHTML, like Gecko) Chrome/119.0.0.0 Mobile Safari/537.36" "-"
2a00:23ee:1600:: - - [19/Feb/2024:18:03:01 +0100] "GET /wp-content/uploads/2017/04/cropped-dartmoorrunnerslogo_normal.png HTTP/1.1" 200 110052 dartmoorrunners.co.uk "http://dartmoorrunners.co.uk/" "Mozilla/5.0 (Linux; Android 10; K) AppleWebKit/537.36 (KHTML, like Gecko) Chrome/119.0.0.0 Mobile Safari/537.36" "-"
2a00:23ee:1600:: - - [19/Feb/2024:18:03:01 +0100] "GET /wp-content/uploads/2017/04/XmasBash2017Med.jpg HTTP/1.1" 200 200566 dartmoorrunners.co.uk "http://dartmoorrunners.co.uk/" "Mozilla/5.0 (Linux; Android 10; K) AppleWebKit/537.36 (KHTML, like Gecko) Chrome/119.0.0.0 Mobile Safari/537.36" "-"
2a00:23ee:1600:: - - [19/Feb/2024:18:03:01 +0100] "GET /wp-content/uploads/2017/04/ControlDog-768x576.jpg HTTP/1.1" 200 85973 dartmoorrunners.co.uk "http://dartmoorrunners.co.uk/" "Mozilla/5.0 (Linux; Android 10; K) AppleWebKit/537.36 (KHTML, like Gecko) Chrome/119.0.0.0 Mobile Safari/537.36" "-"
2a00:23ee:1600:: - - [19/Feb/2024:18:03:01 +0100] "GET /wp-includes/js/wp-emoji-release.min.js?ver=6.1.5 HTTP/1.1" 200 18617 dartmoorrunners.co.uk "http://dartmoorrunners.co.uk/" "Mozilla/5.0 (Linux; Android 10; K) AppleWebKit/537.36 (KHTML, like Gecko) Chrome/119.0.0.0 Mobile Safari/537.36" "-"
2a00:23ee:1600:: - - [19/Feb/2024:18:03:01 +0100] "GET /wp-content/uploads/2017/04/winter-2015-small.jpg HTTP/1.1" 200 202841 dartmoorrunners.co.uk "http://dartmoorrunners.co.uk/" "Mozilla/5.0 (Linux; Android 10; K) AppleWebKit/537.36 (KHTML, like Gecko) Chrome/119.0.0.0 Mobile Safari/537.36" "-"
2a00:23ee:1600:: - - [19/Feb/2024:18:03:01 +0100] "GET /wp-content/uploads/2017/04/Moorland-runner-cropped.jpg HTTP/1.1" 200 437747 dartmoorrunners.co.uk "http://dartmoorrunners.co.uk/" "Mozilla/5.0 (Linux; Android 10; K) AppleWebKit/537.36 (KHTML, like Gecko) Chrome/119.0.0.0 Mobile Safari/537.36" "-"
2a00:23ee:1600:: - - [19/Feb/2024:18:03:02 +0100] "GET /wp-content/uploads/2017/04/cropped-dartmoorrunnerslogo_normal-180x180.png HTTP/1.1" 200 55513 dartmoorrunners.co.uk "http://dartmoorrunners.co.uk/" "Mozilla/5.0 (Linux; Android 10; K) AppleWebKit/537.36 (KHTML, like Gecko) Chrome/119.0.0.0 Mobile Safari/537.36" "-"
2a00:23ee:1600:: - - [19/Feb/2024:18:03:02 +0100] "GET /wp-content/uploads/2017/04/cropped-dartmoorrunnerslogo_normal-192x192.png HTTP/1.1" 200 59292 dartmoorrunners.co.uk "http://dartmoorrunners.co.uk/" "Mozilla/5.0 (Linux; Android 10; K) AppleWebKit/537.36 (KHTML, like Gecko) Chrome/119.0.0.0 Mobile Safari/537.36" "-"
2a00:23ee:1600:: - - [19/Feb/2024:18:03:08 +0100] "GET /winter-series-2023 HTTP/1.1" 200 27638 dartmoorrunners.co.uk "http://dartmoorrunners.co.uk/" "Mozilla/5.0 (Linux; Android 10; K) AppleWebKit/537.36 (KHTML, like Gecko) Chrome/119.0.0.0 Mobile Safari/537.36" "-"
2a00:23ee:1600:: - - [19/Feb/2024:18:03:31 +0100] "GET /winter-series-2022-results HTTP/1.1" 200 25784 dartmoorrunners.co.uk "http://dartmoorrunners.co.uk/winter-series-2023" "Mozilla/5.0 (Linux; Android 10; K) AppleWebKit/537.36 (KHTML, like Gecko) Chrome/119.0.0.0 Mobile Safari/537.36" "-"
31.94.0.0 - - [19/Feb/2024:18:15:15 +0100] "GET / HTTP/1.1" 200 31573 dartmoorrunners.co.uk "-" "Mozilla/5.0 (Linux; Android 10; K) AppleWebKit/537.36 (KHTML, like Gecko) Chrome/119.0.0.0 Mobile Safari/537.36" "-"
2a00:23ee:1600:: - - [19/Feb/2024:18:15:38 +0100] "GET / HTTP/1.1" 200 31573 dartmoorrunners.co.uk "http://dartmoorrunners.co.uk/" "Mozilla/5.0 (Linux; Android 10; K) AppleWebKit/537.36 (KHTML, like Gecko) Chrome/119.0.0.0 Mobile Safari/537.36" "-"
2a00:23ee:1600:: - - [19/Feb/2024:18:15:45 +0100] "GET /winter-series-2023 HTTP/1.1" 200 27638 dartmoorrunners.co.uk "http://dartmoorrunners.co.uk/" "Mozilla/5.0 (Linux; Android 10; K) AppleWebKit/537.36 (KHTML, like Gecko) Chrome/119.0.0.0 Mobile Safari/537.36" "-"
82.165.88.0 - - [19/Feb/2024:18:34:56 +0100] "POST /wp-cron.php?doing_wp_cron=1708364096.3810880184173583984375 HTTP/1.1" 200 - dartmoorrunners.co.uk "http://dartmoorrunners.co.uk/wp-cron.php?doing_wp_cron=1708364096.3810880184173583984375" "WordPress/6.1.5; http://dartmoorrunners.co.uk" "-"
178.128.89.0 - - [19/Feb/2024:18:34:56 +0100] "GET / HTTP/1.1" 200 31573 dartmoorrunners.co.uk "-" "Mozilla/5.0 (Windows NT 10.0; Win64; x64) AppleWebKit/537.36 (KHTML, like Gecko) Chrome/79.0 Safari/537.36" "-"
178.128.89.0 - - [19/Feb/2024:18:34:57 +0100] "GET /?author=1 HTTP/1.1" 301 - dartmoorrunners.co.uk "-" "Mozilla/5.0 (Windows NT 10.0; Win64; x64) AppleWebKit/537.36 (KHTML, like Gecko) Chrome/79.0 Safari/537.36" "-"
178.128.89.0 - - [19/Feb/2024:18:34:57 +0100] "GET /?author=2 HTTP/1.1" 200 24955 dartmoorrunners.co.uk "-" "Mozilla/5.0 (Windows NT 10.0; Win64; x64) AppleWebKit/537.36 (KHTML, like Gecko) Chrome/79.0 Safari/537.36" "-"
178.128.89.0 - - [19/Feb/2024:18:34:58 +0100] "GET /wp-json/wp/v2/users/ HTTP/1.1" 200 584 dartmoorrunners.co.uk "-" "Mozilla/5.0 (Windows NT 10.0; Win64; x64) AppleWebKit/537.36 (KHTML, like Gecko) Chrome/79.0 Safari/537.36" "-"
178.128.89.0 - - [19/Feb/2024:18:34:58 +0100] "GET /wp-json/oembed/1.0/embed?url=http://dartmoorrunners.co.uk HTTP/1.1" 200 2425 dartmoorrunners.co.uk "-" "Mozilla/5.0 (Windows NT 10.0; Win64; x64) AppleWebKit/537.36 (KHTML, like Gecko) Chrome/79.0 Safari/537.36" "-"
178.128.89.0 - - [19/Feb/2024:18:34:58 +0100] "POST /xmlrpc.php HTTP/1.1" 503 299 dartmoorrunners.co.uk "-" "Mozilla/5.0 (Windows NT 10.0; Win64; x64) AppleWebKit/537.36 (KHTML, like Gecko) Chrome/79.0 Safari/537.36" "-"
94.23.247.0 - - [19/Feb/2024:18:50:28 +0100] "GET / HTTP/1.1" 200 31573 dartmoorrunners.co.uk "http://dartmoorrunners.co.uk/" "Mozilla/5.0 (Windows NT 10.0; Win64; x64) AppleWebKit/537.36 (KHTML, like Gecko) Chrome/122.0.0.0 Safari/537.36" "-"
2a09:bac2:3700:: - - [19/Feb/2024:18:54:41 +0100] "GET / HTTP/1.1" 200 425 dartmoorrunners.co.uk "-" "Mozilla/5.0 (iPhone; CPU iPhone OS 17_2_1 like Mac OS X) AppleWebKit/605.1.15 (KHTML, like Gecko) Version/17.2 Mobile/15E148 Safari/604.1" "-"
47.128.120.0 - - [19/Feb/2024:18:57:03 +0100] "GET /winter-series-2023 HTTP/1.1" 200 27638 dartmoorrunners.co.uk "-" "Mozilla/5.0 (compatible; Bytespider; spider-feedback@bytedance.com) AppleWebKit/537.36 (KHTML, like Gecko) Chrome/70.0.0.0 Safari/537.36" "-"
47.128.120.0 - - [19/Feb/2024:18:57:03 +0100] "GET /wp-content/uploads/2017/04/cropped-dartmoorrunnerslogo_normal.png HTTP/1.1" 200 110052 dartmoorrunners.co.uk "http://dartmoorrunners.co.uk/winter-series-2023" "Mozilla/5.0 (compatible; Bytespider; spider-feedback@bytedance.com) AppleWebKit/537.36 (KHTML, like Gecko) Chrome/70.0.0.0 Safari/537.36" "-"
47.128.121.0 - - [19/Feb/2024:19:01:04 +0100] "GET /robots.txt HTTP/1.1" 200 121 dartmoorrunners.co.uk "-" "Mozilla/5.0 (Linux; Android 5.0) AppleWebKit/537.36 (KHTML, like Gecko) Mobile Safari/537.36 (compatible; Bytespider; spider-feedback@bytedance.com)" "-"
82.165.88.0 - - [19/Feb/2024:19:34:01 +0100] "POST /wp-cron.php?doing_wp_cron=1708367641.4084799289703369140625 HTTP/1.1" 200 - dartmoorrunners.co.uk "http://dartmoorrunners.co.uk/wp-cron.php?doing_wp_cron=1708367641.4084799289703369140625" "WordPress/6.1.5; http://dartmoorrunners.co.uk" "-"
116.92.208.0 - - [19/Feb/2024:19:34:01 +0100] "POST /wp-login.php HTTP/1.1" 200 9053 dartmoorrunners.co.uk "http://dartmoorrunners.co.uk/" "Mozilla/5.0 (Windows NT 6.1; WOW64; Trident/7.0; rv:11.0) like Gecko" "-"
15.235.15.0 - - [19/Feb/2024:20:19:21 +0100] "GET / HTTP/1.1" 200 31573 dartmoorrunners.co.uk "-" "-" "-"
213.180.203.0 - - [19/Feb/2024:20:47:16 +0100] "GET /robots.txt HTTP/1.1" 200 121 dartmoorrunners.co.uk "-" "Mozilla/5.0 (compatible; YandexBot/3.0; +http://yandex.com/bots)" "-"
82.165.88.0 - - [19/Feb/2024:20:47:16 +0100] "POST /wp-cron.php?doing_wp_cron=1708372036.8301749229431152343750 HTTP/1.1" 200 - dartmoorrunners.co.uk "http://dartmoorrunners.co.uk/wp-cron.php?doing_wp_cron=1708372036.8301749229431152343750" "WordPress/6.1.5; http://dartmoorrunners.co.uk" "-"
5.255.231.0 - - [19/Feb/2024:20:47:18 +0100] "GET / HTTP/1.1" 200 31573 dartmoorrunners.co.uk "-" "Mozilla/5.0 (compatible; YandexBot/3.0; +http://yandex.com/bots)" "-"
5.188.62.0 - - [19/Feb/2024:20:48:27 +0100] "GET /wp-login.php?wp_lang=en_US HTTP/1.1" 200 6947 dartmoorrunners.co.uk "-" "Mozilla/5.0 (Windows NT 10.0; Win64; x64) AppleWebKit/537.36 (KHTML, like Gecko) Chrome/100.0.4758.11 Safari/537.36" "-"
5.188.62.0 - - [19/Feb/2024:20:48:28 +0100] "GET /wp-login.php?wp_lang=en_US HTTP/1.1" 200 6947 dartmoorrunners.co.uk "-" "Mozilla/5.0 (Windows NT 6.1; WOW64) AppleWebKit/537.36 (KHTML, like Gecko) Chrome/100.0.4895.86 Safari/537.36" "-"
5.188.62.0 - - [19/Feb/2024:20:48:31 +0100] "POST /wp-login.php?wp_lang=en_US HTTP/1.1" 200 7367 dartmoorrunners.co.uk "-" "Mozilla/5.0 (Windows NT 10.0; Win64; x64) AppleWebKit/537.36 (KHTML, like Gecko) Chrome/100.0.4758.11 Safari/537.36" "-"
5.188.62.0 - - [19/Feb/2024:20:48:33 +0100] "POST /wp-login.php?wp_lang=en_US HTTP/1.1" 503 299 dartmoorrunners.co.uk "-" "Mozilla/5.0 (Windows NT 6.1; WOW64) AppleWebKit/537.36 (KHTML, like Gecko) Chrome/100.0.4895.86 Safari/537.36" "-"
213.180.203.0 - - [19/Feb/2024:20:49:22 +0100] "GET / HTTP/1.1" 200 31573 dartmoorrunners.co.uk "-" "Mozilla/5.0 (compatible; YandexBot/3.0; +http://yandex.com/bots)" "-"
95.108.213.0 - - [19/Feb/2024:21:16:56 +0100] "GET /robots.txt HTTP/1.1" 200 121 dartmoorrunners.co.uk "-" "Mozilla/5.0 (compatible; YandexBot/3.0; +http://yandex.com/bots)" "-"
5.255.231.0 - - [19/Feb/2024:21:16:57 +0100] "GET /winter_series_2009.html HTTP/1.1" 404 24761 dartmoorrunners.co.uk "-" "Mozilla/5.0 (compatible; YandexBot/3.0; +http://yandex.com/bots)" "-"
213.180.203.0 - - [19/Feb/2024:21:22:14 +0100] "GET /robots.txt HTTP/1.1" 301 - www.dartmoorrunners.co.uk "-" "Mozilla/5.0 (compatible; YandexBot/3.0; +http://yandex.com/bots)" "-"
213.180.203.0 - - [19/Feb/2024:21:22:15 +0100] "GET /robots.txt HTTP/1.1" 200 121 dartmoorrunners.co.uk "-" "Mozilla/5.0 (compatible; YandexBot/3.0; +http://yandex.com/bots)" "-"
213.180.203.0 - - [19/Feb/2024:21:22:16 +0100] "GET / HTTP/1.1" 301 - www.dartmoorrunners.co.uk "-" "Mozilla/5.0 (compatible; YandexBot/3.0; +http://yandex.com/bots)" "-"
95.108.213.0 - - [19/Feb/2024:21:24:19 +0100] "GET / HTTP/1.1" 301 - www.dartmoorrunners.co.uk "-" "Mozilla/5.0 (compatible; YandexBot/3.0; +http://yandex.com/bots)" "-"
78.145.54.0 - - [19/Feb/2024:21:32:51 +0100] "GET /varsity/relay/ HTTP/1.1" 200 4158 dartmoorrunners.co.uk "-" "Mozilla/5.0 (X11; Linux x86_64; rv:122.0) Gecko/20100101 Firefox/122.0" "-"
82.165.88.0 - - [19/Feb/2024:21:32:52 +0100] "POST /wp-cron.php?doing_wp_cron=1708374772.9373109340667724609375 HTTP/1.1" 200 - dartmoorrunners.co.uk "http://dartmoorrunners.co.uk/wp-cron.php?doing_wp_cron=1708374772.9373109340667724609375" "WordPress/6.1.5; http://dartmoorrunners.co.uk" "-"
78.145.54.0 - - [19/Feb/2024:21:32:52 +0100] "GET /favicon.ico HTTP/1.1" 302 - dartmoorrunners.co.uk "http://dartmoorrunners.co.uk/varsity/relay/" "Mozilla/5.0 (X11; Linux x86_64; rv:122.0) Gecko/20100101 Firefox/122.0" "-"
78.145.54.0 - - [19/Feb/2024:21:32:53 +0100] "GET /wp-content/uploads/2017/04/cropped-dartmoorrunnerslogo_normal-32x32.png HTTP/1.1" 200 2617 dartmoorrunners.co.uk "http://dartmoorrunners.co.uk/varsity/relay/" "Mozilla/5.0 (X11; Linux x86_64; rv:122.0) Gecko/20100101 Firefox/122.0" "-"
78.145.54.0 - - [19/Feb/2024:21:32:53 +0100] "GET /varsity/ HTTP/1.1" 200 36194 dartmoorrunners.co.uk "-" "Mozilla/5.0 (X11; Linux x86_64; rv:122.0) Gecko/20100101 Firefox/122.0" "-"
38.150.13.0 - - [19/Feb/2024:21:33:47 +0100] "POST /wp-login.php HTTP/1.1" 200 9053 dartmoorrunners.co.uk "http://dartmoorrunners.co.uk/" "Mozilla/5.0 (Windows NT 6.1; WOW64; Trident/7.0; rv:11.0) like Gecko" "-"
52.142.26.0 - - [19/Feb/2024:21:35:55 +0100] "GET /robots.txt HTTP/1.1" 200 121 dartmoorrunners.co.uk "https://yandex.com/search/xml?text=site%3Awww.maughanholloway.com&user=duck-duck-go&key=03.117816111:cc9749b9bac7ea8334767031660b0909.ycom:vir.05f7a042a34ee5ae97a2cd0f8b7b6dc0&g=1.d.30.1.-1&p=0" "DuckDuckBot-Https/1.1; (+https://duckduckgo.com/duckduckbot)" "-"
52.142.26.0 - - [19/Feb/2024:21:35:55 +0100] "GET / HTTP/1.1" 200 31573 dartmoorrunners.co.uk "http://dartmoorrunners.co.uk/robots.txt" "DuckDuckBot-Https/1.1; (+https://duckduckgo.com/duckduckbot)" "-"
52.142.26.0 - - [19/Feb/2024:21:37:34 +0100] "GET /results HTTP/1.1" 200 25106 dartmoorrunners.co.uk "-" "'DuckDuckBot-Https/1.1; (+https://duckduckgo.com/duckduckbot)'" "-"
52.142.26.0 - - [19/Feb/2024:21:37:35 +0100] "GET /wp-includes/js/wp-emoji-release.min.js?ver=6.1.5 HTTP/1.1" 200 18617 dartmoorrunners.co.uk "http://dartmoorrunners.co.uk/results" "'DuckDuckBot-Https/1.1; (+https://duckduckgo.com/duckduckbot)'" "-"
52.142.26.0 - - [19/Feb/2024:21:37:35 +0100] "GET /wp-includes/css/classic-themes.min.css?ver=1 HTTP/1.1" 200 189 dartmoorrunners.co.uk "http://dartmoorrunners.co.uk/results" "'DuckDuckBot-Https/1.1; (+https://duckduckgo.com/duckduckbot)'" "-"
52.142.26.0 - - [19/Feb/2024:21:37:35 +0100] "GET /wp-content/uploads/2017/04/cropped-dartmoorrunnerslogo_normal.png HTTP/1.1" 200 110052 dartmoorrunners.co.uk "http://dartmoorrunners.co.uk/results" "'DuckDuckBot-Https/1.1; (+https://duckduckgo.com/duckduckbot)'" "-"
52.142.26.0 - - [19/Feb/2024:21:37:35 +0100] "GET /wp-content/themes/omega/style.css?ver=6.1.5 HTTP/1.1" 200 6552 dartmoorrunners.co.uk "http://dartmoorrunners.co.uk/results" "'DuckDuckBot-Https/1.1; (+https://duckduckgo.com/duckduckbot)'" "-"
52.142.26.0 - - [19/Feb/2024:21:37:35 +0100] "GET /wp-includes/css/dist/block-library/style.min.css?ver=6.1.5 HTTP/1.1" 200 16164 dartmoorrunners.co.uk "http://dartmoorrunners.co.uk/results" "'DuckDuckBot-Https/1.1; (+https://duckduckgo.com/duckduckbot)'" "-"
52.142.26.0 - - [19/Feb/2024:21:37:35 +0100] "GET /wp-content/uploads/2017/04/XmasBash2017Med-300x200.jpg HTTP/1.1" 200 19902 dartmoorrunners.co.uk "http://dartmoorrunners.co.uk/results" "'DuckDuckBot-Https/1.1; (+https://duckduckgo.com/duckduckbot)'" "-"
52.142.26.0 - - [19/Feb/2024:21:37:35 +0100] "GET /wp-content/uploads/2017/04/ControlDog-300x225.jpg HTTP/1.1" 200 17221 dartmoorrunners.co.uk "http://dartmoorrunners.co.uk/results" "'DuckDuckBot-Https/1.1; (+https://duckduckgo.com/duckduckbot)'" "-"
52.142.26.0 - - [19/Feb/2024:21:37:35 +0100] "GET /wp-content/uploads/2017/04/winter-2015-small-300x225.jpg HTTP/1.1" 200 17306 dartmoorrunners.co.uk "http://dartmoorrunners.co.uk/results" "'DuckDuckBot-Https/1.1; (+https://duckduckgo.com/duckduckbot)'" "-"
52.142.26.0 - - [19/Feb/2024:21:37:35 +0100] "GET /wp-content/uploads/2017/04/Moorland-runner-cropped-300x212.jpg HTTP/1.1" 200 16206 dartmoorrunners.co.uk "http://dartmoorrunners.co.uk/results" "'DuckDuckBot-Https/1.1; (+https://duckduckgo.com/duckduckbot)'" "-"
52.142.26.0 - - [19/Feb/2024:21:38:00 +0100] "GET /wp-json/ HTTP/1.1" 200 164417 dartmoorrunners.co.uk "-" "'DuckDuckBot-Https/1.1; (+https://duckduckgo.com/duckduckbot)'" "-"
52.142.26.0 - - [19/Feb/2024:21:38:44 +0100] "GET /wp-content/themes/omega/style.css?ver=6.1.5 HTTP/1.1" 200 6552 dartmoorrunners.co.uk "-" "'DuckDuckBot-Https/1.1; (+https://duckduckgo.com/duckduckbot)'" "-"
52.142.26.0 - - [19/Feb/2024:21:39:19 +0100] "GET /wp-includes/css/dist/block-library/style.min.css?ver=6.1.5 HTTP/1.1" 200 16164 dartmoorrunners.co.uk "-" "'DuckDuckBot-Https/1.1; (+https://duckduckgo.com/duckduckbot)'" "-"
52.142.26.0 - - [19/Feb/2024:21:39:47 +0100] "GET / HTTP/1.1" 200 31573 dartmoorrunners.co.uk "-" "'DuckDuckBot-Https/1.1; (+https://duckduckgo.com/duckduckbot)'" "-"
52.142.26.0 - - [19/Feb/2024:21:39:47 +0100] "GET /wp-includes/js/wp-emoji-release.min.js?ver=6.1.5 HTTP/1.1" 200 18617 dartmoorrunners.co.uk "http://dartmoorrunners.co.uk/" "'DuckDuckBot-Https/1.1; (+https://duckduckgo.com/duckduckbot)'" "-"
52.142.26.0 - - [19/Feb/2024:21:39:47 +0100] "GET /wp-includes/css/classic-themes.min.css?ver=1 HTTP/1.1" 200 189 dartmoorrunners.co.uk "http://dartmoorrunners.co.uk/" "'DuckDuckBot-Https/1.1; (+https://duckduckgo.com/duckduckbot)'" "-"
52.142.26.0 - - [19/Feb/2024:21:39:47 +0100] "GET /wp-content/themes/omega/style.css?ver=6.1.5 HTTP/1.1" 200 6552 dartmoorrunners.co.uk "http://dartmoorrunners.co.uk/" "'DuckDuckBot-Https/1.1; (+https://duckduckgo.com/duckduckbot)'" "-"
52.142.26.0 - - [19/Feb/2024:21:39:47 +0100] "GET /wp-includes/css/dist/block-library/style.min.css?ver=6.1.5 HTTP/1.1" 200 16164 dartmoorrunners.co.uk "http://dartmoorrunners.co.uk/" "'DuckDuckBot-Https/1.1; (+https://duckduckgo.com/duckduckbot)'" "-"
52.142.26.0 - - [19/Feb/2024:21:39:47 +0100] "GET /wp-content/uploads/2017/04/XmasBash2017Med-300x200.jpg HTTP/1.1" 200 19902 dartmoorrunners.co.uk "http://dartmoorrunners.co.uk/" "'DuckDuckBot-Https/1.1; (+https://duckduckgo.com/duckduckbot)'" "-"
52.142.26.0 - - [19/Feb/2024:21:39:47 +0100] "GET /wp-content/uploads/2017/04/cropped-dartmoorrunnerslogo_normal.png HTTP/1.1" 200 110052 dartmoorrunners.co.uk "http://dartmoorrunners.co.uk/" "'DuckDuckBot-Https/1.1; (+https://duckduckgo.com/duckduckbot)'" "-"
52.142.26.0 - - [19/Feb/2024:21:39:47 +0100] "GET /wp-content/uploads/2017/04/ControlDog-300x225.jpg HTTP/1.1" 200 17221 dartmoorrunners.co.uk "http://dartmoorrunners.co.uk/" "'DuckDuckBot-Https/1.1; (+https://duckduckgo.com/duckduckbot)'" "-"
52.142.26.0 - - [19/Feb/2024:21:39:47 +0100] "GET /wp-content/uploads/2017/04/winter-2015-small-300x225.jpg HTTP/1.1" 200 17306 dartmoorrunners.co.uk "http://dartmoorrunners.co.uk/" "'DuckDuckBot-Https/1.1; (+https://duckduckgo.com/duckduckbot)'" "-"
52.142.26.0 - - [19/Feb/2024:21:39:47 +0100] "GET /wp-content/uploads/2017/04/Moorland-runner-cropped-300x212.jpg HTTP/1.1" 200 16206 dartmoorrunners.co.uk "http://dartmoorrunners.co.uk/" "'DuckDuckBot-Https/1.1; (+https://duckduckgo.com/duckduckbot)'" "-"
52.142.26.0 - - [19/Feb/2024:21:40:15 +0100] "GET /xmlrpc.php HTTP/1.1" 405 42 dartmoorrunners.co.uk "-" "'DuckDuckBot-Https/1.1; (+https://duckduckgo.com/duckduckbot)'" "-"
52.142.26.0 - - [19/Feb/2024:21:40:40 +0100] "GET /current-series-dates HTTP/1.1" 200 27885 dartmoorrunners.co.uk "-" "'DuckDuckBot-Https/1.1; (+https://duckduckgo.com/duckduckbot)'" "-"
52.142.26.0 - - [19/Feb/2024:21:40:41 +0100] "GET /wp-includes/js/wp-emoji-release.min.js?ver=6.1.5 HTTP/1.1" 200 18617 dartmoorrunners.co.uk "http://dartmoorrunners.co.uk/current-series-dates" "'DuckDuckBot-Https/1.1; (+https://duckduckgo.com/duckduckbot)'" "-"
52.142.26.0 - - [19/Feb/2024:21:40:41 +0100] "GET /wp-includes/css/classic-themes.min.css?ver=1 HTTP/1.1" 200 189 dartmoorrunners.co.uk "http://dartmoorrunners.co.uk/current-series-dates" "'DuckDuckBot-Https/1.1; (+https://duckduckgo.com/duckduckbot)'" "-"
52.142.26.0 - - [19/Feb/2024:21:40:41 +0100] "GET /wp-content/uploads/2017/04/cropped-dartmoorrunnerslogo_normal.png HTTP/1.1" 200 110052 dartmoorrunners.co.uk "http://dartmoorrunners.co.uk/current-series-dates" "'DuckDuckBot-Https/1.1; (+https://duckduckgo.com/duckduckbot)'" "-"
52.142.26.0 - - [19/Feb/2024:21:40:41 +0100] "GET /wp-content/themes/omega/style.css?ver=6.1.5 HTTP/1.1" 200 6552 dartmoorrunners.co.uk "http://dartmoorrunners.co.uk/current-series-dates" "'DuckDuckBot-Https/1.1; (+https://duckduckgo.com/duckduckbot)'" "-"
52.142.26.0 - - [19/Feb/2024:21:40:41 +0100] "GET /wp-includes/css/dist/block-library/style.min.css?ver=6.1.5 HTTP/1.1" 200 16164 dartmoorrunners.co.uk "http://dartmoorrunners.co.uk/current-series-dates" "'DuckDuckBot-Https/1.1; (+https://duckduckgo.com/duckduckbot)'" "-"
52.142.26.0 - - [19/Feb/2024:21:40:41 +0100] "GET /wp-content/uploads/2017/04/XmasBash2017Med-300x200.jpg HTTP/1.1" 200 19902 dartmoorrunners.co.uk "http://dartmoorrunners.co.uk/current-series-dates" "'DuckDuckBot-Https/1.1; (+https://duckduckgo.com/duckduckbot)'" "-"
52.142.26.0 - - [19/Feb/2024:21:40:41 +0100] "GET /wp-content/uploads/2017/04/ControlDog-300x225.jpg HTTP/1.1" 200 17221 dartmoorrunners.co.uk "http://dartmoorrunners.co.uk/current-series-dates" "'DuckDuckBot-Https/1.1; (+https://duckduckgo.com/duckduckbot)'" "-"
52.142.26.0 - - [19/Feb/2024:21:40:41 +0100] "GET /wp-content/uploads/2017/04/winter-2015-small-300x225.jpg HTTP/1.1" 200 17306 dartmoorrunners.co.uk "http://dartmoorrunners.co.uk/current-series-dates" "'DuckDuckBot-Https/1.1; (+https://duckduckgo.com/duckduckbot)'" "-"
