86.19.218.0 - - [04/Feb/2024:00:03:37 +0100] "GET / HTTP/1.1" 200 31575 dartmoorrunners.co.uk "-" "Mozilla/5.0 (Macintosh; Intel Mac OS X 10_15_7) AppleWebKit/537.36 (KHTML, like Gecko) Chrome/116.0.5845.110 Safari/537.36" "-"
52.167.144.0 - - [04/Feb/2024:00:17:06 +0100] "GET /wp-sitemap-taxonomies-category-1.xml HTTP/1.1" 200 269 dartmoorrunners.co.uk "-" "Mozilla/5.0 AppleWebKit/537.36 (KHTML, like Gecko; compatible; bingbot/2.0; +http://www.bing.com/bingbot.htm) Chrome/116.0.1938.76 Safari/537.36" "-"
82.165.88.0 - - [04/Feb/2024:01:07:54 +0100] "POST /wp-cron.php?doing_wp_cron=1707005274.4266190528869628906250 HTTP/1.1" 200 - dartmoorrunners.co.uk "http://dartmoorrunners.co.uk/wp-cron.php?doing_wp_cron=1707005274.4266190528869628906250" "WordPress/6.1.5; http://dartmoorrunners.co.uk" "-"
130.255.166.0 - - [04/Feb/2024:01:07:54 +0100] "GET /robots.txt HTTP/1.1" 200 121 dartmoorrunners.co.uk "-" "Mozilla/5.0 (Linux; Android 7.1.2; 17MB150WB Build/NZH54D; wv) AppleWebKit/537.36 (KHTML, like Gecko) Version/4.0 Chrome/72.0.3626.121 Safari/537.36" "-"
130.255.162.0 - - [04/Feb/2024:01:07:54 +0100] "GET /wp-sitemap.xml HTTP/1.1" 200 562 dartmoorrunners.co.uk "-" "Mozilla/5.0 (Linux; Android 7.1.2; 17MB150WB Build/NZH54D; wv) AppleWebKit/537.36 (KHTML, like Gecko) Version/4.0 Chrome/72.0.3626.121 Safari/537.36" "-"
151.248.1.0 - - [04/Feb/2024:01:07:55 +0100] "GET /humans.txt HTTP/1.1" 404 24761 dartmoorrunners.co.uk "-" "Mozilla/5.0 (Linux; Android 7.1.2; 17MB150WB Build/NZH54D; wv) AppleWebKit/537.36 (KHTML, like Gecko) Version/4.0 Chrome/72.0.3626.121 Safari/537.36" "-"
93.158.95.0 - - [04/Feb/2024:01:07:55 +0100] "GET /ads.txt HTTP/1.1" 200 160 dartmoorrunners.co.uk "-" "Mozilla/5.0 (Linux; Android 7.1.2; 17MB150WB Build/NZH54D; wv) AppleWebKit/537.36 (KHTML, like Gecko) Version/4.0 Chrome/72.0.3626.121 Safari/537.36" "-"
93.158.91.0 - - [04/Feb/2024:01:07:55 +0100] "GET / HTTP/1.1" 200 31573 dartmoorrunners.co.uk "-" "Mozilla/5.0 (Linux; Android 7.1.2; 17MB150WB Build/NZH54D; wv) AppleWebKit/537.36 (KHTML, like Gecko) Version/4.0 Chrome/72.0.3626.121 Safari/537.36" "-"
205.185.123.0 - - [04/Feb/2024:01:22:58 +0100] "POST /wp-login.php HTTP/1.1" 200 9043 dartmoorrunners.co.uk "http://dartmoorrunners.co.uk/" "Mozilla/5.0 (Windows NT 6.1; WOW64; Trident/7.0; rv:11.0) like Gecko" "-"
202.64.124.0 - - [04/Feb/2024:01:22:59 +0100] "POST /wp-login.php HTTP/1.1" 200 9053 dartmoorrunners.co.uk "http://dartmoorrunners.co.uk/" "Mozilla/5.0 (Windows NT 6.1; WOW64; Trident/7.0; rv:11.0) like Gecko" "-"
82.165.88.0 - - [04/Feb/2024:01:39:51 +0100] "POST /wp-cron.php?doing_wp_cron=1707007191.4055318832397460937500 HTTP/1.1" 200 - dartmoorrunners.co.uk "http://dartmoorrunners.co.uk/wp-cron.php?doing_wp_cron=1707007191.4055318832397460937500" "WordPress/6.1.5; http://dartmoorrunners.co.uk" "-"
66.249.66.0 - - [04/Feb/2024:01:39:51 +0100] "GET / HTTP/1.1" 200 31573 dartmoorrunners.co.uk "-" "Mozilla/5.0 (compatible; Googlebot/2.1; +http://www.google.com/bot.html)" "-"
95.108.213.0 - - [04/Feb/2024:02:17:20 +0100] "GET /robots.txt HTTP/1.1" 301 - www.dartmoorrunners.co.uk "-" "Mozilla/5.0 (compatible; YandexBot/3.0; +http://yandex.com/bots)" "-"
95.108.213.0 - - [04/Feb/2024:02:17:21 +0100] "GET /robots.txt HTTP/1.1" 200 121 dartmoorrunners.co.uk "-" "Mozilla/5.0 (compatible; YandexBot/3.0; +http://yandex.com/bots)" "-"
5.255.231.0 - - [04/Feb/2024:02:17:21 +0100] "GET / HTTP/1.1" 301 - www.dartmoorrunners.co.uk "-" "Mozilla/5.0 (compatible; YandexBot/3.0; +http://yandex.com/bots)" "-"
95.108.213.0 - - [04/Feb/2024:02:19:25 +0100] "GET / HTTP/1.1" 301 - www.dartmoorrunners.co.uk "-" "Mozilla/5.0 (compatible; YandexBot/3.0; +http://yandex.com/bots)" "-"
5.255.231.0 - - [04/Feb/2024:02:21:45 +0100] "GET /robots.txt HTTP/1.1" 200 121 dartmoorrunners.co.uk "-" "Mozilla/5.0 (compatible; YandexBot/3.0; +http://yandex.com/bots)" "-"
213.180.203.0 - - [04/Feb/2024:02:21:45 +0100] "GET / HTTP/1.1" 200 31573 dartmoorrunners.co.uk "-" "Mozilla/5.0 (compatible; YandexBot/3.0; +http://yandex.com/bots)" "-"
213.180.203.0 - - [04/Feb/2024:02:23:51 +0100] "GET / HTTP/1.1" 200 31573 dartmoorrunners.co.uk "-" "Mozilla/5.0 (compatible; YandexBot/3.0; +http://yandex.com/bots)" "-"
82.165.88.0 - - [04/Feb/2024:02:36:23 +0100] "POST /wp-cron.php?doing_wp_cron=1707010583.8539419174194335937500 HTTP/1.1" 200 - dartmoorrunners.co.uk "http://dartmoorrunners.co.uk/wp-cron.php?doing_wp_cron=1707010583.8539419174194335937500" "WordPress/6.1.5; http://dartmoorrunners.co.uk" "-"
13.115.124.0 - - [04/Feb/2024:02:36:23 +0100] "POST /wp-login.php HTTP/1.1" 200 9053 dartmoorrunners.co.uk "http://dartmoorrunners.co.uk/" "Mozilla/5.0 (Windows NT 6.1; WOW64; Trident/7.0; rv:11.0) like Gecko" "-"
44.203.209.0 - - [04/Feb/2024:02:47:13 +0100] "GET /.git/config HTTP/1.1" 403 618 dartmoorrunners.co.uk "-" "Mozilla/5.0 (Windows NT 10.0) AppleWebKit/537.36 (KHTML, like Gecko) Chrome/60.0.3112.91 Safari/537.36 Vivaldi/1.92.917.39" "-"
66.249.76.0 - - [04/Feb/2024:03:15:37 +0100] "GET /results/summer-series-2016-results HTTP/1.1" 200 25698 dartmoorrunners.co.uk "-" "Mozilla/5.0 (Linux; Android 6.0.1; Nexus 5X Build/MMB29P) AppleWebKit/537.36 (KHTML, like Gecko) Chrome/121.0.6167.85 Mobile Safari/537.36 (compatible; Googlebot/2.1; +http://www.google.com/bot.html)" "-"
66.249.66.0 - - [04/Feb/2024:04:15:45 +0100] "GET /ads.txt HTTP/1.1" 200 160 dartmoorrunners.co.uk "-" "Mozilla/5.0 (compatible; Googlebot/2.1; +http://www.google.com/bot.html)" "-"
192.42.116.0 - - [04/Feb/2024:04:28:58 +0100] "GET / HTTP/1.1" 200 31573 dartmoorrunners.co.uk "http://dartmoorrunners.co.uk" "Mozilla/5.0 (iPhone; CPU iPhone OS 10_2 like Mac OS X) AppleWebKit/602.3.12 (KHTML, like Gecko) Version/10.0 Mobile/14C92 Safari/602.1" "-"
82.165.88.0 - - [04/Feb/2024:04:28:58 +0100] "POST /wp-cron.php?doing_wp_cron=1707017338.6504530906677246093750 HTTP/1.1" 200 - dartmoorrunners.co.uk "http://dartmoorrunners.co.uk/wp-cron.php?doing_wp_cron=1707017338.6504530906677246093750" "WordPress/6.1.5; http://dartmoorrunners.co.uk" "-"
192.42.116.0 - - [04/Feb/2024:04:29:00 +0100] "GET /?author=1 HTTP/1.1" 301 - dartmoorrunners.co.uk "http://dartmoorrunners.co.uk/" "Mozilla/5.0 (iPhone; CPU iPhone OS 13_2_3 like Mac OS X) AppleWebKit/605.1.15 (KHTML, like Gecko) Version/13.0.3 Mobile/15E148 Safari/604.1" "-"
192.42.116.0 - - [04/Feb/2024:04:29:05 +0100] "GET /author/dradmin HTTP/1.1" 200 25899 dartmoorrunners.co.uk "http://dartmoorrunners.co.uk/" "Mozilla/5.0 (iPhone; CPU iPhone OS 13_2_3 like Mac OS X) AppleWebKit/605.1.15 (KHTML, like Gecko) Version/13.0.3 Mobile/15E148 Safari/604.1" "-"
192.42.116.0 - - [04/Feb/2024:04:29:07 +0100] "GET /?author=2 HTTP/1.1" 200 24955 dartmoorrunners.co.uk "http://dartmoorrunners.co.uk/" "Mozilla/5.0 (Windows NT 10.0; Win64; x64; rv:74.0) Gecko/20100101 Firefox/74.0" "-"
185.220.101.0 - - [04/Feb/2024:04:29:09 +0100] "GET /?author=3 HTTP/1.1" 404 24761 dartmoorrunners.co.uk "http://dartmoorrunners.co.uk/" "Mozilla/5.0 (Windows NT 10.0; Win64; x64) AppleWebKit/537.36 (KHTML, like Gecko) Chrome/57.0.2987.133 Safari/537.36" "-"
185.220.101.0 - - [04/Feb/2024:04:29:10 +0100] "GET /?author=4 HTTP/1.1" 404 24761 dartmoorrunners.co.uk "http://dartmoorrunners.co.uk/" "Mozilla/5.0 (Windows NT 10.0; Win64; x64) AppleWebKit/537.36 (KHTML, like Gecko) Chrome/80.0.3987.122 Safari/537.36" "-"
192.42.116.0 - - [04/Feb/2024:04:29:12 +0100] "GET /?author=5 HTTP/1.1" 404 24761 dartmoorrunners.co.uk "http://dartmoorrunners.co.uk/" "Mozilla/5.0 (Windows NT 10.0; WOW64) AppleWebKit/537.36 (KHTML, like Gecko) Chrome/72.0.3626.121 Safari/537.36" "-"
192.42.116.0 - - [04/Feb/2024:04:29:13 +0100] "GET /wp-json/wp/v2/users/1 HTTP/1.1" 200 582 dartmoorrunners.co.uk "http://dartmoorrunners.co.uk/" "Mozilla/5.0 (Windows NT 10.0; Win64; x64) AppleWebKit/537.36 (KHTML, like Gecko) Chrome/60.0.3112.113 Safari/537.36 (+https://whatis.contentkingapp.com)" "-"
82.165.88.0 - - [04/Feb/2024:04:29:18 +0100] "POST /wp-cron.php?doing_wp_cron=1707017358.2562589645385742187500 HTTP/1.1" 200 - dartmoorrunners.co.uk "http://dartmoorrunners.co.uk/wp-cron.php?doing_wp_cron=1707017358.2562589645385742187500" "WordPress/6.1.5; http://dartmoorrunners.co.uk" "-"
192.42.116.0 - - [04/Feb/2024:04:29:18 +0100] "GET /wp-json/wp/v2/users/2 HTTP/1.1" 401 108 dartmoorrunners.co.uk "http://dartmoorrunners.co.uk/" "Mozilla/5.0 (Windows NT 10.0; Win64; x64) AppleWebKit/537.36 (KHTML, like Gecko) Chrome/55.0.2883.87 Safari/537.36" "-"
192.42.116.0 - - [04/Feb/2024:04:29:20 +0100] "GET /wp-json/wp/v2/users/3 HTTP/1.1" 404 82 dartmoorrunners.co.uk "http://dartmoorrunners.co.uk/" "Mozilla/5.0 (Windows NT 10.0; Win64; x64) AppleWebKit/537.36 (KHTML, like Gecko) Chrome/89.0.4389.90 Safari/537.36 Edg/89.0.774.57" "-"
185.243.218.0 - - [04/Feb/2024:04:29:21 +0100] "GET /wp-json/wp/v2/users/4 HTTP/1.1" 404 82 dartmoorrunners.co.uk "http://dartmoorrunners.co.uk/" "Mozilla/5.0 (Windows NT 10.0; Win64; x64) AppleWebKit/537.36 (KHTML, like Gecko) Chrome/84.0.4147.105 Safari/537.36" "-"
185.220.101.0 - - [04/Feb/2024:04:29:24 +0100] "GET /wp-json/wp/v2/users/5 HTTP/1.1" 404 82 dartmoorrunners.co.uk "http://dartmoorrunners.co.uk/" "Mozilla/5.0 (Windows NT 6.3; Win64; x64; rv:58.0) Gecko/20100101 Firefox/58.0" "-"
51.222.253.0 - - [04/Feb/2024:04:34:15 +0100] "GET /robots.txt HTTP/1.1" 200 121 dartmoorrunners.co.uk "-" "Mozilla/5.0 (compatible; AhrefsBot/7.0; +http://ahrefs.com/robot/)" "-"
54.36.149.0 - - [04/Feb/2024:04:34:18 +0100] "GET /results/winter-series-2016-results HTTP/1.1" 200 25693 dartmoorrunners.co.uk "-" "Mozilla/5.0 (compatible; AhrefsBot/7.0; +http://ahrefs.com/robot/)" "-"
54.36.148.0 - - [04/Feb/2024:04:34:19 +0100] "GET /wp-includes/css/classic-themes.min.css?ver=1 HTTP/1.1" 200 189 dartmoorrunners.co.uk "-" "Mozilla/5.0 (compatible; AhrefsBot/7.0; +http://ahrefs.com/robot/)" "-"
51.89.151.0 - - [04/Feb/2024:04:35:14 +0100] "GET /.env HTTP/1.1" 404 24761 dartmoorrunners.co.uk "-" "Mozilla/5.0 (X11; Linux x86_64) AppleWebKit/537.36 (KHTML, like Gecko) Chrome/81.0.4044.129 Safari/537.36" "-"
51.89.151.0 - - [04/Feb/2024:04:35:15 +0100] "POST / HTTP/1.1" 200 31573 dartmoorrunners.co.uk "-" "Mozilla/5.0 (X11; Linux x86_64) AppleWebKit/537.36 (KHTML, like Gecko) Chrome/81.0.4044.129 Safari/537.36" "-"
51.89.151.0 - - [04/Feb/2024:04:35:16 +0100] "GET /sendgrid/.env HTTP/1.1" 404 24761 dartmoorrunners.co.uk "-" "Mozilla/5.0 (X11; Linux x86_64) AppleWebKit/537.36 (KHTML, like Gecko) Chrome/81.0.4044.129 Safari/537.36" "-"
51.89.151.0 - - [04/Feb/2024:04:35:17 +0100] "POST / HTTP/1.1" 200 31573 dartmoorrunners.co.uk "-" "Mozilla/5.0 (X11; Linux x86_64) AppleWebKit/537.36 (KHTML, like Gecko) Chrome/81.0.4044.129 Safari/537.36" "-"
51.89.151.0 - - [04/Feb/2024:04:35:21 +0100] "GET /.env HTTP/1.1" 404 24761 dartmoorrunners.co.uk "-" "Mozlila/5.0 (Linux; Android 7.0; SM-G892A Bulid/NRD90M; wv) AppleWebKit/537.36 (KHTML, like Gecko) Version/4.0 Chrome/60.0.3112.107 Moblie Safari/537.36" "-"
184.94.240.0 - - [04/Feb/2024:05:27:30 +0100] "GET / HTTP/1.1" 301 - www.dartmoorrunners.co.uk "-" "Mozilla/5.0 (Windows NT 10.0; Win64; x64; rv:104.0) Gecko/20100101 Firefox/104.0" "-"
184.94.240.0 - - [04/Feb/2024:05:27:32 +0100] "GET / HTTP/1.1" 200 31573 dartmoorrunners.co.uk "-" "Mozilla/5.0 (Windows NT 10.0; Win64; x64; rv:104.0) Gecko/20100101 Firefox/104.0" "-"
82.165.88.0 - - [04/Feb/2024:05:46:22 +0100] "POST /wp-cron.php?doing_wp_cron=1707021982.5924749374389648437500 HTTP/1.1" 200 - dartmoorrunners.co.uk "http://dartmoorrunners.co.uk/wp-cron.php?doing_wp_cron=1707021982.5924749374389648437500" "WordPress/6.1.5; http://dartmoorrunners.co.uk" "-"
95.108.213.0 - - [04/Feb/2024:05:46:22 +0100] "GET /robots.txt HTTP/1.1" 200 121 dartmoorrunners.co.uk "-" "Mozilla/5.0 (compatible; YandexBot/3.0; +http://yandex.com/bots)" "-"
5.255.231.0 - - [04/Feb/2024:05:46:23 +0100] "GET / HTTP/1.1" 200 31573 dartmoorrunners.co.uk "-" "Mozilla/5.0 (compatible; YandexBot/3.0; +http://yandex.com/bots)" "-"
213.180.203.0 - - [04/Feb/2024:05:48:28 +0100] "GET / HTTP/1.1" 200 31573 dartmoorrunners.co.uk "-" "Mozilla/5.0 (compatible; YandexBot/3.0; +http://yandex.com/bots)" "-"
5.255.231.0 - - [04/Feb/2024:05:55:20 +0100] "GET /robots.txt HTTP/1.1" 301 - www.dartmoorrunners.co.uk "-" "Mozilla/5.0 (compatible; YandexBot/3.0; +http://yandex.com/bots)" "-"
5.255.231.0 - - [04/Feb/2024:05:55:21 +0100] "GET /robots.txt HTTP/1.1" 200 121 dartmoorrunners.co.uk "-" "Mozilla/5.0 (compatible; YandexBot/3.0; +http://yandex.com/bots)" "-"
5.255.231.0 - - [04/Feb/2024:05:55:22 +0100] "GET / HTTP/1.1" 301 - www.dartmoorrunners.co.uk "-" "Mozilla/5.0 (compatible; YandexBot/3.0; +http://yandex.com/bots)" "-"
5.255.231.0 - - [04/Feb/2024:05:57:25 +0100] "GET / HTTP/1.1" 301 - www.dartmoorrunners.co.uk "-" "Mozilla/5.0 (compatible; YandexBot/3.0; +http://yandex.com/bots)" "-"
3.144.224.0 - - [04/Feb/2024:06:26:19 +0100] "GET /ai.txt?t=1707008678.024515 HTTP/1.1" 404 24761 dartmoorrunners.co.uk "-" "Spawning-AI" "-"
3.144.224.0 - - [04/Feb/2024:06:26:19 +0100] "GET /.well-known/ai.txt?t=1707008678.024515 HTTP/1.1" 404 24761 dartmoorrunners.co.uk "-" "Spawning-AI" "-"
82.165.88.0 - - [04/Feb/2024:06:52:58 +0100] "POST /wp-cron.php?doing_wp_cron=1707025978.3225729465484619140625 HTTP/1.1" 200 - dartmoorrunners.co.uk "http://dartmoorrunners.co.uk/wp-cron.php?doing_wp_cron=1707025978.3225729465484619140625" "WordPress/6.1.5; http://dartmoorrunners.co.uk" "-"
192.159.99.0 - - [04/Feb/2024:06:52:58 +0100] "POST ///wp-content/plugins/mainwp-file-uploader/admin/uploadify/upload.php HTTP/1.1" 404 24761 dartmoorrunners.co.uk "-" "Mozilla/5.0 (https://t.me/codeb0ss) Gecko/20100101 Firefox/113.0" "-"
192.159.99.0 - - [04/Feb/2024:06:56:16 +0100] "GET ///wp-content/uploads/mainwp/CodeB0ss.php HTTP/1.1" 301 - dartmoorrunners.co.uk "-" "Mozilla/5.0 (https://t.me/codeb0ss) Gecko/20100101 Firefox/113.0" "-"
192.159.99.0 - - [04/Feb/2024:06:56:44 +0100] "GET /wp-content/uploads/mainwp/CodeB0ss.php HTTP/1.1" 404 24761 dartmoorrunners.co.uk "-" "Mozilla/5.0 (https://t.me/codeb0ss) Gecko/20100101 Firefox/113.0" "-"
40.77.167.0 - - [04/Feb/2024:06:58:18 +0100] "GET /wp-sitemap.xml HTTP/1.1" 200 562 dartmoorrunners.co.uk "-" "Mozilla/5.0 AppleWebKit/537.36 (KHTML, like Gecko; compatible; bingbot/2.0; +http://www.bing.com/bingbot.htm) Chrome/116.0.1938.76 Safari/537.36" "-"
54.36.149.0 - - [04/Feb/2024:07:09:03 +0100] "GET /winter-series-2019-results HTTP/1.1" 200 25725 dartmoorrunners.co.uk "-" "Mozilla/5.0 (compatible; AhrefsBot/7.0; +http://ahrefs.com/robot/)" "-"
52.167.144.0 - - [04/Feb/2024:07:10:52 +0100] "GET /wp-sitemap.xml HTTP/1.1" 200 562 dartmoorrunners.co.uk "-" "Mozilla/5.0 AppleWebKit/537.36 (KHTML, like Gecko; compatible; bingbot/2.0; +http://www.bing.com/bingbot.htm) Chrome/116.0.1938.76 Safari/537.36" "-"
82.165.88.0 - - [04/Feb/2024:07:36:17 +0100] "POST /wp-cron.php?doing_wp_cron=1707028577.5381050109863281250000 HTTP/1.1" 200 - dartmoorrunners.co.uk "http://dartmoorrunners.co.uk/wp-cron.php?doing_wp_cron=1707028577.5381050109863281250000" "WordPress/6.1.5; http://dartmoorrunners.co.uk" "-"
2a01:4f8:100:: - - [04/Feb/2024:07:36:17 +0100] "GET / HTTP/1.1" 200 31573 dartmoorrunners.co.uk "-" "Mozilla/5.0 (Windows NT 10.0; Win64; x64) AppleWebKit/537.36 (KHTML, like Gecko) Chrome/58.0.3029.110 Safari/537.3" "-"
66.249.76.0 - - [04/Feb/2024:07:39:12 +0100] "GET / HTTP/1.1" 200 31573 dartmoorrunners.co.uk "-" "Mozilla/5.0 (compatible; Googlebot/2.1; +http://www.google.com/bot.html)" "-"
66.249.76.0 - - [04/Feb/2024:07:39:20 +0100] "GET /wp-content/themes/omega/style.css?ver=6.1.5 HTTP/1.1" 200 6552 dartmoorrunners.co.uk "http://dartmoorrunners.co.uk/" "Mozilla/5.0 AppleWebKit/537.36 (KHTML, like Gecko; compatible; Googlebot/2.1; +http://www.google.com/bot.html) Chrome/121.0.6167.85 Safari/537.36" "-"
66.249.76.0 - - [04/Feb/2024:07:39:20 +0100] "GET /wp-includes/css/classic-themes.min.css?ver=1 HTTP/1.1" 200 189 dartmoorrunners.co.uk "http://dartmoorrunners.co.uk/" "Mozilla/5.0 AppleWebKit/537.36 (KHTML, like Gecko; compatible; Googlebot/2.1; +http://www.google.com/bot.html) Chrome/121.0.6167.85 Safari/537.36" "-"
66.249.76.0 - - [04/Feb/2024:07:39:21 +0100] "GET /wp-includes/css/dist/block-library/style.min.css?ver=6.1.5 HTTP/1.1" 200 16164 dartmoorrunners.co.uk "http://dartmoorrunners.co.uk/" "Mozilla/5.0 AppleWebKit/537.36 (KHTML, like Gecko; compatible; Googlebot/2.1; +http://www.google.com/bot.html) Chrome/121.0.6167.85 Safari/537.36" "-"
159.203.78.0 - - [04/Feb/2024:08:38:22 +0100] "GET /admin.php?520=1 HTTP/1.1" 404 24761 dartmoorrunners.co.uk "dartmoorrunners.co.uk" "Mozilla/5.0 (Windows NT 6.1; Win64; x64) AppleWebKit/537.36 (KHTML, like Gecko) Chrome/242.02.8301.120 Safari/537.36" "-"
82.165.88.0 - - [04/Feb/2024:08:38:22 +0100] "POST /wp-cron.php?doing_wp_cron=1707032302.2299900054931640625000 HTTP/1.1" 200 - dartmoorrunners.co.uk "http://dartmoorrunners.co.uk/wp-cron.php?doing_wp_cron=1707032302.2299900054931640625000" "WordPress/6.1.5; http://dartmoorrunners.co.uk" "-"
159.203.78.0 - - [04/Feb/2024:08:38:48 +0100] "GET /about.php?520=1 HTTP/1.1" 404 24761 dartmoorrunners.co.uk "dartmoorrunners.co.uk" "Mozilla/5.0 (Windows NT 6.1; Win64; x64) AppleWebKit/537.36 (KHTML, like Gecko) Chrome/242.02.8301.120 Safari/537.36" "-"
195.191.219.0 - - [04/Feb/2024:08:49:01 +0100] "GET /robots.txt HTTP/1.1" 200 121 dartmoorrunners.co.uk "-" "Mozilla/5.0 (compatible; MJ12bot/v1.4.8; http://mj12bot.com/)" "-"
195.191.219.0 - - [04/Feb/2024:08:49:02 +0100] "GET / HTTP/1.1" 200 31573 dartmoorrunners.co.uk "-" "Mozilla/5.0 (compatible; MJ12bot/v1.4.8; http://mj12bot.com/)" "-"
20.59.13.0 - - [04/Feb/2024:09:02:47 +0100] "GET /wp-admin/css/ HTTP/1.1" 403 618 dartmoorrunners.co.uk "binance.com" "Mozilla/5.0 (Windows NT 10.0; Win64; x64) AppleWebKit/537.36 (KHTML, like Gecko) Chrome/90.0.4430.85 Safari/537.36" "-"
40.77.167.0 - - [04/Feb/2024:09:11:08 +0100] "GET /wp-sitemap-posts-page-1.xml HTTP/1.1" 200 2150 dartmoorrunners.co.uk "-" "Mozilla/5.0 AppleWebKit/537.36 (KHTML, like Gecko; compatible; bingbot/2.0; +http://www.bing.com/bingbot.htm) Chrome/116.0.1938.76 Safari/537.36" "-"
5.255.231.0 - - [04/Feb/2024:09:16:25 +0100] "GET /robots.txt HTTP/1.1" 200 121 dartmoorrunners.co.uk "-" "Mozilla/5.0 (compatible; YandexBot/3.0; +http://yandex.com/bots)" "-"
5.255.231.0 - - [04/Feb/2024:09:16:25 +0100] "GET / HTTP/1.1" 200 31573 dartmoorrunners.co.uk "-" "Mozilla/5.0 (compatible; YandexBot/3.0; +http://yandex.com/bots)" "-"
87.250.224.0 - - [04/Feb/2024:09:18:16 +0100] "GET / HTTP/1.1" 200 31573 dartmoorrunners.co.uk "-" "Mozilla/5.0 (compatible; YandexBot/3.0; +http://yandex.com/bots)" "-"
82.165.88.0 - - [04/Feb/2024:09:31:35 +0100] "POST /wp-cron.php?doing_wp_cron=1707035495.3237619400024414062500 HTTP/1.1" 200 - dartmoorrunners.co.uk "http://dartmoorrunners.co.uk/wp-cron.php?doing_wp_cron=1707035495.3237619400024414062500" "WordPress/6.1.5; http://dartmoorrunners.co.uk" "-"
45.135.237.0 - - [04/Feb/2024:09:31:35 +0100] "GET /style.php HTTP/1.1" 404 24761 dartmoorrunners.co.uk "www.google.com" "Mozlila/5.0 (Linux; Android 7.0; SM-G892A Bulid/NRD90M; wv) AppleWebKit/537.36 (KHTML, like Gecko) Version/4.0 Chrome/60.0.3112.107 Moblie Safari/537.36" "-"
185.214.220.0 - - [04/Feb/2024:09:36:16 +0100] "GET / HTTP/1.1" 301 - www.dartmoorrunners.co.uk "-" "Mozilla/5.0 (Macintosh; Intel Mac OS X 10_15_7) AppleWebKit/605.1.15 (KHTML, like Gecko)" "-"
185.214.220.0 - - [04/Feb/2024:09:36:17 +0100] "GET / HTTP/1.1" 200 31573 dartmoorrunners.co.uk "-" "Mozilla/5.0 (Macintosh; Intel Mac OS X 10_15_7) AppleWebKit/605.1.15 (KHTML, like Gecko)" "-"
185.214.220.0 - - [04/Feb/2024:09:36:17 +0100] "GET /wp-content/uploads/2017/04/cropped-dartmoorrunnerslogo_normal-180x180.png HTTP/1.1" 200 55513 dartmoorrunners.co.uk "-" "Safari/17617.1.17.11.12 CFNetwork/1335.5 Darwin/21.6.0" "-"
213.180.203.0 - - [04/Feb/2024:09:36:24 +0100] "GET /robots.txt HTTP/1.1" 301 - www.dartmoorrunners.co.uk "-" "Mozilla/5.0 (compatible; YandexBot/3.0; +http://yandex.com/bots)" "-"
213.180.203.0 - - [04/Feb/2024:09:36:25 +0100] "GET /robots.txt HTTP/1.1" 200 121 dartmoorrunners.co.uk "-" "Mozilla/5.0 (compatible; YandexBot/3.0; +http://yandex.com/bots)" "-"
87.250.224.0 - - [04/Feb/2024:09:36:25 +0100] "GET / HTTP/1.1" 301 - www.dartmoorrunners.co.uk "-" "Mozilla/5.0 (compatible; YandexBot/3.0; +http://yandex.com/bots)" "-"
213.180.203.0 - - [04/Feb/2024:09:38:30 +0100] "GET / HTTP/1.1" 301 - www.dartmoorrunners.co.uk "-" "Mozilla/5.0 (compatible; YandexBot/3.0; +http://yandex.com/bots)" "-"
195.191.219.0 - - [04/Feb/2024:09:55:18 +0100] "GET /robots.txt HTTP/1.1" 301 - www.dartmoorrunners.co.uk "-" "Mozilla/5.0 (compatible; MJ12bot/v1.4.8; http://mj12bot.com/)" "-"
195.191.219.0 - - [04/Feb/2024:09:55:19 +0100] "GET /robots.txt HTTP/1.1" 200 121 dartmoorrunners.co.uk "-" "Mozilla/5.0 (compatible; MJ12bot/v1.4.8; http://mj12bot.com/)" "-"
195.191.219.0 - - [04/Feb/2024:09:55:22 +0100] "GET / HTTP/1.1" 301 - www.dartmoorrunners.co.uk "-" "Mozilla/5.0 (compatible; MJ12bot/v1.4.8; http://mj12bot.com/)" "-"
195.191.219.0 - - [04/Feb/2024:09:55:24 +0100] "GET / HTTP/1.1" 200 31573 dartmoorrunners.co.uk "-" "Mozilla/5.0 (compatible; MJ12bot/v1.4.8; http://mj12bot.com/)" "-"
139.162.58.0 - - [04/Feb/2024:10:06:55 +0100] "GET /wp-admin/css/ HTTP/1.1" 403 618 dartmoorrunners.co.uk "binance.com" "Mozilla/5.0 (Windows NT 10.0; Win64; x64) AppleWebKit/537.36 (KHTML, like Gecko) Chrome/90.0.4430.85 Safari/537.36" "-"
213.202.233.0 - - [04/Feb/2024:10:19:45 +0100] "GET /inputs.php HTTP/1.1" 404 24761 dartmoorrunners.co.uk "www.google.com" "Mozlila/5.0 (Linux; Android 7.0; SM-G892A Bulid/NRD90M; wv) AppleWebKit/537.36 (KHTML, like Gecko) Version/4.0 Chrome/60.0.3112.107 Moblie Safari/537.36" "-"
128.112.173.0 - - [04/Feb/2024:10:50:42 +0100] "GET /wp-content/uploads/2017/04/cropped-dartmoorrunnerslogo_normal.png HTTP/1.1" 200 110052 dartmoorrunners.co.uk "-" "Mozilla/5.0 (X11; Ubuntu; Linux x86_64; rv:72.0) Gecko/20100101 Firefox/72.0" "-"
65.154.226.0 - - [04/Feb/2024:10:51:07 +0100] "GET /wp-content/uploads/2017/04/cropped-dartmoorrunnerslogo%5fnormal.png HTTP/1.1" 200 110052 dartmoorrunners.co.uk "-" "Mozilla/5.0 (Windows NT 10.0) AppleWebKit/537.36 (KHTML, like Gecko) Chrome/106.0.0.0 Safari/537.36" "-"
82.165.88.0 - - [04/Feb/2024:11:06:09 +0100] "POST /wp-cron.php?doing_wp_cron=1707041169.7197608947753906250000 HTTP/1.1" 200 - dartmoorrunners.co.uk "http://dartmoorrunners.co.uk/wp-cron.php?doing_wp_cron=1707041169.7197608947753906250000" "WordPress/6.1.5; http://dartmoorrunners.co.uk" "-"
54.36.148.0 - - [04/Feb/2024:11:06:09 +0100] "GET /winter-series-2022-results HTTP/1.1" 200 25784 dartmoorrunners.co.uk "-" "Mozilla/5.0 (compatible; AhrefsBot/7.0; +http://ahrefs.com/robot/)" "-"
91.134.248.0 - - [04/Feb/2024:11:07:17 +0100] "GET /wp-includes/js/tinymce/plugins/paste/index.php HTTP/1.1" 301 - dartmoorrunners.co.uk "http://simplesite.com" "Mozilla/5.0 (Windows; U; Windows NT 5.1; en-US) AppleWebKit/533.4 (KHTML, like Gecko) Chrome/5.0.375.99 Safari/533.4" "-"
91.134.248.0 - - [04/Feb/2024:11:07:18 +0100] "GET /wp-includes/js/tinymce/plugins/paste/ HTTP/1.1" 403 618 dartmoorrunners.co.uk "http://dartmoorrunners.co.uk/wp-includes/js/tinymce/plugins/paste/index.php" "Mozilla/5.0 (Windows; U; Windows NT 5.1; en-US) AppleWebKit/533.4 (KHTML, like Gecko) Chrome/5.0.375.99 Safari/533.4" "-"
52.167.144.0 - - [04/Feb/2024:11:49:17 +0100] "GET / HTTP/1.1" 200 31573 dartmoorrunners.co.uk "-" "Mozilla/5.0 AppleWebKit/537.36 (KHTML, like Gecko; compatible; bingbot/2.0; +http://www.bing.com/bingbot.htm) Chrome/116.0.1938.76 Safari/537.36" "-"
82.165.88.0 - - [04/Feb/2024:11:49:18 +0100] "POST /wp-cron.php?doing_wp_cron=1707043758.1317009925842285156250 HTTP/1.1" 200 - dartmoorrunners.co.uk "http://dartmoorrunners.co.uk/wp-cron.php?doing_wp_cron=1707043758.1317009925842285156250" "WordPress/6.1.5; http://dartmoorrunners.co.uk" "-"
40.77.167.0 - - [04/Feb/2024:11:49:32 +0100] "GET /wp-includes/css/classic-themes.min.css?ver=1 HTTP/1.1" 200 189 dartmoorrunners.co.uk "-" "Mozilla/5.0 AppleWebKit/537.36 (KHTML, like Gecko; compatible; bingbot/2.0; +http://www.bing.com/bingbot.htm) Chrome/116.0.1938.76 Safari/537.36" "-"
40.77.167.0 - - [04/Feb/2024:11:49:36 +0100] "GET /wp-includes/css/dist/block-library/style.min.css?ver=6.1.5 HTTP/1.1" 200 16164 dartmoorrunners.co.uk "-" "Mozilla/5.0 AppleWebKit/537.36 (KHTML, like Gecko; compatible; bingbot/2.0; +http://www.bing.com/bingbot.htm) Chrome/116.0.1938.76 Safari/537.36" "-"
207.46.13.0 - - [04/Feb/2024:11:52:31 +0100] "GET /robots.txt HTTP/1.1" 200 121 dartmoorrunners.co.uk "-" "Mozilla/5.0 AppleWebKit/537.36 (KHTML, like Gecko; compatible; bingbot/2.0; +http://www.bing.com/bingbot.htm) Chrome/116.0.1938.76 Safari/537.36" "-"
77.98.18.0 - - [04/Feb/2024:12:02:24 +0100] "GET / HTTP/1.1" 200 425 dartmoorrunners.co.uk "-" "Mozilla/5.0 (iPhone; CPU iPhone OS 16_1_1 like Mac OS X) AppleWebKit/605.1.15 (KHTML, like Gecko) Version/16.1 Mobile/15E148 Safari/604.1" "-"
40.77.188.0 - - [04/Feb/2024:12:05:27 +0100] "GET /wp-includes/js/wp-emoji-release.min.js?ver=6.1.5 HTTP/1.1" 200 18617 dartmoorrunners.co.uk "-" "Mozilla/5.0 AppleWebKit/537.36 (KHTML, like Gecko; compatible; bingbot/2.0; +http://www.bing.com/bingbot.htm) Chrome/100.0.4896.127 Safari/537.36" "-"
40.77.190.0 - - [04/Feb/2024:12:05:27 +0100] "GET /wp-content/themes/omega/style.css?ver=6.1.5 HTTP/1.1" 200 21416 dartmoorrunners.co.uk "-" "Mozilla/5.0 AppleWebKit/537.36 (KHTML, like Gecko; compatible; bingbot/2.0; +http://www.bing.com/bingbot.htm) Chrome/100.0.4896.127 Safari/537.36" "-"
205.185.123.0 - - [04/Feb/2024:12:21:35 +0100] "POST /wp-login.php HTTP/1.1" 200 9043 dartmoorrunners.co.uk "http://dartmoorrunners.co.uk/" "Mozilla/5.0 (Windows NT 6.1; WOW64; Trident/7.0; rv:11.0) like Gecko" "-"
47.129.4.0 - - [04/Feb/2024:12:21:37 +0100] "POST /wp-login.php HTTP/1.1" 200 9053 dartmoorrunners.co.uk "http://dartmoorrunners.co.uk/" "Mozilla/5.0 (Windows NT 6.1; WOW64; Trident/7.0; rv:11.0) like Gecko" "-"
82.165.88.0 - - [04/Feb/2024:12:40:33 +0100] "POST /wp-cron.php?doing_wp_cron=1707046833.5331349372863769531250 HTTP/1.1" 200 - dartmoorrunners.co.uk "http://dartmoorrunners.co.uk/wp-cron.php?doing_wp_cron=1707046833.5331349372863769531250" "WordPress/6.1.5; http://dartmoorrunners.co.uk" "-"
52.167.144.0 - - [04/Feb/2024:12:40:33 +0100] "GET /wp-sitemap-posts-post-1.xml HTTP/1.1" 200 258 dartmoorrunners.co.uk "-" "Mozilla/5.0 AppleWebKit/537.36 (KHTML, like Gecko; compatible; bingbot/2.0; +http://www.bing.com/bingbot.htm) Chrome/116.0.1938.76 Safari/537.36" "-"
213.180.203.0 - - [04/Feb/2024:12:45:30 +0100] "GET /robots.txt HTTP/1.1" 200 121 dartmoorrunners.co.uk "-" "Mozilla/5.0 (compatible; YandexBot/3.0; +http://yandex.com/bots)" "-"
213.180.203.0 - - [04/Feb/2024:12:45:30 +0100] "GET / HTTP/1.1" 200 31573 dartmoorrunners.co.uk "-" "Mozilla/5.0 (compatible; YandexBot/3.0; +http://yandex.com/bots)" "-"
5.255.231.0 - - [04/Feb/2024:12:46:33 +0100] "GET / HTTP/1.1" 200 31573 dartmoorrunners.co.uk "-" "Mozilla/5.0 (compatible; YandexBot/3.0; +http://yandex.com/bots)" "-"
66.249.76.0 - - [04/Feb/2024:13:03:51 +0100] "GET / HTTP/1.1" 200 31573 dartmoorrunners.co.uk "-" "Mozilla/5.0 (compatible; Googlebot/2.1; +http://www.google.com/bot.html)" "-"
5.255.231.0 - - [04/Feb/2024:13:18:13 +0100] "GET /robots.txt HTTP/1.1" 301 - www.dartmoorrunners.co.uk "-" "Mozilla/5.0 (compatible; YandexBot/3.0; +http://yandex.com/bots)" "-"
5.255.231.0 - - [04/Feb/2024:13:18:14 +0100] "GET /robots.txt HTTP/1.1" 200 121 dartmoorrunners.co.uk "-" "Mozilla/5.0 (compatible; YandexBot/3.0; +http://yandex.com/bots)" "-"
95.108.213.0 - - [04/Feb/2024:13:18:14 +0100] "GET / HTTP/1.1" 301 - www.dartmoorrunners.co.uk "-" "Mozilla/5.0 (compatible; YandexBot/3.0; +http://yandex.com/bots)" "-"
213.180.203.0 - - [04/Feb/2024:13:20:18 +0100] "GET / HTTP/1.1" 301 - www.dartmoorrunners.co.uk "-" "Mozilla/5.0 (compatible; YandexBot/3.0; +http://yandex.com/bots)" "-"
82.165.88.0 - - [04/Feb/2024:13:36:25 +0100] "POST /wp-cron.php?doing_wp_cron=1707050185.5227530002593994140625 HTTP/1.1" 200 - dartmoorrunners.co.uk "http://dartmoorrunners.co.uk/wp-cron.php?doing_wp_cron=1707050185.5227530002593994140625" "WordPress/6.1.5; http://dartmoorrunners.co.uk" "-"
205.185.123.0 - - [04/Feb/2024:13:36:25 +0100] "POST /wp-login.php HTTP/1.1" 200 9043 dartmoorrunners.co.uk "http://dartmoorrunners.co.uk/" "Mozilla/5.0 (Windows NT 6.1; WOW64; Trident/7.0; rv:11.0) like Gecko" "-"
38.150.13.0 - - [04/Feb/2024:13:36:25 +0100] "POST /wp-login.php HTTP/1.1" 200 9053 dartmoorrunners.co.uk "http://dartmoorrunners.co.uk/" "Mozilla/5.0 (Windows NT 6.1; WOW64; Trident/7.0; rv:11.0) like Gecko" "-"
77.98.18.0 - - [04/Feb/2024:13:46:02 +0100] "GET / HTTP/1.1" 200 31573 dartmoorrunners.co.uk "-" "Mozilla/5.0 (iPhone; CPU iPhone OS 16_1_1 like Mac OS X) AppleWebKit/605.1.15 (KHTML, like Gecko) Version/16.1 Mobile/15E148 Safari/604.1" "-"
77.98.18.0 - - [04/Feb/2024:13:46:03 +0100] "GET /wp-includes/js/wp-emoji-release.min.js?ver=6.1.5 HTTP/1.1" 200 18617 dartmoorrunners.co.uk "http://dartmoorrunners.co.uk/" "Mozilla/5.0 (iPhone; CPU iPhone OS 16_1_1 like Mac OS X) AppleWebKit/605.1.15 (KHTML, like Gecko) Version/16.1 Mobile/15E148 Safari/604.1" "-"
77.98.18.0 - - [04/Feb/2024:13:46:03 +0100] "GET /wp-includes/css/classic-themes.min.css?ver=1 HTTP/1.1" 200 189 dartmoorrunners.co.uk "http://dartmoorrunners.co.uk/" "Mozilla/5.0 (iPhone; CPU iPhone OS 16_1_1 like Mac OS X) AppleWebKit/605.1.15 (KHTML, like Gecko) Version/16.1 Mobile/15E148 Safari/604.1" "-"
77.98.18.0 - - [04/Feb/2024:13:46:03 +0100] "GET /wp-content/themes/omega/style.css?ver=6.1.5 HTTP/1.1" 200 6552 dartmoorrunners.co.uk "http://dartmoorrunners.co.uk/" "Mozilla/5.0 (iPhone; CPU iPhone OS 16_1_1 like Mac OS X) AppleWebKit/605.1.15 (KHTML, like Gecko) Version/16.1 Mobile/15E148 Safari/604.1" "-"
77.98.18.0 - - [04/Feb/2024:13:46:03 +0100] "GET /wp-includes/css/dist/block-library/style.min.css?ver=6.1.5 HTTP/1.1" 200 16164 dartmoorrunners.co.uk "http://dartmoorrunners.co.uk/" "Mozilla/5.0 (iPhone; CPU iPhone OS 16_1_1 like Mac OS X) AppleWebKit/605.1.15 (KHTML, like Gecko) Version/16.1 Mobile/15E148 Safari/604.1" "-"
77.98.18.0 - - [04/Feb/2024:13:46:03 +0100] "GET /wp-content/uploads/2017/04/XmasBash2017Med.jpg HTTP/1.1" 200 200566 dartmoorrunners.co.uk "http://dartmoorrunners.co.uk/" "Mozilla/5.0 (iPhone; CPU iPhone OS 16_1_1 like Mac OS X) AppleWebKit/605.1.15 (KHTML, like Gecko) Version/16.1 Mobile/15E148 Safari/604.1" "-"
77.98.18.0 - - [04/Feb/2024:13:46:03 +0100] "GET /wp-content/uploads/2017/04/winter-2015-small.jpg HTTP/1.1" 200 202841 dartmoorrunners.co.uk "http://dartmoorrunners.co.uk/" "Mozilla/5.0 (iPhone; CPU iPhone OS 16_1_1 like Mac OS X) AppleWebKit/605.1.15 (KHTML, like Gecko) Version/16.1 Mobile/15E148 Safari/604.1" "-"
77.98.18.0 - - [04/Feb/2024:13:46:03 +0100] "GET /wp-content/uploads/2017/04/Moorland-runner-cropped.jpg HTTP/1.1" 200 437747 dartmoorrunners.co.uk "http://dartmoorrunners.co.uk/" "Mozilla/5.0 (iPhone; CPU iPhone OS 16_1_1 like Mac OS X) AppleWebKit/605.1.15 (KHTML, like Gecko) Version/16.1 Mobile/15E148 Safari/604.1" "-"
77.98.18.0 - - [04/Feb/2024:13:46:03 +0100] "GET /wp-content/uploads/2017/04/cropped-dartmoorrunnerslogo_normal-32x32.png HTTP/1.1" 200 2617 dartmoorrunners.co.uk "http://dartmoorrunners.co.uk/" "Mozilla/5.0 (iPhone; CPU iPhone OS 16_1_1 like Mac OS X) AppleWebKit/605.1.15 (KHTML, like Gecko) Version/16.1 Mobile/15E148 Safari/604.1" "-"
77.98.18.0 - - [04/Feb/2024:13:46:03 +0100] "GET /wp-content/uploads/2017/04/cropped-dartmoorrunnerslogo_normal-192x192.png HTTP/1.1" 200 59292 dartmoorrunners.co.uk "http://dartmoorrunners.co.uk/" "Mozilla/5.0 (iPhone; CPU iPhone OS 16_1_1 like Mac OS X) AppleWebKit/605.1.15 (KHTML, like Gecko) Version/16.1 Mobile/15E148 Safari/604.1" "-"
77.98.18.0 - - [04/Feb/2024:13:46:04 +0100] "GET / HTTP/1.1" 200 31573 dartmoorrunners.co.uk "-" "Mozilla/5.0 (iPhone; CPU iPhone OS 16_1_1 like Mac OS X) AppleWebKit/605.1.15 (KHTML, like Gecko) Version/16.1 Mobile/15E148 Safari/604.1" "-"
77.98.18.0 - - [04/Feb/2024:13:46:09 +0100] "GET /winter-series-2023 HTTP/1.1" 200 27638 dartmoorrunners.co.uk "https://www.google.co.uk/" "Mozilla/5.0 (iPhone; CPU iPhone OS 16_1_1 like Mac OS X) AppleWebKit/605.1.15 (KHTML, like Gecko) Version/16.1 Mobile/15E148 Safari/604.1" "-"
35.86.209.0 - - [04/Feb/2024:13:46:50 +0100] "GET / HTTP/1.1" 200 31573 dartmoorrunners.co.uk "-" "Mozilla/5.0 (Macintosh; Intel Mac OS X 10_13_6) AppleWebKit/537.36 (KHTML, like Gecko) Chrome/101.0.4951.54 Safari/537.36" "-"
35.86.209.0 - - [04/Feb/2024:13:48:25 +0100] "GET //dartmoorrunners.co.uk/wp-content/themes/omega/js/html5.js HTTP/1.1" 301 - dartmoorrunners.co.uk "-" "Mozilla/5.0 (Linux; U; Android 2.3.3; en-us ; LS670 Build/GRI40) AppleWebKit/533.1 (KHTML, like Gecko) Version/4.0 Mobile Safari/533.1/UCBrowser/8.6.1.262/145/355" "-"
35.86.209.0 - - [04/Feb/2024:13:48:25 +0100] "GET /wp-emoji-release.min.js HTTP/1.1" 404 24761 dartmoorrunners.co.uk "-" "Mozilla/5.0 (Linux; Android 5.1; C6740N Build/LMY47O) AppleWebKit/537.36 (KHTML, like Gecko) Chrome/42.0.2311.111 Mobile Safari/537.36" "-"
54.36.148.0 - - [04/Feb/2024:13:49:45 +0100] "GET /winter-series-2023 HTTP/1.1" 200 27638 dartmoorrunners.co.uk "-" "Mozilla/5.0 (compatible; AhrefsBot/7.0; +http://ahrefs.com/robot/)" "-"
66.249.69.0 - - [04/Feb/2024:14:02:27 +0100] "GET / HTTP/1.1" 200 31573 dartmoorrunners.co.uk "-" "Mozilla/5.0 (compatible; Googlebot/2.1; +http://www.google.com/bot.html)" "-"
184.154.76.0 - - [04/Feb/2024:14:17:21 +0100] "GET / HTTP/1.1" 301 - www.dartmoorrunners.co.uk "http://www.google.com/url?url=www.dartmoorrunners.co.uk&yahoo.com" "Mozilla/5.0 (compatible; MSIE 9.0; Windows NT 6.1; WOW64; Trident/6.0)" "-"
184.154.76.0 - - [04/Feb/2024:14:17:23 +0100] "GET / HTTP/1.1" 200 31573 dartmoorrunners.co.uk "http://www.google.com/url?url=dartmoorrunners.co.uk&yahoo.com" "Mozilla/5.0 (compatible; MSIE 9.0; Windows NT 6.1; WOW64; Trident/6.0)" "-"
184.154.76.0 - - [04/Feb/2024:14:17:30 +0100] "GET /th1s_1s_a_4o4.html HTTP/1.1" 404 24761 dartmoorrunners.co.uk "-" "SiteLockSpider [en] (WinNT; I ;Nav)" "-"
184.154.76.0 - - [04/Feb/2024:14:17:31 +0100] "GET /results/winter-series-2015-results HTTP/1.1" 200 25698 dartmoorrunners.co.uk "http://www.google.com/url?url=dartmoorrunners.co.uk&yahoo.com" "Mozilla/5.0 (compatible; MSIE 9.0; Windows NT 6.1; WOW64; Trident/6.0)" "-"
184.154.76.0 - - [04/Feb/2024:14:17:33 +0100] "GET /feed HTTP/1.1" 200 1728 dartmoorrunners.co.uk "-" "SiteLockSpider [en] (WinNT; I ;Nav)" "-"
184.154.76.0 - - [04/Feb/2024:14:17:34 +0100] "GET /results/summer-series-2015-results HTTP/1.1" 200 25683 dartmoorrunners.co.uk "-" "SiteLockSpider [en] (WinNT; I ;Nav)" "-"
184.154.76.0 - - [04/Feb/2024:14:17:35 +0100] "GET /xmlrpc.php?rsd HTTP/1.1" 200 834 dartmoorrunners.co.uk "-" "SiteLockSpider [en] (WinNT; I ;Nav)" "-"
184.154.76.0 - - [04/Feb/2024:14:17:36 +0100] "GET /results HTTP/1.1" 200 25106 dartmoorrunners.co.uk "-" "SiteLockSpider [en] (WinNT; I ;Nav)" "-"
184.154.76.0 - - [04/Feb/2024:14:17:37 +0100] "GET /wp-content/themes/omega/style.css?ver=6.1.5 HTTP/1.1" 200 21416 dartmoorrunners.co.uk "http://www.google.com/url?url=dartmoorrunners.co.uk&yahoo.com" "Mozilla/5.0 (compatible; MSIE 9.0; Windows NT 6.1; WOW64; Trident/6.0)" "-"
184.154.76.0 - - [04/Feb/2024:14:17:38 +0100] "GET /results/summer-series-2017-results HTTP/1.1" 200 25704 dartmoorrunners.co.uk "-" "SiteLockSpider [en] (WinNT; I ;Nav)" "-"
184.154.76.0 - - [04/Feb/2024:14:17:40 +0100] "GET /wp-json/oembed/1.0/embed?url=http%3A%2F%2Fdartmoorrunners.co.uk%2F HTTP/1.1" 200 2425 dartmoorrunners.co.uk "http://www.google.com/url?url=dartmoorrunners.co.uk&yahoo.com" "Mozilla/5.0 (compatible; MSIE 9.0; Windows NT 6.1; WOW64; Trident/6.0)" "-"
184.154.76.0 - - [04/Feb/2024:14:17:41 +0100] "GET /results/summer-series-2018-results HTTP/1.1" 200 25795 dartmoorrunners.co.uk "-" "SiteLockSpider [en] (WinNT; I ;Nav)" "-"
184.154.76.0 - - [04/Feb/2024:14:17:42 +0100] "GET /feed/readme.html HTTP/1.1" 404 24761 dartmoorrunners.co.uk "-" "SiteLockSpider [en] (WinNT; I ;Nav)" "-"
184.154.76.0 - - [04/Feb/2024:14:17:43 +0100] "GET /readme.html HTTP/1.1" 200 7389 dartmoorrunners.co.uk "-" "SiteLockSpider [en] (WinNT; I ;Nav)" "-"
82.165.88.0 - - [04/Feb/2024:14:30:01 +0100] "POST /wp-cron.php?doing_wp_cron=1707053401.5348401069641113281250 HTTP/1.1" 200 - dartmoorrunners.co.uk "http://dartmoorrunners.co.uk/wp-cron.php?doing_wp_cron=1707053401.5348401069641113281250" "WordPress/6.1.5; http://dartmoorrunners.co.uk" "-"
66.249.69.0 - - [04/Feb/2024:14:30:01 +0100] "GET /results/summer-series-2016-results HTTP/1.1" 200 25698 dartmoorrunners.co.uk "-" "Mozilla/5.0 (Linux; Android 6.0.1; Nexus 5X Build/MMB29P) AppleWebKit/537.36 (KHTML, like Gecko) Chrome/121.0.6167.85 Mobile Safari/537.36 (compatible; Googlebot/2.1; +http://www.google.com/bot.html)" "-"
192.185.131.0 - - [04/Feb/2024:14:41:50 +0100] "GET /wp-admin/css/colors/blue/atomlib.php HTTP/1.1" 404 24761 dartmoorrunners.co.uk "http://simplesite.com" "Mozilla/5.0 (Windows; U; Windows NT 5.1; en-US) AppleWebKit/533.4 (KHTML, like Gecko) Chrome/5.0.375.99 Safari/533.4" "-"
167.71.198.0 - - [04/Feb/2024:14:45:59 +0100] "GET /filemanager/dialog.php HTTP/1.1" 404 24761 dartmoorrunners.co.uk "-" "Mozilla/5.0 (Windows NT 10.0; Win64; x64) AppleWebKit/537.36 (KHTML, like Gecko) Chrome/85.0.4183.121 Safari/537.36" "-"
167.71.198.0 - - [04/Feb/2024:14:46:00 +0100] "GET /admin/filemanager/dialog.php HTTP/1.1" 404 24761 dartmoorrunners.co.uk "-" "Mozilla/5.0 (Windows NT 10.0; Win64; x64) AppleWebKit/537.36 (KHTML, like Gecko) Chrome/85.0.4183.121 Safari/537.36" "-"
167.71.198.0 - - [04/Feb/2024:14:46:00 +0100] "GET /js/filemanager/dialog.php HTTP/1.1" 404 24761 dartmoorrunners.co.uk "-" "Mozilla/5.0 (Windows NT 10.0; Win64; x64) AppleWebKit/537.36 (KHTML, like Gecko) Chrome/85.0.4183.121 Safari/537.36" "-"
167.71.198.0 - - [04/Feb/2024:14:46:01 +0100] "GET /assets/administrator/filemanager/dialog.php HTTP/1.1" 404 24761 dartmoorrunners.co.uk "-" "Mozilla/5.0 (Windows NT 10.0; Win64; x64) AppleWebKit/537.36 (KHTML, like Gecko) Chrome/85.0.4183.121 Safari/537.36" "-"
167.71.198.0 - - [04/Feb/2024:14:46:02 +0100] "GET /assets/admin/js/filemanager/dialog.php HTTP/1.1" 404 24761 dartmoorrunners.co.uk "-" "Mozilla/5.0 (Windows NT 10.0; Win64; x64) AppleWebKit/537.36 (KHTML, like Gecko) Chrome/85.0.4183.121 Safari/537.36" "-"
167.71.198.0 - - [04/Feb/2024:14:46:02 +0100] "GET /assets/plugins/filemanager/dialog.php HTTP/1.1" 404 24761 dartmoorrunners.co.uk "-" "Mozilla/5.0 (Windows NT 10.0; Win64; x64) AppleWebKit/537.36 (KHTML, like Gecko) Chrome/85.0.4183.121 Safari/537.36" "-"
167.71.198.0 - - [04/Feb/2024:14:46:03 +0100] "GET /assets/filemanager/dialog.php HTTP/1.1" 404 24761 dartmoorrunners.co.uk "-" "Mozilla/5.0 (Windows NT 10.0; Win64; x64) AppleWebKit/537.36 (KHTML, like Gecko) Chrome/85.0.4183.121 Safari/537.36" "-"
114.119.159.0 - - [04/Feb/2024:14:53:07 +0100] "GET /robots.txt HTTP/1.1" 200 121 dartmoorrunners.co.uk "-" "Mozilla/5.0 (compatible;PetalBot;+https://webmaster.petalsearch.com/site/petalbot)" "-"
114.119.155.0 - - [04/Feb/2024:14:57:40 +0100] "GET /robots.txt HTTP/1.1" 200 121 dartmoorrunners.co.uk "-" "Mozilla/5.0 (compatible;PetalBot;+https://webmaster.petalsearch.com/site/petalbot)" "-"
66.249.69.0 - - [04/Feb/2024:15:05:40 +0100] "GET /results/summer-series-2016-results HTTP/1.1" 200 25698 dartmoorrunners.co.uk "-" "Mozilla/5.0 (Linux; Android 6.0.1; Nexus 5X Build/MMB29P) AppleWebKit/537.36 (KHTML, like Gecko) Chrome/121.0.6167.85 Mobile Safari/537.36 (compatible; Googlebot/2.1; +http://www.google.com/bot.html)" "-"
66.249.76.0 - - [04/Feb/2024:15:18:21 +0100] "GET /results/winter-series-2014-results HTTP/1.1" 200 25683 dartmoorrunners.co.uk "-" "Mozilla/5.0 (Linux; Android 6.0.1; Nexus 5X Build/MMB29P) AppleWebKit/537.36 (KHTML, like Gecko) Chrome/121.0.6167.85 Mobile Safari/537.36 (compatible; Googlebot/2.1; +http://www.google.com/bot.html)" "-"
185.220.101.0 - - [04/Feb/2024:15:33:01 +0100] "POST /xmlrpc.php HTTP/1.1" 200 403 dartmoorrunners.co.uk "-" "Mozilla/5.0 (Windows NT 10.0; Win64; x64) AppleWebKit/537.36 (KHTML, like Gecko) Chrome/87.0.4280.88 Safari/537.36" "-"
82.165.88.0 - - [04/Feb/2024:15:33:01 +0100] "POST /wp-cron.php?doing_wp_cron=1707057181.5922091007232666015625 HTTP/1.1" 200 - dartmoorrunners.co.uk "http://dartmoorrunners.co.uk/wp-cron.php?doing_wp_cron=1707057181.5922091007232666015625" "WordPress/6.1.5; http://dartmoorrunners.co.uk" "-"
185.220.101.0 - - [04/Feb/2024:15:33:03 +0100] "POST /xmlrpc.php HTTP/1.1" 200 403 dartmoorrunners.co.uk "-" "Mozilla/5.0 (Windows NT 10.0; Win64; x64) AppleWebKit/537.36 (KHTML, like Gecko) Chrome/87.0.4280.88 Safari/537.36" "-"
185.220.101.0 - - [04/Feb/2024:15:33:04 +0100] "POST /xmlrpc.php HTTP/1.1" 403 618 dartmoorrunners.co.uk "-" "Mozilla/5.0 (Windows NT 10.0; Win64; x64) AppleWebKit/537.36 (KHTML, like Gecko) Chrome/87.0.4280.88 Safari/537.36" "-"
185.220.101.0 - - [04/Feb/2024:15:33:05 +0100] "POST /xmlrpc.php HTTP/1.1" 403 618 dartmoorrunners.co.uk "-" "Mozilla/5.0 (Windows NT 10.0; Win64; x64) AppleWebKit/537.36 (KHTML, like Gecko) Chrome/87.0.4280.88 Safari/537.36" "-"
185.220.101.0 - - [04/Feb/2024:15:33:06 +0100] "POST /xmlrpc.php HTTP/1.1" 403 618 dartmoorrunners.co.uk "-" "Mozilla/5.0 (Windows NT 10.0; Win64; x64) AppleWebKit/537.36 (KHTML, like Gecko) Chrome/87.0.4280.88 Safari/537.36" "-"
77.98.18.0 - - [04/Feb/2024:15:34:46 +0100] "GET / HTTP/1.1" 200 373 dartmoorrunners.co.uk "-" "Mozilla/5.0 (iPhone; CPU iPhone OS 16_1_1 like Mac OS X) AppleWebKit/605.1.15 (KHTML, like Gecko) Version/16.1 Mobile/15E148 Safari/604.1" "-"
66.249.76.0 - - [04/Feb/2024:15:51:35 +0100] "GET / HTTP/1.1" 200 31573 dartmoorrunners.co.uk "-" "Mozilla/5.0 (Linux; Android 6.0.1; Nexus 5X Build/MMB29P) AppleWebKit/537.36 (KHTML, like Gecko) Chrome/121.0.6167.85 Mobile Safari/537.36 (compatible; Googlebot/2.1; +http://www.google.com/bot.html)" "-"
66.249.76.0 - - [04/Feb/2024:16:02:42 +0100] "GET / HTTP/1.1" 200 31573 dartmoorrunners.co.uk "-" "Mozilla/5.0 (Linux; Android 6.0.1; Nexus 5X Build/MMB29P) AppleWebKit/537.36 (KHTML, like Gecko) Chrome/121.0.6167.85 Mobile Safari/537.36 (compatible; Googlebot/2.1; +http://www.google.com/bot.html)" "-"
66.249.76.0 - - [04/Feb/2024:16:02:43 +0100] "GET / HTTP/1.1" 200 31573 dartmoorrunners.co.uk "-" "Mozilla/5.0 (compatible; Googlebot/2.1; +http://www.google.com/bot.html)" "-"
213.180.203.0 - - [04/Feb/2024:16:11:49 +0100] "GET /robots.txt HTTP/1.1" 200 121 dartmoorrunners.co.uk "-" "Mozilla/5.0 (compatible; YandexBot/3.0; +http://yandex.com/bots)" "-"
87.250.224.0 - - [04/Feb/2024:16:11:50 +0100] "GET / HTTP/1.1" 200 31573 dartmoorrunners.co.uk "-" "Mozilla/5.0 (compatible; YandexBot/3.0; +http://yandex.com/bots)" "-"
87.250.224.0 - - [04/Feb/2024:16:13:55 +0100] "GET / HTTP/1.1" 200 31573 dartmoorrunners.co.uk "-" "Mozilla/5.0 (compatible; YandexBot/3.0; +http://yandex.com/bots)" "-"
66.249.69.0 - - [04/Feb/2024:16:55:51 +0100] "GET / HTTP/1.1" 200 31573 dartmoorrunners.co.uk "-" "Mozilla/5.0 (compatible; Googlebot/2.1; +http://www.google.com/bot.html)" "-"
82.165.88.0 - - [04/Feb/2024:16:55:52 +0100] "POST /wp-cron.php?doing_wp_cron=1707062152.1090710163116455078125 HTTP/1.1" 200 - dartmoorrunners.co.uk "http://dartmoorrunners.co.uk/wp-cron.php?doing_wp_cron=1707062152.1090710163116455078125" "WordPress/6.1.5; http://dartmoorrunners.co.uk" "-"
213.180.203.0 - - [04/Feb/2024:16:58:18 +0100] "GET /robots.txt HTTP/1.1" 301 - www.dartmoorrunners.co.uk "-" "Mozilla/5.0 (compatible; YandexBot/3.0; +http://yandex.com/bots)" "-"
213.180.203.0 - - [04/Feb/2024:16:58:19 +0100] "GET /robots.txt HTTP/1.1" 200 121 dartmoorrunners.co.uk "-" "Mozilla/5.0 (compatible; YandexBot/3.0; +http://yandex.com/bots)" "-"
5.255.231.0 - - [04/Feb/2024:16:58:19 +0100] "GET / HTTP/1.1" 301 - www.dartmoorrunners.co.uk "-" "Mozilla/5.0 (compatible; YandexBot/3.0; +http://yandex.com/bots)" "-"
213.180.203.0 - - [04/Feb/2024:17:00:23 +0100] "GET / HTTP/1.1" 301 - www.dartmoorrunners.co.uk "-" "Mozilla/5.0 (compatible; YandexBot/3.0; +http://yandex.com/bots)" "-"
82.165.88.0 - - [04/Feb/2024:17:45:21 +0100] "POST /wp-cron.php?doing_wp_cron=1707065121.7412600517272949218750 HTTP/1.1" 200 - dartmoorrunners.co.uk "http://dartmoorrunners.co.uk/wp-cron.php?doing_wp_cron=1707065121.7412600517272949218750" "WordPress/6.1.5; http://dartmoorrunners.co.uk" "-"
136.226.167.0 - - [04/Feb/2024:17:45:21 +0100] "GET / HTTP/1.1" 200 31573 dartmoorrunners.co.uk "-" "Mozilla/5.0 (Windows NT 10.0; Win64; x64) AppleWebKit/537.36 (KHTML, like Gecko) Chrome/121.0.0.0 Safari/537.36 Edg/121.0.0.0" "-"
136.226.167.0 - - [04/Feb/2024:17:45:22 +0100] "GET /wp-includes/css/dist/block-library/style.min.css?ver=6.1.5 HTTP/1.1" 200 16164 dartmoorrunners.co.uk "http://dartmoorrunners.co.uk/" "Mozilla/5.0 (Windows NT 10.0; Win64; x64) AppleWebKit/537.36 (KHTML, like Gecko) Chrome/121.0.0.0 Safari/537.36 Edg/121.0.0.0" "-"
136.226.167.0 - - [04/Feb/2024:17:45:22 +0100] "GET /wp-includes/css/classic-themes.min.css?ver=1 HTTP/1.1" 200 189 dartmoorrunners.co.uk "http://dartmoorrunners.co.uk/" "Mozilla/5.0 (Windows NT 10.0; Win64; x64) AppleWebKit/537.36 (KHTML, like Gecko) Chrome/121.0.0.0 Safari/537.36 Edg/121.0.0.0" "-"
136.226.167.0 - - [04/Feb/2024:17:45:22 +0100] "GET /wp-content/themes/omega/style.css?ver=6.1.5 HTTP/1.1" 200 6552 dartmoorrunners.co.uk "http://dartmoorrunners.co.uk/" "Mozilla/5.0 (Windows NT 10.0; Win64; x64) AppleWebKit/537.36 (KHTML, like Gecko) Chrome/121.0.0.0 Safari/537.36 Edg/121.0.0.0" "-"
136.226.167.0 - - [04/Feb/2024:17:45:22 +0100] "GET /wp-includes/js/wp-emoji-release.min.js?ver=6.1.5 HTTP/1.1" 200 18617 dartmoorrunners.co.uk "http://dartmoorrunners.co.uk/" "Mozilla/5.0 (Windows NT 10.0; Win64; x64) AppleWebKit/537.36 (KHTML, like Gecko) Chrome/121.0.0.0 Safari/537.36 Edg/121.0.0.0" "-"
136.226.167.0 - - [04/Feb/2024:17:45:22 +0100] "GET /wp-content/uploads/2017/04/winter-2015-small.jpg HTTP/1.1" 200 202841 dartmoorrunners.co.uk "http://dartmoorrunners.co.uk/" "Mozilla/5.0 (Windows NT 10.0; Win64; x64) AppleWebKit/537.36 (KHTML, like Gecko) Chrome/121.0.0.0 Safari/537.36 Edg/121.0.0.0" "-"
136.226.167.0 - - [04/Feb/2024:17:45:22 +0100] "GET /wp-content/uploads/2017/04/ControlDog-300x225.jpg HTTP/1.1" 200 17221 dartmoorrunners.co.uk "http://dartmoorrunners.co.uk/" "Mozilla/5.0 (Windows NT 10.0; Win64; x64) AppleWebKit/537.36 (KHTML, like Gecko) Chrome/121.0.0.0 Safari/537.36 Edg/121.0.0.0" "-"
136.226.167.0 - - [04/Feb/2024:17:45:22 +0100] "GET /wp-content/uploads/2017/04/XmasBash2017Med.jpg HTTP/1.1" 200 200566 dartmoorrunners.co.uk "http://dartmoorrunners.co.uk/" "Mozilla/5.0 (Windows NT 10.0; Win64; x64) AppleWebKit/537.36 (KHTML, like Gecko) Chrome/121.0.0.0 Safari/537.36 Edg/121.0.0.0" "-"
136.226.167.0 - - [04/Feb/2024:17:45:22 +0100] "GET /wp-content/uploads/2017/04/Moorland-runner-cropped.jpg HTTP/1.1" 200 437747 dartmoorrunners.co.uk "http://dartmoorrunners.co.uk/" "Mozilla/5.0 (Windows NT 10.0; Win64; x64) AppleWebKit/537.36 (KHTML, like Gecko) Chrome/121.0.0.0 Safari/537.36 Edg/121.0.0.0" "-"
136.226.167.0 - - [04/Feb/2024:17:45:22 +0100] "GET /wp-content/uploads/2017/04/cropped-dartmoorrunnerslogo_normal.png HTTP/1.1" 200 110052 dartmoorrunners.co.uk "http://dartmoorrunners.co.uk/" "Mozilla/5.0 (Windows NT 10.0; Win64; x64) AppleWebKit/537.36 (KHTML, like Gecko) Chrome/121.0.0.0 Safari/537.36 Edg/121.0.0.0" "-"
136.226.167.0 - - [04/Feb/2024:17:45:22 +0100] "GET /wp-content/uploads/2017/04/cropped-dartmoorrunnerslogo_normal-32x32.png HTTP/1.1" 200 2617 dartmoorrunners.co.uk "http://dartmoorrunners.co.uk/" "Mozilla/5.0 (Windows NT 10.0; Win64; x64) AppleWebKit/537.36 (KHTML, like Gecko) Chrome/121.0.0.0 Safari/537.36 Edg/121.0.0.0" "-"
136.226.167.0 - - [04/Feb/2024:17:45:26 +0100] "GET /winter-series-2023 HTTP/1.1" 200 27638 dartmoorrunners.co.uk "http://dartmoorrunners.co.uk/" "Mozilla/5.0 (Windows NT 10.0; Win64; x64) AppleWebKit/537.36 (KHTML, like Gecko) Chrome/121.0.0.0 Safari/537.36 Edg/121.0.0.0" "-"
47.128.58.0 - - [04/Feb/2024:18:09:57 +0100] "GET /hello-world HTTP/1.1" 200 25913 dartmoorrunners.co.uk "-" "Mozilla/5.0 (compatible; Bytespider; spider-feedback@bytedance.com) AppleWebKit/537.36 (KHTML, like Gecko) Chrome/70.0.0.0 Safari/537.36" "-"
47.128.58.0 - - [04/Feb/2024:18:09:59 +0100] "GET /wp-includes/css/dist/block-library/style.min.css?ver=6.1.5 HTTP/1.1" 200 16164 dartmoorrunners.co.uk "http://dartmoorrunners.co.uk/hello-world" "Mozilla/5.0 (compatible; Bytespider; spider-feedback@bytedance.com) AppleWebKit/537.36 (KHTML, like Gecko) Chrome/70.0.0.0 Safari/537.36" "-"
47.128.58.0 - - [04/Feb/2024:18:09:59 +0100] "GET /wp-includes/js/wp-emoji-release.min.js?ver=6.1.5 HTTP/1.1" 200 18617 dartmoorrunners.co.uk "http://dartmoorrunners.co.uk/hello-world" "Mozilla/5.0 (compatible; Bytespider; spider-feedback@bytedance.com) AppleWebKit/537.36 (KHTML, like Gecko) Chrome/70.0.0.0 Safari/537.36" "-"
47.128.58.0 - - [04/Feb/2024:18:09:59 +0100] "GET /wp-content/themes/omega/style.css?ver=6.1.5 HTTP/1.1" 200 6552 dartmoorrunners.co.uk "http://dartmoorrunners.co.uk/hello-world" "Mozilla/5.0 (compatible; Bytespider; spider-feedback@bytedance.com) AppleWebKit/537.36 (KHTML, like Gecko) Chrome/70.0.0.0 Safari/537.36" "-"
47.128.58.0 - - [04/Feb/2024:18:10:00 +0100] "GET /wp-content/uploads/2017/04/cropped-dartmoorrunnerslogo_normal.png HTTP/1.1" 200 110052 dartmoorrunners.co.uk "http://dartmoorrunners.co.uk/hello-world" "Mozilla/5.0 (compatible; Bytespider; spider-feedback@bytedance.com) AppleWebKit/537.36 (KHTML, like Gecko) Chrome/70.0.0.0 Safari/537.36" "-"
