141.94.247.0 - - [11/Jan/2024:00:00:39 +0100] "POST /wp-login.php HTTP/1.1" 200 9047 dartmoorrunners.co.uk "-" "Mozilla/5.0 (Windows NT 10.0; WOW64) AppleWebKit/537.36 (KHTML, like Gecko) Chrome/47.0.2526.106 Safari/537.36" "-"
206.189.59.0 - - [11/Jan/2024:00:07:37 +0100] "POST /wp-login.php HTTP/1.1" 200 9057 dartmoorrunners.co.uk "-" "Mozilla/5.0 (Windows NT 6.1; WOW64) AppleWebKit/537.36 (KHTML, like Gecko) Chrome/47.0.2526.111 Safari/537.36 MVisionPlayer/1.0.0.0" "-"
54.36.148.0 - - [11/Jan/2024:00:21:55 +0100] "GET /robots.txt HTTP/1.1" 200 121 dartmoorrunners.co.uk "-" "Mozilla/5.0 (compatible; AhrefsBot/7.0; +http://ahrefs.com/robot/)" "-"
82.165.88.0 - - [11/Jan/2024:00:59:35 +0100] "POST /wp-cron.php?doing_wp_cron=1704931175.6702239513397216796875 HTTP/1.1" 200 - dartmoorrunners.co.uk "http://dartmoorrunners.co.uk/wp-cron.php?doing_wp_cron=1704931175.6702239513397216796875" "WordPress/6.1.4; http://dartmoorrunners.co.uk" "-"
193.189.100.0 - - [11/Jan/2024:00:59:35 +0100] "POST /xmlrpc.php HTTP/1.1" 200 403 dartmoorrunners.co.uk "-" "Mozilla/5.0 (Windows NT 10.0; Win64; x64) AppleWebKit/537.36 (KHTML, like Gecko) Chrome/87.0.4280.88 Safari/537.36" "-"
193.189.100.0 - - [11/Jan/2024:00:59:36 +0100] "POST /xmlrpc.php HTTP/1.1" 200 403 dartmoorrunners.co.uk "-" "Mozilla/5.0 (Windows NT 10.0; Win64; x64) AppleWebKit/537.36 (KHTML, like Gecko) Chrome/87.0.4280.88 Safari/537.36" "-"
193.189.100.0 - - [11/Jan/2024:00:59:37 +0100] "POST /xmlrpc.php HTTP/1.1" 403 618 dartmoorrunners.co.uk "-" "Mozilla/5.0 (Windows NT 10.0; Win64; x64) AppleWebKit/537.36 (KHTML, like Gecko) Chrome/87.0.4280.88 Safari/537.36" "-"
193.189.100.0 - - [11/Jan/2024:00:59:38 +0100] "POST /xmlrpc.php HTTP/1.1" 403 618 dartmoorrunners.co.uk "-" "Mozilla/5.0 (Windows NT 10.0; Win64; x64) AppleWebKit/537.36 (KHTML, like Gecko) Chrome/87.0.4280.88 Safari/537.36" "-"
193.189.100.0 - - [11/Jan/2024:00:59:39 +0100] "POST /xmlrpc.php HTTP/1.1" 403 618 dartmoorrunners.co.uk "-" "Mozilla/5.0 (Windows NT 10.0; Win64; x64) AppleWebKit/537.36 (KHTML, like Gecko) Chrome/87.0.4280.88 Safari/537.36" "-"
178.128.187.0 - - [11/Jan/2024:01:27:10 +0100] "POST /wp-login.php HTTP/1.1" 200 9047 dartmoorrunners.co.uk "-" "Mozilla/5.0 (Windows NT 10.0; Win64; x64) AppleWebKit/537.36 (KHTML, like Gecko) Chrome/70.0.3538.67 Safari/537.36" "-"
89.107.58.0 - - [11/Jan/2024:01:55:01 +0100] "GET /wp-content/plugins/WordPressCore/include.php HTTP/1.1" 301 - www.dartmoorrunners.co.uk "-" "Mozilla/6.4 (Windows NT 11.1) Gecko/2010102 Firefox/99.0" "-"
82.165.88.0 - - [11/Jan/2024:01:55:02 +0100] "POST /wp-cron.php?doing_wp_cron=1704934502.0505309104919433593750 HTTP/1.1" 200 - dartmoorrunners.co.uk "http://dartmoorrunners.co.uk/wp-cron.php?doing_wp_cron=1704934502.0505309104919433593750" "WordPress/6.1.4; http://dartmoorrunners.co.uk" "-"
89.107.58.0 - - [11/Jan/2024:01:55:02 +0100] "GET /wp-content/plugins/WordPressCore/include.php HTTP/1.1" 404 24763 dartmoorrunners.co.uk "-" "Mozilla/6.4 (Windows NT 11.1) Gecko/2010102 Firefox/99.0" "-"
89.107.58.0 - - [11/Jan/2024:01:55:04 +0100] "GET /wp-includes/images/include.php HTTP/1.1" 301 - www.dartmoorrunners.co.uk "-" "Mozilla/6.4 (Windows NT 11.1) Gecko/2010102 Firefox/99.0" "-"
89.107.58.0 - - [11/Jan/2024:01:55:04 +0100] "GET /wp-includes/images/include.php HTTP/1.1" 404 24763 dartmoorrunners.co.uk "-" "Mozilla/6.4 (Windows NT 11.1) Gecko/2010102 Firefox/99.0" "-"
89.107.58.0 - - [11/Jan/2024:01:55:04 +0100] "GET /defaul1.php HTTP/1.1" 301 - www.dartmoorrunners.co.uk "-" "Mozilla/6.4 (Windows NT 11.1) Gecko/2010102 Firefox/99.0" "-"
89.107.58.0 - - [11/Jan/2024:01:55:05 +0100] "GET /defaul1.php HTTP/1.1" 404 24763 dartmoorrunners.co.uk "-" "Mozilla/6.4 (Windows NT 11.1) Gecko/2010102 Firefox/99.0" "-"
135.125.1.0 - - [11/Jan/2024:01:56:44 +0100] "POST /wp-login.php HTTP/1.1" 200 9047 dartmoorrunners.co.uk "-" "Mozilla/5.0 (Windows NT 6.1) AppleWebKit/537.36 (KHTML, like Gecko) Chrome/80.0.3987.132 Safari/537.36" "-"
205.185.125.0 - - [11/Jan/2024:02:13:52 +0100] "GET /wp-login.php HTTP/1.1" 200 8627 dartmoorrunners.co.uk "-" "Mozilla/5.0 (Macintosh; Intel Mac OS X 10_9_4 AppleWebKit/537.36 (KHTML, like Gecko) Chrome/36.0.1985.125 Safari/537.36" "-"
205.185.125.0 - - [11/Jan/2024:02:14:16 +0100] "POST /wp-login.php HTTP/1.1" 200 9017 dartmoorrunners.co.uk "-" "Mozilla/5.0 (Macintosh; Intel Mac OS X 10_9_4 AppleWebKit/537.36 (KHTML, like Gecko) Chrome/36.0.1985.125 Safari/537.36" "-"
66.249.66.0 - - [11/Jan/2024:02:25:10 +0100] "GET / HTTP/1.1" 200 31575 dartmoorrunners.co.uk "-" "Mozilla/5.0 (compatible; Googlebot/2.1; +http://www.google.com/bot.html)" "-"
82.165.88.0 - - [11/Jan/2024:02:32:33 +0100] "POST /wp-cron.php?doing_wp_cron=1704936753.4848840236663818359375 HTTP/1.1" 200 - dartmoorrunners.co.uk "http://dartmoorrunners.co.uk/wp-cron.php?doing_wp_cron=1704936753.4848840236663818359375" "WordPress/6.1.4; http://dartmoorrunners.co.uk" "-"
114.119.137.0 - - [11/Jan/2024:02:32:33 +0100] "GET /robots.txt HTTP/1.1" 200 121 dartmoorrunners.co.uk "-" "Mozilla/5.0 (compatible;PetalBot;+https://webmaster.petalsearch.com/site/petalbot)" "-"
45.61.186.0 - - [11/Jan/2024:02:37:23 +0100] "GET //?author=3 HTTP/1.1" 301 - dartmoorrunners.co.uk "http://www.google.com.hk" "Mozilla/5.0 (Windows NT 6.1; WOW64) AppleWebKit/537.36 (KHTML, like Gecko) Chrome/42.0.2311.90 Safari/537.36" "-"
45.61.186.0 - - [11/Jan/2024:02:37:24 +0100] "GET /?author=3 HTTP/1.1" 404 24763 dartmoorrunners.co.uk "http://www.google.com.hk" "Mozilla/5.0 (Windows NT 6.1; WOW64) AppleWebKit/537.36 (KHTML, like Gecko) Chrome/42.0.2311.90 Safari/537.36" "-"
114.119.138.0 - - [11/Jan/2024:02:40:14 +0100] "GET /robots.txt HTTP/1.1" 200 121 dartmoorrunners.co.uk "-" "Mozilla/5.0 (compatible;PetalBot;+https://webmaster.petalsearch.com/site/petalbot)" "-"
103.120.178.0 - - [11/Jan/2024:03:09:30 +0100] "GET /.aws/credentials HTTP/1.1" 404 24763 dartmoorrunners.co.uk "-" "python-requests/2.25.1" "-"
54.202.114.0 - - [11/Jan/2024:03:09:53 +0100] "GET / HTTP/1.1" 200 31575 dartmoorrunners.co.uk "-" "Mozilla/5.0 (Macintosh; Intel Mac OS X 13_3_1) AppleWebKit/537.36 (KHTML, like Gecko) Chrome/113.0.0.0 Safari/537.36" "-"
162.241.252.0 - - [11/Jan/2024:03:18:39 +0100] "GET /wp-content/epinyins.php HTTP/1.1" 404 24763 dartmoorrunners.co.uk "http://simplesite.com" "Mozilla/5.0 (Windows; U; Windows NT 5.1; en-US) AppleWebKit/533.4 (KHTML, like Gecko) Chrome/5.0.375.99 Safari/533.4" "-"
162.241.252.0 - - [11/Jan/2024:03:18:46 +0100] "GET /wp-content/epinyins.php HTTP/1.1" 404 24763 dartmoorrunners.co.uk "http://simplesite.com" "Mozilla/5.0 (Windows; U; Windows NT 5.1; en-US) AppleWebKit/533.4 (KHTML, like Gecko) Chrome/5.0.375.99 Safari/533.4" "-"
5.2.67.0 - - [11/Jan/2024:03:28:09 +0100] "POST /xmlrpc.php HTTP/1.1" 200 403 dartmoorrunners.co.uk "-" "Mozilla/5.0 (Windows NT 5.1; Win64; x64) AppleWebKit/537.36 (KHTML, like Gecko) Chrome/60.0.3112.90 Safari/537.36" "-"
5.2.67.0 - - [11/Jan/2024:03:28:11 +0100] "POST /xmlrpc.php HTTP/1.1" 200 403 dartmoorrunners.co.uk "-" "Mozilla/5.0 (Windows NT 5.1; Win64; x64) AppleWebKit/537.36 (KHTML, like Gecko) Chrome/60.0.3112.90 Safari/537.36" "-"
5.2.67.0 - - [11/Jan/2024:03:28:12 +0100] "POST /xmlrpc.php HTTP/1.1" 403 618 dartmoorrunners.co.uk "-" "Mozilla/5.0 (Windows NT 5.1; Win64; x64) AppleWebKit/537.36 (KHTML, like Gecko) Chrome/60.0.3112.90 Safari/537.36" "-"
5.2.67.0 - - [11/Jan/2024:03:28:13 +0100] "POST /xmlrpc.php HTTP/1.1" 403 618 dartmoorrunners.co.uk "-" "Mozilla/5.0 (Windows NT 5.1; Win64; x64) AppleWebKit/537.36 (KHTML, like Gecko) Chrome/60.0.3112.90 Safari/537.36" "-"
5.2.67.0 - - [11/Jan/2024:03:28:14 +0100] "POST /xmlrpc.php HTTP/1.1" 403 618 dartmoorrunners.co.uk "-" "Mozilla/5.0 (Windows NT 5.1; Win64; x64) AppleWebKit/537.36 (KHTML, like Gecko) Chrome/60.0.3112.90 Safari/537.36" "-"
110.44.119.0 - - [11/Jan/2024:03:32:49 +0100] "POST /wp-login.php HTTP/1.1" 200 9057 dartmoorrunners.co.uk "-" "Mozilla/5.0 (Windows NT 10.0; WOW64) AppleWebKit/537.36 (KHTML, like Gecko) Chrome/55.0.2883.87 Safari/537.36" "-"
82.165.88.0 - - [11/Jan/2024:03:32:49 +0100] "POST /wp-cron.php?doing_wp_cron=1704940369.4444119930267333984375 HTTP/1.1" 200 - dartmoorrunners.co.uk "http://dartmoorrunners.co.uk/wp-cron.php?doing_wp_cron=1704940369.4444119930267333984375" "WordPress/6.1.4; http://dartmoorrunners.co.uk" "-"
52.167.144.0 - - [11/Jan/2024:04:06:39 +0100] "GET /robots.txt HTTP/1.1" 301 - www.dartmoorrunners.co.uk "-" "Mozilla/5.0 AppleWebKit/537.36 (KHTML, like Gecko; compatible; bingbot/2.0; +http://www.bing.com/bingbot.htm) Chrome/116.0.1938.76 Safari/537.36" "-"
52.167.144.0 - - [11/Jan/2024:04:06:40 +0100] "GET /robots.txt HTTP/1.1" 200 121 dartmoorrunners.co.uk "-" "Mozilla/5.0 AppleWebKit/537.36 (KHTML, like Gecko; compatible; bingbot/2.0; +http://www.bing.com/bingbot.htm) Chrome/116.0.1938.76 Safari/537.36" "-"
40.77.167.0 - - [11/Jan/2024:04:06:47 +0100] "GET /sitemap.xml HTTP/1.1" 302 - www.dartmoorrunners.co.uk "-" "Mozilla/5.0 AppleWebKit/537.36 (KHTML, like Gecko; compatible; bingbot/2.0; +http://www.bing.com/bingbot.htm) Chrome/116.0.1938.76 Safari/537.36" "-"
52.167.144.0 - - [11/Jan/2024:04:06:57 +0100] "GET /wp-sitemap.xml HTTP/1.1" 200 562 dartmoorrunners.co.uk "-" "Mozilla/5.0 AppleWebKit/537.36 (KHTML, like Gecko; compatible; bingbot/2.0; +http://www.bing.com/bingbot.htm) Chrome/116.0.1938.76 Safari/537.36" "-"
195.191.219.0 - - [11/Jan/2024:04:23:32 +0100] "GET /robots.txt HTTP/1.1" 200 121 dartmoorrunners.co.uk "-" "Mozilla/5.0 (compatible; MJ12bot/v1.4.8; http://mj12bot.com/)" "-"
195.191.219.0 - - [11/Jan/2024:04:23:34 +0100] "GET / HTTP/1.1" 200 31575 dartmoorrunners.co.uk "-" "Mozilla/5.0 (compatible; MJ12bot/v1.4.8; http://mj12bot.com/)" "-"
82.165.88.0 - - [11/Jan/2024:04:52:32 +0100] "POST /wp-cron.php?doing_wp_cron=1704945152.8427340984344482421875 HTTP/1.1" 200 - dartmoorrunners.co.uk "http://dartmoorrunners.co.uk/wp-cron.php?doing_wp_cron=1704945152.8427340984344482421875" "WordPress/6.1.4; http://dartmoorrunners.co.uk" "-"
54.36.148.0 - - [11/Jan/2024:04:52:32 +0100] "GET / HTTP/1.1" 200 31575 dartmoorrunners.co.uk "-" "Mozilla/5.0 (compatible; AhrefsBot/7.0; +http://ahrefs.com/robot/)" "-"
107.173.251.0 - - [11/Jan/2024:04:56:02 +0100] "POST /wp-login.php HTTP/1.1" 200 9047 dartmoorrunners.co.uk "-" "Mozilla/5.0 (Windows NT 6.1) AppleWebKit/537.36 (KHTML, like Gecko) Chrome/59.0.3071.115 Safari/537.36" "-"
109.248.175.0 - - [11/Jan/2024:04:56:26 +0100] "GET /wp-includes/js/tinymce/skins/lightgray/img/index.php HTTP/1.1" 301 - dartmoorrunners.co.uk "-" "Mozilla/4.0 (compatible; MSIE 6.0; Windows NT 5.1; SV1)" "-"
109.248.175.0 - - [11/Jan/2024:04:56:26 +0100] "GET /wp-includes/js/tinymce/skins/lightgray/img/ HTTP/1.1" 403 618 dartmoorrunners.co.uk "-" "Mozilla/4.0 (compatible; MSIE 6.0; Windows NT 5.1; SV1)" "-"
20.204.41.0 - - [11/Jan/2024:05:03:20 +0100] "POST /wp-login.php HTTP/1.1" 200 9057 dartmoorrunners.co.uk "-" "Mozilla/5.0 (Windows NT 10.0; WOW64) AppleWebKit/537.36 (KHTML, like Gecko) Chrome/79.0.3945.130 Safari/537.36" "-"
109.248.175.0 - - [11/Jan/2024:05:17:31 +0100] "POST /ayk.php HTTP/1.1" 404 24763 dartmoorrunners.co.uk "-" "Mozilla/4.0 (compatible; MSIE 6.0; Windows NT 5.1; SV1)" "-"
185.220.101.0 - - [11/Jan/2024:05:22:36 +0100] "GET / HTTP/1.1" 200 31575 dartmoorrunners.co.uk "http://dartmoorrunners.co.uk" "Mozilla/5.0 (Macintosh; Intel Mac OS X 10_10; rv:33.0) Gecko/20100101 Firefox/33.0" "-"
185.220.101.0 - - [11/Jan/2024:05:22:37 +0100] "GET /?author=1 HTTP/1.1" 301 - dartmoorrunners.co.uk "http://dartmoorrunners.co.uk/" "Mozilla/5.0 (Windows NT 10.0; WOW64; rv:51.0) Gecko/20100101 Firefox/51.0" "-"
185.220.101.0 - - [11/Jan/2024:05:22:38 +0100] "GET /author/dradmin HTTP/1.1" 200 25901 dartmoorrunners.co.uk "http://dartmoorrunners.co.uk/" "Mozilla/5.0 (Windows NT 10.0; WOW64; rv:51.0) Gecko/20100101 Firefox/51.0" "-"
185.246.188.0 - - [11/Jan/2024:05:22:39 +0100] "GET /?author=2 HTTP/1.1" 200 24957 dartmoorrunners.co.uk "http://dartmoorrunners.co.uk/" "Mozilla/5.0 (iPhone; CPU iPhone OS 13_7 like Mac OS X) AppleWebKit/605.1.15 (KHTML, like Gecko) Version/13.1.2 Mobile/15E148 Safari/604.1" "-"
185.220.101.0 - - [11/Jan/2024:05:22:45 +0100] "GET /?author=4 HTTP/1.1" 404 24763 dartmoorrunners.co.uk "http://dartmoorrunners.co.uk/" "Mozilla/5.0 (Macintosh; Intel Mac OS X 10_15) AppleWebKit/605.1.15 (KHTML, like Gecko) Version/13.0.5 Safari/605.1.15" "-"
77.105.146.0 - - [11/Jan/2024:05:22:46 +0100] "GET /?author=5 HTTP/1.1" 404 24763 dartmoorrunners.co.uk "http://dartmoorrunners.co.uk/" "Mozilla/5.0 (iPhone; CPU iPhone OS 11_4 like Mac OS X) AppleWebKit/605.1.15 (KHTML, like Gecko) Version/11.0 Mobile/15E148 Safari/604.1" "-"
82.153.138.0 - - [11/Jan/2024:05:22:47 +0100] "GET /wp-json/wp/v2/users/1 HTTP/1.1" 200 582 dartmoorrunners.co.uk "http://dartmoorrunners.co.uk/" "Mozilla/5.0 (Windows NT 10.0; Win64; x64; rv:69.0) Gecko/20100101 Firefox/69.0" "-"
185.220.101.0 - - [11/Jan/2024:05:22:48 +0100] "GET /wp-json/wp/v2/users/2 HTTP/1.1" 401 108 dartmoorrunners.co.uk "http://dartmoorrunners.co.uk/" "Mozilla/5.0 (iPhone; CPU iPhone OS 11_2_5 like Mac OS X) AppleWebKit/604.5.6 (KHTML, like Gecko) Version/11.0 Mobile/15D60 Safari/604.1" "-"
185.220.101.0 - - [11/Jan/2024:05:22:49 +0100] "GET /wp-json/wp/v2/users/3 HTTP/1.1" 404 82 dartmoorrunners.co.uk "http://dartmoorrunners.co.uk/" "Mozilla/5.0 (Windows NT 5.1; rv:33.0) Gecko/20100101 Firefox/33.0" "-"
31.220.98.0 - - [11/Jan/2024:05:22:50 +0100] "GET /wp-json/wp/v2/users/4 HTTP/1.1" 404 82 dartmoorrunners.co.uk "http://dartmoorrunners.co.uk/" "Mozilla/5.0 (Windows NT 10.0; Win64; x64) AppleWebKit/537.36 (KHTML, like Gecko) Chrome/86.0.4240.111 Safari/537.36" "-"
185.220.100.0 - - [11/Jan/2024:05:22:51 +0100] "GET /wp-json/wp/v2/users/5 HTTP/1.1" 404 82 dartmoorrunners.co.uk "http://dartmoorrunners.co.uk/" "Mozilla/5.0 (Windows NT 4.0; WOW64) AppleWebKit/537.36 (KHTML, like Gecko) Chrome/37.0.2049.0 Safari/537.36" "-"
162.19.77.0 - - [11/Jan/2024:05:26:15 +0100] "POST /wp-login.php HTTP/1.1" 200 9047 dartmoorrunners.co.uk "-" "Mozilla/5.0 (Windows NT 6.1; WOW64) AppleWebKit/537.36 (KHTML, like Gecko) Chrome/51.0.2704.106 Safari/537.36" "-"
185.220.101.0 - - [11/Jan/2024:05:31:53 +0100] "POST /xmlrpc.php HTTP/1.1" 200 403 dartmoorrunners.co.uk "-" "Mozilla/5.0 (Macintosh; Intel Mac OS X 10_10; rv:33.0) Gecko/20100101 Firefox/33.0" "-"
82.165.88.0 - - [11/Jan/2024:05:31:54 +0100] "POST /wp-cron.php?doing_wp_cron=1704947514.1582159996032714843750 HTTP/1.1" 200 - dartmoorrunners.co.uk "http://dartmoorrunners.co.uk/wp-cron.php?doing_wp_cron=1704947514.1582159996032714843750" "WordPress/6.1.4; http://dartmoorrunners.co.uk" "-"
185.220.101.0 - - [11/Jan/2024:05:31:54 +0100] "POST /xmlrpc.php HTTP/1.1" 200 403 dartmoorrunners.co.uk "-" "Mozilla/5.0 (Macintosh; Intel Mac OS X 10_10; rv:33.0) Gecko/20100101 Firefox/33.0" "-"
185.220.101.0 - - [11/Jan/2024:05:31:55 +0100] "POST /xmlrpc.php HTTP/1.1" 403 618 dartmoorrunners.co.uk "-" "Mozilla/5.0 (Macintosh; Intel Mac OS X 10_10; rv:33.0) Gecko/20100101 Firefox/33.0" "-"
185.220.101.0 - - [11/Jan/2024:05:31:56 +0100] "POST /xmlrpc.php HTTP/1.1" 403 618 dartmoorrunners.co.uk "-" "Mozilla/5.0 (Macintosh; Intel Mac OS X 10_10; rv:33.0) Gecko/20100101 Firefox/33.0" "-"
185.220.101.0 - - [11/Jan/2024:05:31:57 +0100] "POST /xmlrpc.php HTTP/1.1" 403 618 dartmoorrunners.co.uk "-" "Mozilla/5.0 (Macintosh; Intel Mac OS X 10_10; rv:33.0) Gecko/20100101 Firefox/33.0" "-"
35.88.188.0 - - [11/Jan/2024:05:51:53 +0100] "GET /robots.txt HTTP/1.1" 200 121 dartmoorrunners.co.uk "-" "-" "-"
35.88.188.0 - - [11/Jan/2024:05:51:53 +0100] "GET / HTTP/1.1" 200 31575 dartmoorrunners.co.uk "-" "Mozilla/5.0 (Windows NT 10.0; Win64; x64) AppleWebKit/537.36 (KHTML, like Gecko) Chrome/97.0.4692.71 Safari/537.36" "-"
35.88.188.0 - - [11/Jan/2024:05:57:41 +0100] "GET /results/winter-series-2012-results HTTP/1.1" 200 25917 dartmoorrunners.co.uk "-" "Mozilla/5.0 (Windows NT 10.0; Win64; x64) AppleWebKit/537.36 (KHTML, like Gecko) Chrome/74.0.3729.169 Safari/537.36" "-"
35.88.188.0 - - [11/Jan/2024:05:57:59 +0100] "GET /results/winter-series-2014-results HTTP/1.1" 200 25685 dartmoorrunners.co.uk "-" "Mozilla/5.0 (Windows NT 10.0; Win64; x64) AppleWebKit/537.36 (KHTML, like Gecko) Chrome/96.0.4664.110 Safari/537.36" "-"
35.88.188.0 - - [11/Jan/2024:05:58:21 +0100] "GET /results/winter-series-2011-results HTTP/1.1" 200 44856 dartmoorrunners.co.uk "-" "Mozilla/5.0 (Windows NT 10.0; Win64; x64) AppleWebKit/537.36 (KHTML, like Gecko) Chrome/74.0.3729.157 Safari/537.36" "-"
35.88.188.0 - - [11/Jan/2024:05:58:34 +0100] "GET /results/summer-series-2013-results HTTP/1.1" 200 25696 dartmoorrunners.co.uk "-" "Mozilla/5.0 (Windows NT 10.0; Win64; x64) AppleWebKit/537.36 (KHTML, like Gecko) Chrome/96.0.4664.110 Safari/537.36" "-"
35.88.188.0 - - [11/Jan/2024:05:58:52 +0100] "GET /results/winter-series-2016-results HTTP/1.1" 200 25695 dartmoorrunners.co.uk "-" "Mozilla/5.0 (Windows NT 10.0; Win64; x64) AppleWebKit/537.36 (KHTML, like Gecko) Chrome/74.0.3729.157 Safari/537.36" "-"
35.88.188.0 - - [11/Jan/2024:05:59:04 +0100] "GET /winter-series-2019-results HTTP/1.1" 200 25727 dartmoorrunners.co.uk "-" "Mozilla/5.0 (Windows NT 10.0; Win64; x64) AppleWebKit/537.36 (KHTML, like Gecko) Chrome/97.0.4692.71 Safari/537.36" "-"
35.88.188.0 - - [11/Jan/2024:05:59:14 +0100] "GET /results/summer-series-2017-results HTTP/1.1" 200 25706 dartmoorrunners.co.uk "-" "Mozilla/5.0 (Windows NT 10.0; Win64; x64) AppleWebKit/537.36 (KHTML, like Gecko) Chrome/97.0.4692.71 Safari/537.36" "-"
35.88.188.0 - - [11/Jan/2024:05:59:25 +0100] "GET /results/summer-series-2016-results HTTP/1.1" 200 25700 dartmoorrunners.co.uk "-" "Mozilla/5.0 (Windows NT 10.0; Win64; x64) AppleWebKit/537.36 (KHTML, like Gecko) Chrome/74.0.3729.169 Safari/537.36" "-"
35.88.188.0 - - [11/Jan/2024:05:59:36 +0100] "GET /summer-series-2019-results HTTP/1.1" 200 25727 dartmoorrunners.co.uk "-" "Mozilla/5.0 (Windows NT 10.0; Win64; x64) AppleWebKit/537.36 (KHTML, like Gecko) Chrome/74.0.3729.169 Safari/537.36" "-"
35.88.188.0 - - [11/Jan/2024:05:59:46 +0100] "GET /winter-series-results-2017 HTTP/1.1" 200 25719 dartmoorrunners.co.uk "-" "Mozilla/5.0 (Windows NT 10.0; Win64; x64) AppleWebKit/537.36 (KHTML, like Gecko) Chrome/96.0.4664.110 Safari/537.36" "-"
52.167.144.0 - - [11/Jan/2024:05:59:59 +0100] "GET /sitemap.xml HTTP/1.1" 302 - dartmoorrunners.co.uk "-" "Mozilla/5.0 AppleWebKit/537.36 (KHTML, like Gecko; compatible; bingbot/2.0; +http://www.bing.com/bingbot.htm) Chrome/116.0.1938.76 Safari/537.36" "-"
52.167.144.0 - - [11/Jan/2024:06:00:00 +0100] "GET /wp-sitemap.xml HTTP/1.1" 200 562 dartmoorrunners.co.uk "-" "Mozilla/5.0 AppleWebKit/537.36 (KHTML, like Gecko; compatible; bingbot/2.0; +http://www.bing.com/bingbot.htm) Chrome/116.0.1938.76 Safari/537.36" "-"
35.88.188.0 - - [11/Jan/2024:06:00:00 +0100] "GET /summer-series-2023 HTTP/1.1" 200 27250 dartmoorrunners.co.uk "-" "Mozilla/5.0 (Windows NT 10.0; Win64; x64) AppleWebKit/537.36 (KHTML, like Gecko) Chrome/74.0.3729.169 Safari/537.36" "-"
35.88.188.0 - - [11/Jan/2024:06:00:10 +0100] "GET /winter-series-2022-results HTTP/1.1" 200 25786 dartmoorrunners.co.uk "-" "Mozilla/5.0 (Windows NT 10.0; Win64; x64) AppleWebKit/537.36 (KHTML, like Gecko) Chrome/74.0.3729.169 Safari/537.36" "-"
35.88.188.0 - - [11/Jan/2024:06:00:21 +0100] "GET /winter-series-2023 HTTP/1.1" 200 27621 dartmoorrunners.co.uk "-" "Mozilla/5.0 (Windows NT 10.0; Win64; x64) AppleWebKit/537.36 (KHTML, like Gecko) Chrome/97.0.4692.71 Safari/537.36" "-"
35.88.188.0 - - [11/Jan/2024:06:00:32 +0100] "GET /current-series-dates HTTP/1.1" 200 27887 dartmoorrunners.co.uk "-" "Mozilla/5.0 (Windows NT 10.0; Win64; x64) AppleWebKit/537.36 (KHTML, like Gecko) Chrome/96.0.4664.110 Safari/537.36" "-"
35.88.188.0 - - [11/Jan/2024:06:00:42 +0100] "GET /results/winter-series-2015-results HTTP/1.1" 200 25700 dartmoorrunners.co.uk "-" "Mozilla/5.0 (Windows NT 10.0; Win64; x64) AppleWebKit/537.36 (KHTML, like Gecko) Chrome/74.0.3729.157 Safari/537.36" "-"
35.88.188.0 - - [11/Jan/2024:06:00:52 +0100] "GET /results/summer-series-2015-results HTTP/1.1" 200 25685 dartmoorrunners.co.uk "-" "Mozilla/5.0 (Windows NT 10.0; Win64; x64) AppleWebKit/537.36 (KHTML, like Gecko) Chrome/74.0.3729.157 Safari/537.36" "-"
35.88.188.0 - - [11/Jan/2024:06:01:02 +0100] "GET /results/winter-series-2013-results HTTP/1.1" 200 25734 dartmoorrunners.co.uk "-" "Mozilla/5.0 (Windows NT 10.0; Win64; x64) AppleWebKit/537.36 (KHTML, like Gecko) Chrome/96.0.4664.110 Safari/537.36" "-"
35.88.188.0 - - [11/Jan/2024:06:01:12 +0100] "GET /results/summer-series-2014-results HTTP/1.1" 200 25685 dartmoorrunners.co.uk "-" "Mozilla/5.0 (Windows NT 10.0; Win64; x64) AppleWebKit/537.36 (KHTML, like Gecko) Chrome/96.0.4664.110 Safari/537.36" "-"
35.88.188.0 - - [11/Jan/2024:06:01:22 +0100] "GET /results HTTP/1.1" 200 25108 dartmoorrunners.co.uk "-" "Mozilla/5.0 (Windows NT 10.0; Win64; x64) AppleWebKit/537.36 (KHTML, like Gecko) Chrome/96.0.4664.110 Safari/537.36" "-"
35.88.188.0 - - [11/Jan/2024:06:01:32 +0100] "GET /winter-series-results-2018 HTTP/1.1" 200 25719 dartmoorrunners.co.uk "-" "Mozilla/5.0 (Windows NT 10.0; Win64; x64) AppleWebKit/537.36 (KHTML, like Gecko) Chrome/74.0.3729.169 Safari/537.36" "-"
35.88.188.0 - - [11/Jan/2024:06:01:42 +0100] "GET /results/summer-series-2018-results HTTP/1.1" 200 25797 dartmoorrunners.co.uk "-" "Mozilla/5.0 (Windows NT 10.0; Win64; x64) AppleWebKit/537.36 (KHTML, like Gecko) Chrome/74.0.3729.169 Safari/537.36" "-"
35.88.188.0 - - [11/Jan/2024:06:01:52 +0100] "GET /results/summer-series-2012-results HTTP/1.1" 200 39432 dartmoorrunners.co.uk "-" "Mozilla/5.0 (Windows NT 10.0; Win64; x64) AppleWebKit/537.36 (KHTML, like Gecko) Chrome/97.0.4692.71 Safari/537.36" "-"
40.233.83.0 - - [11/Jan/2024:06:03:32 +0100] "POST /wp-login.php HTTP/1.1" 200 9057 dartmoorrunners.co.uk "-" "Mozilla/5.0 (Windows NT 10.0; Win64; x64) AppleWebKit/537.36 (KHTML, like Gecko) Chrome/70.0.3538.67 Safari/537.36" "-"
81.94.159.0 - - [11/Jan/2024:06:10:29 +0100] "POST /ayk.php HTTP/1.1" 404 24763 dartmoorrunners.co.uk "-" "Mozilla/4.0 (compatible; MSIE 6.0; Windows NT 5.1; SV1)" "-"
68.178.145.0 - - [11/Jan/2024:06:27:13 +0100] "POST /xmlrpc.php HTTP/1.1" 200 401 dartmoorrunners.co.uk "-" "Mozilla/5.0 (X11; Fedora; Linux x86_64; rv:94.0) Gecko/20100101 Firefox/95.0" "-"
82.165.88.0 - - [11/Jan/2024:06:33:15 +0100] "POST /wp-cron.php?doing_wp_cron=1704951195.6359930038452148437500 HTTP/1.1" 200 - dartmoorrunners.co.uk "http://dartmoorrunners.co.uk/wp-cron.php?doing_wp_cron=1704951195.6359930038452148437500" "WordPress/6.1.4; http://dartmoorrunners.co.uk" "-"
139.196.46.0 - - [11/Jan/2024:06:33:15 +0100] "POST /wp-login.php HTTP/1.1" 200 9057 dartmoorrunners.co.uk "-" "Mozilla/5.0 (Windows NT 10.0; Win64; x64) AppleWebKit/537.36 (KHTML, like Gecko) Chrome/64.0.3282.167 Safari/537.36" "-"
198.71.230.0 - - [11/Jan/2024:06:38:19 +0100] "POST /xmlrpc.php HTTP/1.1" 200 401 dartmoorrunners.co.uk "-" "Mozilla/5.0 (X11; Fedora; Linux x86_64; rv:94.0) Gecko/20100101 Firefox/95.0" "-"
125.212.218.0 - - [11/Jan/2024:06:49:46 +0100] "POST /xmlrpc.php HTTP/1.1" 200 401 dartmoorrunners.co.uk "-" "Mozilla/5.0 (X11; Fedora; Linux x86_64; rv:94.0) Gecko/20100101 Firefox/95.0" "-"
97.74.91.0 - - [11/Jan/2024:07:01:53 +0100] "POST /xmlrpc.php HTTP/1.1" 200 401 dartmoorrunners.co.uk "-" "Mozilla/5.0 (X11; Fedora; Linux x86_64; rv:94.0) Gecko/20100101 Firefox/95.0" "-"
52.167.144.0 - - [11/Jan/2024:07:12:26 +0100] "GET /wp-sitemap.xml HTTP/1.1" 200 562 dartmoorrunners.co.uk "-" "Mozilla/5.0 AppleWebKit/537.36 (KHTML, like Gecko; compatible; bingbot/2.0; +http://www.bing.com/bingbot.htm) Chrome/116.0.1938.76 Safari/537.36" "-"
123.57.192.0 - - [11/Jan/2024:07:30:40 +0100] "POST /xmlrpc.php HTTP/1.1" 200 401 dartmoorrunners.co.uk "-" "Mozilla/5.0 (X11; Fedora; Linux x86_64; rv:94.0) Gecko/20100101 Firefox/95.0" "-"
82.165.88.0 - - [11/Jan/2024:07:30:41 +0100] "POST /wp-cron.php?doing_wp_cron=1704954641.1317861080169677734375 HTTP/1.1" 200 - dartmoorrunners.co.uk "http://dartmoorrunners.co.uk/wp-cron.php?doing_wp_cron=1704954641.1317861080169677734375" "WordPress/6.1.4; http://dartmoorrunners.co.uk" "-"
185.18.197.0 - - [11/Jan/2024:07:33:33 +0100] "POST /wp-login.php HTTP/1.1" 200 9057 dartmoorrunners.co.uk "-" "Mozilla/5.0 (Windows NT 6.3; Win64; x64) AppleWebKit/537.36 (KHTML, like Gecko) Chrome/62.0.3202.94 Safari/537.36" "-"
185.220.102.0 - - [11/Jan/2024:07:39:08 +0100] "POST /xmlrpc.php HTTP/1.1" 200 403 dartmoorrunners.co.uk "-" "Mozilla/5.0 (Windows NT 10.0; Win64; x64) AppleWebKit/537.36 (KHTML, like Gecko) Chrome/91.0.4472.124 Safari/537.36" "-"
185.220.102.0 - - [11/Jan/2024:07:39:09 +0100] "POST /xmlrpc.php HTTP/1.1" 200 403 dartmoorrunners.co.uk "-" "Mozilla/5.0 (Windows NT 10.0; Win64; x64) AppleWebKit/537.36 (KHTML, like Gecko) Chrome/91.0.4472.124 Safari/537.36" "-"
185.220.102.0 - - [11/Jan/2024:07:39:10 +0100] "POST /xmlrpc.php HTTP/1.1" 403 618 dartmoorrunners.co.uk "-" "Mozilla/5.0 (Windows NT 10.0; Win64; x64) AppleWebKit/537.36 (KHTML, like Gecko) Chrome/91.0.4472.124 Safari/537.36" "-"
185.220.102.0 - - [11/Jan/2024:07:39:11 +0100] "POST /xmlrpc.php HTTP/1.1" 403 618 dartmoorrunners.co.uk "-" "Mozilla/5.0 (Windows NT 10.0; Win64; x64) AppleWebKit/537.36 (KHTML, like Gecko) Chrome/91.0.4472.124 Safari/537.36" "-"
185.220.102.0 - - [11/Jan/2024:07:39:12 +0100] "POST /xmlrpc.php HTTP/1.1" 403 618 dartmoorrunners.co.uk "-" "Mozilla/5.0 (Windows NT 10.0; Win64; x64) AppleWebKit/537.36 (KHTML, like Gecko) Chrome/91.0.4472.124 Safari/537.36" "-"
92.205.3.0 - - [11/Jan/2024:07:45:41 +0100] "POST /xmlrpc.php HTTP/1.1" 200 401 dartmoorrunners.co.uk "-" "Mozilla/5.0 (X11; Fedora; Linux x86_64; rv:94.0) Gecko/20100101 Firefox/95.0" "-"
54.36.148.0 - - [11/Jan/2024:07:48:13 +0100] "GET /winter-series-2022-results HTTP/1.1" 200 25786 dartmoorrunners.co.uk "-" "Mozilla/5.0 (compatible; AhrefsBot/7.0; +http://ahrefs.com/robot/)" "-"
158.69.18.0 - - [11/Jan/2024:07:56:10 +0100] "POST /wp-login.php HTTP/1.1" 200 9047 dartmoorrunners.co.uk "-" "Mozilla/5.0 (Windows NT 6.1) AppleWebKit/537.36 (KHTML, like Gecko) Chrome/56.0.2924.87 Safari/537.36" "-"
2607:f298:: - - [11/Jan/2024:08:01:38 +0100] "POST /xmlrpc.php HTTP/1.1" 200 401 dartmoorrunners.co.uk "-" "Mozilla/5.0 (X11; Fedora; Linux x86_64; rv:94.0) Gecko/20100101 Firefox/95.0" "-"
210.207.92.0 - - [11/Jan/2024:08:03:23 +0100] "POST /wp-login.php HTTP/1.1" 200 9057 dartmoorrunners.co.uk "-" "Mozilla/5.0 (Windows NT 6.1; Win64; x64) AppleWebKit/537.36 (KHTML, like Gecko) Chrome/79.0.3945.117 Safari/537.36" "-"
47.242.158.0 - - [11/Jan/2024:08:17:34 +0100] "POST /xmlrpc.php HTTP/1.1" 200 401 dartmoorrunners.co.uk "-" "Mozilla/5.0 (X11; Fedora; Linux x86_64; rv:94.0) Gecko/20100101 Firefox/95.0" "-"
217.133.221.0 - - [11/Jan/2024:08:25:47 +0100] "POST /wp-login.php HTTP/1.1" 200 9047 dartmoorrunners.co.uk "-" "Mozilla/5.0 (Windows NT 10.0; Win64; x64) AppleWebKit/537.36 (KHTML, like Gecko) Chrome/87.0.4280.88 Safari/537.36" "-"
167.71.69.0 - - [11/Jan/2024:08:51:21 +0100] "POST /xmlrpc.php HTTP/1.1" 200 401 dartmoorrunners.co.uk "-" "Mozilla/5.0 (X11; Fedora; Linux x86_64; rv:94.0) Gecko/20100101 Firefox/95.0" "-"
82.165.88.0 - - [11/Jan/2024:08:51:21 +0100] "POST /wp-cron.php?doing_wp_cron=1704959481.5669119358062744140625 HTTP/1.1" 200 - dartmoorrunners.co.uk "http://dartmoorrunners.co.uk/wp-cron.php?doing_wp_cron=1704959481.5669119358062744140625" "WordPress/6.1.4; http://dartmoorrunners.co.uk" "-"
68.178.145.0 - - [11/Jan/2024:09:09:00 +0100] "POST /xmlrpc.php HTTP/1.1" 200 401 dartmoorrunners.co.uk "-" "Mozilla/5.0 (X11; Fedora; Linux x86_64; rv:94.0) Gecko/20100101 Firefox/95.0" "-"
184.168.103.0 - - [11/Jan/2024:09:26:55 +0100] "POST /xmlrpc.php HTTP/1.1" 200 401 dartmoorrunners.co.uk "-" "Mozilla/5.0 (X11; Fedora; Linux x86_64; rv:94.0) Gecko/20100101 Firefox/95.0" "-"
82.165.88.0 - - [11/Jan/2024:09:46:31 +0100] "POST /wp-cron.php?doing_wp_cron=1704962791.3704450130462646484375 HTTP/1.1" 200 - dartmoorrunners.co.uk "http://dartmoorrunners.co.uk/wp-cron.php?doing_wp_cron=1704962791.3704450130462646484375" "WordPress/6.1.4; http://dartmoorrunners.co.uk" "-"
192.169.148.0 - - [11/Jan/2024:09:46:31 +0100] "POST /xmlrpc.php HTTP/1.1" 200 401 dartmoorrunners.co.uk "-" "Mozilla/5.0 (X11; Fedora; Linux x86_64; rv:94.0) Gecko/20100101 Firefox/95.0" "-"
34.210.74.0 - - [11/Jan/2024:10:03:48 +0100] "GET /wp-content/uploads/2017/04/cropped-dartmoorrunnerslogo_normal.png HTTP/1.1" 200 110052 dartmoorrunners.co.uk "-" "Mozilla/5.0 (X11; Ubuntu; Linux x86_64; rv:72.0) Gecko/20100101 Firefox/72.0" "-"
185.220.100.0 - - [11/Jan/2024:10:04:06 +0100] "POST /xmlrpc.php HTTP/1.1" 200 403 dartmoorrunners.co.uk "-" "Mozilla/5.0 (Windows NT 6.1; Win64; x64) AppleWebKit/537.36 (KHTML, like Gecko) Chrome/60.0.3112.90 Safari/537.36" "-"
185.220.100.0 - - [11/Jan/2024:10:04:08 +0100] "POST /xmlrpc.php HTTP/1.1" 200 403 dartmoorrunners.co.uk "-" "Mozilla/5.0 (Windows NT 6.1; Win64; x64) AppleWebKit/537.36 (KHTML, like Gecko) Chrome/60.0.3112.90 Safari/537.36" "-"
185.220.100.0 - - [11/Jan/2024:10:04:09 +0100] "POST /xmlrpc.php HTTP/1.1" 403 618 dartmoorrunners.co.uk "-" "Mozilla/5.0 (Windows NT 6.1; Win64; x64) AppleWebKit/537.36 (KHTML, like Gecko) Chrome/60.0.3112.90 Safari/537.36" "-"
185.220.100.0 - - [11/Jan/2024:10:04:10 +0100] "POST /xmlrpc.php HTTP/1.1" 403 618 dartmoorrunners.co.uk "-" "Mozilla/5.0 (Windows NT 6.1; Win64; x64) AppleWebKit/537.36 (KHTML, like Gecko) Chrome/60.0.3112.90 Safari/537.36" "-"
185.220.100.0 - - [11/Jan/2024:10:04:11 +0100] "POST /xmlrpc.php HTTP/1.1" 403 618 dartmoorrunners.co.uk "-" "Mozilla/5.0 (Windows NT 6.1; Win64; x64) AppleWebKit/537.36 (KHTML, like Gecko) Chrome/60.0.3112.90 Safari/537.36" "-"
92.205.25.0 - - [11/Jan/2024:10:06:25 +0100] "POST /xmlrpc.php HTTP/1.1" 200 401 dartmoorrunners.co.uk "-" "Mozilla/5.0 (X11; Fedora; Linux x86_64; rv:94.0) Gecko/20100101 Firefox/95.0" "-"
2a00:d680:: - - [11/Jan/2024:10:27:02 +0100] "POST /xmlrpc.php HTTP/1.1" 200 401 dartmoorrunners.co.uk "-" "Mozilla/5.0 (X11; Fedora; Linux x86_64; rv:94.0) Gecko/20100101 Firefox/95.0" "-"
82.165.88.0 - - [11/Jan/2024:10:43:32 +0100] "POST /wp-cron.php?doing_wp_cron=1704966212.9516220092773437500000 HTTP/1.1" 200 - dartmoorrunners.co.uk "http://dartmoorrunners.co.uk/wp-cron.php?doing_wp_cron=1704966212.9516220092773437500000" "WordPress/6.1.4; http://dartmoorrunners.co.uk" "-"
66.249.66.0 - - [11/Jan/2024:10:43:32 +0100] "GET /robots.txt HTTP/1.1" 200 121 dartmoorrunners.co.uk "-" "Mozilla/5.0 (compatible; Googlebot/2.1; +http://www.google.com/bot.html)" "-"
66.249.76.0 - - [11/Jan/2024:10:43:45 +0100] "GET / HTTP/1.1" 200 31575 dartmoorrunners.co.uk "-" "Mozilla/5.0 (Linux; Android 6.0.1; Nexus 5X Build/MMB29P) AppleWebKit/537.36 (KHTML, like Gecko) Chrome/120.0.6099.199 Mobile Safari/537.36 (compatible; Googlebot/2.1; +http://www.google.com/bot.html)" "-"
2a03:b0c0:: - - [11/Jan/2024:10:48:46 +0100] "POST /xmlrpc.php HTTP/1.1" 200 401 dartmoorrunners.co.uk "-" "Mozilla/5.0 (X11; Fedora; Linux x86_64; rv:94.0) Gecko/20100101 Firefox/95.0" "-"
40.77.167.0 - - [11/Jan/2024:10:52:06 +0100] "GET /wp-sitemap.xml HTTP/1.1" 200 562 dartmoorrunners.co.uk "-" "Mozilla/5.0 AppleWebKit/537.36 (KHTML, like Gecko; compatible; bingbot/2.0; +http://www.bing.com/bingbot.htm) Chrome/116.0.1938.76 Safari/537.36" "-"
35.209.139.0 - - [11/Jan/2024:10:57:16 +0100] "POST /wp-login.php HTTP/1.1" 200 563 dartmoorrunners.co.uk "-" "Mozilla/5.0 (Windows NT 6.1; WOW64) AppleWebKit/537.36 (KHTML, like Gecko) Chrome/52.0.2743.116 Safari/537.36" "-"
64.227.130.0 - - [11/Jan/2024:11:03:50 +0100] "GET /index.html HTTP/1.1" 404 626 dartmoorrunners.co.uk "-" "Mozilla/5.0 (Windows NT 10.0; Win64; x64) AppleWebKit/537.36 (KHTML, like Gecko) Chrome/70.0.3538.77 Safari/537.36" "-"
64.227.130.0 - - [11/Jan/2024:11:03:50 +0100] "GET /libs/granite/security/content/useradmin.html HTTP/1.1" 404 24763 dartmoorrunners.co.uk "-" "Mozilla/5.0 (Windows NT 5.1) AppleWebKit/537.36 (KHTML, like Gecko) Chrome/35.0.2309.372 Safari/537.36" "-"
64.227.130.0 - - [11/Jan/2024:11:03:50 +0100] "GET /7/0/33/1d/www.citysearch.com/search?what=x&where=place%22%3E%3Csvg+onload=confirm(document.domain)%3E HTTP/1.1" 404 24763 dartmoorrunners.co.uk "-" "Mozilla/5.0 (X11; OpenBSD i386) AppleWebKit/537.36 (KHTML, like Gecko) Chrome/36.0.1985.125 Safari/537.36" "-"
64.227.130.0 - - [11/Jan/2024:11:03:50 +0100] "GET /conf HTTP/1.1" 404 24763 dartmoorrunners.co.uk "-" "Mozilla/5.0 (Windows NT 6.2; WOW64) AppleWebKit/537.36 (KHTML like Gecko) Chrome/44.0.2403.155 Safari/537.36" "-"
64.227.130.0 - - [11/Jan/2024:11:03:50 +0100] "GET /etc/designs/xh1x.childrenlist.json//%3Csvg%20onload=alert%28document.domain%29%3E.html HTTP/1.1" 301 - dartmoorrunners.co.uk "-" "Mozilla/5.0 (X11; OpenBSD i386) AppleWebKit/537.36 (KHTML, like Gecko) Chrome/36.0.1985.125 Safari/537.36" "-"
64.227.130.0 - - [11/Jan/2024:11:03:50 +0100] "GET /_config HTTP/1.1" 404 24763 dartmoorrunners.co.uk "-" "Mozilla/5.0 (X11; Linux x86_64) AppleWebKit/537.36 (KHTML, like Gecko) Chrome/41.0.2227.0 Safari/537.36" "-"
64.227.130.0 - - [11/Jan/2024:11:03:50 +0100] "GET /api/v1/cluster/summary HTTP/1.1" 404 24763 dartmoorrunners.co.uk "-" "Mozilla/5.0 (Macintosh; Intel Mac OS X 10_8_3) AppleWebKit/537.36 (KHTML, like Gecko) Chrome/54.0.2866.71 Safari/537.36" "-"
64.227.130.0 - - [11/Jan/2024:11:03:51 +0100] "GET /api/security/ticket HTTP/1.1" 404 24763 dartmoorrunners.co.uk "-" "Mozilla/5.0 (Macintosh; Intel Mac OS X 10_10_1) AppleWebKit/537.36 (KHTML, like Gecko) Chrome/37.0.2062.124 Safari/537.36" "-"
64.227.130.0 - - [11/Jan/2024:11:03:51 +0100] "GET /nifi-api/access/config HTTP/1.1" 404 24763 dartmoorrunners.co.uk "-" "Mozilla/5.0 (Windows NT 6.1; WOW64) AppleWebKit/537.36 (KHTML, like Gecko) Chrome/41.0.2227.0 Safari/537.36" "-"
64.227.130.0 - - [11/Jan/2024:11:03:53 +0100] "GET /users/sign_in HTTP/1.1" 404 24763 dartmoorrunners.co.uk "-" "Mozilla/5.0 (Windows NT 5.1) AppleWebKit/537.36 (KHTML, like Gecko) Chrome/36.0.1985.67 Safari/537.36" "-"
64.227.130.0 - - [11/Jan/2024:11:03:54 +0100] "GET /crx/explorer/nodetypes/index.jsp HTTP/1.1" 404 24763 dartmoorrunners.co.uk "-" "Mozilla/5.0 (Windows NT 6.1) AppleWebKit/537.36 (KHTML, like Gecko) Chrome/41.0.2228.0 Safari/537.36" "-"
64.227.130.0 - - [11/Jan/2024:11:03:58 +0100] "GET /libs/granite/offloading/content/view.html HTTP/1.1" 404 24763 dartmoorrunners.co.uk "-" "Mozilla/5.0 (Macintosh; Intel Mac OS X 10_9_2) AppleWebKit/537.36 (KHTML, like Gecko) Chrome/52.0.2762.73 Safari/537.36" "-"
64.227.130.0 - - [11/Jan/2024:11:03:59 +0100] "GET /bin/querybuilder.json.;%0aa.css?p.hits=full&property=rep:authorizableId&type=rep:User HTTP/1.1" 404 24763 dartmoorrunners.co.uk "-" "Mozilla/5.0 (X11; Ubuntu; Linux i686 on x86_64) AppleWebKit/537.36 (KHTML, like Gecko) Chrome/53.0.2820.59 Safari/537.36" "-"
54.37.121.0 - - [11/Jan/2024:11:05:42 +0100] "GET /wp-content/themes/pss.php HTTP/1.1" 404 24763 dartmoorrunners.co.uk "http://simplesite.com" "Mozilla/5.0 (Windows; U; Windows NT 5.1; en-US) AppleWebKit/533.4 (KHTML, like Gecko) Chrome/5.0.375.99 Safari/533.4" "-"
82.165.88.0 - - [11/Jan/2024:11:09:16 +0100] "POST /wp-cron.php?doing_wp_cron=1704967756.2610170841217041015625 HTTP/1.1" 200 - dartmoorrunners.co.uk "http://dartmoorrunners.co.uk/wp-cron.php?doing_wp_cron=1704967756.2610170841217041015625" "WordPress/6.1.4; http://dartmoorrunners.co.uk" "-"
64.227.130.0 - - [11/Jan/2024:11:09:16 +0100] "GET /content.infinity.json HTTP/1.1" 404 24763 dartmoorrunners.co.uk "-" "Mozilla/5.0 (X11; Ubuntu; Linux x86_64) AppleWebKit/537.36 (KHTML, like Gecko) Chrome/55.0.2919.83 Safari/537.36" "-"
64.227.130.0 - - [11/Jan/2024:11:09:33 +0100] "GET /crx/de/setPreferences.jsp;%0A.html?language=en&keymap=<svg/onload=confirm(document.domain);>//a HTTP/1.1" 404 24763 dartmoorrunners.co.uk "-" "Mozilla/5.0 (Windows NT 6.1; WOW64) AppleWebKit/537.36 (KHTML, like Gecko) Chrome/41.0.2227.0 Safari/537.36" "-"
64.227.130.0 - - [11/Jan/2024:11:09:35 +0100] "GET / HTTP/1.1" 200 31575 dartmoorrunners.co.uk "-" "Mozilla/5.0 (Windows NT 10.0; Win64; x64) AppleWebKit/537.36 (KHTML, like Gecko) Chrome/89.0.4389.114 Safari/537.36" "-"
64.227.130.0 - - [11/Jan/2024:11:09:38 +0100] "GET /crx/packmgr/list.jsp;%0a;%0a;%0a;%0a;%0a;%0a;%0a;%0a;%0a;%0a;%0a;%0a;%0a;%0a;%0a;%0aa.css?_dc=1615863080856&_charset_=utf-8&includeVersions=true HTTP/1.1" 404 24763 dartmoorrunners.co.uk "http://dartmoorrunners.co.uk" "Mozilla/5.0 (Windows NT 10.0; Win64; x64) AppleWebKit/537.36 (KHTML, like Gecko) Chrome/89.0.4389.114 Safari/537.36" "-"
64.227.130.0 - - [11/Jan/2024:11:09:39 +0100] "GET /DrwO%3Cimg%20src=x%20data%27a%27onerror=alert%28domain%29%3E.childrenlist.html HTTP/1.1" 404 24763 dartmoorrunners.co.uk "-" "Mozilla/5.0 (Windows NT 10.0) AppleWebKit/537.36 (KHTML, like Gecko) Chrome/40.0.2214.93 Safari/537.36" "-"
64.227.130.0 - - [11/Jan/2024:11:09:39 +0100] "GET /groovyconsole HTTP/1.1" 404 24763 dartmoorrunners.co.uk "-" "Mozilla/5.0 (Windows NT 6.3; Win64; x64) AppleWebKit/537.36 (KHTML, like Gecko) Chrome/37.0.2049.0 Safari/537.36" "-"
64.227.130.0 - - [11/Jan/2024:11:09:43 +0100] "GET //content/dam/formsanddocuments.form.validator.html/home/....children.tidy...infinity..json HTTP/1.1" 301 - dartmoorrunners.co.uk "-" "Mozilla/5.0 (X11; Linux x86_64) AppleWebKit/537.36 (KHTML, like Gecko) Chrome/41.0.2227.0 Safari/537.36" "-"
64.227.130.0 - - [11/Jan/2024:11:09:57 +0100] "GET /content/crx/de/setPreferences.jsp;%0A.html?language=en&keymap=<svg/onload=confirm(document.domain);>//a HTTP/1.1" 404 24763 dartmoorrunners.co.uk "-" "Mozilla/5.0 (Windows NT 5.1) AppleWebKit/537.36 (KHTML, like Gecko) Chrome/34.0.1866.237 Safari/537.36" "-"
64.227.130.0 - - [11/Jan/2024:11:09:58 +0100] "GET /admin/ HTTP/1.1" 302 - dartmoorrunners.co.uk "-" "Mozilla/5.0 (X11; Linux x86_64) AppleWebKit/537.36 (KHTML, like Gecko) Chrome/34.0.1847.137 Safari/4E423F" "-"
64.227.130.0 - - [11/Jan/2024:11:10:01 +0100] "GET /content/..;/crx/packmgr/list.jsp;%0a;%0a;%0a;%0a;%0a;%0a;%0a;%0a;%0a;%0a;%0a;%0a;%0a;%0a;%0a;%0aa.css?_dc=1615863080856&_charset_=utf-8&includeVersions=true HTTP/1.1" 404 24763 dartmoorrunners.co.uk "http://dartmoorrunners.co.uk" "Mozilla/5.0 (Macintosh; Intel Mac OS X 10_10_1) AppleWebKit/537.36 (KHTML, like Gecko) Chrome/37.0.2062.124 Safari/537.36" "-"
64.227.130.0 - - [11/Jan/2024:11:10:01 +0100] "GET /n2CZ%3Cbr%3E%3Cbr%3Eplease%20authenticate%3Cbr%3E%3Cbr%3E.childrenlist.html HTTP/1.1" 404 24763 dartmoorrunners.co.uk "-" "Mozilla/5.0 (Windows NT 6.3; WOW64) AppleWebKit/537.36 (KHTML, like Gecko) Chrome/41.0.2226.0 Safari/537.36" "-"
64.227.130.0 - - [11/Jan/2024:11:10:02 +0100] "GET /etc/groovyconsole.html HTTP/1.1" 404 24763 dartmoorrunners.co.uk "-" "Mozilla/5.0 (Windows NT 6.1; WOW64) AppleWebKit/537.36 (KHTML, like Gecko) Chrome/41.0.2227.0 Safari/537.36" "-"
64.227.130.0 - - [11/Jan/2024:11:10:08 +0100] "GET /..;//content/dam/formsanddocuments.form.validator.html/home/....children.tidy...infinity..json HTTP/1.1" 301 - dartmoorrunners.co.uk "-" "Mozilla/5.0 (Windows NT 6.1; WOW64) AppleWebKit/537.36 (KHTML, like Gecko) Chrome/36.0.1985.67 Safari/537.36" "-"
198.211.125.0 - - [11/Jan/2024:11:10:38 +0100] "POST /xmlrpc.php HTTP/1.1" 200 401 dartmoorrunners.co.uk "-" "Mozilla/5.0 (X11; Fedora; Linux x86_64; rv:94.0) Gecko/20100101 Firefox/95.0" "-"
107.173.251.0 - - [11/Jan/2024:11:19:12 +0100] "POST /wp-login.php HTTP/1.1" 200 9047 dartmoorrunners.co.uk "-" "Mozilla/5.0 (Windows NT 6.1; WOW64) AppleWebKit/537.36 (KHTML, like Gecko) Chrome/32.0.1700.107 Safari/537.36" "-"
64.227.130.0 - - [11/Jan/2024:11:20:15 +0100] "GET /etc/acs-commons/jcr-compare.html HTTP/1.1" 404 24763 dartmoorrunners.co.uk "-" "Mozilla/5.0 (Windows NT 6.1) AppleWebKit/537.36 (KHTML, like Gecko) Chrome/41.0.2228.0 Safari/537.36" "-"
64.227.130.0 - - [11/Jan/2024:11:20:31 +0100] "GET /bin/querybuilder.json.;%0aa.css?path=/home&p.hits=full&p.limit=-1 HTTP/1.1" 404 24763 dartmoorrunners.co.uk "-" "Mozilla/5.0 (Windows NT 6.1) AppleWebKit/537.36 (KHTML, like Gecko) Chrome/41.0.2228.0 Safari/537.36" "-"
64.227.130.0 - - [11/Jan/2024:11:20:39 +0100] "GET /etc/acs-commons/workflow-remover.html HTTP/1.1" 404 24763 dartmoorrunners.co.uk "-" "Mozilla/5.0 (Macintosh; Intel Mac OS X 10_10_1) AppleWebKit/537.36 (KHTML, like Gecko) Chrome/37.0.2062.124 Safari/537.36" "-"
64.227.130.0 - - [11/Jan/2024:11:20:54 +0100] "GET /bin/querybuilder.json.;%0aa.css?path=/etc&p.hits=full&p.limit=-1 HTTP/1.1" 404 24763 dartmoorrunners.co.uk "-" "Mozilla/5.0 (Macintosh; Intel Mac OS X 10_9_3) AppleWebKit/537.36 (KHTML, like Gecko) Chrome/35.0.1916.47 Safari/537.36" "-"
64.227.130.0 - - [11/Jan/2024:11:21:03 +0100] "GET /etc/acs-commons/version-compare.html HTTP/1.1" 404 24763 dartmoorrunners.co.uk "-" "Mozilla/5.0 (Windows NT 6.2; WOW64) AppleWebKit/537.36 (KHTML like Gecko) Chrome/44.0.2403.155 Safari/537.36" "-"
64.227.130.0 - - [11/Jan/2024:11:21:18 +0100] "GET /bin/querybuilder.json.css?path=/home&p.hits=full&p.limit=-1 HTTP/1.1" 404 24763 dartmoorrunners.co.uk "-" "Mozilla/5.0 (X11; Linux x86_64) AppleWebKit/537.36 (KHTML, like Gecko) Chrome/34.0.1847.137 Safari/4E423F" "-"
64.227.130.0 - - [11/Jan/2024:11:21:28 +0100] "GET /etc/acs-commons/oak-index-manager.html HTTP/1.1" 404 24763 dartmoorrunners.co.uk "-" "Mozilla/5.0 (Macintosh; Intel Mac OS X 10_10_1) AppleWebKit/537.36 (KHTML, like Gecko) Chrome/37.0.2062.124 Safari/537.36" "-"
64.227.130.0 - - [11/Jan/2024:11:21:42 +0100] "GET /bin/querybuilder.json.css?path=/etc&p.hits=full&p.limit=-1 HTTP/1.1" 404 24763 dartmoorrunners.co.uk "-" "Mozilla/5.0 (Windows NT 5.1) AppleWebKit/537.36 (KHTML, like Gecko) Chrome/35.0.3319.102 Safari/537.36" "-"
2604:2dc0:200:: - - [11/Jan/2024:11:26:26 +0100] "POST /wp-login.php HTTP/1.1" 200 9057 dartmoorrunners.co.uk "-" "Mozilla/5.0 (Windows NT 10.0; WOW64) AppleWebKit/537.36 (KHTML, like Gecko) Chrome/46.0.2490.80 Safari/537.36" "-"
82.165.88.0 - - [11/Jan/2024:11:33:24 +0100] "POST /wp-cron.php?doing_wp_cron=1704969204.7187891006469726562500 HTTP/1.1" 200 - dartmoorrunners.co.uk "http://dartmoorrunners.co.uk/wp-cron.php?doing_wp_cron=1704969204.7187891006469726562500" "WordPress/6.1.4; http://dartmoorrunners.co.uk" "-"
39.103.225.0 - - [11/Jan/2024:11:33:24 +0100] "POST /xmlrpc.php HTTP/1.1" 200 401 dartmoorrunners.co.uk "-" "Mozilla/5.0 (X11; Fedora; Linux x86_64; rv:94.0) Gecko/20100101 Firefox/95.0" "-"
64.227.130.0 - - [11/Jan/2024:11:48:00 +0100] "GET /miscadmin HTTP/1.1" 404 24763 dartmoorrunners.co.uk "-" "Mozilla/5.0 (Windows NT 6.2; WOW64) AppleWebKit/537.36 (KHTML like Gecko) Chrome/44.0.2403.155 Safari/537.36" "-"
64.227.130.0 - - [11/Jan/2024:11:48:24 +0100] "GET /mcmadmin HTTP/1.1" 404 24763 dartmoorrunners.co.uk "-" "Mozilla/5.0 (X11; Ubuntu; Linux i686 on x86_64) AppleWebKit/537.36 (KHTML, like Gecko) Chrome/53.0.2820.59 Safari/537.36" "-"
64.227.130.0 - - [11/Jan/2024:11:48:47 +0100] "GET /miscadmin HTTP/1.1" 404 24763 dartmoorrunners.co.uk "-" "Mozilla/5.0 (Windows NT 5.1) AppleWebKit/537.36 (KHTML, like Gecko) Chrome/41.0.2224.3 Safari/537.36" "-"
64.227.130.0 - - [11/Jan/2024:11:49:10 +0100] "GET /miscadmin HTTP/1.1" 404 24763 dartmoorrunners.co.uk "-" "Mozilla/5.0 (Macintosh; Intel Mac OS X 10_10_1) AppleWebKit/537.36 (KHTML, like Gecko) Chrome/41.0.2227.1 Safari/537.36" "-"
64.227.130.0 - - [11/Jan/2024:11:49:34 +0100] "GET /miscadmin HTTP/1.1" 404 24763 dartmoorrunners.co.uk "-" "Mozilla/5.0 (Windows NT 6.4; WOW64) AppleWebKit/537.36 (KHTML, like Gecko) Chrome/41.0.2225.0 Safari/537.36" "-"
64.227.130.0 - - [11/Jan/2024:11:49:57 +0100] "GET /miscadmin HTTP/1.1" 404 24763 dartmoorrunners.co.uk "-" "Mozilla/5.0 (Windows NT 5.1) AppleWebKit/537.36 (KHTML, like Gecko) Chrome/35.0.2309.372 Safari/537.36" "-"
5.255.125.0 - - [11/Jan/2024:11:50:18 +0100] "POST /xmlrpc.php HTTP/1.1" 200 403 dartmoorrunners.co.uk "-" "Mozilla/5.0 (Windows NT 6.1; Win64; x64) AppleWebKit/537.36 (KHTML, like Gecko) Chrome/74.0.3729.169 Safari/537.36" "-"
5.255.125.0 - - [11/Jan/2024:11:50:19 +0100] "POST /xmlrpc.php HTTP/1.1" 200 403 dartmoorrunners.co.uk "-" "Mozilla/5.0 (Windows NT 6.1; Win64; x64) AppleWebKit/537.36 (KHTML, like Gecko) Chrome/74.0.3729.169 Safari/537.36" "-"
64.227.130.0 - - [11/Jan/2024:11:50:20 +0100] "GET /miscadmin HTTP/1.1" 404 24763 dartmoorrunners.co.uk "-" "Mozilla/5.0 (Windows NT 6.2; WOW64) AppleWebKit/537.36 (KHTML like Gecko) Chrome/44.0.2403.155 Safari/537.36" "-"
5.255.125.0 - - [11/Jan/2024:11:50:20 +0100] "POST /xmlrpc.php HTTP/1.1" 403 618 dartmoorrunners.co.uk "-" "Mozilla/5.0 (Windows NT 6.1; Win64; x64) AppleWebKit/537.36 (KHTML, like Gecko) Chrome/74.0.3729.169 Safari/537.36" "-"
5.255.125.0 - - [11/Jan/2024:11:50:21 +0100] "POST /xmlrpc.php HTTP/1.1" 403 618 dartmoorrunners.co.uk "-" "Mozilla/5.0 (Windows NT 6.1; Win64; x64) AppleWebKit/537.36 (KHTML, like Gecko) Chrome/74.0.3729.169 Safari/537.36" "-"
5.255.125.0 - - [11/Jan/2024:11:50:22 +0100] "POST /xmlrpc.php HTTP/1.1" 403 618 dartmoorrunners.co.uk "-" "Mozilla/5.0 (Windows NT 6.1; Win64; x64) AppleWebKit/537.36 (KHTML, like Gecko) Chrome/74.0.3729.169 Safari/537.36" "-"
64.227.130.0 - - [11/Jan/2024:11:50:44 +0100] "GET /miscadmin HTTP/1.1" 404 24763 dartmoorrunners.co.uk "-" "Mozilla/5.0 (Windows NT 5.1) AppleWebKit/537.36 (KHTML, like Gecko) Chrome/35.0.3319.102 Safari/537.36" "-"
64.227.130.0 - - [11/Jan/2024:11:51:07 +0100] "GET /miscadmin HTTP/1.1" 404 24763 dartmoorrunners.co.uk "-" "Mozilla/5.0 (Macintosh; Intel Mac OS X 10_8_4) AppleWebKit/537.36 (KHTML, like Gecko) Chrome/49.0.2656.18 Safari/537.36" "-"
23.97.205.0 - - [11/Jan/2024:11:55:44 +0100] "POST /wp-login.php HTTP/1.1" 200 9057 dartmoorrunners.co.uk "-" "Mozilla/5.0 (Windows NT 10.0; Win64; x64) AppleWebKit/537.36 (KHTML, like Gecko) Chrome/72.0.3626.109 Safari/537.36" "-"
2400:6180:100:: - - [11/Jan/2024:11:56:36 +0100] "POST /xmlrpc.php HTTP/1.1" 200 401 dartmoorrunners.co.uk "-" "Mozilla/5.0 (X11; Fedora; Linux x86_64; rv:94.0) Gecko/20100101 Firefox/95.0" "-"
101.68.211.0 - - [11/Jan/2024:11:56:41 +0100] "GET / HTTP/1.1" 200 31575 dartmoorrunners.co.uk "-" "Mozilla/5.0 (Windows NT 6.1) AppleWebKit/537.36 (KHTML, like Gecko) Chrome/71.0.2623.112 Safari/537.36" "-"
101.68.211.0 - - [11/Jan/2024:12:10:12 +0100] "GET /wp-content/uploads/2017/04/cropped-dartmoorrunnerslogo_normal-32x32.png HTTP/1.1" 200 2617 dartmoorrunners.co.uk "-" "Mozilla/5.0 (Windows NT 6.1; WOW64) AppleWebKit/537.36 (KHTML, like Gecko) Chrome/63.0.3239.132 Safari/537.36 QIHU 360SE" "-"
101.68.211.0 - - [11/Jan/2024:12:10:12 +0100] "GET /robots.txt HTTP/1.1" 200 121 dartmoorrunners.co.uk "-" "Mozilla/5.0 (Windows NT 6.1; WOW64) AppleWebKit/537.36 (KHTML, like Gecko) Chrome/63.0.3239.132 Safari/537.36 QIHU 360SE" "-"
101.68.211.0 - - [11/Jan/2024:12:10:13 +0100] "GET /wp-content/themes/omega/js/html5.js HTTP/1.1" 200 2444 dartmoorrunners.co.uk "-" "Mozilla/5.0 (Windows NT 6.1; WOW64) AppleWebKit/537.36 (KHTML, like Gecko) Chrome/63.0.3239.132 Safari/537.36 QIHU 360SE" "-"
176.96.243.0 - - [11/Jan/2024:12:20:49 +0100] "POST /xmlrpc.php HTTP/1.1" 200 401 dartmoorrunners.co.uk "-" "Mozilla/5.0 (X11; Fedora; Linux x86_64; rv:94.0) Gecko/20100101 Firefox/95.0" "-"
2001:19f0:4400:: - - [11/Jan/2024:12:27:25 +0100] "GET /wp-includes/js/jquery/jquery-migrate.min.js HTTP/1.1" 200 11224 dartmoorrunners.co.uk "-" "Mozilla/5.0 (Windows NT 10.0; Win64; x64; rv:88.0) Gecko/20100101 Firefox/88.0" "-"
2001:19f0:4400:: - - [11/Jan/2024:12:27:26 +0100] "GET / HTTP/1.1" 200 31575 dartmoorrunners.co.uk "-" "Mozilla/5.0 (Windows NT 10.0; Win64; x64; rv:88.0) Gecko/20100101 Firefox/88.0" "-"
2001:19f0:4400:: - - [11/Jan/2024:12:27:26 +0100] "GET /administrator/language/en-GB/en-GB.xml HTTP/1.1" 404 24763 dartmoorrunners.co.uk "-" "Mozilla/5.0 (Windows NT 10.0; Win64; x64; rv:88.0) Gecko/20100101 Firefox/88.0" "-"
2001:19f0:4400:: - - [11/Jan/2024:12:27:27 +0100] "GET /wp-includes/ID3/license.txt HTTP/1.1" 200 487 dartmoorrunners.co.uk "-" "Mozilla/5.0 (Windows NT 10.0; Win64; x64; rv:88.0) Gecko/20100101 Firefox/88.0" "-"
82.165.88.0 - - [11/Jan/2024:12:45:05 +0100] "POST /wp-cron.php?doing_wp_cron=1704973505.7320339679718017578125 HTTP/1.1" 200 - dartmoorrunners.co.uk "http://dartmoorrunners.co.uk/wp-cron.php?doing_wp_cron=1704973505.7320339679718017578125" "WordPress/6.1.4; http://dartmoorrunners.co.uk" "-"
70.32.89.0 - - [11/Jan/2024:12:45:05 +0100] "POST /xmlrpc.php HTTP/1.1" 200 401 dartmoorrunners.co.uk "-" "Mozilla/5.0 (X11; Fedora; Linux x86_64; rv:94.0) Gecko/20100101 Firefox/95.0" "-"
64.227.130.0 - - [11/Jan/2024:12:49:05 +0100] "GET /go/add-on/business-continuity/api/cruise_config HTTP/1.1" 404 24763 dartmoorrunners.co.uk "-" "Mozilla/5.0 (Windows NT 6.4; WOW64) AppleWebKit/537.36 (KHTML, like Gecko) Chrome/41.0.2225.0 Safari/537.36" "-"
64.227.130.0 - - [11/Jan/2024:12:49:06 +0100] "GET /go/admin/pipelines/create?group=defaultGroup HTTP/1.1" 404 24763 dartmoorrunners.co.uk "-" "Mozilla/5.0 (Windows NT 6.2; WOW64) AppleWebKit/537.36 (KHTML like Gecko) Chrome/44.0.2403.155 Safari/537.36" "-"
64.227.130.0 - - [11/Jan/2024:12:49:09 +0100] "GET /3/Typeahead/files?src=%2F&limit=10 HTTP/1.1" 404 24763 dartmoorrunners.co.uk "-" "Mozilla/5.0 (X11; Ubuntu; Linux i686 on x86_64) AppleWebKit/537.36 (KHTML, like Gecko) Chrome/53.0.2820.59 Safari/537.36" "-"
64.227.130.0 - - [11/Jan/2024:12:49:11 +0100] "GET /installation/index.php HTTP/1.1" 301 - dartmoorrunners.co.uk "-" "Mozilla/5.0 (Windows NT 6.3; Win64; x64) AppleWebKit/537.36 (KHTML, like Gecko) Chrome/37.0.2049.0 Safari/537.36" "-"
64.227.130.0 - - [11/Jan/2024:12:49:11 +0100] "GET /setup/start HTTP/1.1" 404 24763 dartmoorrunners.co.uk "-" "Mozilla/5.0 (Windows NT 6.2; WOW64) AppleWebKit/537.36 (KHTML like Gecko) Chrome/44.0.2403.155 Safari/537.36" "-"
