54.36.148.0 - - [09/Feb/2024:00:07:30 +0100] "GET /results/winter-series-2015-results HTTP/1.1" 200 25700 dartmoorrunners.co.uk "-" "Mozilla/5.0 (compatible; AhrefsBot/7.0; +http://ahrefs.com/robot/)" "-"
82.165.88.0 - - [09/Feb/2024:00:34:03 +0100] "POST /wp-cron.php?doing_wp_cron=1707435243.4120850563049316406250 HTTP/1.1" 200 - dartmoorrunners.co.uk "http://dartmoorrunners.co.uk/wp-cron.php?doing_wp_cron=1707435243.4120850563049316406250" "WordPress/6.1.5; http://dartmoorrunners.co.uk" "-"
66.249.79.0 - - [09/Feb/2024:00:34:03 +0100] "GET /results/summer-series-2013-results HTTP/1.1" 200 25696 dartmoorrunners.co.uk "-" "Mozilla/5.0 (Linux; Android 6.0.1; Nexus 5X Build/MMB29P) AppleWebKit/537.36 (KHTML, like Gecko) Chrome/121.0.6167.85 Mobile Safari/537.36 (compatible; Googlebot/2.1; +http://www.google.com/bot.html)" "-"
136.243.228.0 - - [09/Feb/2024:00:34:47 +0100] "GET / HTTP/1.1" 200 31575 dartmoorrunners.co.uk "-" "Mozilla/5.0 (compatible; DataForSeoBot/1.0; +https://dataforseo.com/dataforseo-bot)" "-"
66.249.79.0 - - [09/Feb/2024:02:01:27 +0100] "GET / HTTP/1.1" 200 31573 dartmoorrunners.co.uk "-" "Mozilla/5.0 (compatible; Googlebot/2.1; +http://www.google.com/bot.html)" "-"
82.165.88.0 - - [09/Feb/2024:02:01:28 +0100] "POST /wp-cron.php?doing_wp_cron=1707440488.3729801177978515625000 HTTP/1.1" 200 - dartmoorrunners.co.uk "http://dartmoorrunners.co.uk/wp-cron.php?doing_wp_cron=1707440488.3729801177978515625000" "WordPress/6.1.5; http://dartmoorrunners.co.uk" "-"
5.255.231.0 - - [09/Feb/2024:02:15:15 +0100] "GET /robots.txt HTTP/1.1" 200 121 dartmoorrunners.co.uk "-" "Mozilla/5.0 (compatible; YandexBot/3.0; +http://yandex.com/bots)" "-"
87.250.224.0 - - [09/Feb/2024:02:15:21 +0100] "GET / HTTP/1.1" 200 31573 dartmoorrunners.co.uk "-" "Mozilla/5.0 (compatible; YandexBot/3.0; +http://yandex.com/bots)" "-"
95.108.213.0 - - [09/Feb/2024:02:17:07 +0100] "GET /robots.txt HTTP/1.1" 301 - www.dartmoorrunners.co.uk "-" "Mozilla/5.0 (compatible; YandexBot/3.0; +http://yandex.com/bots)" "-"
95.108.213.0 - - [09/Feb/2024:02:17:07 +0100] "GET /robots.txt HTTP/1.1" 200 121 dartmoorrunners.co.uk "-" "Mozilla/5.0 (compatible; YandexBot/3.0; +http://yandex.com/bots)" "-"
213.180.203.0 - - [09/Feb/2024:02:17:08 +0100] "GET / HTTP/1.1" 301 - www.dartmoorrunners.co.uk "-" "Mozilla/5.0 (compatible; YandexBot/3.0; +http://yandex.com/bots)" "-"
213.180.203.0 - - [09/Feb/2024:02:17:21 +0100] "GET / HTTP/1.1" 200 31573 dartmoorrunners.co.uk "-" "Mozilla/5.0 (compatible; YandexBot/3.0; +http://yandex.com/bots)" "-"
95.108.213.0 - - [09/Feb/2024:02:19:13 +0100] "GET / HTTP/1.1" 301 - www.dartmoorrunners.co.uk "-" "Mozilla/5.0 (compatible; YandexBot/3.0; +http://yandex.com/bots)" "-"
82.165.88.0 - - [09/Feb/2024:02:45:58 +0100] "POST /wp-cron.php?doing_wp_cron=1707443158.6231439113616943359375 HTTP/1.1" 200 - dartmoorrunners.co.uk "http://dartmoorrunners.co.uk/wp-cron.php?doing_wp_cron=1707443158.6231439113616943359375" "WordPress/6.1.5; http://dartmoorrunners.co.uk" "-"
54.229.109.0 - - [09/Feb/2024:02:45:58 +0100] "GET /winter-series-2022-results HTTP/1.1" 301 - www.dartmoorrunners.co.uk "-" "Mozilla/5.0 (Windows NT 6.2; WOW64)" "-"
54.229.109.0 - - [09/Feb/2024:02:46:01 +0100] "GET /winter-series-2022-results HTTP/1.1" 200 25784 dartmoorrunners.co.uk "-" "Mozilla/5.0 (Windows NT 6.2; WOW64)" "-"
185.220.101.0 - - [09/Feb/2024:03:36:26 +0100] "POST /xmlrpc.php HTTP/1.1" 200 403 dartmoorrunners.co.uk "-" "Mozilla/5.0 (Macintosh; Intel Mac OS X 10_9_3) AppleWebKit/537.75.14 (KHTML, like Gecko) Version/7.0.3 Safari/E7FBAF" "-"
82.165.88.0 - - [09/Feb/2024:03:36:27 +0100] "POST /wp-cron.php?doing_wp_cron=1707446187.3115570545196533203125 HTTP/1.1" 200 - dartmoorrunners.co.uk "http://dartmoorrunners.co.uk/wp-cron.php?doing_wp_cron=1707446187.3115570545196533203125" "WordPress/6.1.5; http://dartmoorrunners.co.uk" "-"
185.220.101.0 - - [09/Feb/2024:03:36:29 +0100] "POST /xmlrpc.php HTTP/1.1" 200 403 dartmoorrunners.co.uk "-" "Mozilla/5.0 (Macintosh; Intel Mac OS X 10_9_3) AppleWebKit/537.75.14 (KHTML, like Gecko) Version/7.0.3 Safari/E7FBAF" "-"
185.220.101.0 - - [09/Feb/2024:03:36:30 +0100] "POST /xmlrpc.php HTTP/1.1" 403 618 dartmoorrunners.co.uk "-" "Mozilla/5.0 (Macintosh; Intel Mac OS X 10_9_3) AppleWebKit/537.75.14 (KHTML, like Gecko) Version/7.0.3 Safari/E7FBAF" "-"
185.220.101.0 - - [09/Feb/2024:03:36:31 +0100] "POST /xmlrpc.php HTTP/1.1" 403 618 dartmoorrunners.co.uk "-" "Mozilla/5.0 (Macintosh; Intel Mac OS X 10_9_3) AppleWebKit/537.75.14 (KHTML, like Gecko) Version/7.0.3 Safari/E7FBAF" "-"
185.220.101.0 - - [09/Feb/2024:03:36:32 +0100] "POST /xmlrpc.php HTTP/1.1" 403 618 dartmoorrunners.co.uk "-" "Mozilla/5.0 (Macintosh; Intel Mac OS X 10_9_3) AppleWebKit/537.75.14 (KHTML, like Gecko) Version/7.0.3 Safari/E7FBAF" "-"
109.90.120.0 - - [09/Feb/2024:03:54:02 +0100] "POST /wp-login.php HTTP/1.1" 200 9003 dartmoorrunners.co.uk "http://dartmoorrunners.co.uk/wp-login.php" "Mozilla/5.0 (Windows NT 6.1; Win64; x64; rv:109.0) Gecko/20100101 Firefox/111.0" "-"
109.90.120.0 - - [09/Feb/2024:03:54:02 +0100] "POST /wp-login.php HTTP/1.1" 200 9002 dartmoorrunners.co.uk "HTTP://DARTMOORRUNNERS.CO.UK/wp-login.php" "Mozilla/5.0 (Windows NT 6.1; Win64; x64; rv:109.0) Gecko/20100101 Firefox/111.0" "-"
42.112.16.0 - - [09/Feb/2024:03:55:32 +0100] "POST /wp-login.php HTTP/1.1" 200 9002 dartmoorrunners.co.uk "HTTP://DARTMOORRUNNERS.CO.UK/wp-login.php" "Mozilla/5.0 (Windows NT 6.1; Win64; x64; rv:109.0) Gecko/20100101 Firefox/111.0" "-"
63.250.38.0 - - [09/Feb/2024:03:55:35 +0100] "POST /wp-login.php HTTP/1.1" 200 8996 dartmoorrunners.co.uk "http://dartmoorrunners.co.uk/wp-login.php" "Mozilla/5.0 (Windows NT 6.1; Win64; x64; rv:109.0) Gecko/20100101 Firefox/111.0" "-"
63.250.38.0 - - [09/Feb/2024:03:55:47 +0100] "POST /wp-login.php HTTP/1.1" 200 9002 dartmoorrunners.co.uk "HTTP://DARTMOORRUNNERS.CO.UK/wp-login.php" "Mozilla/5.0 (Windows NT 6.1; Win64; x64; rv:109.0) Gecko/20100101 Firefox/111.0" "-"
82.165.88.0 - - [09/Feb/2024:04:38:52 +0100] "POST /wp-cron.php?doing_wp_cron=1707449932.9490089416503906250000 HTTP/1.1" 200 - dartmoorrunners.co.uk "http://dartmoorrunners.co.uk/wp-cron.php?doing_wp_cron=1707449932.9490089416503906250000" "WordPress/6.1.5; http://dartmoorrunners.co.uk" "-"
45.131.193.0 - - [09/Feb/2024:04:38:52 +0100] "GET / HTTP/1.1" 200 31573 dartmoorrunners.co.uk "-" "Go-http-client/1.1" "-"
45.131.193.0 - - [09/Feb/2024:04:38:53 +0100] "GET //wp-includes/css/buttons.css HTTP/1.1" 200 2798 dartmoorrunners.co.uk "-" "Go-http-client/1.1" "-"
162.247.74.0 - - [09/Feb/2024:04:44:37 +0100] "POST /xmlrpc.php HTTP/1.1" 200 403 dartmoorrunners.co.uk "-" "Mozilla/5.0 (X11; Linux x86_64) AppleWebKit/537.36 (KHTML, like Gecko) Chrome/44.0.2403.157 Safari/537.36" "-"
162.247.74.0 - - [09/Feb/2024:04:44:38 +0100] "POST /xmlrpc.php HTTP/1.1" 200 403 dartmoorrunners.co.uk "-" "Mozilla/5.0 (X11; Linux x86_64) AppleWebKit/537.36 (KHTML, like Gecko) Chrome/44.0.2403.157 Safari/537.36" "-"
162.247.74.0 - - [09/Feb/2024:04:44:40 +0100] "POST /xmlrpc.php HTTP/1.1" 403 618 dartmoorrunners.co.uk "-" "Mozilla/5.0 (X11; Linux x86_64) AppleWebKit/537.36 (KHTML, like Gecko) Chrome/44.0.2403.157 Safari/537.36" "-"
162.247.74.0 - - [09/Feb/2024:04:44:41 +0100] "POST /xmlrpc.php HTTP/1.1" 403 618 dartmoorrunners.co.uk "-" "Mozilla/5.0 (X11; Linux x86_64) AppleWebKit/537.36 (KHTML, like Gecko) Chrome/44.0.2403.157 Safari/537.36" "-"
162.247.74.0 - - [09/Feb/2024:04:44:42 +0100] "POST /xmlrpc.php HTTP/1.1" 403 618 dartmoorrunners.co.uk "-" "Mozilla/5.0 (X11; Linux x86_64) AppleWebKit/537.36 (KHTML, like Gecko) Chrome/44.0.2403.157 Safari/537.36" "-"
178.128.86.0 - - [09/Feb/2024:04:49:42 +0100] "GET / HTTP/1.1" 200 31573 dartmoorrunners.co.uk "-" "Mozilla/5.0 (Windows NT 10.0; Win64; x64) AppleWebKit/537.36 (KHTML, like Gecko) Chrome/95.0.4638.69 Safari/537.36" "-"
178.128.86.0 - - [09/Feb/2024:04:49:42 +0100] "GET / HTTP/1.1" 200 31573 dartmoorrunners.co.uk "-" "Mozilla/5.0 (Windows NT 10.0; Win64; x64) AppleWebKit/537.36 (KHTML, like Gecko) Chrome/95.0.4638.69 Safari/537.36" "-"
178.128.86.0 - - [09/Feb/2024:04:49:43 +0100] "GET /feed/ HTTP/1.1" 301 - dartmoorrunners.co.uk "-" "Mozilla/5.0 (Windows NT 10.0; Win64; x64) AppleWebKit/537.36 (KHTML, like Gecko) Chrome/95.0.4638.69 Safari/537.36" "-"
178.128.86.0 - - [09/Feb/2024:04:49:43 +0100] "GET /xmlrpc.php?rsd HTTP/1.1" 200 834 dartmoorrunners.co.uk "-" "Mozilla/5.0 (Windows NT 10.0; Win64; x64) AppleWebKit/537.36 (KHTML, like Gecko) Chrome/95.0.4638.69 Safari/537.36" "-"
178.128.86.0 - - [09/Feb/2024:04:49:44 +0100] "GET /?author=1 HTTP/1.1" 301 - dartmoorrunners.co.uk "-" "Mozilla/5.0 (Windows NT 10.0; Win64; x64) AppleWebKit/537.36 (KHTML, like Gecko) Chrome/95.0.4638.69 Safari/537.36" "-"
178.128.86.0 - - [09/Feb/2024:04:49:44 +0100] "GET /?author=2 HTTP/1.1" 200 24955 dartmoorrunners.co.uk "-" "Mozilla/5.0 (Windows NT 10.0; Win64; x64) AppleWebKit/537.36 (KHTML, like Gecko) Chrome/95.0.4638.69 Safari/537.36" "-"
178.128.86.0 - - [09/Feb/2024:04:49:45 +0100] "GET /wp-json/wp/v2/users/ HTTP/1.1" 200 584 dartmoorrunners.co.uk "-" "Mozilla/5.0 (Windows NT 10.0; Win64; x64) AppleWebKit/537.36 (KHTML, like Gecko) Chrome/95.0.4638.69 Safari/537.36" "-"
178.128.86.0 - - [09/Feb/2024:04:49:45 +0100] "GET /wp-json/oembed/1.0/embed?url=http://dartmoorrunners.co.uk HTTP/1.1" 200 2425 dartmoorrunners.co.uk "-" "Mozilla/5.0 (Windows NT 10.0; Win64; x64) AppleWebKit/537.36 (KHTML, like Gecko) Chrome/95.0.4638.69 Safari/537.36" "-"
178.128.86.0 - - [09/Feb/2024:04:49:46 +0100] "POST /xmlrpc.php HTTP/1.1" 200 403 dartmoorrunners.co.uk "-" "Mozilla/5.0 (Windows NT 10.0; Win64; x64) AppleWebKit/537.36 (KHTML, like Gecko) Chrome/95.0.4638.69 Safari/537.36" "-"
178.128.86.0 - - [09/Feb/2024:04:49:47 +0100] "POST /xmlrpc.php HTTP/1.1" 200 401 dartmoorrunners.co.uk "-" "Mozilla/5.0 (Windows NT 10.0; Win64; x64) AppleWebKit/537.36 (KHTML, like Gecko) Chrome/95.0.4638.69 Safari/537.36" "-"
178.128.86.0 - - [09/Feb/2024:04:49:48 +0100] "POST /xmlrpc.php HTTP/1.1" 403 618 dartmoorrunners.co.uk "-" "Mozilla/5.0 (Windows NT 10.0; Win64; x64) AppleWebKit/537.36 (KHTML, like Gecko) Chrome/95.0.4638.69 Safari/537.36" "-"
54.36.148.0 - - [09/Feb/2024:05:23:20 +0100] "GET /summer-series-2023 HTTP/1.1" 200 27248 dartmoorrunners.co.uk "-" "Mozilla/5.0 (compatible; AhrefsBot/7.0; +http://ahrefs.com/robot/)" "-"
95.108.213.0 - - [09/Feb/2024:05:28:20 +0100] "GET /robots.txt HTTP/1.1" 200 121 dartmoorrunners.co.uk "-" "Mozilla/5.0 (compatible; YandexBot/3.0; +http://yandex.com/bots)" "-"
213.180.203.0 - - [09/Feb/2024:05:28:20 +0100] "GET / HTTP/1.1" 200 31573 dartmoorrunners.co.uk "-" "Mozilla/5.0 (compatible; YandexBot/3.0; +http://yandex.com/bots)" "-"
82.165.88.0 - - [09/Feb/2024:05:30:25 +0100] "POST /wp-cron.php?doing_wp_cron=1707453025.8036789894104003906250 HTTP/1.1" 200 - dartmoorrunners.co.uk "http://dartmoorrunners.co.uk/wp-cron.php?doing_wp_cron=1707453025.8036789894104003906250" "WordPress/6.1.5; http://dartmoorrunners.co.uk" "-"
95.108.213.0 - - [09/Feb/2024:05:30:25 +0100] "GET / HTTP/1.1" 200 31573 dartmoorrunners.co.uk "-" "Mozilla/5.0 (compatible; YandexBot/3.0; +http://yandex.com/bots)" "-"
5.255.231.0 - - [09/Feb/2024:05:41:48 +0100] "GET /robots.txt HTTP/1.1" 301 - www.dartmoorrunners.co.uk "-" "Mozilla/5.0 (compatible; YandexBot/3.0; +http://yandex.com/bots)" "-"
5.255.231.0 - - [09/Feb/2024:05:41:49 +0100] "GET /robots.txt HTTP/1.1" 200 121 dartmoorrunners.co.uk "-" "Mozilla/5.0 (compatible; YandexBot/3.0; +http://yandex.com/bots)" "-"
213.180.203.0 - - [09/Feb/2024:05:41:49 +0100] "GET / HTTP/1.1" 301 - www.dartmoorrunners.co.uk "-" "Mozilla/5.0 (compatible; YandexBot/3.0; +http://yandex.com/bots)" "-"
5.255.231.0 - - [09/Feb/2024:05:43:53 +0100] "GET /robots.txt HTTP/1.1" 301 - www.dartmoorrunners.co.uk "-" "Mozilla/5.0 (compatible; YandexBot/3.0; +http://yandex.com/bots)" "-"
5.255.231.0 - - [09/Feb/2024:05:43:54 +0100] "GET /robots.txt HTTP/1.1" 200 121 dartmoorrunners.co.uk "-" "Mozilla/5.0 (compatible; YandexBot/3.0; +http://yandex.com/bots)" "-"
213.180.203.0 - - [09/Feb/2024:05:43:54 +0100] "GET / HTTP/1.1" 301 - www.dartmoorrunners.co.uk "-" "Mozilla/5.0 (compatible; YandexBot/3.0; +http://yandex.com/bots)" "-"
45.135.237.0 - - [09/Feb/2024:05:49:29 +0100] "GET /wso112233.php HTTP/1.1" 404 24761 dartmoorrunners.co.uk "www.google.com" "Mozlila/5.0 (Linux; Android 7.0; SM-G892A Bulid/NRD90M; wv) AppleWebKit/537.36 (KHTML, like Gecko) Version/4.0 Chrome/60.0.3112.107 Moblie Safari/537.36" "-"
66.249.79.0 - - [09/Feb/2024:06:16:01 +0100] "GET /robots.txt HTTP/1.1" 200 121 dartmoorrunners.co.uk "-" "Mozilla/5.0 (compatible; Googlebot/2.1; +http://www.google.com/bot.html)" "-"
66.249.76.0 - - [09/Feb/2024:06:16:11 +0100] "GET /winter-series-2022-results HTTP/1.1" 200 25784 dartmoorrunners.co.uk "-" "Mozilla/5.0 (Linux; Android 6.0.1; Nexus 5X Build/MMB29P) AppleWebKit/537.36 (KHTML, like Gecko) Chrome/121.0.6167.85 Mobile Safari/537.36 (compatible; Googlebot/2.1; +http://www.google.com/bot.html)" "-"
66.249.76.0 - - [09/Feb/2024:06:16:24 +0100] "GET /wp-content/uploads/2017/04/XmasBash2017Med-300x200.jpg HTTP/1.1" 200 19902 dartmoorrunners.co.uk "-" "Googlebot-Image/1.0" "-"
66.249.79.0 - - [09/Feb/2024:06:16:25 +0100] "GET /wp-content/uploads/2017/04/cropped-dartmoorrunnerslogo_normal.png HTTP/1.1" 200 110052 dartmoorrunners.co.uk "-" "Googlebot-Image/1.0" "-"
66.249.79.0 - - [09/Feb/2024:06:16:25 +0100] "GET /wp-content/uploads/2017/04/cropped-dartmoorrunnerslogo_normal-32x32.png HTTP/1.1" 200 2617 dartmoorrunners.co.uk "-" "Googlebot-Image/1.0" "-"
66.249.79.0 - - [09/Feb/2024:06:16:25 +0100] "GET /wp-content/uploads/2017/04/ControlDog-300x225.jpg HTTP/1.1" 200 17221 dartmoorrunners.co.uk "-" "Googlebot-Image/1.0" "-"
66.249.79.0 - - [09/Feb/2024:06:16:26 +0100] "GET /wp-content/uploads/2017/04/winter-2015-small-300x225.jpg HTTP/1.1" 200 17306 dartmoorrunners.co.uk "-" "Googlebot-Image/1.0" "-"
91.208.75.0 - - [09/Feb/2024:06:18:19 +0100] "POST /xmlrpc.php HTTP/1.1" 200 403 dartmoorrunners.co.uk "-" "Mozilla/5.0 (Windows NT 10.0; Win64; x64) AppleWebKit/537.36 (KHTML, like Gecko) Chrome/64.0.3282.140 Safari/537.36 Edge/18.17763" "-"
91.208.75.0 - - [09/Feb/2024:06:18:20 +0100] "POST /xmlrpc.php HTTP/1.1" 200 403 dartmoorrunners.co.uk "-" "Mozilla/5.0 (Windows NT 10.0; Win64; x64) AppleWebKit/537.36 (KHTML, like Gecko) Chrome/64.0.3282.140 Safari/537.36 Edge/18.17763" "-"
91.208.75.0 - - [09/Feb/2024:06:18:21 +0100] "POST /xmlrpc.php HTTP/1.1" 403 618 dartmoorrunners.co.uk "-" "Mozilla/5.0 (Windows NT 10.0; Win64; x64) AppleWebKit/537.36 (KHTML, like Gecko) Chrome/64.0.3282.140 Safari/537.36 Edge/18.17763" "-"
91.208.75.0 - - [09/Feb/2024:06:18:22 +0100] "POST /xmlrpc.php HTTP/1.1" 403 618 dartmoorrunners.co.uk "-" "Mozilla/5.0 (Windows NT 10.0; Win64; x64) AppleWebKit/537.36 (KHTML, like Gecko) Chrome/64.0.3282.140 Safari/537.36 Edge/18.17763" "-"
91.208.75.0 - - [09/Feb/2024:06:18:23 +0100] "POST /xmlrpc.php HTTP/1.1" 403 618 dartmoorrunners.co.uk "-" "Mozilla/5.0 (Windows NT 10.0; Win64; x64) AppleWebKit/537.36 (KHTML, like Gecko) Chrome/64.0.3282.140 Safari/537.36 Edge/18.17763" "-"
66.249.79.0 - - [09/Feb/2024:06:35:30 +0100] "GET /results/summer-series-2013-results HTTP/1.1" 200 25694 dartmoorrunners.co.uk "-" "Mozilla/5.0 (Linux; Android 6.0.1; Nexus 5X Build/MMB29P) AppleWebKit/537.36 (KHTML, like Gecko) Chrome/121.0.6167.85 Mobile Safari/537.36 (compatible; Googlebot/2.1; +http://www.google.com/bot.html)" "-"
82.165.88.0 - - [09/Feb/2024:06:35:31 +0100] "POST /wp-cron.php?doing_wp_cron=1707456931.0568690299987792968750 HTTP/1.1" 200 - dartmoorrunners.co.uk "http://dartmoorrunners.co.uk/wp-cron.php?doing_wp_cron=1707456931.0568690299987792968750" "WordPress/6.1.5; http://dartmoorrunners.co.uk" "-"
40.77.167.0 - - [09/Feb/2024:06:47:51 +0100] "GET /wp-sitemap.xml HTTP/1.1" 200 562 dartmoorrunners.co.uk "-" "Mozilla/5.0 AppleWebKit/537.36 (KHTML, like Gecko; compatible; bingbot/2.0; +http://www.bing.com/bingbot.htm) Chrome/116.0.1938.76 Safari/537.36" "-"
143.89.224.0 - - [09/Feb/2024:07:08:11 +0100] "GET /wp-content/uploads/2017/04/cropped-dartmoorrunnerslogo_normal.png HTTP/1.1" 200 110052 dartmoorrunners.co.uk "-" "Mozilla/5.0 (X11; Ubuntu; Linux x86_64; rv:72.0) Gecko/20100101 Firefox/72.0" "-"
65.154.226.0 - - [09/Feb/2024:07:08:24 +0100] "GET /wp-content/uploads/2017/04/cropped-dartmoorrunnerslogo%5fnormal.png HTTP/1.1" 200 110052 dartmoorrunners.co.uk "-" "Mozilla/5.0 (Windows NT 10.0) AppleWebKit/537.36 (KHTML, like Gecko) Chrome/106.0.0.0 Safari/537.36" "-"
34.230.83.0 - - [09/Feb/2024:07:15:39 +0100] "GET /robots.txt HTTP/1.1" 200 121 dartmoorrunners.co.uk "https://www.google.com/" "Mozilla/5.0 (Windows NT 10.0; Win64; x64) AppleWebKit/537.36 (KHTML, like Gecko) Chrome/115.0.0.0 Safari/537.36 1.81" "-"
34.230.83.0 - - [09/Feb/2024:07:15:39 +0100] "GET /feed HTTP/1.1" 200 1728 dartmoorrunners.co.uk "-" "Rome Client (http://tinyurl.com/64t5n) Ver: UNKNOWN" "-"
66.249.76.0 - - [09/Feb/2024:07:16:43 +0100] "GET /ads.txt HTTP/1.1" 200 160 dartmoorrunners.co.uk "-" "Mozilla/5.0 (compatible; Googlebot/2.1; +http://www.google.com/bot.html)" "-"
82.165.88.0 - - [09/Feb/2024:07:51:57 +0100] "POST /wp-cron.php?doing_wp_cron=1707461517.2444829940795898437500 HTTP/1.1" 200 - dartmoorrunners.co.uk "http://dartmoorrunners.co.uk/wp-cron.php?doing_wp_cron=1707461517.2444829940795898437500" "WordPress/6.1.5; http://dartmoorrunners.co.uk" "-"
74.208.106.0 - - [09/Feb/2024:07:51:57 +0100] "POST /xmlrpc.php HTTP/1.1" 200 403 dartmoorrunners.co.uk "-" "Mozilla/5.0 (Windows NT 10.0; Win64; x64) AppleWebKit/537.36 (KHTML, like Gecko) Chrome/85.0.4183.121 Safari/537.36" "-"
74.208.106.0 - - [09/Feb/2024:07:51:58 +0100] "POST /xmlrpc.php HTTP/1.1" 200 403 dartmoorrunners.co.uk "-" "Mozilla/5.0 (Windows NT 10.0; Win64; x64) AppleWebKit/537.36 (KHTML, like Gecko) Chrome/85.0.4183.121 Safari/537.36" "-"
74.208.106.0 - - [09/Feb/2024:07:51:59 +0100] "POST /xmlrpc.php HTTP/1.1" 403 618 dartmoorrunners.co.uk "-" "Mozilla/5.0 (Windows NT 10.0; Win64; x64) AppleWebKit/537.36 (KHTML, like Gecko) Chrome/85.0.4183.121 Safari/537.36" "-"
74.208.106.0 - - [09/Feb/2024:07:52:00 +0100] "POST /xmlrpc.php HTTP/1.1" 403 618 dartmoorrunners.co.uk "-" "Mozilla/5.0 (Windows NT 10.0; Win64; x64) AppleWebKit/537.36 (KHTML, like Gecko) Chrome/85.0.4183.121 Safari/537.36" "-"
74.208.106.0 - - [09/Feb/2024:07:52:01 +0100] "POST /xmlrpc.php HTTP/1.1" 403 618 dartmoorrunners.co.uk "-" "Mozilla/5.0 (Windows NT 10.0; Win64; x64) AppleWebKit/537.36 (KHTML, like Gecko) Chrome/85.0.4183.121 Safari/537.36" "-"
195.191.219.0 - - [09/Feb/2024:08:05:22 +0100] "GET /robots.txt HTTP/1.1" 200 121 dartmoorrunners.co.uk "-" "Mozilla/5.0 (compatible; MJ12bot/v1.4.8; http://mj12bot.com/)" "-"
195.191.219.0 - - [09/Feb/2024:08:05:24 +0100] "GET / HTTP/1.1" 200 31573 dartmoorrunners.co.uk "-" "Mozilla/5.0 (compatible; MJ12bot/v1.4.8; http://mj12bot.com/)" "-"
173.249.29.0 - - [09/Feb/2024:08:11:24 +0100] "GET /wp-content/themes/seotheme/mar.php HTTP/1.1" 404 24761 dartmoorrunners.co.uk "www.google.com" "Mozlila/5.0 (Linux; Android 7.0; SM-G892A Bulid/NRD90M; wv) AppleWebKit/537.36 (KHTML, like Gecko) Version/4.0 Chrome/60.0.3112.107 Moblie Safari/537.36" "-"
40.77.167.0 - - [09/Feb/2024:08:27:43 +0100] "GET /wp-sitemap-users-1.xml HTTP/1.1" 200 261 dartmoorrunners.co.uk "-" "Mozilla/5.0 AppleWebKit/537.36 (KHTML, like Gecko; compatible; bingbot/2.0; +http://www.bing.com/bingbot.htm) Chrome/116.0.1938.76 Safari/537.36" "-"
213.180.203.0 - - [09/Feb/2024:08:39:20 +0100] "GET /robots.txt HTTP/1.1" 200 121 dartmoorrunners.co.uk "-" "Mozilla/5.0 (compatible; YandexBot/3.0; +http://yandex.com/bots)" "-"
82.165.88.0 - - [09/Feb/2024:08:39:20 +0100] "POST /wp-cron.php?doing_wp_cron=1707464360.8185210227966308593750 HTTP/1.1" 200 - dartmoorrunners.co.uk "http://dartmoorrunners.co.uk/wp-cron.php?doing_wp_cron=1707464360.8185210227966308593750" "WordPress/6.1.5; http://dartmoorrunners.co.uk" "-"
5.255.231.0 - - [09/Feb/2024:08:39:22 +0100] "GET / HTTP/1.1" 200 31573 dartmoorrunners.co.uk "-" "Mozilla/5.0 (compatible; YandexBot/3.0; +http://yandex.com/bots)" "-"
66.249.79.0 - - [09/Feb/2024:08:40:23 +0100] "GET / HTTP/1.1" 200 31573 dartmoorrunners.co.uk "-" "Mozilla/5.0 (compatible; Googlebot/2.1; +http://www.google.com/bot.html)" "-"
213.180.203.0 - - [09/Feb/2024:08:41:26 +0100] "GET / HTTP/1.1" 200 31573 dartmoorrunners.co.uk "-" "Mozilla/5.0 (compatible; YandexBot/3.0; +http://yandex.com/bots)" "-"
159.203.2.0 - - [09/Feb/2024:08:52:46 +0100] "GET / HTTP/1.1" 200 31573 dartmoorrunners.co.uk "-" "Mozilla/5.0 (X11; Linux x86_64) AppleWebKit/537.36 (KHTML, like Gecko) Chrome/108.0.0.0 Safari/537.36" "-"
5.255.231.0 - - [09/Feb/2024:09:05:04 +0100] "GET /robots.txt HTTP/1.1" 301 - www.dartmoorrunners.co.uk "-" "Mozilla/5.0 (compatible; YandexBot/3.0; +http://yandex.com/bots)" "-"
5.255.231.0 - - [09/Feb/2024:09:05:04 +0100] "GET /robots.txt HTTP/1.1" 200 121 dartmoorrunners.co.uk "-" "Mozilla/5.0 (compatible; YandexBot/3.0; +http://yandex.com/bots)" "-"
5.255.231.0 - - [09/Feb/2024:09:05:05 +0100] "GET / HTTP/1.1" 301 - www.dartmoorrunners.co.uk "-" "Mozilla/5.0 (compatible; YandexBot/3.0; +http://yandex.com/bots)" "-"
95.108.213.0 - - [09/Feb/2024:09:07:08 +0100] "GET / HTTP/1.1" 301 - www.dartmoorrunners.co.uk "-" "Mozilla/5.0 (compatible; YandexBot/3.0; +http://yandex.com/bots)" "-"
89.58.18.0 - - [09/Feb/2024:09:25:28 +0100] "POST /xmlrpc.php HTTP/1.1" 200 403 dartmoorrunners.co.uk "-" "Mozilla/5.0 (Windows NT 10.0; Win64; x64) AppleWebKit/537.36 (KHTML, like Gecko) Chrome/88.0.4324.104 Safari/537.36" "-"
89.58.18.0 - - [09/Feb/2024:09:25:29 +0100] "POST /xmlrpc.php HTTP/1.1" 200 403 dartmoorrunners.co.uk "-" "Mozilla/5.0 (Windows NT 10.0; Win64; x64) AppleWebKit/537.36 (KHTML, like Gecko) Chrome/88.0.4324.104 Safari/537.36" "-"
89.58.18.0 - - [09/Feb/2024:09:25:30 +0100] "POST /xmlrpc.php HTTP/1.1" 403 618 dartmoorrunners.co.uk "-" "Mozilla/5.0 (Windows NT 10.0; Win64; x64) AppleWebKit/537.36 (KHTML, like Gecko) Chrome/88.0.4324.104 Safari/537.36" "-"
89.58.18.0 - - [09/Feb/2024:09:25:31 +0100] "POST /xmlrpc.php HTTP/1.1" 403 618 dartmoorrunners.co.uk "-" "Mozilla/5.0 (Windows NT 10.0; Win64; x64) AppleWebKit/537.36 (KHTML, like Gecko) Chrome/88.0.4324.104 Safari/537.36" "-"
89.58.18.0 - - [09/Feb/2024:09:25:32 +0100] "POST /xmlrpc.php HTTP/1.1" 403 618 dartmoorrunners.co.uk "-" "Mozilla/5.0 (Windows NT 10.0; Win64; x64) AppleWebKit/537.36 (KHTML, like Gecko) Chrome/88.0.4324.104 Safari/537.36" "-"
66.249.76.0 - - [09/Feb/2024:09:54:20 +0100] "GET / HTTP/1.1" 200 31573 dartmoorrunners.co.uk "-" "Mozilla/5.0 (compatible; Googlebot/2.1; +http://www.google.com/bot.html)" "-"
82.165.88.0 - - [09/Feb/2024:09:54:21 +0100] "POST /wp-cron.php?doing_wp_cron=1707468861.0864129066467285156250 HTTP/1.1" 200 - dartmoorrunners.co.uk "http://dartmoorrunners.co.uk/wp-cron.php?doing_wp_cron=1707468861.0864129066467285156250" "WordPress/6.1.5; http://dartmoorrunners.co.uk" "-"
40.77.167.0 - - [09/Feb/2024:09:54:56 +0100] "GET /wp-sitemap-taxonomies-category-1.xml HTTP/1.1" 200 269 dartmoorrunners.co.uk "-" "Mozilla/5.0 AppleWebKit/537.36 (KHTML, like Gecko; compatible; bingbot/2.0; +http://www.bing.com/bingbot.htm) Chrome/116.0.1938.76 Safari/537.36" "-"
52.167.144.0 - - [09/Feb/2024:09:58:01 +0100] "GET /sitemap.xml.gz HTTP/1.1" 404 24761 dartmoorrunners.co.uk "-" "Mozilla/5.0 AppleWebKit/537.36 (KHTML, like Gecko; compatible; bingbot/2.0; +http://www.bing.com/bingbot.htm) Chrome/116.0.1938.76 Safari/537.36" "-"
38.150.13.0 - - [09/Feb/2024:10:16:22 +0100] "POST /wp-login.php HTTP/1.1" 200 9043 dartmoorrunners.co.uk "http://dartmoorrunners.co.uk/" "Mozilla/5.0 (Windows NT 6.1; WOW64; Trident/7.0; rv:11.0) like Gecko" "-"
38.150.13.0 - - [09/Feb/2024:10:16:34 +0100] "POST /wp-login.php HTTP/1.1" 200 9053 dartmoorrunners.co.uk "http://dartmoorrunners.co.uk/" "Mozilla/5.0 (Windows NT 6.1; WOW64; Trident/7.0; rv:11.0) like Gecko" "-"
82.165.88.0 - - [09/Feb/2024:10:42:27 +0100] "POST /wp-cron.php?doing_wp_cron=1707471747.6688899993896484375000 HTTP/1.1" 200 - dartmoorrunners.co.uk "http://dartmoorrunners.co.uk/wp-cron.php?doing_wp_cron=1707471747.6688899993896484375000" "WordPress/6.1.5; http://dartmoorrunners.co.uk" "-"
185.196.220.0 - - [09/Feb/2024:10:42:27 +0100] "GET /wp-content/plugins/booking/readme.txt HTTP/1.1" 404 24761 dartmoorrunners.co.uk "-" "Mozilla/5.0 (Macintosh; Intel Mac OS X 13_1) AppleWebKit/537.36 (KHTML, like Gecko) Chrome/109.0.0.0 Safari/537.36" "-"
52.167.144.0 - - [09/Feb/2024:10:55:07 +0100] "GET /sitemap.xml.gz HTTP/1.1" 404 24761 dartmoorrunners.co.uk "-" "Mozilla/5.0 AppleWebKit/537.36 (KHTML, like Gecko; compatible; bingbot/2.0; +http://www.bing.com/bingbot.htm) Chrome/116.0.1938.76 Safari/537.36" "-"
173.249.52.0 - - [09/Feb/2024:10:57:57 +0100] "GET /simple.php HTTP/1.1" 404 24761 dartmoorrunners.co.uk "www.google.com" "Mozlila/5.0 (Linux; Android 7.0; SM-G892A Bulid/NRD90M; wv) AppleWebKit/537.36 (KHTML, like Gecko) Version/4.0 Chrome/60.0.3112.107 Moblie Safari/537.36" "-"
95.111.244.0 - - [09/Feb/2024:10:59:59 +0100] "POST /wp-content/db-cache.php HTTP/1.1" 404 24761 dartmoorrunners.co.uk "-" "python-requests/2.27.1" "-"
82.165.88.0 - - [09/Feb/2024:11:49:27 +0100] "POST /wp-cron.php?doing_wp_cron=1707475767.8150680065155029296875 HTTP/1.1" 200 - dartmoorrunners.co.uk "http://dartmoorrunners.co.uk/wp-cron.php?doing_wp_cron=1707475767.8150680065155029296875" "WordPress/6.1.5; http://dartmoorrunners.co.uk" "-"
5.255.231.0 - - [09/Feb/2024:11:49:27 +0100] "GET /robots.txt HTTP/1.1" 200 121 dartmoorrunners.co.uk "-" "Mozilla/5.0 (compatible; YandexBot/3.0; +http://yandex.com/bots)" "-"
213.180.203.0 - - [09/Feb/2024:11:49:28 +0100] "GET / HTTP/1.1" 200 31573 dartmoorrunners.co.uk "-" "Mozilla/5.0 (compatible; YandexBot/3.0; +http://yandex.com/bots)" "-"
95.108.213.0 - - [09/Feb/2024:11:51:32 +0100] "GET / HTTP/1.1" 200 31573 dartmoorrunners.co.uk "-" "Mozilla/5.0 (compatible; YandexBot/3.0; +http://yandex.com/bots)" "-"
82.165.88.0 - - [09/Feb/2024:12:30:11 +0100] "POST /wp-cron.php?doing_wp_cron=1707478211.6272389888763427734375 HTTP/1.1" 200 - dartmoorrunners.co.uk "http://dartmoorrunners.co.uk/wp-cron.php?doing_wp_cron=1707478211.6272389888763427734375" "WordPress/6.1.5; http://dartmoorrunners.co.uk" "-"
5.255.231.0 - - [09/Feb/2024:12:30:11 +0100] "GET /robots.txt HTTP/1.1" 301 - www.dartmoorrunners.co.uk "-" "Mozilla/5.0 (compatible; YandexBot/3.0; +http://yandex.com/bots)" "-"
5.255.231.0 - - [09/Feb/2024:12:30:12 +0100] "GET /robots.txt HTTP/1.1" 200 121 dartmoorrunners.co.uk "-" "Mozilla/5.0 (compatible; YandexBot/3.0; +http://yandex.com/bots)" "-"
213.180.203.0 - - [09/Feb/2024:12:30:42 +0100] "GET / HTTP/1.1" 301 - www.dartmoorrunners.co.uk "-" "Mozilla/5.0 (compatible; YandexBot/3.0; +http://yandex.com/bots)" "-"
213.180.203.0 - - [09/Feb/2024:12:32:16 +0100] "GET / HTTP/1.1" 301 - www.dartmoorrunners.co.uk "-" "Mozilla/5.0 (compatible; YandexBot/3.0; +http://yandex.com/bots)" "-"
2.58.56.0 - - [09/Feb/2024:12:39:53 +0100] "GET /wp-includes/js/jquery/jquery.js HTTP/1.1" 200 289832 dartmoorrunners.co.uk "-" "-" "-"
89.240.189.0 - - [09/Feb/2024:13:12:30 +0100] "GET /winter-series-2023 HTTP/1.1" 200 27638 dartmoorrunners.co.uk "-" "Mozilla/5.0 (iPhone; CPU iPhone OS 17_2_1 like Mac OS X) AppleWebKit/605.1.15 (KHTML, like Gecko) Version/17.2 Mobile/15E148 Safari/604.1" "-"
89.240.189.0 - - [09/Feb/2024:13:12:30 +0100] "GET /wp-includes/js/wp-emoji-release.min.js?ver=6.1.5 HTTP/1.1" 200 18617 dartmoorrunners.co.uk "http://dartmoorrunners.co.uk/winter-series-2023" "Mozilla/5.0 (iPhone; CPU iPhone OS 17_2_1 like Mac OS X) AppleWebKit/605.1.15 (KHTML, like Gecko) Version/17.2 Mobile/15E148 Safari/604.1" "-"
89.240.189.0 - - [09/Feb/2024:13:12:30 +0100] "GET /wp-includes/css/dist/block-library/style.min.css?ver=6.1.5 HTTP/1.1" 200 16164 dartmoorrunners.co.uk "http://dartmoorrunners.co.uk/winter-series-2023" "Mozilla/5.0 (iPhone; CPU iPhone OS 17_2_1 like Mac OS X) AppleWebKit/605.1.15 (KHTML, like Gecko) Version/17.2 Mobile/15E148 Safari/604.1" "-"
89.240.189.0 - - [09/Feb/2024:13:12:30 +0100] "GET /wp-includes/css/classic-themes.min.css?ver=1 HTTP/1.1" 200 189 dartmoorrunners.co.uk "http://dartmoorrunners.co.uk/winter-series-2023" "Mozilla/5.0 (iPhone; CPU iPhone OS 17_2_1 like Mac OS X) AppleWebKit/605.1.15 (KHTML, like Gecko) Version/17.2 Mobile/15E148 Safari/604.1" "-"
89.240.189.0 - - [09/Feb/2024:13:12:30 +0100] "GET /wp-content/themes/omega/style.css?ver=6.1.5 HTTP/1.1" 200 6552 dartmoorrunners.co.uk "http://dartmoorrunners.co.uk/winter-series-2023" "Mozilla/5.0 (iPhone; CPU iPhone OS 17_2_1 like Mac OS X) AppleWebKit/605.1.15 (KHTML, like Gecko) Version/17.2 Mobile/15E148 Safari/604.1" "-"
89.240.189.0 - - [09/Feb/2024:13:12:30 +0100] "GET /wp-content/uploads/2017/04/cropped-dartmoorrunnerslogo_normal.png HTTP/1.1" 200 110052 dartmoorrunners.co.uk "http://dartmoorrunners.co.uk/winter-series-2023" "Mozilla/5.0 (iPhone; CPU iPhone OS 17_2_1 like Mac OS X) AppleWebKit/605.1.15 (KHTML, like Gecko) Version/17.2 Mobile/15E148 Safari/604.1" "-"
89.240.189.0 - - [09/Feb/2024:13:12:30 +0100] "GET /wp-content/uploads/2017/04/XmasBash2017Med.jpg HTTP/1.1" 200 200566 dartmoorrunners.co.uk "http://dartmoorrunners.co.uk/winter-series-2023" "Mozilla/5.0 (iPhone; CPU iPhone OS 17_2_1 like Mac OS X) AppleWebKit/605.1.15 (KHTML, like Gecko) Version/17.2 Mobile/15E148 Safari/604.1" "-"
89.240.189.0 - - [09/Feb/2024:13:12:30 +0100] "GET /wp-content/uploads/2017/04/ControlDog-768x576.jpg HTTP/1.1" 200 85973 dartmoorrunners.co.uk "http://dartmoorrunners.co.uk/winter-series-2023" "Mozilla/5.0 (iPhone; CPU iPhone OS 17_2_1 like Mac OS X) AppleWebKit/605.1.15 (KHTML, like Gecko) Version/17.2 Mobile/15E148 Safari/604.1" "-"
89.240.189.0 - - [09/Feb/2024:13:12:30 +0100] "GET /wp-content/uploads/2017/04/winter-2015-small.jpg HTTP/1.1" 200 202841 dartmoorrunners.co.uk "http://dartmoorrunners.co.uk/winter-series-2023" "Mozilla/5.0 (iPhone; CPU iPhone OS 17_2_1 like Mac OS X) AppleWebKit/605.1.15 (KHTML, like Gecko) Version/17.2 Mobile/15E148 Safari/604.1" "-"
89.240.189.0 - - [09/Feb/2024:13:12:30 +0100] "GET /wp-content/uploads/2017/04/Moorland-runner-cropped.jpg HTTP/1.1" 200 437747 dartmoorrunners.co.uk "http://dartmoorrunners.co.uk/winter-series-2023" "Mozilla/5.0 (iPhone; CPU iPhone OS 17_2_1 like Mac OS X) AppleWebKit/605.1.15 (KHTML, like Gecko) Version/17.2 Mobile/15E148 Safari/604.1" "-"
89.240.189.0 - - [09/Feb/2024:13:12:31 +0100] "GET /wp-content/uploads/2017/04/cropped-dartmoorrunnerslogo_normal-32x32.png HTTP/1.1" 200 2617 dartmoorrunners.co.uk "http://dartmoorrunners.co.uk/winter-series-2023" "Mozilla/5.0 (iPhone; CPU iPhone OS 17_2_1 like Mac OS X) AppleWebKit/605.1.15 (KHTML, like Gecko) Version/17.2 Mobile/15E148 Safari/604.1" "-"
89.240.189.0 - - [09/Feb/2024:13:12:31 +0100] "GET /wp-content/uploads/2017/04/cropped-dartmoorrunnerslogo_normal-192x192.png HTTP/1.1" 200 59292 dartmoorrunners.co.uk "http://dartmoorrunners.co.uk/winter-series-2023" "Mozilla/5.0 (iPhone; CPU iPhone OS 17_2_1 like Mac OS X) AppleWebKit/605.1.15 (KHTML, like Gecko) Version/17.2 Mobile/15E148 Safari/604.1" "-"
66.249.66.0 - - [09/Feb/2024:13:26:09 +0100] "GET /wp-sitemap-posts-page-1.xml HTTP/1.1" 200 2150 dartmoorrunners.co.uk "-" "Mozilla/5.0 (compatible; Googlebot/2.1; +http://www.google.com/bot.html)" "-"
54.229.109.0 - - [09/Feb/2024:13:35:27 +0100] "GET /winter-series-2019-results HTTP/1.1" 301 - www.dartmoorrunners.co.uk "-" "Mozilla/5.0 (Windows NT 6.2; WOW64)" "-"
82.165.88.0 - - [09/Feb/2024:13:35:28 +0100] "POST /wp-cron.php?doing_wp_cron=1707482128.1249399185180664062500 HTTP/1.1" 200 - dartmoorrunners.co.uk "http://dartmoorrunners.co.uk/wp-cron.php?doing_wp_cron=1707482128.1249399185180664062500" "WordPress/6.1.5; http://dartmoorrunners.co.uk" "-"
54.229.109.0 - - [09/Feb/2024:13:35:30 +0100] "GET /winter-series-2019-results HTTP/1.1" 200 25725 dartmoorrunners.co.uk "-" "Mozilla/5.0 (Windows NT 6.2; WOW64)" "-"
95.145.8.0 - - [09/Feb/2024:13:47:39 +0100] "GET / HTTP/1.1" 200 319 dartmoorrunners.co.uk "-" "Mozilla/5.0 (Macintosh; Intel Mac OS X 10_15_7) AppleWebKit/605.1.15 (KHTML, like Gecko) Version/16.6.1 Safari/605.1.15" "-"
95.145.8.0 - - [09/Feb/2024:13:47:40 +0100] "GET / HTTP/1.1" 200 425 dartmoorrunners.co.uk "-" "Mozilla/5.0 (Macintosh; Intel Mac OS X 10_15_7) AppleWebKit/605.1.15 (KHTML, like Gecko) Version/16.6.1 Safari/605.1.15" "-"
40.77.167.0 - - [09/Feb/2024:14:05:43 +0100] "GET /wp-sitemap.xml HTTP/1.1" 200 562 dartmoorrunners.co.uk "-" "Mozilla/5.0 AppleWebKit/537.36 (KHTML, like Gecko; compatible; bingbot/2.0; +http://www.bing.com/bingbot.htm) Chrome/116.0.1938.76 Safari/537.36" "-"
51.222.253.0 - - [09/Feb/2024:14:19:32 +0100] "GET /robots.txt HTTP/1.1" 200 121 dartmoorrunners.co.uk "-" "Mozilla/5.0 (compatible; AhrefsBot/7.0; +http://ahrefs.com/robot/)" "-"
54.36.148.0 - - [09/Feb/2024:14:19:35 +0100] "GET /results/winter-series-2011-results HTTP/1.1" 200 44854 dartmoorrunners.co.uk "-" "Mozilla/5.0 (compatible; AhrefsBot/7.0; +http://ahrefs.com/robot/)" "-"
85.215.76.0 - - [09/Feb/2024:14:29:50 +0100] "POST /xmlrpc.php HTTP/1.1" 200 403 dartmoorrunners.co.uk "-" "Mozilla/5.0 (Windows NT 6.1; Win64; x64) AppleWebKit/537.36 (KHTML, like Gecko) Chrome/74.0.3729.169 Safari/537.36" "-"
82.165.88.0 - - [09/Feb/2024:14:29:51 +0100] "POST /wp-cron.php?doing_wp_cron=1707485391.0555269718170166015625 HTTP/1.1" 200 - dartmoorrunners.co.uk "http://dartmoorrunners.co.uk/wp-cron.php?doing_wp_cron=1707485391.0555269718170166015625" "WordPress/6.1.5; http://dartmoorrunners.co.uk" "-"
85.215.76.0 - - [09/Feb/2024:14:29:51 +0100] "POST /xmlrpc.php HTTP/1.1" 200 403 dartmoorrunners.co.uk "-" "Mozilla/5.0 (Windows NT 6.1; Win64; x64) AppleWebKit/537.36 (KHTML, like Gecko) Chrome/74.0.3729.169 Safari/537.36" "-"
85.215.76.0 - - [09/Feb/2024:14:29:52 +0100] "POST /xmlrpc.php HTTP/1.1" 403 618 dartmoorrunners.co.uk "-" "Mozilla/5.0 (Windows NT 6.1; Win64; x64) AppleWebKit/537.36 (KHTML, like Gecko) Chrome/74.0.3729.169 Safari/537.36" "-"
85.215.76.0 - - [09/Feb/2024:14:29:53 +0100] "POST /xmlrpc.php HTTP/1.1" 403 618 dartmoorrunners.co.uk "-" "Mozilla/5.0 (Windows NT 6.1; Win64; x64) AppleWebKit/537.36 (KHTML, like Gecko) Chrome/74.0.3729.169 Safari/537.36" "-"
85.215.76.0 - - [09/Feb/2024:14:29:54 +0100] "POST /xmlrpc.php HTTP/1.1" 403 618 dartmoorrunners.co.uk "-" "Mozilla/5.0 (Windows NT 6.1; Win64; x64) AppleWebKit/537.36 (KHTML, like Gecko) Chrome/74.0.3729.169 Safari/537.36" "-"
82.132.245.0 - - [09/Feb/2024:14:37:50 +0100] "GET /winter-series-2023 HTTP/1.1" 200 27638 dartmoorrunners.co.uk "-" "Mozilla/5.0 (Linux; Android 10; K) AppleWebKit/537.36 (KHTML, like Gecko) Chrome/121.0.0.0 Mobile Safari/537.36" "-"
82.132.245.0 - - [09/Feb/2024:14:37:50 +0100] "GET /wp-content/themes/omega/style.css?ver=6.1.5 HTTP/1.1" 200 6552 dartmoorrunners.co.uk "http://dartmoorrunners.co.uk/winter-series-2023" "Mozilla/5.0 (Linux; Android 10; K) AppleWebKit/537.36 (KHTML, like Gecko) Chrome/121.0.0.0 Mobile Safari/537.36" "-"
82.132.245.0 - - [09/Feb/2024:14:37:50 +0100] "GET /wp-includes/css/dist/block-library/style.min.css?ver=6.1.5 HTTP/1.1" 200 16164 dartmoorrunners.co.uk "http://dartmoorrunners.co.uk/winter-series-2023" "Mozilla/5.0 (Linux; Android 10; K) AppleWebKit/537.36 (KHTML, like Gecko) Chrome/121.0.0.0 Mobile Safari/537.36" "-"
82.132.245.0 - - [09/Feb/2024:14:37:50 +0100] "GET /wp-content/uploads/2017/04/XmasBash2017Med.jpg HTTP/1.1" 200 200566 dartmoorrunners.co.uk "http://dartmoorrunners.co.uk/winter-series-2023" "Mozilla/5.0 (Linux; Android 10; K) AppleWebKit/537.36 (KHTML, like Gecko) Chrome/121.0.0.0 Mobile Safari/537.36" "-"
82.132.245.0 - - [09/Feb/2024:14:37:50 +0100] "GET /wp-content/uploads/2017/04/cropped-dartmoorrunnerslogo_normal.png HTTP/1.1" 200 110052 dartmoorrunners.co.uk "http://dartmoorrunners.co.uk/winter-series-2023" "Mozilla/5.0 (Linux; Android 10; K) AppleWebKit/537.36 (KHTML, like Gecko) Chrome/121.0.0.0 Mobile Safari/537.36" "-"
82.132.245.0 - - [09/Feb/2024:14:37:50 +0100] "GET /wp-content/uploads/2017/04/ControlDog-768x576.jpg HTTP/1.1" 200 85973 dartmoorrunners.co.uk "http://dartmoorrunners.co.uk/winter-series-2023" "Mozilla/5.0 (Linux; Android 10; K) AppleWebKit/537.36 (KHTML, like Gecko) Chrome/121.0.0.0 Mobile Safari/537.36" "-"
82.132.245.0 - - [09/Feb/2024:14:37:50 +0100] "GET /wp-content/uploads/2017/04/winter-2015-small.jpg HTTP/1.1" 200 202841 dartmoorrunners.co.uk "http://dartmoorrunners.co.uk/winter-series-2023" "Mozilla/5.0 (Linux; Android 10; K) AppleWebKit/537.36 (KHTML, like Gecko) Chrome/121.0.0.0 Mobile Safari/537.36" "-"
82.132.245.0 - - [09/Feb/2024:14:37:50 +0100] "GET /wp-content/uploads/2017/04/Moorland-runner-cropped.jpg HTTP/1.1" 200 437747 dartmoorrunners.co.uk "http://dartmoorrunners.co.uk/winter-series-2023" "Mozilla/5.0 (Linux; Android 10; K) AppleWebKit/537.36 (KHTML, like Gecko) Chrome/121.0.0.0 Mobile Safari/537.36" "-"
82.132.245.0 - - [09/Feb/2024:14:37:50 +0100] "GET /wp-includes/js/wp-emoji-release.min.js?ver=6.1.5 HTTP/1.1" 200 18617 dartmoorrunners.co.uk "http://dartmoorrunners.co.uk/winter-series-2023" "Mozilla/5.0 (Linux; Android 10; K) AppleWebKit/537.36 (KHTML, like Gecko) Chrome/121.0.0.0 Mobile Safari/537.36" "-"
50.87.144.0 - - [09/Feb/2024:14:41:36 +0100] "GET /wordpress/ HTTP/1.1" 404 24761 dartmoorrunners.co.uk "-" "-" "-"
184.154.139.0 - - [09/Feb/2024:14:48:54 +0100] "GET / HTTP/1.1" 301 - www.dartmoorrunners.co.uk "http://www.google.com/url?url=www.dartmoorrunners.co.uk&yahoo.com" "Mozilla/5.0 (compatible; MSIE 9.0; Windows NT 6.1; WOW64; Trident/6.0)" "-"
184.154.139.0 - - [09/Feb/2024:14:48:54 +0100] "GET / HTTP/1.1" 200 31573 dartmoorrunners.co.uk "http://www.google.com/url?url=dartmoorrunners.co.uk&yahoo.com" "Mozilla/5.0 (compatible; MSIE 9.0; Windows NT 6.1; WOW64; Trident/6.0)" "-"
184.154.139.0 - - [09/Feb/2024:14:48:55 +0100] "GET /th1s_1s_a_4o4.html HTTP/1.1" 404 24761 dartmoorrunners.co.uk "-" "SiteLockSpider [en] (WinNT; I ;Nav)" "-"
184.154.139.0 - - [09/Feb/2024:14:48:56 +0100] "GET /wp-includes/css/dist/block-library/style.min.css?ver=6.1.5 HTTP/1.1" 200 95021 dartmoorrunners.co.uk "http://www.google.com/url?url=dartmoorrunners.co.uk&yahoo.com" "Mozilla/5.0 (compatible; MSIE 9.0; Windows NT 6.1; WOW64; Trident/6.0)" "-"
184.154.139.0 - - [09/Feb/2024:14:48:57 +0100] "GET /current-series-dates HTTP/1.1" 200 27885 dartmoorrunners.co.uk "-" "SiteLockSpider [en] (WinNT; I ;Nav)" "-"
184.154.139.0 - - [09/Feb/2024:14:48:58 +0100] "GET /wp-json/oembed/1.0/embed?url=http%3A%2F%2Fdartmoorrunners.co.uk%2F HTTP/1.1" 200 2425 dartmoorrunners.co.uk "http://www.google.com/url?url=dartmoorrunners.co.uk&yahoo.com" "Mozilla/5.0 (compatible; MSIE 9.0; Windows NT 6.1; WOW64; Trident/6.0)" "-"
184.154.139.0 - - [09/Feb/2024:14:48:58 +0100] "GET /wp-json/wp/v2/pages/2 HTTP/1.1" 200 8903 dartmoorrunners.co.uk "http://www.google.com/url?url=dartmoorrunners.co.uk&yahoo.com" "Mozilla/5.0 (compatible; MSIE 9.0; Windows NT 6.1; WOW64; Trident/6.0)" "-"
184.154.139.0 - - [09/Feb/2024:14:48:59 +0100] "GET /winter-series-results-2018 HTTP/1.1" 200 25717 dartmoorrunners.co.uk "-" "SiteLockSpider [en] (WinNT; I ;Nav)" "-"
184.154.139.0 - - [09/Feb/2024:14:49:00 +0100] "GET /wp-json/ HTTP/1.1" 200 164417 dartmoorrunners.co.uk "http://www.google.com/url?url=dartmoorrunners.co.uk&yahoo.com" "Mozilla/5.0 (compatible; MSIE 9.0; Windows NT 6.1; WOW64; Trident/6.0)" "-"
184.154.139.0 - - [09/Feb/2024:14:49:02 +0100] "GET /results/winter-series-2016-results HTTP/1.1" 200 25693 dartmoorrunners.co.uk "http://www.google.com/url?url=dartmoorrunners.co.uk&yahoo.com" "Mozilla/5.0 (compatible; MSIE 9.0; Windows NT 6.1; WOW64; Trident/6.0)" "-"
184.154.139.0 - - [09/Feb/2024:14:49:02 +0100] "GET /results/winter-series-2014-results HTTP/1.1" 200 25683 dartmoorrunners.co.uk "-" "SiteLockSpider [en] (WinNT; I ;Nav)" "-"
184.154.139.0 - - [09/Feb/2024:14:49:03 +0100] "GET /results/summer-series-2013-results HTTP/1.1" 200 25694 dartmoorrunners.co.uk "-" "SiteLockSpider [en] (WinNT; I ;Nav)" "-"
184.154.139.0 - - [09/Feb/2024:14:49:04 +0100] "GET /results/summer-series-2018-results HTTP/1.1" 200 25795 dartmoorrunners.co.uk "-" "SiteLockSpider [en] (WinNT; I ;Nav)" "-"
184.154.139.0 - - [09/Feb/2024:14:49:05 +0100] "GET /wp-json/wp/v2/pages/%5C%22http:%5C/%5C/dartmoorrunners.co.uk%5C/%5C%22 HTTP/1.1" 404 114 dartmoorrunners.co.uk "http://www.google.com/url?url=dartmoorrunners.co.uk&yahoo.com" "Mozilla/5.0 (compatible; MSIE 9.0; Windows NT 6.1; WOW64; Trident/6.0)" "-"
184.154.139.0 - - [09/Feb/2024:14:49:05 +0100] "GET /results/winter-series-2011-results HTTP/1.1" 200 44854 dartmoorrunners.co.uk "-" "SiteLockSpider [en] (WinNT; I ;Nav)" "-"
184.154.139.0 - - [09/Feb/2024:14:49:06 +0100] "GET /results/summer-series-2012-results HTTP/1.1" 200 39430 dartmoorrunners.co.uk "-" "SiteLockSpider [en] (WinNT; I ;Nav)" "-"
184.154.139.0 - - [09/Feb/2024:14:49:07 +0100] "GET /sample-page/feed HTTP/1.1" 200 819 dartmoorrunners.co.uk "http://www.google.com/url?url=dartmoorrunners.co.uk&yahoo.com" "Mozilla/5.0 (compatible; MSIE 9.0; Windows NT 6.1; WOW64; Trident/6.0)" "-"
184.154.139.0 - - [09/Feb/2024:14:49:07 +0100] "GET /results/summer-series-2016-results HTTP/1.1" 200 25698 dartmoorrunners.co.uk "-" "SiteLockSpider [en] (WinNT; I ;Nav)" "-"
184.154.139.0 - - [09/Feb/2024:14:49:08 +0100] "GET /results/winter-series-2012-results HTTP/1.1" 200 25915 dartmoorrunners.co.uk "-" "SiteLockSpider [en] (WinNT; I ;Nav)" "-"
184.154.139.0 - - [09/Feb/2024:14:49:09 +0100] "GET /wp-json/wp/v2/pages/280 HTTP/1.1" 200 2066 dartmoorrunners.co.uk "-" "SiteLockSpider [en] (WinNT; I ;Nav)" "-"
184.154.139.0 - - [09/Feb/2024:14:49:09 +0100] "GET /wp-json/wp/v2/pages/75 HTTP/1.1" 200 2042 dartmoorrunners.co.uk "-" "SiteLockSpider [en] (WinNT; I ;Nav)" "-"
184.154.139.0 - - [09/Feb/2024:14:49:10 +0100] "GET /wp-json/wp/v2/pages/61 HTTP/1.1" 200 2074 dartmoorrunners.co.uk "-" "SiteLockSpider [en] (WinNT; I ;Nav)" "-"
5.255.231.0 - - [09/Feb/2024:15:06:23 +0100] "GET /robots.txt HTTP/1.1" 200 121 dartmoorrunners.co.uk "-" "Mozilla/5.0 (compatible; YandexBot/3.0; +http://yandex.com/bots)" "-"
213.180.203.0 - - [09/Feb/2024:15:06:24 +0100] "GET / HTTP/1.1" 200 31573 dartmoorrunners.co.uk "-" "Mozilla/5.0 (compatible; YandexBot/3.0; +http://yandex.com/bots)" "-"
213.180.203.0 - - [09/Feb/2024:15:08:27 +0100] "GET / HTTP/1.1" 200 31573 dartmoorrunners.co.uk "-" "Mozilla/5.0 (compatible; YandexBot/3.0; +http://yandex.com/bots)" "-"
52.167.144.0 - - [09/Feb/2024:15:24:44 +0100] "GET /wp-sitemap-posts-page-1.xml HTTP/1.1" 200 2150 dartmoorrunners.co.uk "-" "Mozilla/5.0 AppleWebKit/537.36 (KHTML, like Gecko; compatible; bingbot/2.0; +http://www.bing.com/bingbot.htm) Chrome/116.0.1938.76 Safari/537.36" "-"
87.250.224.0 - - [09/Feb/2024:15:57:03 +0100] "GET /robots.txt HTTP/1.1" 301 - www.dartmoorrunners.co.uk "-" "Mozilla/5.0 (compatible; YandexBot/3.0; +http://yandex.com/bots)" "-"
82.165.88.0 - - [09/Feb/2024:15:57:03 +0100] "POST /wp-cron.php?doing_wp_cron=1707490623.8346600532531738281250 HTTP/1.1" 200 - dartmoorrunners.co.uk "http://dartmoorrunners.co.uk/wp-cron.php?doing_wp_cron=1707490623.8346600532531738281250" "WordPress/6.1.5; http://dartmoorrunners.co.uk" "-"
87.250.224.0 - - [09/Feb/2024:15:57:04 +0100] "GET /robots.txt HTTP/1.1" 200 121 dartmoorrunners.co.uk "-" "Mozilla/5.0 (compatible; YandexBot/3.0; +http://yandex.com/bots)" "-"
5.255.231.0 - - [09/Feb/2024:15:57:05 +0100] "GET / HTTP/1.1" 301 - www.dartmoorrunners.co.uk "-" "Mozilla/5.0 (compatible; YandexBot/3.0; +http://yandex.com/bots)" "-"
213.180.203.0 - - [09/Feb/2024:15:59:09 +0100] "GET / HTTP/1.1" 301 - www.dartmoorrunners.co.uk "-" "Mozilla/5.0 (compatible; YandexBot/3.0; +http://yandex.com/bots)" "-"
45.66.35.0 - - [09/Feb/2024:16:02:55 +0100] "POST /xmlrpc.php HTTP/1.1" 200 403 dartmoorrunners.co.uk "-" "Mozilla/5.0 (Macintosh; Intel Mac OS X 10_11_3) AppleWebKit/601.4.4 (KHTML, like Gecko) Version/9.0.3 Safari/601.4.4" "-"
45.66.35.0 - - [09/Feb/2024:16:02:56 +0100] "POST /xmlrpc.php HTTP/1.1" 200 403 dartmoorrunners.co.uk "-" "Mozilla/5.0 (Macintosh; Intel Mac OS X 10_11_3) AppleWebKit/601.4.4 (KHTML, like Gecko) Version/9.0.3 Safari/601.4.4" "-"
45.66.35.0 - - [09/Feb/2024:16:02:57 +0100] "POST /xmlrpc.php HTTP/1.1" 403 618 dartmoorrunners.co.uk "-" "Mozilla/5.0 (Macintosh; Intel Mac OS X 10_11_3) AppleWebKit/601.4.4 (KHTML, like Gecko) Version/9.0.3 Safari/601.4.4" "-"
45.66.35.0 - - [09/Feb/2024:16:02:58 +0100] "POST /xmlrpc.php HTTP/1.1" 403 618 dartmoorrunners.co.uk "-" "Mozilla/5.0 (Macintosh; Intel Mac OS X 10_11_3) AppleWebKit/601.4.4 (KHTML, like Gecko) Version/9.0.3 Safari/601.4.4" "-"
45.66.35.0 - - [09/Feb/2024:16:02:59 +0100] "POST /xmlrpc.php HTTP/1.1" 403 618 dartmoorrunners.co.uk "-" "Mozilla/5.0 (Macintosh; Intel Mac OS X 10_11_3) AppleWebKit/601.4.4 (KHTML, like Gecko) Version/9.0.3 Safari/601.4.4" "-"
66.249.66.0 - - [09/Feb/2024:16:16:44 +0100] "GET / HTTP/1.1" 200 31573 dartmoorrunners.co.uk "-" "Mozilla/5.0 (compatible; Googlebot/2.1; +http://www.google.com/bot.html)" "-"
157.90.209.0 - - [09/Feb/2024:16:45:19 +0100] "GET /robots.txt HTTP/1.1" 403 618 dartmoorrunners.co.uk "-" "Mozilla/5.0 (compatible; BLEXBot/1.0; +http://webmeup-crawler.com/)" "-"
157.90.209.0 - - [09/Feb/2024:16:45:19 +0100] "GET /sitemap HTTP/1.1" 403 618 dartmoorrunners.co.uk "-" "Mozilla/5.0 (compatible; BLEXBot/1.0; +http://webmeup-crawler.com/)" "-"
157.90.209.0 - - [09/Feb/2024:16:45:30 +0100] "GET /sitemap.ashx HTTP/1.1" 403 618 dartmoorrunners.co.uk "-" "Mozilla/5.0 (compatible; BLEXBot/1.0; +http://webmeup-crawler.com/)" "-"
157.90.209.0 - - [09/Feb/2024:16:45:37 +0100] "GET /sitemap.txt HTTP/1.1" 403 618 dartmoorrunners.co.uk "-" "Mozilla/5.0 (compatible; BLEXBot/1.0; +http://webmeup-crawler.com/)" "-"
157.90.209.0 - - [09/Feb/2024:16:45:43 +0100] "GET /sitemap.xml HTTP/1.1" 403 618 dartmoorrunners.co.uk "-" "Mozilla/5.0 (compatible; BLEXBot/1.0; +http://webmeup-crawler.com/)" "-"
157.90.209.0 - - [09/Feb/2024:16:45:46 +0100] "GET /sitemap.xml.gz HTTP/1.1" 403 618 dartmoorrunners.co.uk "-" "Mozilla/5.0 (compatible; BLEXBot/1.0; +http://webmeup-crawler.com/)" "-"
157.90.209.0 - - [09/Feb/2024:16:45:51 +0100] "GET /sitemap_index.xml HTTP/1.1" 403 618 dartmoorrunners.co.uk "-" "Mozilla/5.0 (compatible; BLEXBot/1.0; +http://webmeup-crawler.com/)" "-"
157.90.209.0 - - [09/Feb/2024:16:45:54 +0100] "GET /sitemap_index.xml.gz HTTP/1.1" 403 618 dartmoorrunners.co.uk "-" "Mozilla/5.0 (compatible; BLEXBot/1.0; +http://webmeup-crawler.com/)" "-"
157.90.209.0 - - [09/Feb/2024:16:46:06 +0100] "GET / HTTP/1.1" 403 618 dartmoorrunners.co.uk "-" "Mozilla/5.0 (compatible; BLEXBot/1.0; +http://webmeup-crawler.com/)" "-"
66.249.79.0 - - [09/Feb/2024:17:19:51 +0100] "GET /robots.txt HTTP/1.1" 301 - www.dartmoorrunners.co.uk "-" "Mozilla/5.0 (compatible; Googlebot/2.1; +http://www.google.com/bot.html)" "-"
82.165.88.0 - - [09/Feb/2024:17:19:52 +0100] "POST /wp-cron.php?doing_wp_cron=1707495592.1157979965209960937500 HTTP/1.1" 200 - dartmoorrunners.co.uk "http://dartmoorrunners.co.uk/wp-cron.php?doing_wp_cron=1707495592.1157979965209960937500" "WordPress/6.1.5; http://dartmoorrunners.co.uk" "-"
66.249.76.0 - - [09/Feb/2024:17:19:52 +0100] "GET /robots.txt HTTP/1.1" 200 121 dartmoorrunners.co.uk "-" "Mozilla/5.0 (compatible; Googlebot/2.1; +http://www.google.com/bot.html)" "-"
66.249.78.0 - - [09/Feb/2024:17:19:53 +0100] "GET / HTTP/1.1" 301 - www.dartmoorrunners.co.uk "-" "Mozilla/5.0 (Linux; Android 6.0.1; Nexus 5X Build/MMB29P) AppleWebKit/537.36 (KHTML, like Gecko) Chrome/121.0.6167.85 Mobile Safari/537.36 (compatible; Googlebot/2.1; +http://www.google.com/bot.html)" "-"
54.36.148.0 - - [09/Feb/2024:17:26:50 +0100] "GET /results/winter-series-2014-results HTTP/1.1" 200 25683 dartmoorrunners.co.uk "-" "Mozilla/5.0 (compatible; AhrefsBot/7.0; +http://ahrefs.com/robot/)" "-"
82.165.88.0 - - [09/Feb/2024:17:36:36 +0100] "POST /wp-cron.php?doing_wp_cron=1707496596.7323620319366455078125 HTTP/1.1" 200 - dartmoorrunners.co.uk "http://dartmoorrunners.co.uk/wp-cron.php?doing_wp_cron=1707496596.7323620319366455078125" "WordPress/6.1.5; http://dartmoorrunners.co.uk" "-"
185.220.100.0 - - [09/Feb/2024:17:36:36 +0100] "POST /xmlrpc.php HTTP/1.1" 200 403 dartmoorrunners.co.uk "-" "Mozilla/5.0 (Macintosh; Intel Mac OS X 10_10_5) AppleWebKit/600.8.9 (KHTML, like Gecko)" "-"
185.220.100.0 - - [09/Feb/2024:17:36:37 +0100] "POST /xmlrpc.php HTTP/1.1" 200 403 dartmoorrunners.co.uk "-" "Mozilla/5.0 (Macintosh; Intel Mac OS X 10_10_5) AppleWebKit/600.8.9 (KHTML, like Gecko)" "-"
185.220.100.0 - - [09/Feb/2024:17:36:39 +0100] "POST /xmlrpc.php HTTP/1.1" 403 618 dartmoorrunners.co.uk "-" "Mozilla/5.0 (Macintosh; Intel Mac OS X 10_10_5) AppleWebKit/600.8.9 (KHTML, like Gecko)" "-"
185.220.100.0 - - [09/Feb/2024:17:36:40 +0100] "POST /xmlrpc.php HTTP/1.1" 403 618 dartmoorrunners.co.uk "-" "Mozilla/5.0 (Macintosh; Intel Mac OS X 10_10_5) AppleWebKit/600.8.9 (KHTML, like Gecko)" "-"
185.220.100.0 - - [09/Feb/2024:17:36:41 +0100] "POST /xmlrpc.php HTTP/1.1" 403 618 dartmoorrunners.co.uk "-" "Mozilla/5.0 (Macintosh; Intel Mac OS X 10_10_5) AppleWebKit/600.8.9 (KHTML, like Gecko)" "-"
3.227.1.0 - - [09/Feb/2024:17:39:19 +0100] "GET /wp-content/uploads/2017/04/cropped-dartmoorrunnerslogo_normal.png HTTP/1.1" 200 110052 dartmoorrunners.co.uk "-" "Mozilla/5.0 (X11; Ubuntu; Linux x86_64; rv:72.0) Gecko/20100101 Firefox/72.0 (compatible; pytorch-lightning; +https://github.com/Lightning-AI/pytorch-lightning)" "-"
5.255.231.0 - - [09/Feb/2024:18:06:32 +0100] "GET /robots.txt HTTP/1.1" 200 121 dartmoorrunners.co.uk "-" "Mozilla/5.0 (compatible; YandexBot/3.0; +http://yandex.com/bots)" "-"
213.180.203.0 - - [09/Feb/2024:18:06:33 +0100] "GET / HTTP/1.1" 200 31573 dartmoorrunners.co.uk "-" "Mozilla/5.0 (compatible; YandexBot/3.0; +http://yandex.com/bots)" "-"
