172.232.185.0 - - [19/Feb/2024:00:06:37 +0100] "GET /.env HTTP/1.1" 404 24761 dartmoorrunners.co.uk "-" "Mozilla/5.0 (X11; Linux x86_64) AppleWebKit/537.36 (KHTML, like Gecko) Chrome/81.0.4044.129 Safari/537.36" "-"
172.232.185.0 - - [19/Feb/2024:00:06:45 +0100] "POST / HTTP/1.1" 200 31573 dartmoorrunners.co.uk "-" "Mozilla/5.0 (X11; Linux x86_64) AppleWebKit/537.36 (KHTML, like Gecko) Chrome/81.0.4044.129 Safari/537.36" "-"
131.111.5.0 - - [19/Feb/2024:00:19:38 +0100] "GET / HTTP/1.1" 200 31573 dartmoorrunners.co.uk "https://www.bing.com/" "Mozilla/5.0 (Windows NT 10.0; Win64; x64) AppleWebKit/537.36 (KHTML, like Gecko) Chrome/121.0.0.0 Safari/537.36 Edg/121.0.0.0" "-"
131.111.5.0 - - [19/Feb/2024:00:19:38 +0100] "GET /wp-includes/css/dist/block-library/style.min.css?ver=6.1.5 HTTP/1.1" 200 16164 dartmoorrunners.co.uk "http://dartmoorrunners.co.uk/" "Mozilla/5.0 (Windows NT 10.0; Win64; x64) AppleWebKit/537.36 (KHTML, like Gecko) Chrome/121.0.0.0 Safari/537.36 Edg/121.0.0.0" "-"
131.111.5.0 - - [19/Feb/2024:00:19:38 +0100] "GET /wp-includes/css/classic-themes.min.css?ver=1 HTTP/1.1" 200 189 dartmoorrunners.co.uk "http://dartmoorrunners.co.uk/" "Mozilla/5.0 (Windows NT 10.0; Win64; x64) AppleWebKit/537.36 (KHTML, like Gecko) Chrome/121.0.0.0 Safari/537.36 Edg/121.0.0.0" "-"
131.111.5.0 - - [19/Feb/2024:00:19:38 +0100] "GET /wp-content/themes/omega/style.css?ver=6.1.5 HTTP/1.1" 200 6552 dartmoorrunners.co.uk "http://dartmoorrunners.co.uk/" "Mozilla/5.0 (Windows NT 10.0; Win64; x64) AppleWebKit/537.36 (KHTML, like Gecko) Chrome/121.0.0.0 Safari/537.36 Edg/121.0.0.0" "-"
131.111.5.0 - - [19/Feb/2024:00:19:38 +0100] "GET /wp-content/uploads/2017/04/XmasBash2017Med-300x200.jpg HTTP/1.1" 200 19902 dartmoorrunners.co.uk "http://dartmoorrunners.co.uk/" "Mozilla/5.0 (Windows NT 10.0; Win64; x64) AppleWebKit/537.36 (KHTML, like Gecko) Chrome/121.0.0.0 Safari/537.36 Edg/121.0.0.0" "-"
131.111.5.0 - - [19/Feb/2024:00:19:38 +0100] "GET /wp-content/uploads/2017/04/cropped-dartmoorrunnerslogo_normal.png HTTP/1.1" 200 110052 dartmoorrunners.co.uk "http://dartmoorrunners.co.uk/" "Mozilla/5.0 (Windows NT 10.0; Win64; x64) AppleWebKit/537.36 (KHTML, like Gecko) Chrome/121.0.0.0 Safari/537.36 Edg/121.0.0.0" "-"
131.111.5.0 - - [19/Feb/2024:00:19:39 +0100] "GET /wp-content/uploads/2017/04/winter-2015-small-300x225.jpg HTTP/1.1" 200 17306 dartmoorrunners.co.uk "http://dartmoorrunners.co.uk/" "Mozilla/5.0 (Windows NT 10.0; Win64; x64) AppleWebKit/537.36 (KHTML, like Gecko) Chrome/121.0.0.0 Safari/537.36 Edg/121.0.0.0" "-"
131.111.5.0 - - [19/Feb/2024:00:19:39 +0100] "GET /wp-includes/js/wp-emoji-release.min.js?ver=6.1.5 HTTP/1.1" 200 18617 dartmoorrunners.co.uk "http://dartmoorrunners.co.uk/" "Mozilla/5.0 (Windows NT 10.0; Win64; x64) AppleWebKit/537.36 (KHTML, like Gecko) Chrome/121.0.0.0 Safari/537.36 Edg/121.0.0.0" "-"
131.111.5.0 - - [19/Feb/2024:00:19:39 +0100] "GET /wp-content/uploads/2017/04/Moorland-runner-cropped-300x212.jpg HTTP/1.1" 200 16206 dartmoorrunners.co.uk "http://dartmoorrunners.co.uk/" "Mozilla/5.0 (Windows NT 10.0; Win64; x64) AppleWebKit/537.36 (KHTML, like Gecko) Chrome/121.0.0.0 Safari/537.36 Edg/121.0.0.0" "-"
131.111.5.0 - - [19/Feb/2024:00:19:39 +0100] "GET /wp-content/uploads/2017/04/ControlDog-300x225.jpg HTTP/1.1" 200 17221 dartmoorrunners.co.uk "http://dartmoorrunners.co.uk/" "Mozilla/5.0 (Windows NT 10.0; Win64; x64) AppleWebKit/537.36 (KHTML, like Gecko) Chrome/121.0.0.0 Safari/537.36 Edg/121.0.0.0" "-"
131.111.5.0 - - [19/Feb/2024:00:19:39 +0100] "GET /wp-content/uploads/2017/04/cropped-dartmoorrunnerslogo_normal-32x32.png HTTP/1.1" 200 2617 dartmoorrunners.co.uk "http://dartmoorrunners.co.uk/" "Mozilla/5.0 (Windows NT 10.0; Win64; x64) AppleWebKit/537.36 (KHTML, like Gecko) Chrome/121.0.0.0 Safari/537.36 Edg/121.0.0.0" "-"
131.111.5.0 - - [19/Feb/2024:00:19:59 +0100] "GET / HTTP/1.1" 200 31573 dartmoorrunners.co.uk "http://dartmoorrunners.co.uk/" "Mozilla/5.0 (Windows NT 10.0; Win64; x64) AppleWebKit/537.36 (KHTML, like Gecko) Chrome/121.0.0.0 Safari/537.36 Edg/121.0.0.0" "-"
131.111.5.0 - - [19/Feb/2024:00:20:00 +0100] "GET /winter-series-2023 HTTP/1.1" 200 27638 dartmoorrunners.co.uk "http://dartmoorrunners.co.uk/" "Mozilla/5.0 (Windows NT 10.0; Win64; x64) AppleWebKit/537.36 (KHTML, like Gecko) Chrome/121.0.0.0 Safari/537.36 Edg/121.0.0.0" "-"
2a00:23c6:5400:: - - [19/Feb/2024:00:20:05 +0100] "GET /varsity/relay/ HTTP/1.1" 200 4158 dartmoorrunners.co.uk "-" "Mozilla/5.0 (Macintosh; Intel Mac OS X 10_15_7) AppleWebKit/537.36 (KHTML, like Gecko) Chrome/114.0.0.0 Safari/537.36" "-"
2a00:23c6:5400:: - - [19/Feb/2024:00:20:06 +0100] "GET /favicon.ico HTTP/1.1" 302 - dartmoorrunners.co.uk "http://dartmoorrunners.co.uk/varsity/relay/" "Mozilla/5.0 (Macintosh; Intel Mac OS X 10_15_7) AppleWebKit/537.36 (KHTML, like Gecko) Chrome/114.0.0.0 Safari/537.36" "-"
2a00:23c6:5400:: - - [19/Feb/2024:00:20:06 +0100] "GET /wp-content/uploads/2017/04/cropped-dartmoorrunnerslogo_normal-32x32.png HTTP/1.1" 200 2617 dartmoorrunners.co.uk "http://dartmoorrunners.co.uk/varsity/relay/" "Mozilla/5.0 (Macintosh; Intel Mac OS X 10_15_7) AppleWebKit/537.36 (KHTML, like Gecko) Chrome/114.0.0.0 Safari/537.36" "-"
131.111.5.0 - - [19/Feb/2024:00:20:08 +0100] "GET /results HTTP/1.1" 200 25106 dartmoorrunners.co.uk "http://dartmoorrunners.co.uk/winter-series-2023" "Mozilla/5.0 (Windows NT 10.0; Win64; x64) AppleWebKit/537.36 (KHTML, like Gecko) Chrome/121.0.0.0 Safari/537.36 Edg/121.0.0.0" "-"
131.111.5.0 - - [19/Feb/2024:00:20:35 +0100] "GET /varisty/relay/ HTTP/1.1" 404 24761 dartmoorrunners.co.uk "-" "Mozilla/5.0 (Windows NT 10.0; Win64; x64) AppleWebKit/537.36 (KHTML, like Gecko) Chrome/121.0.0.0 Safari/537.36 Edg/121.0.0.0" "-"
2a00:23c6:5400:: - - [19/Feb/2024:00:24:42 +0100] "GET /varsity/ HTTP/1.1" 200 36194 dartmoorrunners.co.uk "-" "Mozilla/5.0 (Macintosh; Intel Mac OS X 10_15_7) AppleWebKit/537.36 (KHTML, like Gecko) Chrome/114.0.0.0 Safari/537.36" "-"
2a00:23c6:5400:: - - [19/Feb/2024:00:24:43 +0100] "GET /favicon.ico HTTP/1.1" 302 - dartmoorrunners.co.uk "http://dartmoorrunners.co.uk/varsity/" "Mozilla/5.0 (Macintosh; Intel Mac OS X 10_15_7) AppleWebKit/537.36 (KHTML, like Gecko) Chrome/114.0.0.0 Safari/537.36" "-"
2a00:23c6:5400:: - - [19/Feb/2024:00:28:10 +0100] "GET /favicon.ico HTTP/1.1" 302 - dartmoorrunners.co.uk "http://dartmoorrunners.co.uk/varsity/relay/" "Mozilla/5.0 (Macintosh; Intel Mac OS X 10_15_7) AppleWebKit/537.36 (KHTML, like Gecko) Chrome/114.0.0.0 Safari/537.36" "-"
2a00:23c6:5400:: - - [19/Feb/2024:00:28:12 +0100] "GET /favicon.ico HTTP/1.1" 302 - dartmoorrunners.co.uk "http://dartmoorrunners.co.uk/varsity/" "Mozilla/5.0 (Macintosh; Intel Mac OS X 10_15_7) AppleWebKit/537.36 (KHTML, like Gecko) Chrome/114.0.0.0 Safari/537.36" "-"
2a00:23c6:5400:: - - [19/Feb/2024:00:28:21 +0100] "GET /varsity/index_clubresults.html HTTP/1.1" 200 1700 dartmoorrunners.co.uk "http://dartmoorrunners.co.uk/varsity/" "Mozilla/5.0 (Macintosh; Intel Mac OS X 10_15_7) AppleWebKit/537.36 (KHTML, like Gecko) Chrome/114.0.0.0 Safari/537.36" "-"
2a00:23c6:5400:: - - [19/Feb/2024:00:28:21 +0100] "GET /favicon.ico HTTP/1.1" 302 - dartmoorrunners.co.uk "http://dartmoorrunners.co.uk/varsity/index_clubresults.html" "Mozilla/5.0 (Macintosh; Intel Mac OS X 10_15_7) AppleWebKit/537.36 (KHTML, like Gecko) Chrome/114.0.0.0 Safari/537.36" "-"
2a00:23c6:5400:: - - [19/Feb/2024:00:28:25 +0100] "GET /varsity/index_clubresults_mens_varsity_match_teams.html?table=0 HTTP/1.1" 200 1621 dartmoorrunners.co.uk "http://dartmoorrunners.co.uk/varsity/index_clubresults.html" "Mozilla/5.0 (Macintosh; Intel Mac OS X 10_15_7) AppleWebKit/537.36 (KHTML, like Gecko) Chrome/114.0.0.0 Safari/537.36" "-"
2a00:23c6:5400:: - - [19/Feb/2024:00:28:25 +0100] "GET /favicon.ico HTTP/1.1" 302 - dartmoorrunners.co.uk "http://dartmoorrunners.co.uk/varsity/index_clubresults_mens_varsity_match_teams.html?table=0" "Mozilla/5.0 (Macintosh; Intel Mac OS X 10_15_7) AppleWebKit/537.36 (KHTML, like Gecko) Chrome/114.0.0.0 Safari/537.36" "-"
54.36.148.0 - - [19/Feb/2024:00:28:30 +0100] "GET /summer-series-2019-results HTTP/1.1" 200 25725 dartmoorrunners.co.uk "-" "Mozilla/5.0 (compatible; AhrefsBot/7.0; +http://ahrefs.com/robot/)" "-"
2a00:23c6:5400:: - - [19/Feb/2024:00:28:32 +0100] "GET /favicon.ico HTTP/1.1" 302 - dartmoorrunners.co.uk "http://dartmoorrunners.co.uk/varsity/index_clubresults.html" "Mozilla/5.0 (Macintosh; Intel Mac OS X 10_15_7) AppleWebKit/537.36 (KHTML, like Gecko) Chrome/114.0.0.0 Safari/537.36" "-"
2a00:23c6:5400:: - - [19/Feb/2024:00:28:34 +0100] "GET /varsity/index_clubresults_mens_varsity_match_teams.html?table=1 HTTP/1.1" 200 1621 dartmoorrunners.co.uk "http://dartmoorrunners.co.uk/varsity/index_clubresults.html" "Mozilla/5.0 (Macintosh; Intel Mac OS X 10_15_7) AppleWebKit/537.36 (KHTML, like Gecko) Chrome/114.0.0.0 Safari/537.36" "-"
2a00:23c6:5400:: - - [19/Feb/2024:00:28:34 +0100] "GET /favicon.ico HTTP/1.1" 302 - dartmoorrunners.co.uk "http://dartmoorrunners.co.uk/varsity/index_clubresults_mens_varsity_match_teams.html?table=1" "Mozilla/5.0 (Macintosh; Intel Mac OS X 10_15_7) AppleWebKit/537.36 (KHTML, like Gecko) Chrome/114.0.0.0 Safari/537.36" "-"
2a00:23c6:5400:: - - [19/Feb/2024:00:28:38 +0100] "GET /favicon.ico HTTP/1.1" 302 - dartmoorrunners.co.uk "http://dartmoorrunners.co.uk/varsity/index_clubresults.html" "Mozilla/5.0 (Macintosh; Intel Mac OS X 10_15_7) AppleWebKit/537.36 (KHTML, like Gecko) Chrome/114.0.0.0 Safari/537.36" "-"
2a00:23c6:5400:: - - [19/Feb/2024:00:29:42 +0100] "GET /varsity/index_clubresults_womens_varsity_match_teams.html?table=1 HTTP/1.1" 200 1591 dartmoorrunners.co.uk "http://dartmoorrunners.co.uk/varsity/index_clubresults.html" "Mozilla/5.0 (Macintosh; Intel Mac OS X 10_15_7) AppleWebKit/537.36 (KHTML, like Gecko) Chrome/114.0.0.0 Safari/537.36" "-"
82.165.88.0 - - [19/Feb/2024:00:29:42 +0100] "POST /wp-cron.php?doing_wp_cron=1708298982.9318680763244628906250 HTTP/1.1" 200 - dartmoorrunners.co.uk "http://dartmoorrunners.co.uk/wp-cron.php?doing_wp_cron=1708298982.9318680763244628906250" "WordPress/6.1.5; http://dartmoorrunners.co.uk" "-"
2a00:23c6:5400:: - - [19/Feb/2024:00:29:42 +0100] "GET /favicon.ico HTTP/1.1" 302 - dartmoorrunners.co.uk "http://dartmoorrunners.co.uk/varsity/index_clubresults_womens_varsity_match_teams.html?table=1" "Mozilla/5.0 (Macintosh; Intel Mac OS X 10_15_7) AppleWebKit/537.36 (KHTML, like Gecko) Chrome/114.0.0.0 Safari/537.36" "-"
2a00:23c6:5400:: - - [19/Feb/2024:00:29:58 +0100] "GET /favicon.ico HTTP/1.1" 302 - dartmoorrunners.co.uk "http://dartmoorrunners.co.uk/varsity/index_clubresults.html" "Mozilla/5.0 (Macintosh; Intel Mac OS X 10_15_7) AppleWebKit/537.36 (KHTML, like Gecko) Chrome/114.0.0.0 Safari/537.36" "-"
2a00:23c6:5400:: - - [19/Feb/2024:00:35:22 +0100] "GET /favicon.ico HTTP/1.1" 302 - dartmoorrunners.co.uk "http://dartmoorrunners.co.uk/varsity/index_clubresults.html" "Mozilla/5.0 (Macintosh; Intel Mac OS X 10_15_7) AppleWebKit/537.36 (KHTML, like Gecko) Chrome/114.0.0.0 Safari/537.36" "-"
2a00:23c6:5400:: - - [19/Feb/2024:00:36:25 +0100] "GET /varsity/index_clubresults_womens_varsity_match_teams.html?table=0 HTTP/1.1" 200 1591 dartmoorrunners.co.uk "http://dartmoorrunners.co.uk/varsity/index_clubresults.html" "Mozilla/5.0 (Macintosh; Intel Mac OS X 10_15_7) AppleWebKit/537.36 (KHTML, like Gecko) Chrome/114.0.0.0 Safari/537.36" "-"
2a00:23c6:5400:: - - [19/Feb/2024:00:36:25 +0100] "GET /favicon.ico HTTP/1.1" 302 - dartmoorrunners.co.uk "http://dartmoorrunners.co.uk/varsity/index_clubresults_womens_varsity_match_teams.html?table=0" "Mozilla/5.0 (Macintosh; Intel Mac OS X 10_15_7) AppleWebKit/537.36 (KHTML, like Gecko) Chrome/114.0.0.0 Safari/537.36" "-"
2a00:23c6:5400:: - - [19/Feb/2024:00:36:27 +0100] "GET /favicon.ico HTTP/1.1" 302 - dartmoorrunners.co.uk "http://dartmoorrunners.co.uk/varsity/index_clubresults.html" "Mozilla/5.0 (Macintosh; Intel Mac OS X 10_15_7) AppleWebKit/537.36 (KHTML, like Gecko) Chrome/114.0.0.0 Safari/537.36" "-"
2a00:23c6:5400:: - - [19/Feb/2024:00:36:31 +0100] "GET /favicon.ico HTTP/1.1" 302 - dartmoorrunners.co.uk "http://dartmoorrunners.co.uk/varsity/index_clubresults_mens_varsity_match_teams.html?table=0" "Mozilla/5.0 (Macintosh; Intel Mac OS X 10_15_7) AppleWebKit/537.36 (KHTML, like Gecko) Chrome/114.0.0.0 Safari/537.36" "-"
2a00:23c6:5400:: - - [19/Feb/2024:00:36:53 +0100] "GET /favicon.ico HTTP/1.1" 302 - dartmoorrunners.co.uk "http://dartmoorrunners.co.uk/varsity/index_clubresults.html" "Mozilla/5.0 (Macintosh; Intel Mac OS X 10_15_7) AppleWebKit/537.36 (KHTML, like Gecko) Chrome/114.0.0.0 Safari/537.36" "-"
54.36.148.0 - - [19/Feb/2024:01:07:36 +0100] "GET /results HTTP/1.1" 200 25106 dartmoorrunners.co.uk "-" "Mozilla/5.0 (compatible; AhrefsBot/7.0; +http://ahrefs.com/robot/)" "-"
38.150.13.0 - - [19/Feb/2024:01:10:43 +0100] "POST /wp-login.php HTTP/1.1" 200 9053 dartmoorrunners.co.uk "http://dartmoorrunners.co.uk/" "Mozilla/5.0 (Windows NT 6.1; WOW64; Trident/7.0; rv:11.0) like Gecko" "-"
51.254.199.0 - - [19/Feb/2024:01:36:15 +0100] "GET / HTTP/1.1" 200 31573 dartmoorrunners.co.uk "-" "Mozilla/5.0 (Windows NT 10.0; Win64; x64) AppleWebKit/537.36 (KHTML, like Gecko) Chrome/118.0.0.0 Safari/537.36 Edg/118.0.2088.46" "-"
82.165.88.0 - - [19/Feb/2024:01:36:16 +0100] "POST /wp-cron.php?doing_wp_cron=1708302976.1694979667663574218750 HTTP/1.1" 200 - dartmoorrunners.co.uk "http://dartmoorrunners.co.uk/wp-cron.php?doing_wp_cron=1708302976.1694979667663574218750" "WordPress/6.1.5; http://dartmoorrunners.co.uk" "-"
198.71.55.0 - - [19/Feb/2024:01:51:03 +0100] "POST /wp-login.php HTTP/1.1" 200 9005 dartmoorrunners.co.uk "-" "ddg_android/5.169.0 (com.duckduckgo.mobile.android; Android API 33)" "-"
54.36.148.0 - - [19/Feb/2024:01:52:47 +0100] "GET /results/summer-series-2016-results HTTP/1.1" 200 25698 dartmoorrunners.co.uk "-" "Mozilla/5.0 (compatible; AhrefsBot/7.0; +http://ahrefs.com/robot/)" "-"
66.249.76.0 - - [19/Feb/2024:02:16:11 +0100] "GET / HTTP/1.1" 200 31573 dartmoorrunners.co.uk "-" "Mozilla/5.0 (compatible; Googlebot/2.1; +http://www.google.com/bot.html)" "-"
82.165.88.0 - - [19/Feb/2024:02:29:38 +0100] "POST /wp-cron.php?doing_wp_cron=1708306178.7579650878906250000000 HTTP/1.1" 200 - dartmoorrunners.co.uk "http://dartmoorrunners.co.uk/wp-cron.php?doing_wp_cron=1708306178.7579650878906250000000" "WordPress/6.1.5; http://dartmoorrunners.co.uk" "-"
54.36.148.0 - - [19/Feb/2024:02:29:38 +0100] "GET /winter-series-2023 HTTP/1.1" 200 27638 dartmoorrunners.co.uk "-" "Mozilla/5.0 (compatible; AhrefsBot/7.0; +http://ahrefs.com/robot/)" "-"
213.180.203.0 - - [19/Feb/2024:02:38:47 +0100] "GET /robots.txt HTTP/1.1" 301 - www.dartmoorrunners.co.uk "-" "Mozilla/5.0 (compatible; YandexBot/3.0; +http://yandex.com/bots)" "-"
213.180.203.0 - - [19/Feb/2024:02:38:47 +0100] "GET /robots.txt HTTP/1.1" 200 121 dartmoorrunners.co.uk "-" "Mozilla/5.0 (compatible; YandexBot/3.0; +http://yandex.com/bots)" "-"
213.180.203.0 - - [19/Feb/2024:02:38:48 +0100] "GET / HTTP/1.1" 301 - www.dartmoorrunners.co.uk "-" "Mozilla/5.0 (compatible; YandexBot/3.0; +http://yandex.com/bots)" "-"
5.255.231.0 - - [19/Feb/2024:02:40:52 +0100] "GET / HTTP/1.1" 301 - www.dartmoorrunners.co.uk "-" "Mozilla/5.0 (compatible; YandexBot/3.0; +http://yandex.com/bots)" "-"
139.196.113.0 - - [19/Feb/2024:02:45:02 +0100] "POST /wp-login.php HTTP/1.1" 200 8995 dartmoorrunners.co.uk "-" "Mozilla/5.0 (Windows NT 6.1) AppleWebKit/537.36 (KHTML, like Gecko) Chrome/62.0.3202.94 Safari/537.36" "-"
51.195.107.0 - - [19/Feb/2024:02:46:54 +0100] "POST /wp-login.php HTTP/1.1" 200 8995 dartmoorrunners.co.uk "-" "Mozilla/5.0 (Windows NT 6.1; WOW64) AppleWebKit/537.36 (KHTML, like Gecko) Chrome/41.0.2272.101 Safari/537.36" "-"
213.180.203.0 - - [19/Feb/2024:02:47:12 +0100] "GET /robots.txt HTTP/1.1" 200 121 dartmoorrunners.co.uk "-" "Mozilla/5.0 (compatible; YandexBot/3.0; +http://yandex.com/bots)" "-"
87.250.224.0 - - [19/Feb/2024:02:47:13 +0100] "GET / HTTP/1.1" 200 31573 dartmoorrunners.co.uk "-" "Mozilla/5.0 (compatible; YandexBot/3.0; +http://yandex.com/bots)" "-"
87.250.224.0 - - [19/Feb/2024:02:49:17 +0100] "GET / HTTP/1.1" 200 31573 dartmoorrunners.co.uk "-" "Mozilla/5.0 (compatible; YandexBot/3.0; +http://yandex.com/bots)" "-"
46.105.29.0 - - [19/Feb/2024:03:02:42 +0100] "POST /wp-login.php HTTP/1.1" 200 8995 dartmoorrunners.co.uk "-" "Mozilla/5.0 (Windows NT 6.3; WOW64) AppleWebKit/537.36 (KHTML, like Gecko) Chrome/47.0.2526.106 Safari/537.36" "-"
51.158.232.0 - - [19/Feb/2024:03:19:02 +0100] "GET /robots.txt HTTP/1.1" 200 121 dartmoorrunners.co.uk "-" "Mozilla/5.0 (Windows NT 10.0; Win64; x64) AppleWebKit/537.36 (KHTML, like Gecko) Chrome/117.0.0.0 Safari/537.36 Edg/117.0.2045.41" "-"
195.191.219.0 - - [19/Feb/2024:04:00:22 +0100] "GET /robots.txt HTTP/1.1" 200 121 dartmoorrunners.co.uk "-" "Mozilla/5.0 (compatible; MJ12bot/v1.4.8; http://mj12bot.com/)" "-"
82.165.88.0 - - [19/Feb/2024:04:00:22 +0100] "POST /wp-cron.php?doing_wp_cron=1708311622.6947910785675048828125 HTTP/1.1" 200 - dartmoorrunners.co.uk "http://dartmoorrunners.co.uk/wp-cron.php?doing_wp_cron=1708311622.6947910785675048828125" "WordPress/6.1.5; http://dartmoorrunners.co.uk" "-"
195.191.219.0 - - [19/Feb/2024:04:00:26 +0100] "GET / HTTP/1.1" 200 31573 dartmoorrunners.co.uk "-" "Mozilla/5.0 (compatible; MJ12bot/v1.4.8; http://mj12bot.com/)" "-"
157.55.39.0 - - [19/Feb/2024:04:03:11 +0100] "GET /wp-sitemap-users-1.xml HTTP/1.1" 200 261 dartmoorrunners.co.uk "-" "Mozilla/5.0 AppleWebKit/537.36 (KHTML, like Gecko; compatible; bingbot/2.0; +http://www.bing.com/bingbot.htm) Chrome/116.0.1938.76 Safari/537.36" "-"
206.189.59.0 - - [19/Feb/2024:04:06:34 +0100] "POST /wp-login.php HTTP/1.1" 200 9053 dartmoorrunners.co.uk "-" "Mozilla/5.0 (Windows NT 6.1; WOW64) AppleWebKit/537.36 (KHTML, like Gecko) Chrome/51.0.2704.106 Safari/537.36" "-"
81.94.159.0 - - [19/Feb/2024:04:08:31 +0100] "GET /wp-content/item.php HTTP/1.1" 404 24761 dartmoorrunners.co.uk "-" "Mozilla/4.0 (compatible; MSIE 6.0; Windows NT 5.1; SV1)" "-"
124.156.193.0 - - [19/Feb/2024:04:19:08 +0100] "GET / HTTP/1.1" 200 31573 dartmoorrunners.co.uk "-" "Mozilla/5.0 (iPhone; CPU iPhone OS 13_2_3 like Mac OS X) AppleWebKit/605.1.15 (KHTML, like Gecko) Version/13.0.3 Mobile/15E148 Safari/604.1" "-"
54.36.148.0 - - [19/Feb/2024:04:26:42 +0100] "GET /results/summer-series-2017-results HTTP/1.1" 200 25704 dartmoorrunners.co.uk "-" "Mozilla/5.0 (compatible; AhrefsBot/7.0; +http://ahrefs.com/robot/)" "-"
82.165.88.0 - - [19/Feb/2024:04:39:45 +0100] "POST /wp-cron.php?doing_wp_cron=1708313985.5885100364685058593750 HTTP/1.1" 200 - dartmoorrunners.co.uk "http://dartmoorrunners.co.uk/wp-cron.php?doing_wp_cron=1708313985.5885100364685058593750" "WordPress/6.1.5; http://dartmoorrunners.co.uk" "-"
66.249.76.0 - - [19/Feb/2024:04:39:45 +0100] "GET /results/winter-series-2014-results HTTP/1.1" 200 25683 dartmoorrunners.co.uk "-" "Mozilla/5.0 (Linux; Android 6.0.1; Nexus 5X Build/MMB29P) AppleWebKit/537.36 (KHTML, like Gecko) Chrome/121.0.6167.85 Mobile Safari/537.36 (compatible; Googlebot/2.1; +http://www.google.com/bot.html)" "-"
94.23.68.0 - - [19/Feb/2024:04:44:14 +0100] "POST /wp-login.php HTTP/1.1" 200 8995 dartmoorrunners.co.uk "-" "Mozilla/5.0 (Windows NT 10.0; Win64; x64) AppleWebKit/537.36 (KHTML, like Gecko) Chrome/60.0.3112.101 Safari/537.36" "-"
5.188.62.0 - - [19/Feb/2024:05:05:29 +0100] "GET /wp-login.php?wp_lang=en_US HTTP/1.1" 200 6947 dartmoorrunners.co.uk "-" "Mozilla/5.0 (Windows NT 6.1; WOW64) AppleWebKit/537.36 (KHTML, like Gecko) Chrome/100.0.4895.86 Safari/537.36" "-"
5.188.62.0 - - [19/Feb/2024:05:05:31 +0100] "GET /wp-login.php?wp_lang=en_US HTTP/1.1" 200 6947 dartmoorrunners.co.uk "-" "Mozilla/5.0 (Windows NT 10.0; Win64; x64) AppleWebKit/537.36 (KHTML, like Gecko) Chrome/101.0.4951.67 Safari/537.36" "-"
5.188.62.0 - - [19/Feb/2024:05:05:33 +0100] "POST /wp-login.php?wp_lang=en_US HTTP/1.1" 200 7367 dartmoorrunners.co.uk "-" "Mozilla/5.0 (Windows NT 6.1; WOW64) AppleWebKit/537.36 (KHTML, like Gecko) Chrome/100.0.4895.86 Safari/537.36" "-"
5.188.62.0 - - [19/Feb/2024:05:05:35 +0100] "POST /wp-login.php?wp_lang=en_US HTTP/1.1" 503 299 dartmoorrunners.co.uk "-" "Mozilla/5.0 (Windows NT 10.0; Win64; x64) AppleWebKit/537.36 (KHTML, like Gecko) Chrome/101.0.4951.67 Safari/537.36" "-"
51.222.253.0 - - [19/Feb/2024:05:08:44 +0100] "GET /robots.txt HTTP/1.1" 200 121 dartmoorrunners.co.uk "-" "Mozilla/5.0 (compatible; AhrefsBot/7.0; +http://ahrefs.com/robot/)" "-"
54.36.149.0 - - [19/Feb/2024:05:08:48 +0100] "GET /results/winter-series-2012-results HTTP/1.1" 200 25915 dartmoorrunners.co.uk "-" "Mozilla/5.0 (compatible; AhrefsBot/7.0; +http://ahrefs.com/robot/)" "-"
157.55.39.0 - - [19/Feb/2024:05:12:39 +0100] "GET /wp-sitemap-taxonomies-category-1.xml HTTP/1.1" 200 269 dartmoorrunners.co.uk "-" "Mozilla/5.0 AppleWebKit/537.36 (KHTML, like Gecko; compatible; bingbot/2.0; +http://www.bing.com/bingbot.htm) Chrome/116.0.1938.76 Safari/537.36" "-"
66.249.76.0 - - [19/Feb/2024:05:14:31 +0100] "GET / HTTP/1.1" 200 31573 dartmoorrunners.co.uk "-" "Mozilla/5.0 (compatible; Googlebot/2.1; +http://www.google.com/bot.html)" "-"
2001:41d0:300:: - - [19/Feb/2024:05:18:18 +0100] "POST /wp-login.php HTTP/1.1" 200 8995 dartmoorrunners.co.uk "-" "Mozilla/5.0 (Windows NT 10.0; WOW64) AppleWebKit/537.36 (KHTML, like Gecko) Chrome/53.0.2785.143 Safari/537.36" "-"
51.195.107.0 - - [19/Feb/2024:05:20:10 +0100] "POST /wp-login.php HTTP/1.1" 200 8995 dartmoorrunners.co.uk "-" "Mozilla/5.0 (Windows NT 6.3; Win64; x64) AppleWebKit/537.36 (KHTML, like Gecko) Chrome/77.0.3865.90 Safari/537.36" "-"
82.165.88.0 - - [19/Feb/2024:05:55:51 +0100] "POST /wp-cron.php?doing_wp_cron=1708318551.3652191162109375000000 HTTP/1.1" 200 - dartmoorrunners.co.uk "http://dartmoorrunners.co.uk/wp-cron.php?doing_wp_cron=1708318551.3652191162109375000000" "WordPress/6.1.5; http://dartmoorrunners.co.uk" "-"
150.109.148.0 - - [19/Feb/2024:05:55:51 +0100] "POST /wp-login.php HTTP/1.1" 200 9043 dartmoorrunners.co.uk "-" "Mozilla/5.0 (Windows NT 6.1; Win64; x64) AppleWebKit/537.36 (KHTML, like Gecko) Chrome/55.0.2883.87 Safari/537.36" "-"
35.237.129.0 - - [19/Feb/2024:06:03:16 +0100] "POST /wp-login.php HTTP/1.1" 200 9053 dartmoorrunners.co.uk "-" "Mozilla/5.0 (Windows NT 6.1) AppleWebKit/537.36 (KHTML, like Gecko) Chrome/59.0.3071.115 Safari/537.36" "-"
95.108.213.0 - - [19/Feb/2024:06:22:03 +0100] "GET /robots.txt HTTP/1.1" 200 121 dartmoorrunners.co.uk "-" "Mozilla/5.0 (compatible; YandexBot/3.0; +http://yandex.com/bots)" "-"
95.108.213.0 - - [19/Feb/2024:06:22:03 +0100] "GET / HTTP/1.1" 200 31573 dartmoorrunners.co.uk "-" "Mozilla/5.0 (compatible; YandexBot/3.0; +http://yandex.com/bots)" "-"
87.250.224.0 - - [19/Feb/2024:06:24:08 +0100] "GET / HTTP/1.1" 200 31573 dartmoorrunners.co.uk "-" "Mozilla/5.0 (compatible; YandexBot/3.0; +http://yandex.com/bots)" "-"
87.250.224.0 - - [19/Feb/2024:06:25:45 +0100] "GET /robots.txt HTTP/1.1" 301 - www.dartmoorrunners.co.uk "-" "Mozilla/5.0 (compatible; YandexBot/3.0; +http://yandex.com/bots)" "-"
87.250.224.0 - - [19/Feb/2024:06:25:45 +0100] "GET /robots.txt HTTP/1.1" 200 121 dartmoorrunners.co.uk "-" "Mozilla/5.0 (compatible; YandexBot/3.0; +http://yandex.com/bots)" "-"
5.255.231.0 - - [19/Feb/2024:06:25:46 +0100] "GET / HTTP/1.1" 301 - www.dartmoorrunners.co.uk "-" "Mozilla/5.0 (compatible; YandexBot/3.0; +http://yandex.com/bots)" "-"
213.180.203.0 - - [19/Feb/2024:06:27:50 +0100] "GET / HTTP/1.1" 301 - www.dartmoorrunners.co.uk "-" "Mozilla/5.0 (compatible; YandexBot/3.0; +http://yandex.com/bots)" "-"
82.165.88.0 - - [19/Feb/2024:06:32:36 +0100] "POST /wp-cron.php?doing_wp_cron=1708320756.4596080780029296875000 HTTP/1.1" 200 - dartmoorrunners.co.uk "http://dartmoorrunners.co.uk/wp-cron.php?doing_wp_cron=1708320756.4596080780029296875000" "WordPress/6.1.5; http://dartmoorrunners.co.uk" "-"
54.72.210.0 - - [19/Feb/2024:06:32:36 +0100] "POST /wp-login.php HTTP/1.1" 200 9043 dartmoorrunners.co.uk "-" "Mozilla/5.0 (Windows NT 6.1; WOW64) AppleWebKit/537.36 (KHTML, like Gecko) Chrome/48.0.2564.109 Safari/537.36" "-"
195.191.219.0 - - [19/Feb/2024:06:37:15 +0100] "GET /robots.txt HTTP/1.1" 301 - www.dartmoorrunners.co.uk "-" "Mozilla/5.0 (compatible; MJ12bot/v1.4.8; http://mj12bot.com/)" "-"
195.191.219.0 - - [19/Feb/2024:06:37:15 +0100] "GET /robots.txt HTTP/1.1" 200 121 dartmoorrunners.co.uk "-" "Mozilla/5.0 (compatible; MJ12bot/v1.4.8; http://mj12bot.com/)" "-"
195.191.219.0 - - [19/Feb/2024:06:37:18 +0100] "GET / HTTP/1.1" 301 - www.dartmoorrunners.co.uk "-" "Mozilla/5.0 (compatible; MJ12bot/v1.4.8; http://mj12bot.com/)" "-"
195.191.219.0 - - [19/Feb/2024:06:37:20 +0100] "GET / HTTP/1.1" 200 31573 dartmoorrunners.co.uk "-" "Mozilla/5.0 (compatible; MJ12bot/v1.4.8; http://mj12bot.com/)" "-"
52.167.144.0 - - [19/Feb/2024:06:48:14 +0100] "GET /wp-sitemap.xml HTTP/1.1" 200 562 dartmoorrunners.co.uk "-" "Mozilla/5.0 AppleWebKit/537.36 (KHTML, like Gecko; compatible; bingbot/2.0; +http://www.bing.com/bingbot.htm) Chrome/116.0.1938.76 Safari/537.36" "-"
148.72.144.0 - - [19/Feb/2024:06:58:15 +0100] "POST /wp-login.php HTTP/1.1" 200 9053 dartmoorrunners.co.uk "-" "Mozilla/5.0 (Windows NT 6.1; Win64; x64) AppleWebKit/537.36 (KHTML, like Gecko) Chrome/66.0.3359.117 Safari/537.36" "-"
2401:c080:1400:: - - [19/Feb/2024:07:03:08 +0100] "GET /wp-content/plugins/hellopress/wp_filemanager.php HTTP/1.1" 404 24761 dartmoorrunners.co.uk "-" "-" "-"
2401:c080:1400:: - - [19/Feb/2024:07:03:09 +0100] "GET /wp-includes/Requests/about.php HTTP/1.1" 404 24761 dartmoorrunners.co.uk "-" "-" "-"
2401:c080:1400:: - - [19/Feb/2024:07:03:11 +0100] "GET /wp-includes/style-engine/about.php HTTP/1.1" 404 24761 dartmoorrunners.co.uk "-" "-" "-"
2401:c080:1400:: - - [19/Feb/2024:07:03:11 +0100] "GET /wp-includes/rest-api/about.php HTTP/1.1" 404 24761 dartmoorrunners.co.uk "-" "-" "-"
2401:c080:1400:: - - [19/Feb/2024:07:03:12 +0100] "GET /wp-includes/SimplePie/about.php HTTP/1.1" 404 24761 dartmoorrunners.co.uk "-" "-" "-"
2401:c080:1400:: - - [19/Feb/2024:07:03:13 +0100] "GET /wp-content/banners/about.php HTTP/1.1" 404 24761 dartmoorrunners.co.uk "-" "-" "-"
2401:c080:1400:: - - [19/Feb/2024:07:03:15 +0100] "GET /wp-content/about.php HTTP/1.1" 404 24761 dartmoorrunners.co.uk "-" "-" "-"
2401:c080:1400:: - - [19/Feb/2024:07:03:15 +0100] "GET /.well-known/about.php HTTP/1.1" 404 24761 dartmoorrunners.co.uk "-" "-" "-"
2401:c080:1400:: - - [19/Feb/2024:07:03:17 +0100] "GET /wp-includes/Text/about.php HTTP/1.1" 404 24761 dartmoorrunners.co.uk "-" "-" "-"
2401:c080:1400:: - - [19/Feb/2024:07:03:18 +0100] "GET /wp-includes/ID3/about.php HTTP/1.1" 404 24761 dartmoorrunners.co.uk "-" "-" "-"
2401:c080:1400:: - - [19/Feb/2024:07:03:19 +0100] "GET /img/about.php HTTP/1.1" 404 24761 dartmoorrunners.co.uk "-" "-" "-"
2401:c080:1400:: - - [19/Feb/2024:07:03:20 +0100] "GET /wp-content/languages/about.php HTTP/1.1" 404 24761 dartmoorrunners.co.uk "-" "-" "-"
2401:c080:1400:: - - [19/Feb/2024:07:03:21 +0100] "GET /wp-includes/customize/about.php HTTP/1.1" 404 24761 dartmoorrunners.co.uk "-" "-" "-"
2401:c080:1400:: - - [19/Feb/2024:07:03:24 +0100] "GET /wp-includes.bak/html-api/about.php HTTP/1.1" 404 24761 dartmoorrunners.co.uk "-" "-" "-"
2401:c080:1400:: - - [19/Feb/2024:07:03:24 +0100] "GET /wp-includes/widgets/about.php HTTP/1.1" 404 24761 dartmoorrunners.co.uk "-" "-" "-"
2401:c080:1400:: - - [19/Feb/2024:07:03:26 +0100] "GET /wp-includes/IXR/about.php HTTP/1.1" 404 24761 dartmoorrunners.co.uk "-" "-" "-"
2401:c080:1400:: - - [19/Feb/2024:07:03:27 +0100] "GET /wp-admin/js/about.php HTTP/1.1" 404 24761 dartmoorrunners.co.uk "-" "-" "-"
2401:c080:1400:: - - [19/Feb/2024:07:03:27 +0100] "GET /wp-includes/pomo/about.php HTTP/1.1" 404 24761 dartmoorrunners.co.uk "-" "-" "-"
2401:c080:1400:: - - [19/Feb/2024:07:03:30 +0100] "GET /wp-includes/block-patterns/about.php HTTP/1.1" 404 24761 dartmoorrunners.co.uk "-" "-" "-"
2401:c080:1400:: - - [19/Feb/2024:07:03:36 +0100] "GET /wp-content/updraft/about.php HTTP/1.1" 404 24761 dartmoorrunners.co.uk "-" "-" "-"
2401:c080:1400:: - - [19/Feb/2024:07:03:37 +0100] "GET /wp-content/upgrade-temp-backup/about.php HTTP/1.1" 404 24761 dartmoorrunners.co.uk "-" "-" "-"
2401:c080:1400:: - - [19/Feb/2024:07:03:38 +0100] "GET /wp-content/themes/about.php HTTP/1.1" 404 24761 dartmoorrunners.co.uk "-" "-" "-"
2401:c080:1400:: - - [19/Feb/2024:07:03:39 +0100] "GET /wp-admin/includes/about.php HTTP/1.1" 404 24761 dartmoorrunners.co.uk "-" "-" "-"
2401:c080:1400:: - - [19/Feb/2024:07:03:40 +0100] "GET /images/about.php HTTP/1.1" 404 24761 dartmoorrunners.co.uk "-" "-" "-"
2401:c080:1400:: - - [19/Feb/2024:07:03:40 +0100] "GET /wp-content/blogs.dir/about.php HTTP/1.1" 404 24761 dartmoorrunners.co.uk "-" "-" "-"
2401:c080:1400:: - - [19/Feb/2024:07:03:42 +0100] "GET /wp-includes/images/about.php HTTP/1.1" 404 24761 dartmoorrunners.co.uk "-" "-" "-"
2401:c080:1400:: - - [19/Feb/2024:07:03:42 +0100] "GET /wp-includes/about.php HTTP/1.1" 404 24761 dartmoorrunners.co.uk "-" "-" "-"
2401:c080:1400:: - - [19/Feb/2024:07:03:43 +0100] "GET /cgi-bin/about.php HTTP/1.1" 404 626 dartmoorrunners.co.uk "-" "-" "-"
2401:c080:1400:: - - [19/Feb/2024:07:03:44 +0100] "GET /wp-content/gallery/about.php HTTP/1.1" 404 24761 dartmoorrunners.co.uk "-" "-" "-"
2401:c080:1400:: - - [19/Feb/2024:07:03:44 +0100] "GET /wp-includes/blocks/about.php HTTP/1.1" 404 24761 dartmoorrunners.co.uk "-" "-" "-"
2401:c080:1400:: - - [19/Feb/2024:07:03:47 +0100] "GET /wp-admin/css/about.php HTTP/1.1" 404 24761 dartmoorrunners.co.uk "-" "-" "-"
2401:c080:1400:: - - [19/Feb/2024:07:03:47 +0100] "GET /wp-admin/images/about.php HTTP/1.1" 404 24761 dartmoorrunners.co.uk "-" "-" "-"
2401:c080:1400:: - - [19/Feb/2024:07:03:53 +0100] "GET /wp-admin/network/cloud.php HTTP/1.1" 404 24761 dartmoorrunners.co.uk "-" "-" "-"
2401:c080:1400:: - - [19/Feb/2024:07:03:54 +0100] "GET /cloud.php HTTP/1.1" 404 24761 dartmoorrunners.co.uk "-" "-" "-"
2401:c080:1400:: - - [19/Feb/2024:07:03:55 +0100] "GET /cgi-bin/cloud.php HTTP/1.1" 404 626 dartmoorrunners.co.uk "-" "-" "-"
2401:c080:1400:: - - [19/Feb/2024:07:03:56 +0100] "GET /wp-content/updates.php HTTP/1.1" 404 24761 dartmoorrunners.co.uk "-" "-" "-"
2401:c080:1400:: - - [19/Feb/2024:07:03:57 +0100] "GET /css/cloud.php HTTP/1.1" 404 24761 dartmoorrunners.co.uk "-" "-" "-"
2401:c080:1400:: - - [19/Feb/2024:07:03:58 +0100] "GET /wp-admin/user/cloud.php HTTP/1.1" 404 24761 dartmoorrunners.co.uk "-" "-" "-"
2401:c080:1400:: - - [19/Feb/2024:07:03:59 +0100] "GET /img/cloud.php HTTP/1.1" 404 24761 dartmoorrunners.co.uk "-" "-" "-"
64.227.146.0 - - [19/Feb/2024:07:16:50 +0100] "POST /wp-login.php HTTP/1.1" 200 9053 dartmoorrunners.co.uk "-" "Mozilla/5.0 (Windows NT 6.3; Win64; x64) AppleWebKit/537.36 (KHTML, like Gecko) Chrome/57.0.2987.133 Safari/537.36" "-"
54.36.148.0 - - [19/Feb/2024:07:26:20 +0100] "GET /results/summer-series-2013-results HTTP/1.1" 200 25694 dartmoorrunners.co.uk "-" "Mozilla/5.0 (compatible; AhrefsBot/7.0; +http://ahrefs.com/robot/)" "-"
112.86.53.0 - - [19/Feb/2024:07:27:21 +0100] "GET / HTTP/1.1" 200 31573 dartmoorrunners.co.uk "http://www.runtrackdir.com/ukclubs/" "ia_archiver" "-"
82.165.88.0 - - [19/Feb/2024:07:30:47 +0100] "POST /wp-cron.php?doing_wp_cron=1708324247.9480879306793212890625 HTTP/1.1" 200 - dartmoorrunners.co.uk "http://dartmoorrunners.co.uk/wp-cron.php?doing_wp_cron=1708324247.9480879306793212890625" "WordPress/6.1.5; http://dartmoorrunners.co.uk" "-"
45.79.49.0 - - [19/Feb/2024:07:30:47 +0100] "GET //wp-content/plugins/fix/up.php HTTP/1.1" 301 - dartmoorrunners.co.uk "-" "Mozilla/5.0 (Windows NT 10.0; Win64; x64) AppleWebKit/537.36 (KHTML, like Gecko) Chrome/85.0.4183.102 Safari/537.36" "-"
45.79.49.0 - - [19/Feb/2024:07:30:48 +0100] "GET /wp-content/plugins/fix/up.php HTTP/1.1" 404 24761 dartmoorrunners.co.uk "-" "Mozilla/5.0 (Windows NT 10.0; Win64; x64) AppleWebKit/537.36 (KHTML, like Gecko) Chrome/85.0.4183.102 Safari/537.36" "-"
103.219.70.0 - - [19/Feb/2024:07:37:15 +0100] "POST /wp-login.php HTTP/1.1" 200 9043 dartmoorrunners.co.uk "-" "Mozilla/5.0 (Windows NT 10.0; Win64; x64) AppleWebKit/537.36 (KHTML, like Gecko) Chrome/73.0.3683.86 Safari/537.36" "-"
51.9.207.0 - - [19/Feb/2024:08:10:02 +0100] "GET / HTTP/1.1" 200 319 dartmoorrunners.co.uk "-" "Mozilla/5.0 (iPhone; CPU iPhone OS 17_2_1 like Mac OS X) AppleWebKit/605.1.15 (KHTML, like Gecko) Version/17.2 Mobile/15E148 Safari/604.1" "-"
54.36.148.0 - - [19/Feb/2024:08:16:17 +0100] "GET / HTTP/1.1" 200 31573 dartmoorrunners.co.uk "-" "Mozilla/5.0 (compatible; AhrefsBot/7.0; +http://ahrefs.com/robot/)" "-"
195.154.122.0 - - [19/Feb/2024:08:16:17 +0100] "GET /wp-content/themes/omega/style.css?ver=6.1.5 HTTP/1.1" 200 6552 dartmoorrunners.co.uk "http://dartmoorrunners.co.uk/" "Mozilla/5.0 (compatible; AhrefsBot/7.0; +http://ahrefs.com/robot/)" "-"
195.154.122.0 - - [19/Feb/2024:08:16:17 +0100] "GET /wp-includes/css/classic-themes.min.css?ver=1 HTTP/1.1" 200 189 dartmoorrunners.co.uk "http://dartmoorrunners.co.uk/" "Mozilla/5.0 (compatible; AhrefsBot/7.0; +http://ahrefs.com/robot/)" "-"
195.154.122.0 - - [19/Feb/2024:08:16:17 +0100] "GET /wp-includes/js/wp-emoji-release.min.js?ver=6.1.5 HTTP/1.1" 200 18617 dartmoorrunners.co.uk "http://dartmoorrunners.co.uk/" "Mozilla/5.0 (compatible; AhrefsBot/7.0; +http://ahrefs.com/robot/)" "-"
195.154.122.0 - - [19/Feb/2024:08:16:17 +0100] "GET /wp-includes/css/dist/block-library/style.min.css?ver=6.1.5 HTTP/1.1" 200 16164 dartmoorrunners.co.uk "http://dartmoorrunners.co.uk/" "Mozilla/5.0 (compatible; AhrefsBot/7.0; +http://ahrefs.com/robot/)" "-"
54.36.149.0 - - [19/Feb/2024:08:16:22 +0100] "GET /wp-includes/js/wp-emoji-release.min.js?ver=6.1.5 HTTP/1.1" 200 18617 dartmoorrunners.co.uk "-" "Mozilla/5.0 (compatible; AhrefsBot/7.0; +http://ahrefs.com/robot/)" "-"
66.249.72.0 - - [19/Feb/2024:08:21:32 +0100] "GET /ads.txt HTTP/1.1" 200 160 dartmoorrunners.co.uk "-" "Mozilla/5.0 (compatible; Googlebot/2.1; +http://www.google.com/bot.html)" "-"
51.158.239.0 - - [19/Feb/2024:08:40:59 +0100] "GET /wp-sitemap.xml HTTP/1.1" 200 562 dartmoorrunners.co.uk "-" "Mozilla/5.0 (Windows NT 10.0; Win64; x64) AppleWebKit/537.36 (KHTML, like Gecko) Chrome/116.0.0.0 Safari/537.36" "-"
82.165.88.0 - - [19/Feb/2024:08:40:59 +0100] "POST /wp-cron.php?doing_wp_cron=1708328459.2542400360107421875000 HTTP/1.1" 200 - dartmoorrunners.co.uk "http://dartmoorrunners.co.uk/wp-cron.php?doing_wp_cron=1708328459.2542400360107421875000" "WordPress/6.1.5; http://dartmoorrunners.co.uk" "-"
37.187.135.0 - - [19/Feb/2024:08:51:37 +0100] "POST /wp-login.php HTTP/1.1" 200 9043 dartmoorrunners.co.uk "-" "Mozilla/5.0 (Windows NT 6.1) AppleWebKit/537.36 (KHTML, like Gecko) Chrome/59.0.3071.115 Safari/537.36" "-"
66.249.72.0 - - [19/Feb/2024:08:57:06 +0100] "GET / HTTP/1.1" 200 31573 dartmoorrunners.co.uk "-" "Mozilla/5.0 (compatible; Googlebot/2.1; +http://www.google.com/bot.html)" "-"
155.133.27.0 - - [19/Feb/2024:08:58:40 +0100] "POST /wp-login.php HTTP/1.1" 200 9053 dartmoorrunners.co.uk "-" "Mozilla/5.0 (Windows NT 6.3; Win64; x64) AppleWebKit/537.36 (KHTML, like Gecko) Chrome/79.0.3945.130 Safari/537.36" "-"
24.144.87.0 - - [19/Feb/2024:09:05:17 +0100] "GET / HTTP/1.1" 200 31573 dartmoorrunners.co.uk "-" "Mozilla/5.0 (X11; Linux x86_64) AppleWebKit/537.36 (KHTML, like Gecko) Chrome/108.0.0.0 Safari/537.36" "-"
46.105.29.0 - - [19/Feb/2024:09:19:13 +0100] "POST /wp-login.php HTTP/1.1" 200 9043 dartmoorrunners.co.uk "-" "Mozilla/5.0 (Windows NT 6.1; Win64; x64) AppleWebKit/537.36 (KHTML, like Gecko) Chrome/60.0.3112.113 Safari/537.36" "-"
14.225.204.0 - - [19/Feb/2024:09:28:28 +0100] "POST /wp-login.php HTTP/1.1" 200 9043 dartmoorrunners.co.uk "-" "Mozilla/5.0 (Windows NT 6.1; Win64; x64) AppleWebKit/537.36 (KHTML, like Gecko) Chrome/55.0.2883.87 Safari/537.36" "-"
163.116.177.0 - - [19/Feb/2024:09:44:49 +0100] "GET /varsity HTTP/1.1" 301 245 dartmoorrunners.co.uk "-" "Mozilla/5.0 (Windows NT 10.0; Win64; x64) AppleWebKit/537.36 (KHTML, like Gecko) Chrome/121.0.0.0 Safari/537.36" "-"
163.116.177.0 - - [19/Feb/2024:09:44:49 +0100] "GET /varsity/ HTTP/1.1" 200 36194 dartmoorrunners.co.uk "-" "Mozilla/5.0 (Windows NT 10.0; Win64; x64) AppleWebKit/537.36 (KHTML, like Gecko) Chrome/121.0.0.0 Safari/537.36" "-"
82.165.88.0 - - [19/Feb/2024:09:44:50 +0100] "POST /wp-cron.php?doing_wp_cron=1708332290.5829739570617675781250 HTTP/1.1" 200 - dartmoorrunners.co.uk "http://dartmoorrunners.co.uk/wp-cron.php?doing_wp_cron=1708332290.5829739570617675781250" "WordPress/6.1.5; http://dartmoorrunners.co.uk" "-"
163.116.177.0 - - [19/Feb/2024:09:44:50 +0100] "GET /favicon.ico HTTP/1.1" 302 - dartmoorrunners.co.uk "http://dartmoorrunners.co.uk/varsity/" "Mozilla/5.0 (Windows NT 10.0; Win64; x64) AppleWebKit/537.36 (KHTML, like Gecko) Chrome/121.0.0.0 Safari/537.36" "-"
163.116.177.0 - - [19/Feb/2024:09:44:50 +0100] "GET /wp-content/uploads/2017/04/cropped-dartmoorrunnerslogo_normal-32x32.png HTTP/1.1" 200 2617 dartmoorrunners.co.uk "http://dartmoorrunners.co.uk/varsity/" "Mozilla/5.0 (Windows NT 10.0; Win64; x64) AppleWebKit/537.36 (KHTML, like Gecko) Chrome/121.0.0.0 Safari/537.36" "-"
150.158.28.0 - - [19/Feb/2024:09:46:41 +0100] "POST /wp-login.php HTTP/1.1" 200 9043 dartmoorrunners.co.uk "-" "Mozilla/5.0 (Windows NT 6.1; Win64; x64) AppleWebKit/537.36 (KHTML, like Gecko) Chrome/60.0.3112.113 Safari/537.36" "-"
34.140.82.0 - - [19/Feb/2024:09:46:58 +0100] "POST /wp-login.php HTTP/1.1" 200 9005 dartmoorrunners.co.uk "-" "Mozilla/5.0 (compatible; DuckDuckGo-Favicons-Bot/1.0; +http://duckduckgo.com)" "-"
154.26.128.0 - - [19/Feb/2024:09:53:47 +0100] "POST /wp-login.php HTTP/1.1" 200 9053 dartmoorrunners.co.uk "-" "Mozilla/5.0 (Windows; U; Windows NT 5.1; en-US) AppleWebKit/533.4 (KHTML, like Gecko) Chrome/5.0.375.99 Safari/533.4" "-"
86.22.133.0 - - [19/Feb/2024:10:01:36 +0100] "GET / HTTP/1.1" 200 31573 dartmoorrunners.co.uk "https://www.google.com/" "Mozilla/5.0 (Linux; Android 13; SAMSUNG SM-T970) AppleWebKit/537.36 (KHTML, like Gecko) SamsungBrowser/23.0 Chrome/115.0.0.0 Safari/537.36" "-"
86.22.133.0 - - [19/Feb/2024:10:01:36 +0100] "GET /wp-includes/css/classic-themes.min.css?ver=1 HTTP/1.1" 200 189 dartmoorrunners.co.uk "http://dartmoorrunners.co.uk/" "Mozilla/5.0 (Linux; Android 13; SAMSUNG SM-T970) AppleWebKit/537.36 (KHTML, like Gecko) SamsungBrowser/23.0 Chrome/115.0.0.0 Safari/537.36" "-"
86.22.133.0 - - [19/Feb/2024:10:01:36 +0100] "GET /wp-includes/css/dist/block-library/style.min.css?ver=6.1.5 HTTP/1.1" 200 16164 dartmoorrunners.co.uk "http://dartmoorrunners.co.uk/" "Mozilla/5.0 (Linux; Android 13; SAMSUNG SM-T970) AppleWebKit/537.36 (KHTML, like Gecko) SamsungBrowser/23.0 Chrome/115.0.0.0 Safari/537.36" "-"
86.22.133.0 - - [19/Feb/2024:10:01:37 +0100] "GET /wp-content/themes/omega/style.css?ver=6.1.5 HTTP/1.1" 200 6552 dartmoorrunners.co.uk "http://dartmoorrunners.co.uk/" "Mozilla/5.0 (Linux; Android 13; SAMSUNG SM-T970) AppleWebKit/537.36 (KHTML, like Gecko) SamsungBrowser/23.0 Chrome/115.0.0.0 Safari/537.36" "-"
86.22.133.0 - - [19/Feb/2024:10:01:37 +0100] "GET /wp-content/uploads/2017/04/cropped-dartmoorrunnerslogo_normal.png HTTP/1.1" 200 110052 dartmoorrunners.co.uk "http://dartmoorrunners.co.uk/" "Mozilla/5.0 (Linux; Android 13; SAMSUNG SM-T970) AppleWebKit/537.36 (KHTML, like Gecko) SamsungBrowser/23.0 Chrome/115.0.0.0 Safari/537.36" "-"
86.22.133.0 - - [19/Feb/2024:10:01:37 +0100] "GET /wp-content/uploads/2017/04/XmasBash2017Med.jpg HTTP/1.1" 200 200566 dartmoorrunners.co.uk "http://dartmoorrunners.co.uk/" "Mozilla/5.0 (Linux; Android 13; SAMSUNG SM-T970) AppleWebKit/537.36 (KHTML, like Gecko) SamsungBrowser/23.0 Chrome/115.0.0.0 Safari/537.36" "-"
86.22.133.0 - - [19/Feb/2024:10:01:37 +0100] "GET /wp-content/uploads/2017/04/ControlDog-768x576.jpg HTTP/1.1" 200 85973 dartmoorrunners.co.uk "http://dartmoorrunners.co.uk/" "Mozilla/5.0 (Linux; Android 13; SAMSUNG SM-T970) AppleWebKit/537.36 (KHTML, like Gecko) SamsungBrowser/23.0 Chrome/115.0.0.0 Safari/537.36" "-"
86.22.133.0 - - [19/Feb/2024:10:01:37 +0100] "GET /wp-content/uploads/2017/04/winter-2015-small.jpg HTTP/1.1" 200 202841 dartmoorrunners.co.uk "http://dartmoorrunners.co.uk/" "Mozilla/5.0 (Linux; Android 13; SAMSUNG SM-T970) AppleWebKit/537.36 (KHTML, like Gecko) SamsungBrowser/23.0 Chrome/115.0.0.0 Safari/537.36" "-"
86.22.133.0 - - [19/Feb/2024:10:01:37 +0100] "GET /wp-content/uploads/2017/04/Moorland-runner-cropped.jpg HTTP/1.1" 200 437747 dartmoorrunners.co.uk "http://dartmoorrunners.co.uk/" "Mozilla/5.0 (Linux; Android 13; SAMSUNG SM-T970) AppleWebKit/537.36 (KHTML, like Gecko) SamsungBrowser/23.0 Chrome/115.0.0.0 Safari/537.36" "-"
86.22.133.0 - - [19/Feb/2024:10:01:37 +0100] "GET /wp-content/uploads/2017/04/cropped-dartmoorrunnerslogo_normal-180x180.png HTTP/1.1" 200 55513 dartmoorrunners.co.uk "http://dartmoorrunners.co.uk/" "Mozilla/5.0 (Linux; Android 13; SAMSUNG SM-T970) AppleWebKit/537.36 (KHTML, like Gecko) SamsungBrowser/23.0 Chrome/115.0.0.0 Safari/537.36" "-"
86.22.133.0 - - [19/Feb/2024:10:01:37 +0100] "GET /wp-content/uploads/2017/04/cropped-dartmoorrunnerslogo_normal-192x192.png HTTP/1.1" 200 59292 dartmoorrunners.co.uk "http://dartmoorrunners.co.uk/" "Mozilla/5.0 (Linux; Android 13; SAMSUNG SM-T970) AppleWebKit/537.36 (KHTML, like Gecko) SamsungBrowser/23.0 Chrome/115.0.0.0 Safari/537.36" "-"
86.22.133.0 - - [19/Feb/2024:10:01:40 +0100] "GET /results HTTP/1.1" 200 25106 dartmoorrunners.co.uk "http://dartmoorrunners.co.uk/" "Mozilla/5.0 (Linux; Android 13; SAMSUNG SM-T970) AppleWebKit/537.36 (KHTML, like Gecko) SamsungBrowser/23.0 Chrome/115.0.0.0 Safari/537.36" "-"
86.22.133.0 - - [19/Feb/2024:10:01:53 +0100] "GET /varsity HTTP/1.1" 301 245 dartmoorrunners.co.uk "-" "Mozilla/5.0 (Linux; Android 13; SAMSUNG SM-T970) AppleWebKit/537.36 (KHTML, like Gecko) SamsungBrowser/23.0 Chrome/115.0.0.0 Safari/537.36" "-"
86.22.133.0 - - [19/Feb/2024:10:01:53 +0100] "GET /varsity/ HTTP/1.1" 200 36194 dartmoorrunners.co.uk "-" "Mozilla/5.0 (Linux; Android 13; SAMSUNG SM-T970) AppleWebKit/537.36 (KHTML, like Gecko) SamsungBrowser/23.0 Chrome/115.0.0.0 Safari/537.36" "-"
86.22.133.0 - - [19/Feb/2024:10:01:53 +0100] "GET /favicon.ico HTTP/1.1" 302 - dartmoorrunners.co.uk "http://dartmoorrunners.co.uk/varsity/" "Mozilla/5.0 (Linux; Android 13; SAMSUNG SM-T970) AppleWebKit/537.36 (KHTML, like Gecko) SamsungBrowser/23.0 Chrome/115.0.0.0 Safari/537.36" "-"
86.22.133.0 - - [19/Feb/2024:10:01:54 +0100] "GET /wp-content/uploads/2017/04/cropped-dartmoorrunnerslogo_normal-32x32.png HTTP/1.1" 200 2617 dartmoorrunners.co.uk "http://dartmoorrunners.co.uk/varsity/" "Mozilla/5.0 (Linux; Android 13; SAMSUNG SM-T970) AppleWebKit/537.36 (KHTML, like Gecko) SamsungBrowser/23.0 Chrome/115.0.0.0 Safari/537.36" "-"
5.255.231.0 - - [19/Feb/2024:10:02:19 +0100] "GET /robots.txt HTTP/1.1" 200 121 dartmoorrunners.co.uk "-" "Mozilla/5.0 (compatible; YandexBot/3.0; +http://yandex.com/bots)" "-"
5.255.231.0 - - [19/Feb/2024:10:02:19 +0100] "GET / HTTP/1.1" 200 31573 dartmoorrunners.co.uk "-" "Mozilla/5.0 (compatible; YandexBot/3.0; +http://yandex.com/bots)" "-"
213.180.203.0 - - [19/Feb/2024:10:04:20 +0100] "GET / HTTP/1.1" 200 31573 dartmoorrunners.co.uk "-" "Mozilla/5.0 (compatible; YandexBot/3.0; +http://yandex.com/bots)" "-"
86.22.133.0 - - [19/Feb/2024:10:05:35 +0100] "GET /varsity/relays HTTP/1.1" 404 24761 dartmoorrunners.co.uk "-" "Mozilla/5.0 (Linux; Android 13; SAMSUNG SM-T970) AppleWebKit/537.36 (KHTML, like Gecko) SamsungBrowser/23.0 Chrome/115.0.0.0 Safari/537.36" "-"
86.22.133.0 - - [19/Feb/2024:10:05:38 +0100] "GET /varsity/relay HTTP/1.1" 301 251 dartmoorrunners.co.uk "-" "Mozilla/5.0 (Linux; Android 13; SAMSUNG SM-T970) AppleWebKit/537.36 (KHTML, like Gecko) SamsungBrowser/23.0 Chrome/115.0.0.0 Safari/537.36" "-"
86.22.133.0 - - [19/Feb/2024:10:05:39 +0100] "GET /varsity/relay/ HTTP/1.1" 200 4158 dartmoorrunners.co.uk "-" "Mozilla/5.0 (Linux; Android 13; SAMSUNG SM-T970) AppleWebKit/537.36 (KHTML, like Gecko) SamsungBrowser/23.0 Chrome/115.0.0.0 Safari/537.36" "-"
57.128.109.0 - - [19/Feb/2024:10:14:08 +0100] "POST /wp-login.php HTTP/1.1" 200 9043 dartmoorrunners.co.uk "-" "Mozilla/5.0 (Windows NT 10.0; WOW64) AppleWebKit/537.36 (KHTML, like Gecko) Chrome/79.0.3945.130 Safari/537.36" "-"
95.108.213.0 - - [19/Feb/2024:10:16:16 +0100] "GET /robots.txt HTTP/1.1" 301 - www.dartmoorrunners.co.uk "-" "Mozilla/5.0 (compatible; YandexBot/3.0; +http://yandex.com/bots)" "-"
95.108.213.0 - - [19/Feb/2024:10:16:17 +0100] "GET /robots.txt HTTP/1.1" 200 121 dartmoorrunners.co.uk "-" "Mozilla/5.0 (compatible; YandexBot/3.0; +http://yandex.com/bots)" "-"
213.180.203.0 - - [19/Feb/2024:10:16:18 +0100] "GET / HTTP/1.1" 301 - www.dartmoorrunners.co.uk "-" "Mozilla/5.0 (compatible; YandexBot/3.0; +http://yandex.com/bots)" "-"
5.255.231.0 - - [19/Feb/2024:10:18:22 +0100] "GET / HTTP/1.1" 301 - www.dartmoorrunners.co.uk "-" "Mozilla/5.0 (compatible; YandexBot/3.0; +http://yandex.com/bots)" "-"
103.76.249.0 - - [19/Feb/2024:10:21:11 +0100] "POST /wp-login.php HTTP/1.1" 200 9053 dartmoorrunners.co.uk "-" "Mozilla/5.0 (Windows NT 6.1; Win64; x64) AppleWebKit/537.36 (KHTML, like Gecko) Chrome/80.0.3987.106 Safari/537.36" "-"
154.26.128.0 - - [19/Feb/2024:10:23:11 +0100] "POST /wp-login.php HTTP/1.1" 200 9043 dartmoorrunners.co.uk "-" "Mozilla/5.0 (Windows NT 10.0; Win64; x64) AppleWebKit/537.36 (KHTML, like Gecko) Chrome/72.0.3626.109 Safari/537.36" "-"
37.221.92.0 - - [19/Feb/2024:10:24:27 +0100] "GET /wp-content/plugins/hellopress/wp_filemanager.php HTTP/1.1" 404 24761 dartmoorrunners.co.uk "-" "-" "-"
37.221.92.0 - - [19/Feb/2024:10:24:27 +0100] "GET /wp-includes/Requests/about.php HTTP/1.1" 404 24761 dartmoorrunners.co.uk "-" "-" "-"
37.221.92.0 - - [19/Feb/2024:10:24:27 +0100] "GET /wp-includes/style-engine/about.php HTTP/1.1" 404 24761 dartmoorrunners.co.uk "-" "-" "-"
37.221.92.0 - - [19/Feb/2024:10:24:28 +0100] "GET /wp-includes/rest-api/about.php HTTP/1.1" 404 24761 dartmoorrunners.co.uk "-" "-" "-"
37.221.92.0 - - [19/Feb/2024:10:24:28 +0100] "GET /wp-includes/SimplePie/about.php HTTP/1.1" 404 24761 dartmoorrunners.co.uk "-" "-" "-"
37.221.92.0 - - [19/Feb/2024:10:24:28 +0100] "GET /wp-content/banners/about.php HTTP/1.1" 404 24761 dartmoorrunners.co.uk "-" "-" "-"
37.221.92.0 - - [19/Feb/2024:10:24:29 +0100] "GET /wp-content/about.php HTTP/1.1" 404 24761 dartmoorrunners.co.uk "-" "-" "-"
37.221.92.0 - - [19/Feb/2024:10:24:29 +0100] "GET /.well-known/about.php HTTP/1.1" 404 24761 dartmoorrunners.co.uk "-" "-" "-"
37.221.92.0 - - [19/Feb/2024:10:24:30 +0100] "GET /wp-includes/Text/about.php HTTP/1.1" 404 24761 dartmoorrunners.co.uk "-" "-" "-"
37.221.92.0 - - [19/Feb/2024:10:24:31 +0100] "GET /wp-includes/ID3/about.php HTTP/1.1" 404 24761 dartmoorrunners.co.uk "-" "-" "-"
37.221.92.0 - - [19/Feb/2024:10:24:32 +0100] "GET /img/about.php HTTP/1.1" 404 24761 dartmoorrunners.co.uk "-" "-" "-"
37.221.92.0 - - [19/Feb/2024:10:24:32 +0100] "GET /wp-content/languages/about.php HTTP/1.1" 404 24761 dartmoorrunners.co.uk "-" "-" "-"
37.221.92.0 - - [19/Feb/2024:10:24:33 +0100] "GET /wp-includes/customize/about.php HTTP/1.1" 404 24761 dartmoorrunners.co.uk "-" "-" "-"
37.221.92.0 - - [19/Feb/2024:10:24:33 +0100] "GET /wp-includes.bak/html-api/about.php HTTP/1.1" 404 24761 dartmoorrunners.co.uk "-" "-" "-"
37.221.92.0 - - [19/Feb/2024:10:24:34 +0100] "GET /wp-includes/widgets/about.php HTTP/1.1" 404 24761 dartmoorrunners.co.uk "-" "-" "-"
37.221.92.0 - - [19/Feb/2024:10:24:34 +0100] "GET /wp-includes/IXR/about.php HTTP/1.1" 404 24761 dartmoorrunners.co.uk "-" "-" "-"
37.221.92.0 - - [19/Feb/2024:10:24:35 +0100] "GET /wp-admin/js/about.php HTTP/1.1" 404 24761 dartmoorrunners.co.uk "-" "-" "-"
37.221.92.0 - - [19/Feb/2024:10:24:35 +0100] "GET /wp-includes/pomo/about.php HTTP/1.1" 404 24761 dartmoorrunners.co.uk "-" "-" "-"
37.221.92.0 - - [19/Feb/2024:10:24:36 +0100] "GET /wp-includes/block-patterns/about.php HTTP/1.1" 404 24761 dartmoorrunners.co.uk "-" "-" "-"
40.77.167.0 - - [19/Feb/2024:10:26:41 +0100] "GET /wp-sitemap-posts-page-1.xml HTTP/1.1" 200 2150 dartmoorrunners.co.uk "-" "Mozilla/5.0 AppleWebKit/537.36 (KHTML, like Gecko; compatible; bingbot/2.0; +http://www.bing.com/bingbot.htm) Chrome/116.0.1938.76 Safari/537.36" "-"
37.221.92.0 - - [19/Feb/2024:10:26:42 +0100] "GET /wp-content/updraft/about.php HTTP/1.1" 404 24761 dartmoorrunners.co.uk "-" "-" "-"
37.221.92.0 - - [19/Feb/2024:10:26:42 +0100] "GET /wp-content/upgrade-temp-backup/about.php HTTP/1.1" 404 24761 dartmoorrunners.co.uk "-" "-" "-"
37.221.92.0 - - [19/Feb/2024:10:26:44 +0100] "GET /wp-content/themes/about.php HTTP/1.1" 404 24761 dartmoorrunners.co.uk "-" "-" "-"
37.221.92.0 - - [19/Feb/2024:10:26:44 +0100] "GET /wp-admin/includes/about.php HTTP/1.1" 404 24761 dartmoorrunners.co.uk "-" "-" "-"
37.221.92.0 - - [19/Feb/2024:10:26:44 +0100] "GET /images/about.php HTTP/1.1" 404 24761 dartmoorrunners.co.uk "-" "-" "-"
37.221.92.0 - - [19/Feb/2024:10:26:45 +0100] "GET /wp-content/blogs.dir/about.php HTTP/1.1" 404 24761 dartmoorrunners.co.uk "-" "-" "-"
37.221.92.0 - - [19/Feb/2024:10:26:46 +0100] "GET /wp-includes/images/about.php HTTP/1.1" 404 24761 dartmoorrunners.co.uk "-" "-" "-"
37.221.92.0 - - [19/Feb/2024:10:26:46 +0100] "GET /wp-includes/about.php HTTP/1.1" 404 24761 dartmoorrunners.co.uk "-" "-" "-"
37.221.92.0 - - [19/Feb/2024:10:26:47 +0100] "GET /cgi-bin/about.php HTTP/1.1" 404 626 dartmoorrunners.co.uk "-" "-" "-"
37.221.92.0 - - [19/Feb/2024:10:26:47 +0100] "GET /wp-content/gallery/about.php HTTP/1.1" 404 24761 dartmoorrunners.co.uk "-" "-" "-"
37.221.92.0 - - [19/Feb/2024:10:26:47 +0100] "GET /wp-includes/blocks/about.php HTTP/1.1" 404 24761 dartmoorrunners.co.uk "-" "-" "-"
37.221.92.0 - - [19/Feb/2024:10:26:47 +0100] "GET /wp-admin/css/about.php HTTP/1.1" 404 24761 dartmoorrunners.co.uk "-" "-" "-"
37.221.92.0 - - [19/Feb/2024:10:26:48 +0100] "GET /wp-admin/images/about.php HTTP/1.1" 404 24761 dartmoorrunners.co.uk "-" "-" "-"
