198.98.56.0 - - [22/Jan/2024:00:10:30 +0100] "GET /wp-login.php HTTP/1.1" 200 8627 dartmoorrunners.co.uk "-" "Mozilla/5.0 (Windows NT 6.1; WOW64; rv:30.0) Gecko/20100101 Firefox/30.0" "-"
94.138.202.0 - - [22/Jan/2024:00:12:19 +0100] "GET /wp-admin/js/404.php HTTP/1.1" 404 24761 dartmoorrunners.co.uk "http://simplesite.com" "Mozilla/5.0 (Windows; U; Windows NT 5.1; en-US) AppleWebKit/533.4 (KHTML, like Gecko) Chrome/5.0.375.99 Safari/533.4" "-"
82.25.238.0 - - [22/Jan/2024:00:12:24 +0100] "GET /?fbclid=IwAR02W0gp0uPoA4tmAWzm9-Tg7axMgP3uXpEbrPO4Z8AO4Dsana0WTPm5E9w HTTP/1.1" 301 - www.dartmoorrunners.co.uk "https://l.facebook.com/" "Mozilla/5.0 (Linux; Android 10; K) AppleWebKit/537.36 (KHTML, like Gecko) Chrome/111.0.0.0 Mobile Safari/537.36 (Ecosia android@111.0.5563.116)" "-"
82.25.238.0 - - [22/Jan/2024:00:12:25 +0100] "GET /?fbclid=IwAR02W0gp0uPoA4tmAWzm9-Tg7axMgP3uXpEbrPO4Z8AO4Dsana0WTPm5E9w HTTP/1.1" 200 31573 dartmoorrunners.co.uk "https://l.facebook.com/" "Mozilla/5.0 (Linux; Android 10; K) AppleWebKit/537.36 (KHTML, like Gecko) Chrome/111.0.0.0 Mobile Safari/537.36 (Ecosia android@111.0.5563.116)" "-"
82.25.238.0 - - [22/Jan/2024:00:12:25 +0100] "GET /wp-includes/css/dist/block-library/style.min.css?ver=6.1.4 HTTP/1.1" 200 16164 dartmoorrunners.co.uk "http://dartmoorrunners.co.uk/?fbclid=IwAR02W0gp0uPoA4tmAWzm9-Tg7axMgP3uXpEbrPO4Z8AO4Dsana0WTPm5E9w" "Mozilla/5.0 (Linux; Android 10; K) AppleWebKit/537.36 (KHTML, like Gecko) Chrome/111.0.0.0 Mobile Safari/537.36 (Ecosia android@111.0.5563.116)" "-"
82.25.238.0 - - [22/Jan/2024:00:12:25 +0100] "GET /wp-content/uploads/2017/04/cropped-dartmoorrunnerslogo_normal.png HTTP/1.1" 200 110052 dartmoorrunners.co.uk "http://dartmoorrunners.co.uk/?fbclid=IwAR02W0gp0uPoA4tmAWzm9-Tg7axMgP3uXpEbrPO4Z8AO4Dsana0WTPm5E9w" "Mozilla/5.0 (Linux; Android 10; K) AppleWebKit/537.36 (KHTML, like Gecko) Chrome/111.0.0.0 Mobile Safari/537.36 (Ecosia android@111.0.5563.116)" "-"
82.25.238.0 - - [22/Jan/2024:00:12:25 +0100] "GET /wp-content/uploads/2017/04/ControlDog-768x576.jpg HTTP/1.1" 200 85973 dartmoorrunners.co.uk "http://dartmoorrunners.co.uk/?fbclid=IwAR02W0gp0uPoA4tmAWzm9-Tg7axMgP3uXpEbrPO4Z8AO4Dsana0WTPm5E9w" "Mozilla/5.0 (Linux; Android 10; K) AppleWebKit/537.36 (KHTML, like Gecko) Chrome/111.0.0.0 Mobile Safari/537.36 (Ecosia android@111.0.5563.116)" "-"
82.25.238.0 - - [22/Jan/2024:00:12:25 +0100] "GET /wp-content/uploads/2017/04/XmasBash2017Med.jpg HTTP/1.1" 200 200566 dartmoorrunners.co.uk "http://dartmoorrunners.co.uk/?fbclid=IwAR02W0gp0uPoA4tmAWzm9-Tg7axMgP3uXpEbrPO4Z8AO4Dsana0WTPm5E9w" "Mozilla/5.0 (Linux; Android 10; K) AppleWebKit/537.36 (KHTML, like Gecko) Chrome/111.0.0.0 Mobile Safari/537.36 (Ecosia android@111.0.5563.116)" "-"
82.25.238.0 - - [22/Jan/2024:00:12:25 +0100] "GET /wp-content/uploads/2017/04/winter-2015-small.jpg HTTP/1.1" 200 202841 dartmoorrunners.co.uk "http://dartmoorrunners.co.uk/?fbclid=IwAR02W0gp0uPoA4tmAWzm9-Tg7axMgP3uXpEbrPO4Z8AO4Dsana0WTPm5E9w" "Mozilla/5.0 (Linux; Android 10; K) AppleWebKit/537.36 (KHTML, like Gecko) Chrome/111.0.0.0 Mobile Safari/537.36 (Ecosia android@111.0.5563.116)" "-"
82.25.238.0 - - [22/Jan/2024:00:12:25 +0100] "GET /wp-includes/js/wp-emoji-release.min.js?ver=6.1.4 HTTP/1.1" 200 18617 dartmoorrunners.co.uk "http://dartmoorrunners.co.uk/?fbclid=IwAR02W0gp0uPoA4tmAWzm9-Tg7axMgP3uXpEbrPO4Z8AO4Dsana0WTPm5E9w" "Mozilla/5.0 (Linux; Android 10; K) AppleWebKit/537.36 (KHTML, like Gecko) Chrome/111.0.0.0 Mobile Safari/537.36 (Ecosia android@111.0.5563.116)" "-"
82.25.238.0 - - [22/Jan/2024:00:12:25 +0100] "GET /wp-content/uploads/2017/04/Moorland-runner-cropped.jpg HTTP/1.1" 200 437747 dartmoorrunners.co.uk "http://dartmoorrunners.co.uk/?fbclid=IwAR02W0gp0uPoA4tmAWzm9-Tg7axMgP3uXpEbrPO4Z8AO4Dsana0WTPm5E9w" "Mozilla/5.0 (Linux; Android 10; K) AppleWebKit/537.36 (KHTML, like Gecko) Chrome/111.0.0.0 Mobile Safari/537.36 (Ecosia android@111.0.5563.116)" "-"
82.25.238.0 - - [22/Jan/2024:00:12:30 +0100] "GET / HTTP/1.1" 200 31573 dartmoorrunners.co.uk "http://dartmoorrunners.co.uk/?fbclid=IwAR02W0gp0uPoA4tmAWzm9-Tg7axMgP3uXpEbrPO4Z8AO4Dsana0WTPm5E9w" "Mozilla/5.0 (Linux; Android 10; K) AppleWebKit/537.36 (KHTML, like Gecko) Chrome/111.0.0.0 Mobile Safari/537.36 (Ecosia android@111.0.5563.116)" "-"
82.25.238.0 - - [22/Jan/2024:00:12:32 +0100] "GET /winter-series-2023 HTTP/1.1" 200 27638 dartmoorrunners.co.uk "http://dartmoorrunners.co.uk/" "Mozilla/5.0 (Linux; Android 10; K) AppleWebKit/537.36 (KHTML, like Gecko) Chrome/111.0.0.0 Mobile Safari/537.36 (Ecosia android@111.0.5563.116)" "-"
198.98.56.0 - - [22/Jan/2024:00:15:58 +0100] "POST /wp-login.php HTTP/1.1" 200 9065 dartmoorrunners.co.uk "-" "Mozilla/5.0 (Windows NT 6.1; WOW64; rv:30.0) Gecko/20100101 Firefox/30.0" "-"
82.25.238.0 - - [22/Jan/2024:00:18:23 +0100] "GET / HTTP/1.1" 200 31573 dartmoorrunners.co.uk "http://dartmoorrunners.co.uk/winter-series-2023" "Mozilla/5.0 (Linux; Android 10; K) AppleWebKit/537.36 (KHTML, like Gecko) Chrome/111.0.0.0 Mobile Safari/537.36 (Ecosia android@111.0.5563.116)" "-"
95.108.213.0 - - [22/Jan/2024:00:26:12 +0100] "GET /robots.txt HTTP/1.1" 200 121 dartmoorrunners.co.uk "-" "Mozilla/5.0 (compatible; YandexBot/3.0; +http://yandex.com/bots)" "-"
213.180.203.0 - - [22/Jan/2024:00:26:13 +0100] "GET / HTTP/1.1" 200 31573 dartmoorrunners.co.uk "-" "Mozilla/5.0 (compatible; YandexBot/3.0; +http://yandex.com/bots)" "-"
213.180.203.0 - - [22/Jan/2024:00:28:18 +0100] "GET / HTTP/1.1" 200 31573 dartmoorrunners.co.uk "-" "Mozilla/5.0 (compatible; YandexBot/3.0; +http://yandex.com/bots)" "-"
82.165.88.0 - - [22/Jan/2024:01:19:02 +0100] "POST /wp-cron.php?doing_wp_cron=1705882742.5462410449981689453125 HTTP/1.1" 200 - dartmoorrunners.co.uk "http://dartmoorrunners.co.uk/wp-cron.php?doing_wp_cron=1705882742.5462410449981689453125" "WordPress/6.1.4; http://dartmoorrunners.co.uk" "-"
66.249.75.0 - - [22/Jan/2024:01:19:02 +0100] "GET /results/winter-series-2014-results HTTP/1.1" 200 25683 dartmoorrunners.co.uk "-" "Mozilla/5.0 (Linux; Android 6.0.1; Nexus 5X Build/MMB29P) AppleWebKit/537.36 (KHTML, like Gecko) Chrome/120.0.6099.224 Mobile Safari/537.36 (compatible; Googlebot/2.1; +http://www.google.com/bot.html)" "-"
39.109.86.0 - - [22/Jan/2024:01:40:56 +0100] "GET /wp-content/uploads/2017/04/cropped-dartmoorrunnerslogo_normal.png HTTP/1.1" 200 110052 dartmoorrunners.co.uk "-" "Mozilla/5.0 (X11; Ubuntu; Linux x86_64; rv:72.0) Gecko/20100101 Firefox/72.0" "-"
82.165.88.0 - - [22/Jan/2024:01:45:44 +0100] "POST /wp-cron.php?doing_wp_cron=1705884344.8803310394287109375000 HTTP/1.1" 200 - dartmoorrunners.co.uk "http://dartmoorrunners.co.uk/wp-cron.php?doing_wp_cron=1705884344.8803310394287109375000" "WordPress/6.1.4; http://dartmoorrunners.co.uk" "-"
220.181.51.0 - - [22/Jan/2024:01:45:44 +0100] "GET /robots.txt HTTP/1.1" 200 121 dartmoorrunners.co.uk "-" "Mozilla/5.0 (Windows NT 10.0; WOW64) AppleWebKit/537.36 (KHTML, like Gecko) Chrome/48.0.2564.116 Safari/537.36" "-"
116.179.32.0 - - [22/Jan/2024:01:49:02 +0100] "GET / HTTP/1.1" 200 31573 dartmoorrunners.co.uk "-" "Mozilla/5.0 (compatible; Baiduspider/2.0; +http://www.baidu.com/search/spider.html)" "-"
116.179.37.0 - - [22/Jan/2024:01:49:03 +0100] "GET /wp-content/uploads/2017/04/cropped-dartmoorrunnerslogo_normal.png HTTP/1.1" 200 110052 dartmoorrunners.co.uk "http://dartmoorrunners.co.uk/" "Mozilla/5.0 (compatible; Baiduspider-render/2.0; +http://www.baidu.com/search/spider.html)" "-"
116.179.37.0 - - [22/Jan/2024:01:49:03 +0100] "GET /wp-content/themes/omega/style.css?ver=6.1.4 HTTP/1.1" 200 6552 dartmoorrunners.co.uk "http://dartmoorrunners.co.uk/" "Mozilla/5.0 (compatible; Baiduspider-render/2.0; +http://www.baidu.com/search/spider.html)" "-"
116.179.37.0 - - [22/Jan/2024:01:49:03 +0100] "GET /wp-includes/js/wp-emoji-release.min.js?ver=6.1.4 HTTP/1.1" 200 18617 dartmoorrunners.co.uk "http://dartmoorrunners.co.uk/" "Mozilla/5.0 (compatible; Baiduspider-render/2.0; +http://www.baidu.com/search/spider.html)" "-"
116.179.37.0 - - [22/Jan/2024:01:49:03 +0100] "GET /wp-includes/css/classic-themes.min.css?ver=1 HTTP/1.1" 200 189 dartmoorrunners.co.uk "http://dartmoorrunners.co.uk/" "Mozilla/5.0 (compatible; Baiduspider-render/2.0; +http://www.baidu.com/search/spider.html)" "-"
116.179.37.0 - - [22/Jan/2024:01:49:03 +0100] "GET /wp-includes/css/dist/block-library/style.min.css?ver=6.1.4 HTTP/1.1" 200 16164 dartmoorrunners.co.uk "http://dartmoorrunners.co.uk/" "Mozilla/5.0 (compatible; Baiduspider-render/2.0; +http://www.baidu.com/search/spider.html)" "-"
116.179.37.0 - - [22/Jan/2024:01:49:03 +0100] "GET /wp-content/uploads/2017/04/winter-2015-small-300x225.jpg HTTP/1.1" 200 17306 dartmoorrunners.co.uk "http://dartmoorrunners.co.uk/" "Mozilla/5.0 (compatible; Baiduspider-render/2.0; +http://www.baidu.com/search/spider.html)" "-"
146.190.103.0 - - [22/Jan/2024:01:56:29 +0100] "GET / HTTP/1.1" 200 31573 dartmoorrunners.co.uk "-" "Mozilla/5.0 (Windows NT 10.0; Win64; x64) AppleWebKit/537.36 (KHTML, like Gecko) Chrome/78.0.3904.108 Safari/537.36" "-"
146.190.103.0 - - [22/Jan/2024:01:56:30 +0100] "GET /?author=1 HTTP/1.1" 301 - dartmoorrunners.co.uk "-" "Mozilla/5.0 (Windows NT 10.0; Win64; x64) AppleWebKit/537.36 (KHTML, like Gecko) Chrome/78.0.3904.108 Safari/537.36" "-"
146.190.103.0 - - [22/Jan/2024:01:56:31 +0100] "GET /?author=2 HTTP/1.1" 200 24955 dartmoorrunners.co.uk "-" "Mozilla/5.0 (Windows NT 10.0; Win64; x64) AppleWebKit/537.36 (KHTML, like Gecko) Chrome/78.0.3904.108 Safari/537.36" "-"
146.190.103.0 - - [22/Jan/2024:01:56:31 +0100] "GET /wp-json/wp/v2/users/ HTTP/1.1" 200 584 dartmoorrunners.co.uk "-" "Mozilla/5.0 (Windows NT 10.0; Win64; x64) AppleWebKit/537.36 (KHTML, like Gecko) Chrome/78.0.3904.108 Safari/537.36" "-"
146.190.103.0 - - [22/Jan/2024:01:56:32 +0100] "GET /wp-json/oembed/1.0/embed?url=http://dartmoorrunners.co.uk HTTP/1.1" 200 2425 dartmoorrunners.co.uk "-" "Mozilla/5.0 (Windows NT 10.0; Win64; x64) AppleWebKit/537.36 (KHTML, like Gecko) Chrome/78.0.3904.108 Safari/537.36" "-"
146.190.103.0 - - [22/Jan/2024:01:56:32 +0100] "POST /xmlrpc.php HTTP/1.1" 200 401 dartmoorrunners.co.uk "-" "Mozilla/5.0 (Windows NT 10.0; Win64; x64) AppleWebKit/537.36 (KHTML, like Gecko) Chrome/78.0.3904.108 Safari/537.36" "-"
146.190.103.0 - - [22/Jan/2024:01:56:33 +0100] "POST /xmlrpc.php HTTP/1.1" 200 401 dartmoorrunners.co.uk "-" "Mozilla/5.0 (Windows NT 10.0; Win64; x64) AppleWebKit/537.36 (KHTML, like Gecko) Chrome/78.0.3904.108 Safari/537.36" "-"
146.190.103.0 - - [22/Jan/2024:01:56:34 +0100] "POST /xmlrpc.php HTTP/1.1" 403 618 dartmoorrunners.co.uk "-" "Mozilla/5.0 (Windows NT 10.0; Win64; x64) AppleWebKit/537.36 (KHTML, like Gecko) Chrome/78.0.3904.108 Safari/537.36" "-"
158.69.23.0 - - [22/Jan/2024:02:00:18 +0100] "GET /wp-content/plugins/wp-classic_editor/werdt/werd.php HTTP/1.1" 404 24761 dartmoorrunners.co.uk "www.google.com" "Mozlila/5.0 (Linux; Android 7.0; SM-G892A Bulid/NRD90M; wv) AppleWebKit/537.36 (KHTML, like Gecko) Version/4.0 Chrome/60.0.3112.107 Moblie Safari/537.36" "-"
158.69.23.0 - - [22/Jan/2024:02:00:32 +0100] "GET /wp-content/plugins/wp-classic/wp-classic/wp-classic.php HTTP/1.1" 404 24761 dartmoorrunners.co.uk "www.google.com" "Mozlila/5.0 (Linux; Android 7.0; SM-G892A Bulid/NRD90M; wv) AppleWebKit/537.36 (KHTML, like Gecko) Version/4.0 Chrome/60.0.3112.107 Moblie Safari/537.36" "-"
46.30.40.0 - - [22/Jan/2024:02:15:03 +0100] "GET /classwithtostring.php HTTP/1.1" 404 24761 dartmoorrunners.co.uk "http://simplesite.com" "Mozilla/5.0 (Windows; U; Windows NT 5.1; en-US) AppleWebKit/533.4 (KHTML, like Gecko) Chrome/5.0.375.99 Safari/533.4" "-"
107.189.7.0 - - [22/Jan/2024:02:17:03 +0100] "GET /wp-login.php HTTP/1.1" 200 8627 dartmoorrunners.co.uk "-" "Mozilla/5.0 (X11; Linux x86_64) AppleWebKit/537.36 (KHTML, like Gecko) Chrome/36.0.1985.143 Safari/537.36" "-"
107.189.7.0 - - [22/Jan/2024:02:17:15 +0100] "POST /wp-login.php HTTP/1.1" 200 9065 dartmoorrunners.co.uk "-" "Mozilla/5.0 (X11; Linux x86_64) AppleWebKit/537.36 (KHTML, like Gecko) Chrome/36.0.1985.143 Safari/537.36" "-"
87.250.224.0 - - [22/Jan/2024:02:17:42 +0100] "GET /robots.txt HTTP/1.1" 301 - www.dartmoorrunners.co.uk "-" "Mozilla/5.0 (compatible; YandexBot/3.0; +http://yandex.com/bots)" "-"
87.250.224.0 - - [22/Jan/2024:02:17:42 +0100] "GET /robots.txt HTTP/1.1" 200 121 dartmoorrunners.co.uk "-" "Mozilla/5.0 (compatible; YandexBot/3.0; +http://yandex.com/bots)" "-"
95.108.213.0 - - [22/Jan/2024:02:17:43 +0100] "GET / HTTP/1.1" 301 - www.dartmoorrunners.co.uk "-" "Mozilla/5.0 (compatible; YandexBot/3.0; +http://yandex.com/bots)" "-"
213.180.203.0 - - [22/Jan/2024:02:19:47 +0100] "GET / HTTP/1.1" 301 - www.dartmoorrunners.co.uk "-" "Mozilla/5.0 (compatible; YandexBot/3.0; +http://yandex.com/bots)" "-"
82.165.88.0 - - [22/Jan/2024:02:30:51 +0100] "POST /wp-cron.php?doing_wp_cron=1705887051.9635200500488281250000 HTTP/1.1" 200 - dartmoorrunners.co.uk "http://dartmoorrunners.co.uk/wp-cron.php?doing_wp_cron=1705887051.9635200500488281250000" "WordPress/6.1.4; http://dartmoorrunners.co.uk" "-"
120.71.59.0 - - [22/Jan/2024:02:30:51 +0100] "GET / HTTP/1.1" 301 - www.dartmoorrunners.co.uk "-" "Mozilla/5.0 (iPhone; CPU iPhone OS 13_2_3 like Mac OS X) AppleWebKit/605.1.15 (KHTML, like Gecko) Version/13.0.3 Mobile/15E148 Safari/604.1" "-"
120.71.59.0 - - [22/Jan/2024:02:30:53 +0100] "GET / HTTP/1.1" 200 31573 dartmoorrunners.co.uk "http://www.dartmoorrunners.co.uk" "Mozilla/5.0 (iPhone; CPU iPhone OS 13_2_3 like Mac OS X) AppleWebKit/605.1.15 (KHTML, like Gecko) Version/13.0.3 Mobile/15E148 Safari/604.1" "-"
185.243.218.0 - - [22/Jan/2024:03:06:57 +0100] "POST /xmlrpc.php HTTP/1.1" 200 403 dartmoorrunners.co.uk "-" "Mozilla/5.0 (X11; Linux x86_64) AppleWebKit/537.36 (KHTML, like Gecko) Chrome/72.0.3626.121 Safari/537.36" "-"
185.243.218.0 - - [22/Jan/2024:03:06:58 +0100] "POST /xmlrpc.php HTTP/1.1" 200 403 dartmoorrunners.co.uk "-" "Mozilla/5.0 (X11; Linux x86_64) AppleWebKit/537.36 (KHTML, like Gecko) Chrome/72.0.3626.121 Safari/537.36" "-"
185.243.218.0 - - [22/Jan/2024:03:06:59 +0100] "POST /xmlrpc.php HTTP/1.1" 403 618 dartmoorrunners.co.uk "-" "Mozilla/5.0 (X11; Linux x86_64) AppleWebKit/537.36 (KHTML, like Gecko) Chrome/72.0.3626.121 Safari/537.36" "-"
185.243.218.0 - - [22/Jan/2024:03:07:00 +0100] "POST /xmlrpc.php HTTP/1.1" 403 618 dartmoorrunners.co.uk "-" "Mozilla/5.0 (X11; Linux x86_64) AppleWebKit/537.36 (KHTML, like Gecko) Chrome/72.0.3626.121 Safari/537.36" "-"
185.243.218.0 - - [22/Jan/2024:03:07:01 +0100] "POST /xmlrpc.php HTTP/1.1" 403 618 dartmoorrunners.co.uk "-" "Mozilla/5.0 (X11; Linux x86_64) AppleWebKit/537.36 (KHTML, like Gecko) Chrome/72.0.3626.121 Safari/537.36" "-"
103.78.0.0 - - [22/Jan/2024:03:12:55 +0100] "GET /.well-known/fierzashell.php HTTP/1.1" 404 24761 dartmoorrunners.co.uk "-" "Mozilla/5.0 (Linux; Android 11; M2010J19SI) AppleWebKit/537.36 (KHTML, like Gecko) Chrome/109.0.0.0 Mobile Safari/537.36" "-"
103.78.0.0 - - [22/Jan/2024:03:12:58 +0100] "GET /class.api.php HTTP/1.1" 404 24761 dartmoorrunners.co.uk "-" "Mozilla/5.0 (Linux; Android 11; M2010J19SI) AppleWebKit/537.36 (KHTML, like Gecko) Chrome/109.0.0.0 Mobile Safari/537.36" "-"
103.78.0.0 - - [22/Jan/2024:03:13:00 +0100] "GET /chosen.php?p= HTTP/1.1" 301 - dartmoorrunners.co.uk "-" "Mozilla/5.0 (Linux; Android 11; M2010J19SI) AppleWebKit/537.36 (KHTML, like Gecko) Chrome/109.0.0.0 Mobile Safari/537.36" "-"
103.78.0.0 - - [22/Jan/2024:03:13:01 +0100] "GET /chosen.php HTTP/1.1" 404 24761 dartmoorrunners.co.uk "-" "Mozilla/5.0 (Linux; Android 11; M2010J19SI) AppleWebKit/537.36 (KHTML, like Gecko) Chrome/109.0.0.0 Mobile Safari/537.36" "-"
103.78.0.0 - - [22/Jan/2024:03:13:03 +0100] "GET /users.php HTTP/1.1" 404 24761 dartmoorrunners.co.uk "-" "Mozilla/5.0 (Linux; Android 11; M2010J19SI) AppleWebKit/537.36 (KHTML, like Gecko) Chrome/109.0.0.0 Mobile Safari/537.36" "-"
103.78.0.0 - - [22/Jan/2024:03:13:05 +0100] "GET /classwithtostring.php HTTP/1.1" 404 24761 dartmoorrunners.co.uk "-" "Mozilla/5.0 (Linux; Android 11; M2010J19SI) AppleWebKit/537.36 (KHTML, like Gecko) Chrome/109.0.0.0 Mobile Safari/537.36" "-"
103.78.0.0 - - [22/Jan/2024:03:13:07 +0100] "GET /alfanew.PHP7 HTTP/1.1" 404 24761 dartmoorrunners.co.uk "-" "Mozilla/5.0 (Linux; Android 11; M2010J19SI) AppleWebKit/537.36 (KHTML, like Gecko) Chrome/109.0.0.0 Mobile Safari/537.36" "-"
38.150.13.0 - - [22/Jan/2024:03:38:35 +0100] "POST /wp-login.php HTTP/1.1" 200 9047 dartmoorrunners.co.uk "http://dartmoorrunners.co.uk/" "Mozilla/5.0 (Windows NT 6.1; WOW64; Trident/7.0; rv:11.0) like Gecko" "-"
82.165.88.0 - - [22/Jan/2024:03:38:35 +0100] "POST /wp-cron.php?doing_wp_cron=1705891115.6694340705871582031250 HTTP/1.1" 200 - dartmoorrunners.co.uk "http://dartmoorrunners.co.uk/wp-cron.php?doing_wp_cron=1705891115.6694340705871582031250" "WordPress/6.1.4; http://dartmoorrunners.co.uk" "-"
54.250.242.0 - - [22/Jan/2024:03:38:38 +0100] "POST /wp-login.php HTTP/1.1" 200 9047 dartmoorrunners.co.uk "http://dartmoorrunners.co.uk/" "Mozilla/5.0 (Windows NT 6.1; WOW64; Trident/7.0; rv:11.0) like Gecko" "-"
38.150.13.0 - - [22/Jan/2024:03:38:39 +0100] "POST /wp-login.php HTTP/1.1" 503 299 dartmoorrunners.co.uk "http://dartmoorrunners.co.uk/" "Mozilla/5.0 (Windows NT 6.1; WOW64; Trident/7.0; rv:11.0) like Gecko" "-"
202.64.124.0 - - [22/Jan/2024:03:38:43 +0100] "POST /wp-login.php HTTP/1.1" 200 9047 dartmoorrunners.co.uk "http://dartmoorrunners.co.uk/" "Mozilla/5.0 (Windows NT 6.1; WOW64; Trident/7.0; rv:11.0) like Gecko" "-"
195.191.219.0 - - [22/Jan/2024:03:47:15 +0100] "GET /robots.txt HTTP/1.1" 200 121 dartmoorrunners.co.uk "-" "Mozilla/5.0 (compatible; MJ12bot/v1.4.8; http://mj12bot.com/)" "-"
195.191.219.0 - - [22/Jan/2024:03:47:17 +0100] "GET / HTTP/1.1" 200 31573 dartmoorrunners.co.uk "-" "Mozilla/5.0 (compatible; MJ12bot/v1.4.8; http://mj12bot.com/)" "-"
213.180.203.0 - - [22/Jan/2024:03:53:06 +0100] "GET /robots.txt HTTP/1.1" 200 121 dartmoorrunners.co.uk "-" "Mozilla/5.0 (compatible; YandexBot/3.0; +http://yandex.com/bots)" "-"
95.108.213.0 - - [22/Jan/2024:03:53:06 +0100] "GET / HTTP/1.1" 200 31573 dartmoorrunners.co.uk "-" "Mozilla/5.0 (compatible; YandexBot/3.0; +http://yandex.com/bots)" "-"
95.108.213.0 - - [22/Jan/2024:03:55:11 +0100] "GET / HTTP/1.1" 200 31573 dartmoorrunners.co.uk "-" "Mozilla/5.0 (compatible; YandexBot/3.0; +http://yandex.com/bots)" "-"
52.167.144.0 - - [22/Jan/2024:04:20:10 +0100] "GET /wp-sitemap.xml HTTP/1.1" 200 562 dartmoorrunners.co.uk "-" "Mozilla/5.0 AppleWebKit/537.36 (KHTML, like Gecko; compatible; bingbot/2.0; +http://www.bing.com/bingbot.htm) Chrome/116.0.1938.76 Safari/537.36" "-"
205.185.119.0 - - [22/Jan/2024:04:47:15 +0100] "GET /wp-login.php HTTP/1.1" 200 8627 dartmoorrunners.co.uk "-" "Mozilla/5.0 (Windows NT 6.1; WOW64) AppleWebKit/537.36 (KHTML, like Gecko) Chrome/36.0.1985.125 Safari/537.36" "-"
82.165.88.0 - - [22/Jan/2024:04:47:16 +0100] "POST /wp-cron.php?doing_wp_cron=1705895235.9821419715881347656250 HTTP/1.1" 200 - dartmoorrunners.co.uk "http://dartmoorrunners.co.uk/wp-cron.php?doing_wp_cron=1705895235.9821419715881347656250" "WordPress/6.1.4; http://dartmoorrunners.co.uk" "-"
205.185.119.0 - - [22/Jan/2024:04:47:39 +0100] "POST /wp-login.php HTTP/1.1" 200 9065 dartmoorrunners.co.uk "-" "Mozilla/5.0 (Windows NT 6.1; WOW64) AppleWebKit/537.36 (KHTML, like Gecko) Chrome/36.0.1985.125 Safari/537.36" "-"
95.156.226.0 - - [22/Jan/2024:04:59:08 +0100] "GET /ioxi01.php HTTP/1.1" 404 24761 dartmoorrunners.co.uk "www.google.com" "Mozlila/5.0 (Linux; Android 7.0; SM-G892A Bulid/NRD90M; wv) AppleWebKit/537.36 (KHTML, like Gecko) Version/4.0 Chrome/60.0.3112.107 Moblie Safari/537.36" "-"
66.249.75.0 - - [22/Jan/2024:05:09:57 +0100] "GET /ads.txt HTTP/1.1" 200 160 dartmoorrunners.co.uk "-" "Mozilla/5.0 (compatible; Googlebot/2.1; +http://www.google.com/bot.html)" "-"
205.185.117.0 - - [22/Jan/2024:05:13:00 +0100] "GET /wp-login.php HTTP/1.1" 200 8627 dartmoorrunners.co.uk "-" "Mozilla/5.0 (iPad; CPU OS 7_1_2 like Mac OS X) AppleWebKit/537.51.2 (KHTML, like Gecko) Version/7.0 Mobile/11D257 Safari/9537.53" "-"
205.185.117.0 - - [22/Jan/2024:05:13:12 +0100] "POST /wp-login.php HTTP/1.1" 200 9065 dartmoorrunners.co.uk "-" "Mozilla/5.0 (iPad; CPU OS 7_1_2 like Mac OS X) AppleWebKit/537.51.2 (KHTML, like Gecko) Version/7.0 Mobile/11D257 Safari/9537.53" "-"
66.249.75.0 - - [22/Jan/2024:05:18:08 +0100] "GET / HTTP/1.1" 200 31573 dartmoorrunners.co.uk "-" "Mozilla/5.0 (compatible; Googlebot/2.1; +http://www.google.com/bot.html)" "-"
82.165.88.0 - - [22/Jan/2024:05:32:10 +0100] "POST /wp-cron.php?doing_wp_cron=1705897930.8605580329895019531250 HTTP/1.1" 200 - dartmoorrunners.co.uk "http://dartmoorrunners.co.uk/wp-cron.php?doing_wp_cron=1705897930.8605580329895019531250" "WordPress/6.1.4; http://dartmoorrunners.co.uk" "-"
144.217.135.0 - - [22/Jan/2024:05:32:10 +0100] "GET / HTTP/1.1" 301 - www.dartmoorrunners.co.uk "-" "Mozilla/5.0 (compatible; Dataprovider.com)" "-"
144.217.135.0 - - [22/Jan/2024:05:32:11 +0100] "GET / HTTP/1.1" 200 31573 dartmoorrunners.co.uk "-" "Mozilla/5.0 (compatible; Dataprovider.com)" "-"
144.217.135.0 - - [22/Jan/2024:05:32:12 +0100] "GET /robots.txt HTTP/1.1" 200 121 dartmoorrunners.co.uk "-" "Mozilla/5.0 (compatible; Dataprovider.com)" "-"
144.217.135.0 - - [22/Jan/2024:05:32:13 +0100] "GET /wp-sitemap.xml HTTP/1.1" 200 562 dartmoorrunners.co.uk "-" "Mozilla/5.0 (compatible; Dataprovider.com)" "-"
144.217.135.0 - - [22/Jan/2024:05:32:13 +0100] "GET /winter-series-2023 HTTP/1.1" 200 27638 dartmoorrunners.co.uk "-" "Mozilla/5.0 (compatible; Dataprovider.com)" "-"
144.217.135.0 - - [22/Jan/2024:05:32:14 +0100] "GET /results HTTP/1.1" 200 25106 dartmoorrunners.co.uk "-" "Mozilla/5.0 (compatible; Dataprovider.com)" "-"
144.217.135.0 - - [22/Jan/2024:05:32:15 +0100] "GET /summer-series-2023 HTTP/1.1" 200 27248 dartmoorrunners.co.uk "-" "Mozilla/5.0 (compatible; Dataprovider.com)" "-"
144.217.135.0 - - [22/Jan/2024:05:32:16 +0100] "GET /current-series-dates HTTP/1.1" 200 27885 dartmoorrunners.co.uk "-" "Mozilla/5.0 (compatible; Dataprovider.com)" "-"
144.217.135.0 - - [22/Jan/2024:05:32:17 +0100] "GET /winter-series-2022-results HTTP/1.1" 200 25784 dartmoorrunners.co.uk "-" "Mozilla/5.0 (compatible; Dataprovider.com)" "-"
144.217.135.0 - - [22/Jan/2024:05:32:18 +0100] "GET /winter-series-2019-results HTTP/1.1" 200 25725 dartmoorrunners.co.uk "-" "Mozilla/5.0 (compatible; Dataprovider.com)" "-"
144.217.135.0 - - [22/Jan/2024:05:32:19 +0100] "GET /summer-series-2019-results HTTP/1.1" 200 25725 dartmoorrunners.co.uk "-" "Mozilla/5.0 (compatible; Dataprovider.com)" "-"
144.217.135.0 - - [22/Jan/2024:05:32:20 +0100] "GET /winter-series-results-2018 HTTP/1.1" 200 25717 dartmoorrunners.co.uk "-" "Mozilla/5.0 (compatible; Dataprovider.com)" "-"
144.217.135.0 - - [22/Jan/2024:05:32:21 +0100] "GET /results/summer-series-2018-results HTTP/1.1" 200 25795 dartmoorrunners.co.uk "-" "Mozilla/5.0 (compatible; Dataprovider.com)" "-"
144.217.135.0 - - [22/Jan/2024:05:32:22 +0100] "GET /security.txt HTTP/1.1" 301 - www.dartmoorrunners.co.uk "-" "Mozilla/5.0 (compatible; Dataprovider.com)" "-"
144.217.135.0 - - [22/Jan/2024:05:32:22 +0100] "GET /security.txt HTTP/1.1" 404 24761 dartmoorrunners.co.uk "http://www.dartmoorrunners.co.uk/security.txt" "Mozilla/5.0 (compatible; Dataprovider.com)" "-"
144.217.135.0 - - [22/Jan/2024:05:32:23 +0100] "GET /.well-known/security.txt HTTP/1.1" 301 - www.dartmoorrunners.co.uk "-" "Mozilla/5.0 (compatible; Dataprovider.com)" "-"
144.217.135.0 - - [22/Jan/2024:05:32:23 +0100] "GET /.well-known/security.txt HTTP/1.1" 404 24761 dartmoorrunners.co.uk "http://www.dartmoorrunners.co.uk/.well-known/security.txt" "Mozilla/5.0 (compatible; Dataprovider.com)" "-"
144.217.135.0 - - [22/Jan/2024:05:32:23 +0100] "GET /humans.txt HTTP/1.1" 301 - www.dartmoorrunners.co.uk "-" "Mozilla/5.0 (compatible; Dataprovider.com)" "-"
144.217.135.0 - - [22/Jan/2024:05:32:24 +0100] "GET /humans.txt HTTP/1.1" 404 24761 dartmoorrunners.co.uk "http://www.dartmoorrunners.co.uk/humans.txt" "Mozilla/5.0 (compatible; Dataprovider.com)" "-"
144.217.135.0 - - [22/Jan/2024:05:32:24 +0100] "GET /ads.txt HTTP/1.1" 200 309 www.dartmoorrunners.co.uk "-" "Mozilla/5.0 (compatible; Dataprovider.com)" "-"
144.217.135.0 - - [22/Jan/2024:05:32:24 +0100] "GET / HTTP/1.1" 200 31573 dartmoorrunners.co.uk "-" "Mozilla/5.0 (Linux; Android 10; SM-G981B) AppleWebKit/537.36 (KHTML, like Gecko) Chrome/80.0.3987.162 Mobile Safari/537.36" "-"
149.56.160.0 - - [22/Jan/2024:05:32:51 +0100] "GET / HTTP/1.1" 301 - www.dartmoorrunners.co.uk "-" "Mozilla/5.0 (compatible; Dataprovider.com)" "-"
149.56.160.0 - - [22/Jan/2024:05:32:51 +0100] "GET / HTTP/1.1" 200 31573 dartmoorrunners.co.uk "-" "Mozilla/5.0 (compatible; Dataprovider.com)" "-"
149.56.160.0 - - [22/Jan/2024:05:32:52 +0100] "GET /wp-includes/css/dist/block-library/style.min.css?ver=6.1.4 HTTP/1.1" 200 16164 dartmoorrunners.co.uk "http://dartmoorrunners.co.uk/" "Mozilla/5.0 (compatible; Dataprovider.com)" "-"
149.56.160.0 - - [22/Jan/2024:05:32:52 +0100] "GET /wp-content/themes/omega/style.css?ver=6.1.4 HTTP/1.1" 200 6552 dartmoorrunners.co.uk "http://dartmoorrunners.co.uk/" "Mozilla/5.0 (compatible; Dataprovider.com)" "-"
149.56.160.0 - - [22/Jan/2024:05:32:52 +0100] "GET /wp-includes/css/classic-themes.min.css?ver=1 HTTP/1.1" 200 189 dartmoorrunners.co.uk "http://dartmoorrunners.co.uk/" "Mozilla/5.0 (compatible; Dataprovider.com)" "-"
149.56.160.0 - - [22/Jan/2024:05:32:52 +0100] "GET /wp-content/uploads/2017/04/cropped-dartmoorrunnerslogo_normal.png HTTP/1.1" 200 110052 dartmoorrunners.co.uk "http://dartmoorrunners.co.uk/" "Mozilla/5.0 (compatible; Dataprovider.com)" "-"
149.56.160.0 - - [22/Jan/2024:05:32:52 +0100] "GET /wp-content/uploads/2017/04/XmasBash2017Med-300x200.jpg HTTP/1.1" 200 19902 dartmoorrunners.co.uk "http://dartmoorrunners.co.uk/" "Mozilla/5.0 (compatible; Dataprovider.com)" "-"
149.56.160.0 - - [22/Jan/2024:05:32:52 +0100] "GET /wp-content/uploads/2017/04/ControlDog-300x225.jpg HTTP/1.1" 200 17221 dartmoorrunners.co.uk "http://dartmoorrunners.co.uk/" "Mozilla/5.0 (compatible; Dataprovider.com)" "-"
149.56.160.0 - - [22/Jan/2024:05:32:52 +0100] "GET /wp-content/uploads/2017/04/winter-2015-small-300x225.jpg HTTP/1.1" 200 17306 dartmoorrunners.co.uk "http://dartmoorrunners.co.uk/" "Mozilla/5.0 (compatible; Dataprovider.com)" "-"
149.56.160.0 - - [22/Jan/2024:05:32:52 +0100] "GET /wp-includes/js/wp-emoji-release.min.js?ver=6.1.4 HTTP/1.1" 200 18617 dartmoorrunners.co.uk "http://dartmoorrunners.co.uk/" "Mozilla/5.0 (compatible; Dataprovider.com)" "-"
149.56.160.0 - - [22/Jan/2024:05:32:52 +0100] "GET /wp-content/uploads/2017/04/Moorland-runner-cropped-300x212.jpg HTTP/1.1" 200 16206 dartmoorrunners.co.uk "http://dartmoorrunners.co.uk/" "Mozilla/5.0 (compatible; Dataprovider.com)" "-"
87.250.224.0 - - [22/Jan/2024:05:53:55 +0100] "GET /robots.txt HTTP/1.1" 301 - www.dartmoorrunners.co.uk "-" "Mozilla/5.0 (compatible; YandexBot/3.0; +http://yandex.com/bots)" "-"
87.250.224.0 - - [22/Jan/2024:05:53:56 +0100] "GET /robots.txt HTTP/1.1" 200 121 dartmoorrunners.co.uk "-" "Mozilla/5.0 (compatible; YandexBot/3.0; +http://yandex.com/bots)" "-"
5.255.231.0 - - [22/Jan/2024:05:53:57 +0100] "GET / HTTP/1.1" 301 - www.dartmoorrunners.co.uk "-" "Mozilla/5.0 (compatible; YandexBot/3.0; +http://yandex.com/bots)" "-"
213.180.203.0 - - [22/Jan/2024:05:56:01 +0100] "GET / HTTP/1.1" 301 - www.dartmoorrunners.co.uk "-" "Mozilla/5.0 (compatible; YandexBot/3.0; +http://yandex.com/bots)" "-"
202.64.124.0 - - [22/Jan/2024:05:59:06 +0100] "POST /wp-login.php HTTP/1.1" 200 9047 dartmoorrunners.co.uk "http://dartmoorrunners.co.uk/" "Mozilla/5.0 (Windows NT 6.1; WOW64; Trident/7.0; rv:11.0) like Gecko" "-"
202.64.124.0 - - [22/Jan/2024:05:59:18 +0100] "POST /wp-login.php HTTP/1.1" 200 9057 dartmoorrunners.co.uk "http://dartmoorrunners.co.uk/" "Mozilla/5.0 (Windows NT 6.1; WOW64; Trident/7.0; rv:11.0) like Gecko" "-"
66.249.75.0 - - [22/Jan/2024:06:28:36 +0100] "GET / HTTP/1.1" 200 31573 dartmoorrunners.co.uk "-" "Mozilla/5.0 (compatible; Googlebot/2.1; +http://www.google.com/bot.html)" "-"
45.61.185.0 - - [22/Jan/2024:06:46:08 +0100] "GET /wp-login.php HTTP/1.1" 200 8627 dartmoorrunners.co.uk "-" "Mozilla/5.0 (Macintosh; Intel Mac OS X 10.8; rv:30.0) Gecko/20100101 Firefox/30.0" "-"
82.165.88.0 - - [22/Jan/2024:06:46:08 +0100] "POST /wp-cron.php?doing_wp_cron=1705902368.7217230796813964843750 HTTP/1.1" 200 - dartmoorrunners.co.uk "http://dartmoorrunners.co.uk/wp-cron.php?doing_wp_cron=1705902368.7217230796813964843750" "WordPress/6.1.4; http://dartmoorrunners.co.uk" "-"
45.61.185.0 - - [22/Jan/2024:06:46:20 +0100] "POST /wp-login.php HTTP/1.1" 503 299 dartmoorrunners.co.uk "-" "Mozilla/5.0 (Macintosh; Intel Mac OS X 10.8; rv:30.0) Gecko/20100101 Firefox/30.0" "-"
45.61.185.0 - - [22/Jan/2024:06:46:20 +0100] "GET /wp-admin/plugin-install.php?tab=upload HTTP/1.1" 302 - dartmoorrunners.co.uk "-" "python-requests/2.27.1" "-"
45.61.185.0 - - [22/Jan/2024:06:46:21 +0100] "GET /wp-login.php?redirect_to=http%3A%2F%2Fdartmoorrunners.co.uk%2Fwp-admin%2Fplugin-install.php%3Ftab%3Dupload&reauth=1 HTTP/1.1" 200 8786 dartmoorrunners.co.uk "-" "python-requests/2.27.1" "-"
95.108.213.0 - - [22/Jan/2024:07:21:23 +0100] "GET /robots.txt HTTP/1.1" 200 121 dartmoorrunners.co.uk "-" "Mozilla/5.0 (compatible; YandexBot/3.0; +http://yandex.com/bots)" "-"
95.108.213.0 - - [22/Jan/2024:07:21:24 +0100] "GET / HTTP/1.1" 200 31573 dartmoorrunners.co.uk "-" "Mozilla/5.0 (compatible; YandexBot/3.0; +http://yandex.com/bots)" "-"
95.108.213.0 - - [22/Jan/2024:07:23:29 +0100] "GET /robots.txt HTTP/1.1" 200 121 dartmoorrunners.co.uk "-" "Mozilla/5.0 (compatible; YandexBot/3.0; +http://yandex.com/bots)" "-"
95.108.213.0 - - [22/Jan/2024:07:23:29 +0100] "GET / HTTP/1.1" 200 31573 dartmoorrunners.co.uk "-" "Mozilla/5.0 (compatible; YandexBot/3.0; +http://yandex.com/bots)" "-"
202.64.124.0 - - [22/Jan/2024:07:44:00 +0100] "POST /wp-login.php HTTP/1.1" 200 9057 dartmoorrunners.co.uk "http://dartmoorrunners.co.uk/" "Mozilla/5.0 (Windows NT 6.1; WOW64; Trident/7.0; rv:11.0) like Gecko" "-"
82.165.88.0 - - [22/Jan/2024:07:44:01 +0100] "POST /wp-cron.php?doing_wp_cron=1705905840.9999489784240722656250 HTTP/1.1" 200 - dartmoorrunners.co.uk "http://dartmoorrunners.co.uk/wp-cron.php?doing_wp_cron=1705905840.9999489784240722656250" "WordPress/6.1.4; http://dartmoorrunners.co.uk" "-"
84.32.71.0 - - [22/Jan/2024:07:54:17 +0100] "GET /wp-content/plugins/indeed-membership-pro/classes/PaymentGateways/mollie/vendor/phpunit/phpunit/phpunit.xsd HTTP/1.1" 404 24761 dartmoorrunners.co.uk "-" "Mozlila/5.0 (Linux; Android 7.0; SM-G892A Bulid/NRD90M; wv) AppleWebKit/537.36 (KHTML, like Gecko) Version/4.0 Chrome/60.0.3112.107 Moblie Safari/537.36" "-"
92.205.144.0 - - [22/Jan/2024:08:08:02 +0100] "POST /xmlrpc.php HTTP/1.1" 200 403 dartmoorrunners.co.uk "-" "Mozilla/5.0 (Windows NT 10.0; Win64; x64) AppleWebKit/537.36 (KHTML, like Gecko) Chrome/80.0.3987.163 Safari/537.36" "-"
14.232.214.0 - - [22/Jan/2024:08:08:05 +0100] "POST /xmlrpc.php HTTP/1.1" 200 403 dartmoorrunners.co.uk "-" "Mozilla/5.0 (Windows NT 6.1; Win64; x64) AppleWebKit/537.36 (KHTML, like Gecko) Chrome/74.0.3729.169 Safari/537.36" "-"
149.129.190.0 - - [22/Jan/2024:08:08:08 +0100] "POST /xmlrpc.php HTTP/1.1" 200 403 dartmoorrunners.co.uk "-" "Mozilla/5.0 (Windows NT 6.1; WOW64; rv:44.0) Gecko/20100101 Firefox/44.0" "-"
204.93.167.0 - - [22/Jan/2024:08:08:11 +0100] "POST /xmlrpc.php HTTP/1.1" 200 403 dartmoorrunners.co.uk "-" "Mozilla/5.0 (X11; Linux x86_64) AppleWebKit/537.36 (KHTML, like Gecko) Chrome/44.0.2403.157 Safari/537.36" "-"
159.89.120.0 - - [22/Jan/2024:08:08:15 +0100] "POST /xmlrpc.php HTTP/1.1" 200 403 dartmoorrunners.co.uk "-" "Mozilla/5.0 (Windows NT 6.3; Win64; x64; rv:73.0) Gecko/20100101 Firefox/73.0" "-"
2800:6c0:: - - [22/Jan/2024:08:08:16 +0100] "POST /xmlrpc.php HTTP/1.1" 200 403 dartmoorrunners.co.uk "-" "Mozilla/5.0 (Windows NT 6.1; Win64; x64; rv:58.0) Gecko/20100101 Firefox/58.0" "-"
45.139.11.0 - - [22/Jan/2024:08:08:17 +0100] "POST /xmlrpc.php HTTP/1.1" 200 403 dartmoorrunners.co.uk "-" "Mozilla/5.0 (Windows; U; Windows NT 5.1; en-US; rv:1.7.5) Gecko/20041107 Firefox/1.0" "-"
106.52.247.0 - - [22/Jan/2024:08:08:19 +0100] "POST /xmlrpc.php HTTP/1.1" 200 403 dartmoorrunners.co.uk "-" "Mozilla/5.0 (Windows NT 6.1; Win64; x64) AppleWebKit/537.36 (KHTML, like Gecko) Chrome/60.0.3112.90 Safari/537.36" "-"
45.156.187.0 - - [22/Jan/2024:08:08:20 +0100] "POST /xmlrpc.php HTTP/1.1" 200 403 dartmoorrunners.co.uk "-" "Mozilla/5.0 (Windows NT 10.0; Win64; x64) AppleWebKit/537.36 (KHTML, like Gecko) Chrome/79.0.3945.88 Safari/537.36" "-"
213.230.127.0 - - [22/Jan/2024:08:08:21 +0100] "POST /xmlrpc.php HTTP/1.1" 200 403 dartmoorrunners.co.uk "-" "Mozilla/5.0 (Windows NT 10.0; Win64; x64) AppleWebKit/537.36 (KHTML, like Gecko) Chrome/89.0.4389.90 Safari/537.36" "-"
43.204.71.0 - - [22/Jan/2024:08:08:28 +0100] "POST /xmlrpc.php HTTP/1.1" 200 403 dartmoorrunners.co.uk "-" "Mozilla/5.0 (Windows NT 6.1) AppleWebKit/537.36 (KHTML, like Gecko) Chrome/56.0.2924.76 Safari/537.36" "-"
106.52.247.0 - - [22/Jan/2024:08:08:28 +0100] "POST /xmlrpc.php HTTP/1.1" 200 403 dartmoorrunners.co.uk "-" "Mozilla/5.0 (X11; Ubuntu; Linux i686; rv:24.0) Gecko/20100101 Firefox/24.0" "-"
2406:da18:400:: - - [22/Jan/2024:08:08:31 +0100] "POST /xmlrpc.php HTTP/1.1" 200 403 dartmoorrunners.co.uk "-" "Mozilla/5.0 (Windows NT 10.0; WOW64) AppleWebKit/537.36 (KHTML, like Gecko) Chrome/72.0.3626.121 Safari/537.36" "-"
128.199.206.0 - - [22/Jan/2024:08:08:36 +0100] "POST /xmlrpc.php HTTP/1.1" 200 403 dartmoorrunners.co.uk "-" "Mozilla/5.0 (Windows NT 10.0; Win64; x64) AppleWebKit/537.36 (KHTML, like Gecko) Chrome/80.0.3987.132 Safari/537.36" "-"
157.230.47.0 - - [22/Jan/2024:08:08:37 +0100] "POST /xmlrpc.php HTTP/1.1" 200 403 dartmoorrunners.co.uk "-" "Mozilla/5.0 (Windows NT 10.0; WOW64; rv:54.0) Gecko/20100101 Firefox/54.0" "-"
91.134.248.0 - - [22/Jan/2024:08:14:01 +0100] "GET /dropdown.php HTTP/1.1" 404 24761 dartmoorrunners.co.uk "http://simplesite.com" "Mozilla/5.0 (Windows; U; Windows NT 5.1; en-US) AppleWebKit/533.4 (KHTML, like Gecko) Chrome/5.0.375.99 Safari/533.4" "-"
186.202.153.0 - - [22/Jan/2024:08:18:31 +0100] "GET /simple.php HTTP/1.1" 404 24761 dartmoorrunners.co.uk "http://simplesite.com" "Mozilla/5.0 (Windows; U; Windows NT 5.1; en-US) AppleWebKit/533.4 (KHTML, like Gecko) Chrome/5.0.375.99 Safari/533.4" "-"
77.98.18.0 - - [22/Jan/2024:08:30:17 +0100] "GET / HTTP/1.1" 200 31573 dartmoorrunners.co.uk "-" "Mozilla/5.0 (iPhone; CPU iPhone OS 16_1_1 like Mac OS X) AppleWebKit/605.1.15 (KHTML, like Gecko) Version/16.1 Mobile/15E148 Safari/604.1" "-"
82.165.88.0 - - [22/Jan/2024:08:30:17 +0100] "POST /wp-cron.php?doing_wp_cron=1705908617.6706929206848144531250 HTTP/1.1" 200 - dartmoorrunners.co.uk "http://dartmoorrunners.co.uk/wp-cron.php?doing_wp_cron=1705908617.6706929206848144531250" "WordPress/6.1.4; http://dartmoorrunners.co.uk" "-"
77.98.18.0 - - [22/Jan/2024:08:30:18 +0100] "GET /wp-includes/js/wp-emoji-release.min.js?ver=6.1.4 HTTP/1.1" 200 18617 dartmoorrunners.co.uk "http://dartmoorrunners.co.uk/" "Mozilla/5.0 (iPhone; CPU iPhone OS 16_1_1 like Mac OS X) AppleWebKit/605.1.15 (KHTML, like Gecko) Version/16.1 Mobile/15E148 Safari/604.1" "-"
77.98.18.0 - - [22/Jan/2024:08:30:18 +0100] "GET /wp-includes/css/dist/block-library/style.min.css?ver=6.1.4 HTTP/1.1" 200 16164 dartmoorrunners.co.uk "http://dartmoorrunners.co.uk/" "Mozilla/5.0 (iPhone; CPU iPhone OS 16_1_1 like Mac OS X) AppleWebKit/605.1.15 (KHTML, like Gecko) Version/16.1 Mobile/15E148 Safari/604.1" "-"
77.98.18.0 - - [22/Jan/2024:08:30:29 +0100] "GET /winter-series-2023 HTTP/1.1" 200 27638 dartmoorrunners.co.uk "http://dartmoorrunners.co.uk/" "Mozilla/5.0 (iPhone; CPU iPhone OS 16_1_1 like Mac OS X) AppleWebKit/605.1.15 (KHTML, like Gecko) Version/16.1 Mobile/15E148 Safari/604.1" "-"
77.98.18.0 - - [22/Jan/2024:08:30:29 +0100] "GET /wp-includes/js/wp-emoji-release.min.js?ver=6.1.4 HTTP/1.1" 200 18617 dartmoorrunners.co.uk "http://dartmoorrunners.co.uk/winter-series-2023" "Mozilla/5.0 (iPhone; CPU iPhone OS 16_1_1 like Mac OS X) AppleWebKit/605.1.15 (KHTML, like Gecko) Version/16.1 Mobile/15E148 Safari/604.1" "-"
77.98.18.0 - - [22/Jan/2024:08:30:29 +0100] "GET /wp-includes/css/dist/block-library/style.min.css?ver=6.1.4 HTTP/1.1" 200 16164 dartmoorrunners.co.uk "http://dartmoorrunners.co.uk/winter-series-2023" "Mozilla/5.0 (iPhone; CPU iPhone OS 16_1_1 like Mac OS X) AppleWebKit/605.1.15 (KHTML, like Gecko) Version/16.1 Mobile/15E148 Safari/604.1" "-"
77.98.18.0 - - [22/Jan/2024:08:30:29 +0100] "GET /wp-content/themes/omega/style.css?ver=6.1.4 HTTP/1.1" 200 6552 dartmoorrunners.co.uk "http://dartmoorrunners.co.uk/winter-series-2023" "Mozilla/5.0 (iPhone; CPU iPhone OS 16_1_1 like Mac OS X) AppleWebKit/605.1.15 (KHTML, like Gecko) Version/16.1 Mobile/15E148 Safari/604.1" "-"
77.98.18.0 - - [22/Jan/2024:08:30:29 +0100] "GET /wp-content/uploads/2017/04/cropped-dartmoorrunnerslogo_normal.png HTTP/1.1" 200 110052 dartmoorrunners.co.uk "http://dartmoorrunners.co.uk/winter-series-2023" "Mozilla/5.0 (iPhone; CPU iPhone OS 16_1_1 like Mac OS X) AppleWebKit/605.1.15 (KHTML, like Gecko) Version/16.1 Mobile/15E148 Safari/604.1" "-"
77.98.18.0 - - [22/Jan/2024:08:30:29 +0100] "GET /wp-includes/css/classic-themes.min.css?ver=1 HTTP/1.1" 200 189 dartmoorrunners.co.uk "http://dartmoorrunners.co.uk/winter-series-2023" "Mozilla/5.0 (iPhone; CPU iPhone OS 16_1_1 like Mac OS X) AppleWebKit/605.1.15 (KHTML, like Gecko) Version/16.1 Mobile/15E148 Safari/604.1" "-"
77.98.18.0 - - [22/Jan/2024:08:30:29 +0100] "GET /wp-content/uploads/2017/04/winter-2015-small.jpg HTTP/1.1" 200 202841 dartmoorrunners.co.uk "http://dartmoorrunners.co.uk/winter-series-2023" "Mozilla/5.0 (iPhone; CPU iPhone OS 16_1_1 like Mac OS X) AppleWebKit/605.1.15 (KHTML, like Gecko) Version/16.1 Mobile/15E148 Safari/604.1" "-"
77.98.18.0 - - [22/Jan/2024:08:30:29 +0100] "GET /wp-content/uploads/2017/04/ControlDog-1024x768.jpg HTTP/1.1" 200 147847 dartmoorrunners.co.uk "http://dartmoorrunners.co.uk/winter-series-2023" "Mozilla/5.0 (iPhone; CPU iPhone OS 16_1_1 like Mac OS X) AppleWebKit/605.1.15 (KHTML, like Gecko) Version/16.1 Mobile/15E148 Safari/604.1" "-"
77.98.18.0 - - [22/Jan/2024:08:30:29 +0100] "GET /wp-content/uploads/2017/04/Moorland-runner-cropped.jpg HTTP/1.1" 200 437747 dartmoorrunners.co.uk "http://dartmoorrunners.co.uk/winter-series-2023" "Mozilla/5.0 (iPhone; CPU iPhone OS 16_1_1 like Mac OS X) AppleWebKit/605.1.15 (KHTML, like Gecko) Version/16.1 Mobile/15E148 Safari/604.1" "-"
77.98.18.0 - - [22/Jan/2024:08:30:30 +0100] "GET /wp-content/uploads/2017/04/cropped-dartmoorrunnerslogo_normal-32x32.png HTTP/1.1" 200 2617 dartmoorrunners.co.uk "http://dartmoorrunners.co.uk/winter-series-2023" "Mozilla/5.0 (iPhone; CPU iPhone OS 16_1_1 like Mac OS X) AppleWebKit/605.1.15 (KHTML, like Gecko) Version/16.1 Mobile/15E148 Safari/604.1" "-"
77.98.18.0 - - [22/Jan/2024:08:30:30 +0100] "GET /wp-content/uploads/2017/04/cropped-dartmoorrunnerslogo_normal-192x192.png HTTP/1.1" 200 59292 dartmoorrunners.co.uk "http://dartmoorrunners.co.uk/winter-series-2023" "Mozilla/5.0 (iPhone; CPU iPhone OS 16_1_1 like Mac OS X) AppleWebKit/605.1.15 (KHTML, like Gecko) Version/16.1 Mobile/15E148 Safari/604.1" "-"
198.98.48.0 - - [22/Jan/2024:08:33:02 +0100] "GET /wp-login.php HTTP/1.1" 200 8627 dartmoorrunners.co.uk "-" "Mozilla/5.0 (X11; Ubuntu; Linux x86_64; rv:30.0) Gecko/20100101 Firefox/30.0" "-"
198.98.48.0 - - [22/Jan/2024:08:33:14 +0100] "POST /wp-login.php HTTP/1.1" 200 9065 dartmoorrunners.co.uk "-" "Mozilla/5.0 (X11; Ubuntu; Linux x86_64; rv:30.0) Gecko/20100101 Firefox/30.0" "-"
122.201.124.0 - - [22/Jan/2024:09:09:57 +0100] "GET /wp-content/plugins/wp-doftx/noimg.php HTTP/1.1" 404 24761 dartmoorrunners.co.uk "http://simplesite.com" "Mozilla/5.0 (Windows; U; Windows NT 5.1; en-US) AppleWebKit/533.4 (KHTML, like Gecko) Chrome/5.0.375.99 Safari/533.4" "-"
94.75.225.0 - - [22/Jan/2024:09:26:39 +0100] "POST /xmlrpc.php HTTP/1.1" 200 403 dartmoorrunners.co.uk "-" "Mozilla/5.0 (X11; Linux x86_64) AppleWebKit/537.36 (KHTML, like Gecko) Chrome/44.0.2403.157 Safari/537.36" "-"
94.75.225.0 - - [22/Jan/2024:09:26:40 +0100] "POST /xmlrpc.php HTTP/1.1" 200 403 dartmoorrunners.co.uk "-" "Mozilla/5.0 (X11; Linux x86_64) AppleWebKit/537.36 (KHTML, like Gecko) Chrome/44.0.2403.157 Safari/537.36" "-"
94.75.225.0 - - [22/Jan/2024:09:26:41 +0100] "POST /xmlrpc.php HTTP/1.1" 403 618 dartmoorrunners.co.uk "-" "Mozilla/5.0 (X11; Linux x86_64) AppleWebKit/537.36 (KHTML, like Gecko) Chrome/44.0.2403.157 Safari/537.36" "-"
94.75.225.0 - - [22/Jan/2024:09:26:42 +0100] "POST /xmlrpc.php HTTP/1.1" 403 618 dartmoorrunners.co.uk "-" "Mozilla/5.0 (X11; Linux x86_64) AppleWebKit/537.36 (KHTML, like Gecko) Chrome/44.0.2403.157 Safari/537.36" "-"
94.75.225.0 - - [22/Jan/2024:09:26:43 +0100] "POST /xmlrpc.php HTTP/1.1" 403 618 dartmoorrunners.co.uk "-" "Mozilla/5.0 (X11; Linux x86_64) AppleWebKit/537.36 (KHTML, like Gecko) Chrome/44.0.2403.157 Safari/537.36" "-"
82.165.88.0 - - [22/Jan/2024:09:39:16 +0100] "POST /wp-cron.php?doing_wp_cron=1705912756.4827530384063720703125 HTTP/1.1" 200 - dartmoorrunners.co.uk "http://dartmoorrunners.co.uk/wp-cron.php?doing_wp_cron=1705912756.4827530384063720703125" "WordPress/6.1.4; http://dartmoorrunners.co.uk" "-"
2a00:23c8:a700:: - - [22/Jan/2024:09:39:16 +0100] "GET / HTTP/1.1" 200 31573 dartmoorrunners.co.uk "-" "Mozilla/5.0 (Macintosh; Intel Mac OS X 10_15_7) AppleWebKit/605.1.15 (KHTML, like Gecko) Version/17.2 Safari/605.1.15" "-"
2a00:23c8:a700:: - - [22/Jan/2024:09:39:29 +0100] "GET / HTTP/1.1" 200 31573 dartmoorrunners.co.uk "-" "Mozilla/5.0 (Macintosh; Intel Mac OS X 10_15_7) AppleWebKit/605.1.15 (KHTML, like Gecko) Version/17.2 Safari/605.1.15" "-"
2a00:23c8:a700:: - - [22/Jan/2024:09:39:36 +0100] "GET /winter-series-2023 HTTP/1.1" 200 27638 dartmoorrunners.co.uk "http://dartmoorrunners.co.uk/" "Mozilla/5.0 (Macintosh; Intel Mac OS X 10_15_7) AppleWebKit/605.1.15 (KHTML, like Gecko) Version/17.2 Safari/605.1.15" "-"
95.108.213.0 - - [22/Jan/2024:09:43:12 +0100] "GET /robots.txt HTTP/1.1" 301 - www.dartmoorrunners.co.uk "-" "Mozilla/5.0 (compatible; YandexBot/3.0; +http://yandex.com/bots)" "-"
95.108.213.0 - - [22/Jan/2024:09:43:13 +0100] "GET /robots.txt HTTP/1.1" 200 121 dartmoorrunners.co.uk "-" "Mozilla/5.0 (compatible; YandexBot/3.0; +http://yandex.com/bots)" "-"
213.180.203.0 - - [22/Jan/2024:09:43:14 +0100] "GET / HTTP/1.1" 301 - www.dartmoorrunners.co.uk "-" "Mozilla/5.0 (compatible; YandexBot/3.0; +http://yandex.com/bots)" "-"
40.77.167.0 - - [22/Jan/2024:09:43:42 +0100] "GET /sitemap.xml.gz HTTP/1.1" 404 24761 dartmoorrunners.co.uk "-" "Mozilla/5.0 AppleWebKit/537.36 (KHTML, like Gecko; compatible; bingbot/2.0; +http://www.bing.com/bingbot.htm) Chrome/116.0.1938.76 Safari/537.36" "-"
95.108.213.0 - - [22/Jan/2024:09:45:18 +0100] "GET / HTTP/1.1" 301 - www.dartmoorrunners.co.uk "-" "Mozilla/5.0 (compatible; YandexBot/3.0; +http://yandex.com/bots)" "-"
167.71.88.0 - - [22/Jan/2024:09:47:47 +0100] "GET / HTTP/1.1" 200 31573 dartmoorrunners.co.uk "-" "Mozilla/5.0 (X11; Linux x86_64) AppleWebKit/537.36 (KHTML, like Gecko) Chrome/108.0.0.0 Safari/537.36" "-"
192.241.130.0 - - [22/Jan/2024:09:50:52 +0100] "POST /xmlrpc.php HTTP/1.1" 200 403 dartmoorrunners.co.uk "-" "Mozilla/5.0 (Windows NT 6.1; WOW64; rv:41.0) Gecko/20100101 Firefox/41.0" "-"
85.95.250.0 - - [22/Jan/2024:09:50:53 +0100] "POST /xmlrpc.php HTTP/1.1" 200 403 dartmoorrunners.co.uk "-" "Mozilla/5.0 (Windows NT 6.1; WOW64; rv:38.0) Gecko/20100101 Firefox/38.0" "-"
103.131.196.0 - - [22/Jan/2024:09:50:55 +0100] "POST /xmlrpc.php HTTP/1.1" 200 403 dartmoorrunners.co.uk "-" "Mozilla/5.0 (Windows NT 6.3; Win64; x64) AppleWebKit/537.36 (KHTML, like Gecko) Chrome/60.0.3112.113 Safari/537.36" "-"
208.109.173.0 - - [22/Jan/2024:09:50:57 +0100] "POST /xmlrpc.php HTTP/1.1" 200 403 dartmoorrunners.co.uk "-" "Mozilla/5.0 (Linux; Android 10; SM-N960U) AppleWebKit/537.36 (KHTML, like Gecko) Chrome/91.0.4472.114 Mobile Safari/537.36" "-"
14.232.214.0 - - [22/Jan/2024:09:51:02 +0100] "POST /xmlrpc.php HTTP/1.1" 200 403 dartmoorrunners.co.uk "-" "Mozilla/5.0 (Windows NT 6.1; Win64; x64) AppleWebKit/537.36 (KHTML, like Gecko) Chrome/69.0.3497.100 Safari/537.36" "-"
54.80.43.0 - - [22/Jan/2024:09:51:04 +0100] "POST /xmlrpc.php HTTP/1.1" 200 403 dartmoorrunners.co.uk "-" "Mozilla/5.0 (Windows NT 10.0; Win64; x64) AppleWebKit/537.36 (KHTML, like Gecko) Chrome/57.0.2987.133 Safari/537.36" "-"
45.139.11.0 - - [22/Jan/2024:09:51:06 +0100] "POST /xmlrpc.php HTTP/1.1" 200 403 dartmoorrunners.co.uk "-" "Mozilla/5.0 (Windows NT 6.1; WOW64; rv:41.0) Gecko/20100101 Firefox/41.0" "-"
103.131.196.0 - - [22/Jan/2024:09:51:11 +0100] "POST /xmlrpc.php HTTP/1.1" 200 403 dartmoorrunners.co.uk "-" "Mozilla/5.0 (Linux; Android 10; SM-G960U) AppleWebKit/537.36 (KHTML, like Gecko) Chrome/91.0.4472.114 Mobile Safari/537.36" "-"
31.25.91.0 - - [22/Jan/2024:09:51:16 +0100] "POST /xmlrpc.php HTTP/1.1" 200 403 dartmoorrunners.co.uk "-" "Mozilla/5.0 (Windows NT 5.1; rv:30.0) Gecko/20100101 Firefox/30.0" "-"
104.198.131.0 - - [22/Jan/2024:09:51:18 +0100] "POST /xmlrpc.php HTTP/1.1" 200 403 dartmoorrunners.co.uk "-" "Mozilla/5.0 (Windows NT 10.0; WOW64; rv:54.0) Gecko/20100101 Firefox/54.0" "-"
2600:1f18:2400:: - - [22/Jan/2024:09:51:22 +0100] "POST /xmlrpc.php HTTP/1.1" 200 403 dartmoorrunners.co.uk "-" "Mozilla/5.0 (Windows NT 6.1; WOW64; rv:43.0) Gecko/20100101 Firefox/43.0" "-"
2600:1f18:2400:: - - [22/Jan/2024:09:51:24 +0100] "POST /xmlrpc.php HTTP/1.1" 200 403 dartmoorrunners.co.uk "-" "Mozilla/5.0 (Windows NT 6.1; WOW64; rv:47.0) Gecko/20100101 Firefox/47.0" "-"
2600:1f18:2400:: - - [22/Jan/2024:09:51:25 +0100] "POST /xmlrpc.php HTTP/1.1" 403 618 dartmoorrunners.co.uk "-" "Mozilla/5.0 (Windows NT 10.0; Win64; x64) AppleWebKit/537.36 (KHTML, like Gecko) Chrome/79.0.3945.117 Safari/537.36" "-"
52.167.144.0 - - [22/Jan/2024:09:55:43 +0100] "GET /sitemap.txt HTTP/1.1" 301 - www.dartmoorrunners.co.uk "-" "Mozilla/5.0 AppleWebKit/537.36 (KHTML, like Gecko; compatible; bingbot/2.0; +http://www.bing.com/bingbot.htm) Chrome/116.0.1938.76 Safari/537.36" "-"
40.77.167.0 - - [22/Jan/2024:09:56:03 +0100] "GET /sitemap.txt HTTP/1.1" 404 24761 dartmoorrunners.co.uk "-" "Mozilla/5.0 AppleWebKit/537.36 (KHTML, like Gecko; compatible; bingbot/2.0; +http://www.bing.com/bingbot.htm) Chrome/116.0.1938.76 Safari/537.36" "-"
209.141.61.0 - - [22/Jan/2024:10:28:22 +0100] "GET /wp-login.php HTTP/1.1" 200 8627 dartmoorrunners.co.uk "-" "Mozilla/5.0 (Windows NT 6.2; WOW64) AppleWebKit/537.36 (KHTML, like Gecko) Chrome/36.0.1985.125 Safari/537.36" "-"
209.141.61.0 - - [22/Jan/2024:10:28:34 +0100] "POST /wp-login.php HTTP/1.1" 200 9065 dartmoorrunners.co.uk "-" "Mozilla/5.0 (Windows NT 6.2; WOW64) AppleWebKit/537.36 (KHTML, like Gecko) Chrome/36.0.1985.125 Safari/537.36" "-"
82.165.88.0 - - [22/Jan/2024:10:31:48 +0100] "POST /wp-cron.php?doing_wp_cron=1705915908.6994109153747558593750 HTTP/1.1" 200 - dartmoorrunners.co.uk "http://dartmoorrunners.co.uk/wp-cron.php?doing_wp_cron=1705915908.6994109153747558593750" "WordPress/6.1.4; http://dartmoorrunners.co.uk" "-"
40.77.167.0 - - [22/Jan/2024:10:31:48 +0100] "GET /sitemap.xml.gz HTTP/1.1" 404 24761 dartmoorrunners.co.uk "-" "Mozilla/5.0 AppleWebKit/537.36 (KHTML, like Gecko; compatible; bingbot/2.0; +http://www.bing.com/bingbot.htm) Chrome/116.0.1938.76 Safari/537.36" "-"
40.77.167.0 - - [22/Jan/2024:10:45:08 +0100] "GET /sitemap.txt HTTP/1.1" 301 - www.dartmoorrunners.co.uk "-" "Mozilla/5.0 AppleWebKit/537.36 (KHTML, like Gecko; compatible; bingbot/2.0; +http://www.bing.com/bingbot.htm) Chrome/116.0.1938.76 Safari/537.36" "-"
52.167.144.0 - - [22/Jan/2024:10:45:18 +0100] "GET /sitemap.txt HTTP/1.1" 404 24761 dartmoorrunners.co.uk "-" "Mozilla/5.0 AppleWebKit/537.36 (KHTML, like Gecko; compatible; bingbot/2.0; +http://www.bing.com/bingbot.htm) Chrome/116.0.1938.76 Safari/537.36" "-"
87.250.224.0 - - [22/Jan/2024:11:04:16 +0100] "GET /robots.txt HTTP/1.1" 200 121 dartmoorrunners.co.uk "-" "Mozilla/5.0 (compatible; YandexBot/3.0; +http://yandex.com/bots)" "-"
5.255.231.0 - - [22/Jan/2024:11:04:16 +0100] "GET / HTTP/1.1" 200 31573 dartmoorrunners.co.uk "-" "Mozilla/5.0 (compatible; YandexBot/3.0; +http://yandex.com/bots)" "-"
95.108.213.0 - - [22/Jan/2024:11:06:21 +0100] "GET /robots.txt HTTP/1.1" 200 121 dartmoorrunners.co.uk "-" "Mozilla/5.0 (compatible; YandexBot/3.0; +http://yandex.com/bots)" "-"
87.250.224.0 - - [22/Jan/2024:11:06:22 +0100] "GET / HTTP/1.1" 200 31573 dartmoorrunners.co.uk "-" "Mozilla/5.0 (compatible; YandexBot/3.0; +http://yandex.com/bots)" "-"
82.165.88.0 - - [22/Jan/2024:11:32:23 +0100] "POST /wp-cron.php?doing_wp_cron=1705919543.7748761177062988281250 HTTP/1.1" 200 - dartmoorrunners.co.uk "http://dartmoorrunners.co.uk/wp-cron.php?doing_wp_cron=1705919543.7748761177062988281250" "WordPress/6.1.4; http://dartmoorrunners.co.uk" "-"
185.174.136.0 - - [22/Jan/2024:11:32:23 +0100] "GET / HTTP/1.1" 200 31573 dartmoorrunners.co.uk "http://dartmoorrunners.co.uk" "Mozilla/5.0 (Windows NT 10.0; Win64; x64) AppleWebKit/537.36 (KHTML, like Gecko) Chrome/86.0.4240.198 Safari/537.36 Edg/86.0.622.69" "-"
192.42.116.0 - - [22/Jan/2024:11:32:24 +0100] "GET /?author=1 HTTP/1.1" 301 - dartmoorrunners.co.uk "http://dartmoorrunners.co.uk/" "Mozilla/4.0 (compatible; MSIE 6.0; Windows NT 5.1; SV1; InfoPath.1)" "-"
192.42.116.0 - - [22/Jan/2024:11:32:25 +0100] "GET /author/dradmin HTTP/1.1" 200 25899 dartmoorrunners.co.uk "http://dartmoorrunners.co.uk/" "Mozilla/4.0 (compatible; MSIE 6.0; Windows NT 5.1; SV1; InfoPath.1)" "-"
185.220.101.0 - - [22/Jan/2024:11:32:26 +0100] "GET /?author=2 HTTP/1.1" 200 24955 dartmoorrunners.co.uk "http://dartmoorrunners.co.uk/" "Mozilla/5.0 (Windows NT 10.0; WOW64; rv:65.0) Gecko/20100101 Firefox/65.0" "-"
