92.205.163.0 - - [22/Feb/2024:00:18:01 +0100] "POST /xmlrpc.php HTTP/1.1" 200 403 dartmoorrunners.co.uk "-" "Mozilla/5.0 (Macintosh; Intel Mac OS X 10_11_6) AppleWebKit/605.1.15 (KHTML, like Gecko) Version/11.1.2 Safari/605.1.15" "-"
92.205.163.0 - - [22/Feb/2024:00:18:02 +0100] "POST /xmlrpc.php HTTP/1.1" 200 403 dartmoorrunners.co.uk "-" "Mozilla/5.0 (Macintosh; Intel Mac OS X 10_11_6) AppleWebKit/605.1.15 (KHTML, like Gecko) Version/11.1.2 Safari/605.1.15" "-"
92.205.163.0 - - [22/Feb/2024:00:18:03 +0100] "POST /xmlrpc.php HTTP/1.1" 403 618 dartmoorrunners.co.uk "-" "Mozilla/5.0 (Macintosh; Intel Mac OS X 10_11_6) AppleWebKit/605.1.15 (KHTML, like Gecko) Version/11.1.2 Safari/605.1.15" "-"
92.205.163.0 - - [22/Feb/2024:00:18:04 +0100] "POST /xmlrpc.php HTTP/1.1" 403 618 dartmoorrunners.co.uk "-" "Mozilla/5.0 (Macintosh; Intel Mac OS X 10_11_6) AppleWebKit/605.1.15 (KHTML, like Gecko) Version/11.1.2 Safari/605.1.15" "-"
92.205.163.0 - - [22/Feb/2024:00:18:05 +0100] "POST /xmlrpc.php HTTP/1.1" 403 618 dartmoorrunners.co.uk "-" "Mozilla/5.0 (Macintosh; Intel Mac OS X 10_11_6) AppleWebKit/605.1.15 (KHTML, like Gecko) Version/11.1.2 Safari/605.1.15" "-"
51.222.253.0 - - [22/Feb/2024:00:52:13 +0100] "GET /robots.txt HTTP/1.1" 200 121 dartmoorrunners.co.uk "-" "Mozilla/5.0 (compatible; AhrefsBot/7.0; +http://ahrefs.com/robot/)" "-"
82.165.88.0 - - [22/Feb/2024:00:52:14 +0100] "POST /wp-cron.php?doing_wp_cron=1708559534.0164480209350585937500 HTTP/1.1" 200 - dartmoorrunners.co.uk "http://dartmoorrunners.co.uk/wp-cron.php?doing_wp_cron=1708559534.0164480209350585937500" "WordPress/6.1.5; http://dartmoorrunners.co.uk" "-"
40.77.102.0 - - [22/Feb/2024:01:13:57 +0100] "GET /robots.txt HTTP/1.1" 200 121 dartmoorrunners.co.uk "-" "Mozilla/5.0 (Windows NT 10.0; Win64; x64) AppleWebKit/537.36 (KHTML, like Gecko) Chrome/96.0.4664.18 Safari/537.36" "-"
54.36.148.0 - - [22/Feb/2024:01:28:03 +0100] "GET /results/winter-series-2013-results HTTP/1.1" 200 25734 dartmoorrunners.co.uk "-" "Mozilla/5.0 (compatible; AhrefsBot/7.0; +http://ahrefs.com/robot/)" "-"
82.165.88.0 - - [22/Feb/2024:01:36:55 +0100] "POST /wp-cron.php?doing_wp_cron=1708562215.5020658969879150390625 HTTP/1.1" 200 - dartmoorrunners.co.uk "http://dartmoorrunners.co.uk/wp-cron.php?doing_wp_cron=1708562215.5020658969879150390625" "WordPress/6.1.5; http://dartmoorrunners.co.uk" "-"
163.172.153.0 - - [22/Feb/2024:01:36:55 +0100] "GET /results HTTP/1.1" 200 25108 dartmoorrunners.co.uk "-" "Mozilla/5.0 (Macintosh; Intel Mac OS X 10_15_7) AppleWebKit/537.36 (KHTML, like Gecko) Chrome/114.0.0.0 Safari/537.36" "-"
163.172.153.0 - - [22/Feb/2024:01:36:56 +0100] "GET /wp-includes/js/wp-emoji-release.min.js?ver=6.1.5 HTTP/1.1" 200 18617 dartmoorrunners.co.uk "http://dartmoorrunners.co.uk/results" "Mozilla/5.0 (Macintosh; Intel Mac OS X 10_15_7) AppleWebKit/537.36 (KHTML, like Gecko) Chrome/114.0.0.0 Safari/537.36" "-"
163.172.153.0 - - [22/Feb/2024:01:36:58 +0100] "GET /summer-series-2023 HTTP/1.1" 200 27250 dartmoorrunners.co.uk "-" "Mozilla/5.0 (Windows NT 10.0; Win64; x64) AppleWebKit/537.36 (KHTML, like Gecko) Chrome/114.0.0.0 Safari/537.36" "-"
163.172.153.0 - - [22/Feb/2024:01:37:05 +0100] "GET /winter-series-2023 HTTP/1.1" 200 27640 dartmoorrunners.co.uk "-" "Mozilla/5.0 (Windows NT 10.0; Win64; x64) AppleWebKit/537.36 (KHTML, like Gecko) Chrome/114.0.0.0 Safari/537.36" "-"
163.172.153.0 - - [22/Feb/2024:01:37:13 +0100] "GET /current-series-dates HTTP/1.1" 200 27887 dartmoorrunners.co.uk "-" "Mozilla/5.0 (Macintosh; Intel Mac OS X 10_15_7) AppleWebKit/537.36 (KHTML, like Gecko) Chrome/112.0.0.0 Safari/537.36" "-"
163.172.153.0 - - [22/Feb/2024:01:37:16 +0100] "GET /summer-series-2019-results HTTP/1.1" 200 25727 dartmoorrunners.co.uk "-" "Mozilla/5.0 (Windows NT 10.0; Win64; x64) AppleWebKit/537.36 (KHTML, like Gecko) Chrome/114.0.0.0 Safari/537.36" "-"
163.172.153.0 - - [22/Feb/2024:01:37:23 +0100] "GET /winter-series-2019-results HTTP/1.1" 200 25727 dartmoorrunners.co.uk "-" "Mozilla/5.0 (Windows NT 10.0; Win64; x64) AppleWebKit/537.36 (KHTML, like Gecko) Chrome/114.0.0.0 Safari/537.36" "-"
163.172.153.0 - - [22/Feb/2024:01:37:30 +0100] "GET /winter-series-2022-results HTTP/1.1" 200 25786 dartmoorrunners.co.uk "-" "Mozilla/5.0 (Windows NT 10.0; Win64; x64) AppleWebKit/537.36 (KHTML, like Gecko) Chrome/114.0.0.0 Safari/537.36" "-"
163.172.153.0 - - [22/Feb/2024:01:37:37 +0100] "GET /winter-series-results-2017 HTTP/1.1" 200 25719 dartmoorrunners.co.uk "-" "Mozilla/5.0 (X11; Linux x86_64) AppleWebKit/537.36 (KHTML, like Gecko) Chrome/114.0.0.0 Safari/537.36" "-"
163.172.153.0 - - [22/Feb/2024:01:37:45 +0100] "GET /winter-series-results-2018 HTTP/1.1" 200 25719 dartmoorrunners.co.uk "-" "Mozilla/5.0 (X11; Linux x86_64) AppleWebKit/537.36 (KHTML, like Gecko) Chrome/114.0.0.0 Safari/537.36" "-"
163.172.153.0 - - [22/Feb/2024:01:37:52 +0100] "GET /results/summer-series-2012-results HTTP/1.1" 200 39432 dartmoorrunners.co.uk "-" "Mozilla/5.0 (Windows NT 10.0; Win64; x64) AppleWebKit/537.36 (KHTML, like Gecko) Chrome/112.0.0.0 YaBrowser/23.5.2.625 Yowser/2.5 Safari/537.36" "-"
163.172.153.0 - - [22/Feb/2024:01:37:55 +0100] "GET /results/summer-series-2013-results HTTP/1.1" 200 25696 dartmoorrunners.co.uk "-" "Mozilla/5.0 (X11; Linux x86_64) AppleWebKit/537.36 (KHTML, like Gecko) Chrome/113.0.0.0 Safari/537.36" "-"
163.172.153.0 - - [22/Feb/2024:01:38:00 +0100] "GET /results/summer-series-2014-results HTTP/1.1" 200 25685 dartmoorrunners.co.uk "-" "Mozilla/5.0 (Macintosh; Intel Mac OS X 10_15_7) AppleWebKit/537.36 (KHTML, like Gecko) Chrome/114.0.0.0 Safari/537.36" "-"
163.172.153.0 - - [22/Feb/2024:01:38:08 +0100] "GET /results/summer-series-2015-results HTTP/1.1" 200 25685 dartmoorrunners.co.uk "-" "Mozilla/5.0 (X11; Linux x86_64) AppleWebKit/537.36 (KHTML, like Gecko) Chrome/114.0.0.0 Safari/537.36" "-"
163.172.153.0 - - [22/Feb/2024:01:38:15 +0100] "GET /results/summer-series-2016-results HTTP/1.1" 200 25700 dartmoorrunners.co.uk "-" "Mozilla/5.0 (Windows NT 10.0; Win64; x64) AppleWebKit/537.36 (KHTML, like Gecko) Chrome/114.0.0.0 Safari/537.36" "-"
163.172.153.0 - - [22/Feb/2024:01:38:23 +0100] "GET /results/summer-series-2017-results HTTP/1.1" 200 25706 dartmoorrunners.co.uk "-" "Mozilla/5.0 (X11; Linux x86_64) AppleWebKit/537.36 (KHTML, like Gecko) Chrome/114.0.0.0 Safari/537.36" "-"
163.172.153.0 - - [22/Feb/2024:01:38:30 +0100] "GET /results/summer-series-2018-results HTTP/1.1" 200 25797 dartmoorrunners.co.uk "-" "Mozilla/5.0 (Macintosh; Intel Mac OS X 10_15_7) AppleWebKit/537.36 (KHTML, like Gecko) Chrome/114.0.0.0 Safari/537.36" "-"
163.172.153.0 - - [22/Feb/2024:01:38:38 +0100] "GET /results/winter-series-2011-results HTTP/1.1" 200 44856 dartmoorrunners.co.uk "-" "Mozilla/5.0 (X11; Linux x86_64) AppleWebKit/537.36 (KHTML, like Gecko) Chrome/114.0.5735.198 Safari/537.36" "-"
163.172.153.0 - - [22/Feb/2024:01:38:41 +0100] "GET /results/winter-series-2012-results HTTP/1.1" 200 25917 dartmoorrunners.co.uk "-" "Mozilla/5.0 (Windows NT 10.0; Win64; x64) AppleWebKit/537.36 (KHTML, like Gecko) Chrome/114.0.0.0 Safari/537.36" "-"
163.172.153.0 - - [22/Feb/2024:01:38:47 +0100] "GET /results/winter-series-2013-results HTTP/1.1" 200 25734 dartmoorrunners.co.uk "-" "Mozilla/5.0 (Windows NT 10.0; Win64; x64) AppleWebKit/537.36 (KHTML, like Gecko) Chrome/114.0.0.0 Safari/537.36" "-"
3.238.242.0 - - [22/Feb/2024:01:46:32 +0100] "GET /.git/config HTTP/1.1" 403 618 dartmoorrunners.co.uk "-" "Mozilla/5.0 (iPhone; CPU iPhone OS 12_2 like Mac OS X) AppleWebKit/605.1.15 (KHTML, like Gecko) CriOS/75.0.3770.103 Mobile/15E148 Safari/605.1" "-"
213.180.203.0 - - [22/Feb/2024:02:06:29 +0100] "GET /robots.txt HTTP/1.1" 301 - www.dartmoorrunners.co.uk "-" "Mozilla/5.0 (compatible; YandexBot/3.0; +http://yandex.com/bots)" "-"
213.180.203.0 - - [22/Feb/2024:02:06:29 +0100] "GET /robots.txt HTTP/1.1" 200 121 dartmoorrunners.co.uk "-" "Mozilla/5.0 (compatible; YandexBot/3.0; +http://yandex.com/bots)" "-"
213.180.203.0 - - [22/Feb/2024:02:06:30 +0100] "GET / HTTP/1.1" 301 - www.dartmoorrunners.co.uk "-" "Mozilla/5.0 (compatible; YandexBot/3.0; +http://yandex.com/bots)" "-"
213.180.203.0 - - [22/Feb/2024:02:08:34 +0100] "GET /robots.txt HTTP/1.1" 301 - www.dartmoorrunners.co.uk "-" "Mozilla/5.0 (compatible; YandexBot/3.0; +http://yandex.com/bots)" "-"
213.180.203.0 - - [22/Feb/2024:02:08:34 +0100] "GET /robots.txt HTTP/1.1" 200 121 dartmoorrunners.co.uk "-" "Mozilla/5.0 (compatible; YandexBot/3.0; +http://yandex.com/bots)" "-"
213.180.203.0 - - [22/Feb/2024:02:08:34 +0100] "GET / HTTP/1.1" 301 - www.dartmoorrunners.co.uk "-" "Mozilla/5.0 (compatible; YandexBot/3.0; +http://yandex.com/bots)" "-"
69.55.60.0 - - [22/Feb/2024:02:23:29 +0100] "GET /wp-content/themes/bricks/readme.txt HTTP/1.1" 404 24763 dartmoorrunners.co.uk "-" "-" "-"
104.234.133.0 - - [22/Feb/2024:02:37:08 +0100] "GET / HTTP/1.1" 200 31575 dartmoorrunners.co.uk "-" "Mozilla/5.0 (Windows NT 10.0; Win64; x64) AppleWebKit/537.36 (KHTML, like Gecko) Chrome/120.0.0.0 Safari/537.3" "-"
82.165.88.0 - - [22/Feb/2024:02:37:09 +0100] "POST /wp-cron.php?doing_wp_cron=1708565829.0077869892120361328125 HTTP/1.1" 200 - dartmoorrunners.co.uk "http://dartmoorrunners.co.uk/wp-cron.php?doing_wp_cron=1708565829.0077869892120361328125" "WordPress/6.1.5; http://dartmoorrunners.co.uk" "-"
66.249.64.0 - - [22/Feb/2024:02:37:31 +0100] "GET /robots.txt HTTP/1.1" 200 121 dartmoorrunners.co.uk "-" "Mozilla/5.0 (compatible; Googlebot/2.1; +http://www.google.com/bot.html)" "-"
66.249.64.0 - - [22/Feb/2024:02:37:31 +0100] "GET /wp-sitemap-taxonomies-category-1.xml HTTP/1.1" 200 269 dartmoorrunners.co.uk "-" "Mozilla/5.0 (compatible; Googlebot/2.1; +http://www.google.com/bot.html)" "-"
95.108.213.0 - - [22/Feb/2024:02:37:38 +0100] "GET /robots.txt HTTP/1.1" 200 121 dartmoorrunners.co.uk "-" "Mozilla/5.0 (compatible; YandexBot/3.0; +http://yandex.com/bots)" "-"
5.255.231.0 - - [22/Feb/2024:02:37:39 +0100] "GET / HTTP/1.1" 200 31575 dartmoorrunners.co.uk "-" "Mozilla/5.0 (compatible; YandexBot/3.0; +http://yandex.com/bots)" "-"
95.108.213.0 - - [22/Feb/2024:02:39:44 +0100] "GET / HTTP/1.1" 200 31575 dartmoorrunners.co.uk "-" "Mozilla/5.0 (compatible; YandexBot/3.0; +http://yandex.com/bots)" "-"
69.55.60.0 - - [22/Feb/2024:02:49:19 +0100] "GET /wp-content/themes/bricks/readme.txt HTTP/1.1" 404 24763 dartmoorrunners.co.uk "-" "-" "-"
66.249.76.0 - - [22/Feb/2024:02:55:22 +0100] "GET / HTTP/1.1" 200 31575 dartmoorrunners.co.uk "-" "Mozilla/5.0 (compatible; Googlebot/2.1; +http://www.google.com/bot.html)" "-"
116.92.208.0 - - [22/Feb/2024:03:10:35 +0100] "POST /wp-login.php HTTP/1.1" 200 9043 dartmoorrunners.co.uk "http://dartmoorrunners.co.uk/" "Mozilla/5.0 (Windows NT 6.1; WOW64; Trident/7.0; rv:11.0) like Gecko" "-"
205.185.123.0 - - [22/Feb/2024:03:10:44 +0100] "POST /wp-login.php HTTP/1.1" 200 9053 dartmoorrunners.co.uk "http://dartmoorrunners.co.uk/" "Mozilla/5.0 (Windows NT 6.1; WOW64; Trident/7.0; rv:11.0) like Gecko" "-"
91.132.144.0 - - [22/Feb/2024:03:12:13 +0100] "POST /xmlrpc.php HTTP/1.1" 503 299 dartmoorrunners.co.uk "-" "Mozilla/5.0 (X11; Ubuntu; Linux x86_64; rv:62.0) Gecko/20100101 Firefox/62.0" "-"
91.132.144.0 - - [22/Feb/2024:03:12:14 +0100] "POST /xmlrpc.php HTTP/1.1" 503 299 dartmoorrunners.co.uk "-" "Mozilla/5.0 (X11; Ubuntu; Linux x86_64; rv:62.0) Gecko/20100101 Firefox/62.0" "-"
91.132.144.0 - - [22/Feb/2024:03:12:15 +0100] "POST /xmlrpc.php HTTP/1.1" 503 299 dartmoorrunners.co.uk "-" "Mozilla/5.0 (X11; Ubuntu; Linux x86_64; rv:62.0) Gecko/20100101 Firefox/62.0" "-"
91.132.144.0 - - [22/Feb/2024:03:12:16 +0100] "POST /xmlrpc.php HTTP/1.1" 503 299 dartmoorrunners.co.uk "-" "Mozilla/5.0 (X11; Ubuntu; Linux x86_64; rv:62.0) Gecko/20100101 Firefox/62.0" "-"
91.132.144.0 - - [22/Feb/2024:03:12:17 +0100] "POST /xmlrpc.php HTTP/1.1" 503 299 dartmoorrunners.co.uk "-" "Mozilla/5.0 (X11; Ubuntu; Linux x86_64; rv:62.0) Gecko/20100101 Firefox/62.0" "-"
5.188.62.0 - - [22/Feb/2024:03:29:09 +0100] "GET /wp-login.php?wp_lang=en_US HTTP/1.1" 200 6947 dartmoorrunners.co.uk "-" "Mozilla/5.0 (Windows NT 10.0; Win64; x64) AppleWebKit/537.36 (KHTML, like Gecko) Chrome/100.0.4758.11 Safari/537.36" "-"
5.188.62.0 - - [22/Feb/2024:03:29:10 +0100] "GET /wp-login.php?wp_lang=en_US HTTP/1.1" 200 6947 dartmoorrunners.co.uk "-" "Mozilla/5.0 (Windows NT 6.1; WOW64) AppleWebKit/537.36 (KHTML, like Gecko) Chrome/100.0.4758.11 Safari/537.36" "-"
5.188.62.0 - - [22/Feb/2024:03:29:14 +0100] "POST /wp-login.php?wp_lang=en_US HTTP/1.1" 200 7367 dartmoorrunners.co.uk "-" "Mozilla/5.0 (Windows NT 10.0; Win64; x64) AppleWebKit/537.36 (KHTML, like Gecko) Chrome/100.0.4758.11 Safari/537.36" "-"
5.188.62.0 - - [22/Feb/2024:03:29:15 +0100] "POST /wp-login.php?wp_lang=en_US HTTP/1.1" 503 299 dartmoorrunners.co.uk "-" "Mozilla/5.0 (Windows NT 6.1; WOW64) AppleWebKit/537.36 (KHTML, like Gecko) Chrome/100.0.4758.11 Safari/537.36" "-"
82.165.88.0 - - [22/Feb/2024:03:30:13 +0100] "POST /wp-cron.php?doing_wp_cron=1708569013.7069239616394042968750 HTTP/1.1" 200 - dartmoorrunners.co.uk "http://dartmoorrunners.co.uk/wp-cron.php?doing_wp_cron=1708569013.7069239616394042968750" "WordPress/6.1.5; http://dartmoorrunners.co.uk" "-"
41.216.188.0 - - [22/Feb/2024:03:30:13 +0100] "GET /wp-admin/maint/index.php HTTP/1.1" 301 - dartmoorrunners.co.uk "www.google.com" "Mozlila/5.0 (Linux; Android 7.0; SM-G892A Bulid/NRD90M; wv) AppleWebKit/537.36 (KHTML, like Gecko) Version/4.0 Chrome/60.0.3112.107 Moblie Safari/537.36" "-"
41.216.188.0 - - [22/Feb/2024:03:30:14 +0100] "GET /wp-admin/maint/ HTTP/1.1" 403 618 dartmoorrunners.co.uk "www.google.com" "Mozlila/5.0 (Linux; Android 7.0; SM-G892A Bulid/NRD90M; wv) AppleWebKit/537.36 (KHTML, like Gecko) Version/4.0 Chrome/60.0.3112.107 Moblie Safari/537.36" "-"
41.216.188.0 - - [22/Feb/2024:03:30:19 +0100] "GET /wp-admin/js/widgets/content.php HTTP/1.1" 404 24763 dartmoorrunners.co.uk "www.google.com" "Mozlila/5.0 (Linux; Android 7.0; SM-G892A Bulid/NRD90M; wv) AppleWebKit/537.36 (KHTML, like Gecko) Version/4.0 Chrome/60.0.3112.107 Moblie Safari/537.36" "-"
195.191.219.0 - - [22/Feb/2024:03:58:58 +0100] "GET /robots.txt HTTP/1.1" 200 121 dartmoorrunners.co.uk "-" "Mozilla/5.0 (compatible; MJ12bot/v1.4.8; http://mj12bot.com/)" "-"
82.165.88.0 - - [22/Feb/2024:03:58:58 +0100] "POST /wp-cron.php?doing_wp_cron=1708570738.7671608924865722656250 HTTP/1.1" 200 - dartmoorrunners.co.uk "http://dartmoorrunners.co.uk/wp-cron.php?doing_wp_cron=1708570738.7671608924865722656250" "WordPress/6.1.5; http://dartmoorrunners.co.uk" "-"
195.191.219.0 - - [22/Feb/2024:03:59:01 +0100] "GET / HTTP/1.1" 200 31575 dartmoorrunners.co.uk "-" "Mozilla/5.0 (compatible; MJ12bot/v1.4.8; http://mj12bot.com/)" "-"
82.165.88.0 - - [22/Feb/2024:04:31:22 +0100] "POST /wp-cron.php?doing_wp_cron=1708572682.9689140319824218750000 HTTP/1.1" 200 - dartmoorrunners.co.uk "http://dartmoorrunners.co.uk/wp-cron.php?doing_wp_cron=1708572682.9689140319824218750000" "WordPress/6.1.5; http://dartmoorrunners.co.uk" "-"
2a03:2880:1200:: - - [22/Feb/2024:04:31:22 +0100] "GET /images/paul-glanville-2015-winter-series.jpg HTTP/1.1" 404 24763 dartmoorrunners.co.uk "-" "facebookexternalhit/1.1 (+http://www.facebook.com/externalhit_uatext.php)" "-"
52.165.174.0 - - [22/Feb/2024:04:54:48 +0100] "GET /robots.txt HTTP/1.1" 301 - www.dartmoorrunners.co.uk "-" "Mozilla/5.0 (Windows NT 10.0; Win64; x64) AppleWebKit/537.36 (KHTML, like Gecko) Chrome/93.0.4577.63 Safari/537.36" "-"
52.165.174.0 - - [22/Feb/2024:04:54:48 +0100] "GET /robots.txt HTTP/1.1" 200 121 dartmoorrunners.co.uk "-" "Mozilla/5.0 (Windows NT 10.0; Win64; x64) AppleWebKit/537.36 (KHTML, like Gecko) Chrome/93.0.4577.63 Safari/537.36" "-"
66.249.64.0 - - [22/Feb/2024:04:56:46 +0100] "GET /feed HTTP/1.1" 200 1728 dartmoorrunners.co.uk "-" "Mozilla/5.0 (Linux; Android 6.0.1; Nexus 5X Build/MMB29P) AppleWebKit/537.36 (KHTML, like Gecko) Chrome/121.0.6167.139 Mobile Safari/537.36 (compatible; Googlebot/2.1; +http://www.google.com/bot.html)" "-"
213.180.203.0 - - [22/Feb/2024:05:22:04 +0100] "GET /robots.txt HTTP/1.1" 301 - www.dartmoorrunners.co.uk "-" "Mozilla/5.0 (compatible; YandexBot/3.0; +http://yandex.com/bots)" "-"
213.180.203.0 - - [22/Feb/2024:05:22:04 +0100] "GET /robots.txt HTTP/1.1" 200 121 dartmoorrunners.co.uk "-" "Mozilla/5.0 (compatible; YandexBot/3.0; +http://yandex.com/bots)" "-"
5.255.231.0 - - [22/Feb/2024:05:22:05 +0100] "GET / HTTP/1.1" 301 - www.dartmoorrunners.co.uk "-" "Mozilla/5.0 (compatible; YandexBot/3.0; +http://yandex.com/bots)" "-"
51.159.37.0 - - [22/Feb/2024:05:22:53 +0100] "GET /hello-world HTTP/1.1" 200 25915 dartmoorrunners.co.uk "-" "Mozilla/5.0 (Windows NT 10.0; Win64; x64) AppleWebKit/537.36 (KHTML, like Gecko) Chrome/86.0.4240.193 Safari/537.36" "-"
163.172.139.0 - - [22/Feb/2024:05:23:28 +0100] "GET / HTTP/1.1" 200 31575 dartmoorrunners.co.uk "-" "Mozilla/5.0 (iPhone; CPU iPhone OS 15_7_5 like Mac OS X) AppleWebKit/605.1.15 (KHTML, like Gecko) Version/15.6.4 Mobile/15E148 Safari/604.1" "-"
163.172.139.0 - - [22/Feb/2024:05:23:29 +0100] "GET /wp-includes/js/wp-emoji-release.min.js?ver=6.1.5 HTTP/1.1" 200 18617 dartmoorrunners.co.uk "http://dartmoorrunners.co.uk/" "Mozilla/5.0 (iPhone; CPU iPhone OS 15_7_5 like Mac OS X) AppleWebKit/605.1.15 (KHTML, like Gecko) Version/15.6.4 Mobile/15E148 Safari/604.1" "-"
5.255.231.0 - - [22/Feb/2024:05:24:09 +0100] "GET / HTTP/1.1" 301 - www.dartmoorrunners.co.uk "-" "Mozilla/5.0 (compatible; YandexBot/3.0; +http://yandex.com/bots)" "-"
82.165.88.0 - - [22/Feb/2024:05:42:59 +0100] "POST /wp-cron.php?doing_wp_cron=1708576979.7509450912475585937500 HTTP/1.1" 200 - dartmoorrunners.co.uk "http://dartmoorrunners.co.uk/wp-cron.php?doing_wp_cron=1708576979.7509450912475585937500" "WordPress/6.1.5; http://dartmoorrunners.co.uk" "-"
95.108.213.0 - - [22/Feb/2024:05:42:59 +0100] "GET /robots.txt HTTP/1.1" 200 121 dartmoorrunners.co.uk "-" "Mozilla/5.0 (compatible; YandexBot/3.0; +http://yandex.com/bots)" "-"
87.250.224.0 - - [22/Feb/2024:05:43:00 +0100] "GET / HTTP/1.1" 200 31575 dartmoorrunners.co.uk "-" "Mozilla/5.0 (compatible; YandexBot/3.0; +http://yandex.com/bots)" "-"
87.250.224.0 - - [22/Feb/2024:05:45:04 +0100] "GET / HTTP/1.1" 200 31575 dartmoorrunners.co.uk "-" "Mozilla/5.0 (compatible; YandexBot/3.0; +http://yandex.com/bots)" "-"
195.201.110.0 - - [22/Feb/2024:06:05:05 +0100] "GET / HTTP/1.1" 200 31575 dartmoorrunners.co.uk "-" "Mozilla/5.0 (Macintosh; Intel Mac OS X 10_15_7) AppleWebKit/537.36 (KHTML, like Gecko) Chrome/108.0.0.0 Safari/537.36" "-"
185.220.100.0 - - [22/Feb/2024:06:07:04 +0100] "POST /xmlrpc.php HTTP/1.1" 200 403 dartmoorrunners.co.uk "-" "Mozilla/5.0 (X11; Ubuntu; Linux i686; rv:24.0) Gecko/20100101 Firefox/24.0" "-"
185.220.100.0 - - [22/Feb/2024:06:07:05 +0100] "POST /xmlrpc.php HTTP/1.1" 403 618 dartmoorrunners.co.uk "-" "Mozilla/5.0 (X11; Ubuntu; Linux i686; rv:24.0) Gecko/20100101 Firefox/24.0" "-"
185.220.100.0 - - [22/Feb/2024:06:07:06 +0100] "POST /xmlrpc.php HTTP/1.1" 403 618 dartmoorrunners.co.uk "-" "Mozilla/5.0 (X11; Ubuntu; Linux i686; rv:24.0) Gecko/20100101 Firefox/24.0" "-"
185.220.100.0 - - [22/Feb/2024:06:07:07 +0100] "POST /xmlrpc.php HTTP/1.1" 403 618 dartmoorrunners.co.uk "-" "Mozilla/5.0 (X11; Ubuntu; Linux i686; rv:24.0) Gecko/20100101 Firefox/24.0" "-"
185.162.130.0 - - [22/Feb/2024:06:24:04 +0100] "POST /wp-content/plugins/backup-backup/includes/backup-heart.php HTTP/1.1" 503 299 dartmoorrunners.co.uk "-" "python-requests/2.25.1" "-"
185.162.130.0 - - [22/Feb/2024:06:24:04 +0100] "GET /wp-content/plugins/backup-backup/includes/N HTTP/1.1" 404 24763 dartmoorrunners.co.uk "-" "python-requests/2.25.1" "-"
82.165.88.0 - - [22/Feb/2024:06:46:19 +0100] "POST /wp-cron.php?doing_wp_cron=1708580779.2725300788879394531250 HTTP/1.1" 200 - dartmoorrunners.co.uk "http://dartmoorrunners.co.uk/wp-cron.php?doing_wp_cron=1708580779.2725300788879394531250" "WordPress/6.1.5; http://dartmoorrunners.co.uk" "-"
2a03:2880:2500:: - - [22/Feb/2024:06:46:19 +0100] "GET /images/KohlerJackson.jpg HTTP/1.1" 404 24763 dartmoorrunners.co.uk "-" "facebookexternalhit/1.1 (+http://www.facebook.com/externalhit_uatext.php)" "-"
66.249.76.0 - - [22/Feb/2024:07:07:02 +0100] "GET /results/winter-series-2012-results HTTP/1.1" 200 25917 dartmoorrunners.co.uk "-" "Mozilla/5.0 (Linux; Android 6.0.1; Nexus 5X Build/MMB29P) AppleWebKit/537.36 (KHTML, like Gecko) Chrome/121.0.6167.139 Mobile Safari/537.36 (compatible; Googlebot/2.1; +http://www.google.com/bot.html)" "-"
66.249.64.0 - - [22/Feb/2024:07:07:04 +0100] "GET /wp-includes/css/classic-themes.min.css?ver=1 HTTP/1.1" 200 189 dartmoorrunners.co.uk "http://dartmoorrunners.co.uk/results/winter-series-2012-results" "Mozilla/5.0 (Linux; Android 6.0.1; Nexus 5X Build/MMB29P) AppleWebKit/537.36 (KHTML, like Gecko) Chrome/121.0.6167.85 Mobile Safari/537.36 (compatible; Googlebot/2.1; +http://www.google.com/bot.html)" "-"
54.36.149.0 - - [22/Feb/2024:07:16:51 +0100] "GET /results/winter-series-2016-results HTTP/1.1" 200 25695 dartmoorrunners.co.uk "-" "Mozilla/5.0 (compatible; AhrefsBot/7.0; +http://ahrefs.com/robot/)" "-"
150.109.13.0 - - [22/Feb/2024:07:19:51 +0100] "GET / HTTP/1.1" 301 - www.dartmoorrunners.co.uk "-" "Mozilla/5.0 (iPhone; CPU iPhone OS 13_2_3 like Mac OS X) AppleWebKit/605.1.15 (KHTML, like Gecko) Version/13.0.3 Mobile/15E148 Safari/604.1" "-"
150.109.13.0 - - [22/Feb/2024:07:19:54 +0100] "GET / HTTP/1.1" 200 31575 dartmoorrunners.co.uk "http://www.dartmoorrunners.co.uk" "Mozilla/5.0 (iPhone; CPU iPhone OS 13_2_3 like Mac OS X) AppleWebKit/605.1.15 (KHTML, like Gecko) Version/13.0.3 Mobile/15E148 Safari/604.1" "-"
82.165.88.0 - - [22/Feb/2024:07:46:19 +0100] "POST /wp-cron.php?doing_wp_cron=1708584379.6886789798736572265625 HTTP/1.1" 200 - dartmoorrunners.co.uk "http://dartmoorrunners.co.uk/wp-cron.php?doing_wp_cron=1708584379.6886789798736572265625" "WordPress/6.1.5; http://dartmoorrunners.co.uk" "-"
195.191.219.0 - - [22/Feb/2024:07:46:19 +0100] "GET /robots.txt HTTP/1.1" 301 - www.dartmoorrunners.co.uk "-" "Mozilla/5.0 (compatible; MJ12bot/v1.4.8; http://mj12bot.com/)" "-"
195.191.219.0 - - [22/Feb/2024:07:46:20 +0100] "GET /robots.txt HTTP/1.1" 200 121 dartmoorrunners.co.uk "-" "Mozilla/5.0 (compatible; MJ12bot/v1.4.8; http://mj12bot.com/)" "-"
195.191.219.0 - - [22/Feb/2024:07:46:22 +0100] "GET / HTTP/1.1" 301 - www.dartmoorrunners.co.uk "-" "Mozilla/5.0 (compatible; MJ12bot/v1.4.8; http://mj12bot.com/)" "-"
195.191.219.0 - - [22/Feb/2024:07:46:25 +0100] "GET / HTTP/1.1" 200 31575 dartmoorrunners.co.uk "-" "Mozilla/5.0 (compatible; MJ12bot/v1.4.8; http://mj12bot.com/)" "-"
52.167.144.0 - - [22/Feb/2024:07:59:49 +0100] "GET /robots.txt HTTP/1.1" 200 121 dartmoorrunners.co.uk "-" "Mozilla/5.0 AppleWebKit/537.36 (KHTML, like Gecko; compatible; bingbot/2.0; +http://www.bing.com/bingbot.htm) Chrome/116.0.1938.76 Safari/537.36" "-"
52.167.144.0 - - [22/Feb/2024:07:59:54 +0100] "GET /wp-sitemap.xml HTTP/1.1" 200 562 dartmoorrunners.co.uk "-" "Mozilla/5.0 AppleWebKit/537.36 (KHTML, like Gecko; compatible; bingbot/2.0; +http://www.bing.com/bingbot.htm) Chrome/116.0.1938.76 Safari/537.36" "-"
66.249.76.0 - - [22/Feb/2024:08:24:21 +0100] "GET /ads.txt HTTP/1.1" 200 160 dartmoorrunners.co.uk "-" "Mozilla/5.0 (compatible; Googlebot/2.1; +http://www.google.com/bot.html)" "-"
87.250.224.0 - - [22/Feb/2024:08:39:15 +0100] "GET /robots.txt HTTP/1.1" 301 - www.dartmoorrunners.co.uk "-" "Mozilla/5.0 (compatible; YandexBot/3.0; +http://yandex.com/bots)" "-"
82.165.88.0 - - [22/Feb/2024:08:39:16 +0100] "POST /wp-cron.php?doing_wp_cron=1708587556.1473569869995117187500 HTTP/1.1" 200 - dartmoorrunners.co.uk "http://dartmoorrunners.co.uk/wp-cron.php?doing_wp_cron=1708587556.1473569869995117187500" "WordPress/6.1.5; http://dartmoorrunners.co.uk" "-"
87.250.224.0 - - [22/Feb/2024:08:39:17 +0100] "GET /robots.txt HTTP/1.1" 200 121 dartmoorrunners.co.uk "-" "Mozilla/5.0 (compatible; YandexBot/3.0; +http://yandex.com/bots)" "-"
5.255.231.0 - - [22/Feb/2024:08:39:17 +0100] "GET / HTTP/1.1" 301 - www.dartmoorrunners.co.uk "-" "Mozilla/5.0 (compatible; YandexBot/3.0; +http://yandex.com/bots)" "-"
87.250.224.0 - - [22/Feb/2024:08:41:16 +0100] "GET /robots.txt HTTP/1.1" 301 - www.dartmoorrunners.co.uk "-" "Mozilla/5.0 (compatible; YandexBot/3.0; +http://yandex.com/bots)" "-"
87.250.224.0 - - [22/Feb/2024:08:41:17 +0100] "GET /robots.txt HTTP/1.1" 200 121 dartmoorrunners.co.uk "-" "Mozilla/5.0 (compatible; YandexBot/3.0; +http://yandex.com/bots)" "-"
95.108.213.0 - - [22/Feb/2024:08:41:18 +0100] "GET / HTTP/1.1" 301 - www.dartmoorrunners.co.uk "-" "Mozilla/5.0 (compatible; YandexBot/3.0; +http://yandex.com/bots)" "-"
95.108.213.0 - - [22/Feb/2024:08:53:46 +0100] "GET /robots.txt HTTP/1.1" 200 121 dartmoorrunners.co.uk "-" "Mozilla/5.0 (compatible; YandexBot/3.0; +http://yandex.com/bots)" "-"
213.180.203.0 - - [22/Feb/2024:08:53:47 +0100] "GET / HTTP/1.1" 200 31575 dartmoorrunners.co.uk "-" "Mozilla/5.0 (compatible; YandexBot/3.0; +http://yandex.com/bots)" "-"
213.180.203.0 - - [22/Feb/2024:08:55:47 +0100] "GET /robots.txt HTTP/1.1" 200 121 dartmoorrunners.co.uk "-" "Mozilla/5.0 (compatible; YandexBot/3.0; +http://yandex.com/bots)" "-"
213.180.203.0 - - [22/Feb/2024:08:55:48 +0100] "GET / HTTP/1.1" 200 31575 dartmoorrunners.co.uk "-" "Mozilla/5.0 (compatible; YandexBot/3.0; +http://yandex.com/bots)" "-"
109.70.100.0 - - [22/Feb/2024:09:01:02 +0100] "POST /xmlrpc.php HTTP/1.1" 200 403 dartmoorrunners.co.uk "-" "Mozilla/5.0 (Windows NT 6.1; Win64; x64) AppleWebKit/537.36 (KHTML, like Gecko) Chrome/60.0.3112.90 Safari/537.36" "-"
109.70.100.0 - - [22/Feb/2024:09:01:03 +0100] "POST /xmlrpc.php HTTP/1.1" 200 403 dartmoorrunners.co.uk "-" "Mozilla/5.0 (Windows NT 6.1; Win64; x64) AppleWebKit/537.36 (KHTML, like Gecko) Chrome/60.0.3112.90 Safari/537.36" "-"
109.70.100.0 - - [22/Feb/2024:09:01:04 +0100] "POST /xmlrpc.php HTTP/1.1" 403 618 dartmoorrunners.co.uk "-" "Mozilla/5.0 (Windows NT 6.1; Win64; x64) AppleWebKit/537.36 (KHTML, like Gecko) Chrome/60.0.3112.90 Safari/537.36" "-"
109.70.100.0 - - [22/Feb/2024:09:01:05 +0100] "POST /xmlrpc.php HTTP/1.1" 403 618 dartmoorrunners.co.uk "-" "Mozilla/5.0 (Windows NT 6.1; Win64; x64) AppleWebKit/537.36 (KHTML, like Gecko) Chrome/60.0.3112.90 Safari/537.36" "-"
109.70.100.0 - - [22/Feb/2024:09:01:06 +0100] "POST /xmlrpc.php HTTP/1.1" 403 618 dartmoorrunners.co.uk "-" "Mozilla/5.0 (Windows NT 6.1; Win64; x64) AppleWebKit/537.36 (KHTML, like Gecko) Chrome/60.0.3112.90 Safari/537.36" "-"
82.165.88.0 - - [22/Feb/2024:09:45:56 +0100] "POST /wp-cron.php?doing_wp_cron=1708591556.9294540882110595703125 HTTP/1.1" 200 - dartmoorrunners.co.uk "http://dartmoorrunners.co.uk/wp-cron.php?doing_wp_cron=1708591556.9294540882110595703125" "WordPress/6.1.5; http://dartmoorrunners.co.uk" "-"
66.249.64.0 - - [22/Feb/2024:09:45:56 +0100] "GET /summer-series-2023 HTTP/1.1" 200 27250 dartmoorrunners.co.uk "-" "Mozilla/5.0 (Linux; Android 6.0.1; Nexus 5X Build/MMB29P) AppleWebKit/537.36 (KHTML, like Gecko) Chrome/121.0.6167.139 Mobile Safari/537.36 (compatible; Googlebot/2.1; +http://www.google.com/bot.html)" "-"
66.249.64.0 - - [22/Feb/2024:10:00:58 +0100] "GET / HTTP/1.1" 200 31575 dartmoorrunners.co.uk "-" "Mozilla/5.0 (compatible; Googlebot/2.1; +http://www.google.com/bot.html)" "-"
66.249.64.0 - - [22/Feb/2024:10:01:13 +0100] "GET /wp-content/themes/omega/style.css?ver=6.1.5 HTTP/1.1" 200 6552 dartmoorrunners.co.uk "http://dartmoorrunners.co.uk/" "Mozilla/5.0 AppleWebKit/537.36 (KHTML, like Gecko; compatible; Googlebot/2.1; +http://www.google.com/bot.html) Chrome/121.0.6167.85 Safari/537.36" "-"
173.249.52.0 - - [22/Feb/2024:10:12:46 +0100] "GET /inputs.php HTTP/1.1" 404 24763 dartmoorrunners.co.uk "-" "Mozlila/5.0 (Linux; Android 7.0; SM-G892A Bulid/NRD90M; wv) AppleWebKit/537.36 (KHTML, like Gecko) Version/4.0 Chrome/60.0.3112.107 Moblie Safari/537.36" "-"
173.249.52.0 - - [22/Feb/2024:10:13:00 +0100] "GET /wp-includes/inputs.php HTTP/1.1" 404 24763 dartmoorrunners.co.uk "-" "Mozlila/5.0 (Linux; Android 7.0; SM-G892A Bulid/NRD90M; wv) AppleWebKit/537.36 (KHTML, like Gecko) Version/4.0 Chrome/60.0.3112.107 Moblie Safari/537.36" "-"
173.249.52.0 - - [22/Feb/2024:10:13:12 +0100] "GET /wp-admin/inputs.php HTTP/1.1" 404 24763 dartmoorrunners.co.uk "-" "Mozlila/5.0 (Linux; Android 7.0; SM-G892A Bulid/NRD90M; wv) AppleWebKit/537.36 (KHTML, like Gecko) Version/4.0 Chrome/60.0.3112.107 Moblie Safari/537.36" "-"
173.249.52.0 - - [22/Feb/2024:10:13:26 +0100] "GET /wp-content/inputs.php HTTP/1.1" 404 24763 dartmoorrunners.co.uk "-" "Mozlila/5.0 (Linux; Android 7.0; SM-G892A Bulid/NRD90M; wv) AppleWebKit/537.36 (KHTML, like Gecko) Version/4.0 Chrome/60.0.3112.107 Moblie Safari/537.36" "-"
82.165.88.0 - - [22/Feb/2024:10:32:01 +0100] "POST /wp-cron.php?doing_wp_cron=1708594321.7184588909149169921875 HTTP/1.1" 200 - dartmoorrunners.co.uk "http://dartmoorrunners.co.uk/wp-cron.php?doing_wp_cron=1708594321.7184588909149169921875" "WordPress/6.1.5; http://dartmoorrunners.co.uk" "-"
95.108.213.0 - - [22/Feb/2024:10:32:01 +0100] "GET /robots.txt HTTP/1.1" 200 121 dartmoorrunners.co.uk "-" "Mozilla/5.0 (compatible; YandexBot/3.0; +http://yandex.com/bots)" "-"
5.255.231.0 - - [22/Feb/2024:10:32:02 +0100] "GET / HTTP/1.1" 200 31575 dartmoorrunners.co.uk "-" "Mozilla/5.0 (compatible; YandexBot/3.0; +http://yandex.com/bots)" "-"
38.150.13.0 - - [22/Feb/2024:10:35:51 +0100] "POST /wp-login.php HTTP/1.1" 200 9053 dartmoorrunners.co.uk "http://dartmoorrunners.co.uk/" "Mozilla/5.0 (Windows NT 6.1; WOW64; Trident/7.0; rv:11.0) like Gecko" "-"
95.151.95.0 - - [22/Feb/2024:10:44:51 +0100] "GET / HTTP/1.1" 200 61 dartmoorrunners.co.uk "-" "Mozilla/5.0 (Macintosh; Intel Mac OS X 10_15_7) AppleWebKit/605.1.15 (KHTML, like Gecko) Version/16.0 Safari/605.1.15" "-"
95.151.95.0 - - [22/Feb/2024:10:44:51 +0100] "GET / HTTP/1.1" 200 122 dartmoorrunners.co.uk "-" "Mozilla/5.0 (Macintosh; Intel Mac OS X 10_15_7) AppleWebKit/605.1.15 (KHTML, like Gecko) Version/16.0 Safari/605.1.15" "-"
95.151.95.0 - - [22/Feb/2024:10:44:51 +0100] "GET / HTTP/1.1" 200 61 dartmoorrunners.co.uk "-" "Mozilla/5.0 (Macintosh; Intel Mac OS X 10_15_7) AppleWebKit/605.1.15 (KHTML, like Gecko) Version/16.0 Safari/605.1.15" "-"
95.151.95.0 - - [22/Feb/2024:10:44:51 +0100] "GET / HTTP/1.1" 200 122 dartmoorrunners.co.uk "-" "Mozilla/5.0 (Macintosh; Intel Mac OS X 10_15_7) AppleWebKit/605.1.15 (KHTML, like Gecko) Version/16.0 Safari/605.1.15" "-"
95.151.95.0 - - [22/Feb/2024:10:44:52 +0100] "GET / HTTP/1.1" 200 35 dartmoorrunners.co.uk "-" "Mozilla/5.0 (Macintosh; Intel Mac OS X 10_15_7) AppleWebKit/605.1.15 (KHTML, like Gecko) Version/16.0 Safari/605.1.15" "-"
95.151.95.0 - - [22/Feb/2024:10:44:52 +0100] "GET / HTTP/1.1" 200 122 dartmoorrunners.co.uk "-" "Mozilla/5.0 (Macintosh; Intel Mac OS X 10_15_7) AppleWebKit/605.1.15 (KHTML, like Gecko) Version/16.0 Safari/605.1.15" "-"
95.151.95.0 - - [22/Feb/2024:10:47:06 +0100] "GET / HTTP/1.1" 200 31575 dartmoorrunners.co.uk "-" "Mozilla/5.0 (Macintosh; Intel Mac OS X 10_15_7) AppleWebKit/605.1.15 (KHTML, like Gecko) Version/16.0 Safari/605.1.15" "-"
95.151.95.0 - - [22/Feb/2024:10:47:06 +0100] "GET / HTTP/1.1" 200 31575 dartmoorrunners.co.uk "-" "Mozilla/5.0 (Macintosh; Intel Mac OS X 10_15_7) AppleWebKit/605.1.15 (KHTML, like Gecko) Version/16.0 Safari/605.1.15" "-"
54.36.148.0 - - [22/Feb/2024:10:56:09 +0100] "GET /results/summer-series-2015-results HTTP/1.1" 200 25685 dartmoorrunners.co.uk "-" "Mozilla/5.0 (compatible; AhrefsBot/7.0; +http://ahrefs.com/robot/)" "-"
66.249.76.0 - - [22/Feb/2024:11:04:36 +0100] "GET / HTTP/1.1" 200 31575 dartmoorrunners.co.uk "-" "Mozilla/5.0 (compatible; Googlebot/2.1; +http://www.google.com/bot.html)" "-"
45.80.158.0 - - [22/Feb/2024:11:20:14 +0100] "GET / HTTP/1.1" 200 31575 dartmoorrunners.co.uk "-" "Go-http-client/1.1" "-"
82.165.88.0 - - [22/Feb/2024:11:20:15 +0100] "POST /wp-cron.php?doing_wp_cron=1708597215.1126360893249511718750 HTTP/1.1" 200 - dartmoorrunners.co.uk "http://dartmoorrunners.co.uk/wp-cron.php?doing_wp_cron=1708597215.1126360893249511718750" "WordPress/6.1.5; http://dartmoorrunners.co.uk" "-"
45.80.158.0 - - [22/Feb/2024:11:20:15 +0100] "GET //cjfuns.php HTTP/1.1" 301 - dartmoorrunners.co.uk "-" "Go-http-client/1.1" "-"
45.80.158.0 - - [22/Feb/2024:11:20:15 +0100] "GET /cjfuns.php HTTP/1.1" 404 24763 dartmoorrunners.co.uk "http://dartmoorrunners.co.uk//cjfuns.php" "Go-http-client/1.1" "-"
45.80.158.0 - - [22/Feb/2024:11:20:16 +0100] "GET //wp-head.php HTTP/1.1" 301 - dartmoorrunners.co.uk "-" "Go-http-client/1.1" "-"
45.80.158.0 - - [22/Feb/2024:11:20:16 +0100] "GET /wp-head.php HTTP/1.1" 404 24763 dartmoorrunners.co.uk "http://dartmoorrunners.co.uk//wp-head.php" "Go-http-client/1.1" "-"
45.80.158.0 - - [22/Feb/2024:11:20:16 +0100] "GET //class.api.php HTTP/1.1" 301 - dartmoorrunners.co.uk "-" "Go-http-client/1.1" "-"
45.80.158.0 - - [22/Feb/2024:11:20:17 +0100] "GET /class.api.php HTTP/1.1" 404 24763 dartmoorrunners.co.uk "http://dartmoorrunners.co.uk//class.api.php" "Go-http-client/1.1" "-"
45.80.158.0 - - [22/Feb/2024:11:20:17 +0100] "GET //st.php HTTP/1.1" 301 - dartmoorrunners.co.uk "-" "Go-http-client/1.1" "-"
45.80.158.0 - - [22/Feb/2024:11:20:17 +0100] "GET /st.php HTTP/1.1" 404 24763 dartmoorrunners.co.uk "http://dartmoorrunners.co.uk//st.php" "Go-http-client/1.1" "-"
45.80.158.0 - - [22/Feb/2024:11:20:18 +0100] "GET //my1.php HTTP/1.1" 301 - dartmoorrunners.co.uk "-" "Go-http-client/1.1" "-"
45.80.158.0 - - [22/Feb/2024:11:20:18 +0100] "GET /my1.php HTTP/1.1" 404 24763 dartmoorrunners.co.uk "http://dartmoorrunners.co.uk//my1.php" "Go-http-client/1.1" "-"
192.249.115.0 - - [22/Feb/2024:11:53:21 +0100] "GET /?author=2 HTTP/1.1" 200 24957 dartmoorrunners.co.uk "-" "DuckDuckBot/1.0; (+http://duckduckgo.com/duckduckbot.html)" "-"
82.165.88.0 - - [22/Feb/2024:11:53:22 +0100] "POST /wp-cron.php?doing_wp_cron=1708599202.1826870441436767578125 HTTP/1.1" 200 - dartmoorrunners.co.uk "http://dartmoorrunners.co.uk/wp-cron.php?doing_wp_cron=1708599202.1826870441436767578125" "WordPress/6.1.5; http://dartmoorrunners.co.uk" "-"
107.189.11.0 - - [22/Feb/2024:11:55:16 +0100] "POST /xmlrpc.php HTTP/1.1" 200 403 dartmoorrunners.co.uk "-" "Mozilla/5.0 (X11; Linux x86_64) AppleWebKit/537.36 (KHTML, like Gecko) Chrome/44.0.2403.157 Safari/537.36" "-"
107.189.11.0 - - [22/Feb/2024:11:55:17 +0100] "POST /xmlrpc.php HTTP/1.1" 200 403 dartmoorrunners.co.uk "-" "Mozilla/5.0 (X11; Linux x86_64) AppleWebKit/537.36 (KHTML, like Gecko) Chrome/44.0.2403.157 Safari/537.36" "-"
107.189.11.0 - - [22/Feb/2024:11:55:18 +0100] "POST /xmlrpc.php HTTP/1.1" 403 618 dartmoorrunners.co.uk "-" "Mozilla/5.0 (X11; Linux x86_64) AppleWebKit/537.36 (KHTML, like Gecko) Chrome/44.0.2403.157 Safari/537.36" "-"
107.189.11.0 - - [22/Feb/2024:11:55:19 +0100] "POST /xmlrpc.php HTTP/1.1" 403 618 dartmoorrunners.co.uk "-" "Mozilla/5.0 (X11; Linux x86_64) AppleWebKit/537.36 (KHTML, like Gecko) Chrome/44.0.2403.157 Safari/537.36" "-"
107.189.11.0 - - [22/Feb/2024:11:55:20 +0100] "POST /xmlrpc.php HTTP/1.1" 403 618 dartmoorrunners.co.uk "-" "Mozilla/5.0 (X11; Linux x86_64) AppleWebKit/537.36 (KHTML, like Gecko) Chrome/44.0.2403.157 Safari/537.36" "-"
87.250.224.0 - - [22/Feb/2024:11:57:06 +0100] "GET /robots.txt HTTP/1.1" 301 - www.dartmoorrunners.co.uk "-" "Mozilla/5.0 (compatible; YandexBot/3.0; +http://yandex.com/bots)" "-"
87.250.224.0 - - [22/Feb/2024:11:57:06 +0100] "GET /robots.txt HTTP/1.1" 200 121 dartmoorrunners.co.uk "-" "Mozilla/5.0 (compatible; YandexBot/3.0; +http://yandex.com/bots)" "-"
95.108.213.0 - - [22/Feb/2024:11:57:07 +0100] "GET / HTTP/1.1" 301 - www.dartmoorrunners.co.uk "-" "Mozilla/5.0 (compatible; YandexBot/3.0; +http://yandex.com/bots)" "-"
213.180.203.0 - - [22/Feb/2024:11:59:11 +0100] "GET /robots.txt HTTP/1.1" 301 - www.dartmoorrunners.co.uk "-" "Mozilla/5.0 (compatible; YandexBot/3.0; +http://yandex.com/bots)" "-"
213.180.203.0 - - [22/Feb/2024:11:59:11 +0100] "GET /robots.txt HTTP/1.1" 200 121 dartmoorrunners.co.uk "-" "Mozilla/5.0 (compatible; YandexBot/3.0; +http://yandex.com/bots)" "-"
5.255.231.0 - - [22/Feb/2024:11:59:12 +0100] "GET / HTTP/1.1" 301 - www.dartmoorrunners.co.uk "-" "Mozilla/5.0 (compatible; YandexBot/3.0; +http://yandex.com/bots)" "-"
213.180.203.0 - - [22/Feb/2024:12:05:15 +0100] "GET /robots.txt HTTP/1.1" 200 121 dartmoorrunners.co.uk "-" "Mozilla/5.0 (compatible; YandexBot/3.0; +http://yandex.com/bots)" "-"
213.180.203.0 - - [22/Feb/2024:12:05:16 +0100] "GET / HTTP/1.1" 200 31575 dartmoorrunners.co.uk "-" "Mozilla/5.0 (compatible; YandexBot/3.0; +http://yandex.com/bots)" "-"
5.255.231.0 - - [22/Feb/2024:12:07:20 +0100] "GET / HTTP/1.1" 200 31575 dartmoorrunners.co.uk "-" "Mozilla/5.0 (compatible; YandexBot/3.0; +http://yandex.com/bots)" "-"
82.165.88.0 - - [22/Feb/2024:12:47:39 +0100] "POST /wp-cron.php?doing_wp_cron=1708602459.4308469295501708984375 HTTP/1.1" 200 - dartmoorrunners.co.uk "http://dartmoorrunners.co.uk/wp-cron.php?doing_wp_cron=1708602459.4308469295501708984375" "WordPress/6.1.5; http://dartmoorrunners.co.uk" "-"
100.24.25.0 - - [22/Feb/2024:12:47:39 +0100] "GET /robots.txt HTTP/1.1" 200 121 dartmoorrunners.co.uk "-" "Mozilla/5.0 (Macintosh; Intel Mac OS X 10_15_7) AppleWebKit/537.36 (KHTML, like Gecko) Chrome/108.0.0.0 Safari/537.36" "-"
116.92.208.0 - - [22/Feb/2024:12:55:05 +0100] "POST /wp-login.php HTTP/1.1" 200 9043 dartmoorrunners.co.uk "http://dartmoorrunners.co.uk/" "Mozilla/5.0 (Windows NT 6.1; WOW64; Trident/7.0; rv:11.0) like Gecko" "-"
116.92.208.0 - - [22/Feb/2024:12:55:17 +0100] "POST /wp-login.php HTTP/1.1" 200 9053 dartmoorrunners.co.uk "http://dartmoorrunners.co.uk/" "Mozilla/5.0 (Windows NT 6.1; WOW64; Trident/7.0; rv:11.0) like Gecko" "-"
100.24.25.0 - - [22/Feb/2024:12:56:42 +0100] "GET / HTTP/1.1" 200 31575 dartmoorrunners.co.uk "-" "Mozilla/5.0 (Macintosh; Intel Mac OS X 10_15_7) AppleWebKit/537.36 (KHTML, like Gecko) Chrome/108.0.0.0 Safari/537.36" "-"
192.76.8.0 - - [22/Feb/2024:13:10:36 +0100] "GET /varsity/index.html HTTP/1.1" 200 36194 dartmoorrunners.co.uk "http://dartmoorrunners.co.uk/varsity/index_clubresults.html" "Mozilla/5.0 (Linux; Android 10; K) AppleWebKit/537.36 (KHTML, like Gecko) Chrome/121.0.0.0 Mobile Safari/537.36" "-"
5.188.62.0 - - [22/Feb/2024:13:17:31 +0100] "GET /wp-login.php?wp_lang=en_US HTTP/1.1" 200 6947 dartmoorrunners.co.uk "-" "Mozilla/5.0 (Windows NT 6.1; WOW64) AppleWebKit/537.36 (KHTML, like Gecko) Chrome/101.0.4951.67 Safari/537.36" "-"
5.188.62.0 - - [22/Feb/2024:13:17:32 +0100] "GET /wp-login.php?wp_lang=en_US HTTP/1.1" 200 6947 dartmoorrunners.co.uk "-" "Mozilla/5.0 (Windows NT 10.0; Win64; x64) AppleWebKit/537.36 (KHTML, like Gecko) Chrome/100.0.4758.11 Safari/537.36" "-"
5.188.62.0 - - [22/Feb/2024:13:17:35 +0100] "POST /wp-login.php?wp_lang=en_US HTTP/1.1" 200 7367 dartmoorrunners.co.uk "-" "Mozilla/5.0 (Windows NT 6.1; WOW64) AppleWebKit/537.36 (KHTML, like Gecko) Chrome/101.0.4951.67 Safari/537.36" "-"
5.188.62.0 - - [22/Feb/2024:13:17:37 +0100] "POST /wp-login.php?wp_lang=en_US HTTP/1.1" 503 299 dartmoorrunners.co.uk "-" "Mozilla/5.0 (Windows NT 10.0; Win64; x64) AppleWebKit/537.36 (KHTML, like Gecko) Chrome/100.0.4758.11 Safari/537.36" "-"
82.165.88.0 - - [22/Feb/2024:13:43:47 +0100] "POST /wp-cron.php?doing_wp_cron=1708605827.3653230667114257812500 HTTP/1.1" 200 - dartmoorrunners.co.uk "http://dartmoorrunners.co.uk/wp-cron.php?doing_wp_cron=1708605827.3653230667114257812500" "WordPress/6.1.5; http://dartmoorrunners.co.uk" "-"
193.111.248.0 - - [22/Feb/2024:13:43:47 +0100] "GET /wp-content/plugins/hellopress/wp_filemanager.php HTTP/1.1" 404 24763 dartmoorrunners.co.uk "-" "-" "-"
193.111.248.0 - - [22/Feb/2024:13:43:48 +0100] "GET /wp-includes/Requests/about.php HTTP/1.1" 404 24763 dartmoorrunners.co.uk "-" "-" "-"
193.111.248.0 - - [22/Feb/2024:13:43:48 +0100] "GET /wp-includes/style-engine/about.php HTTP/1.1" 404 24763 dartmoorrunners.co.uk "-" "-" "-"
193.111.248.0 - - [22/Feb/2024:13:43:49 +0100] "GET /wp-includes/rest-api/about.php HTTP/1.1" 404 24763 dartmoorrunners.co.uk "-" "-" "-"
193.111.248.0 - - [22/Feb/2024:13:43:50 +0100] "GET /wp-includes/SimplePie/about.php HTTP/1.1" 404 24763 dartmoorrunners.co.uk "-" "-" "-"
193.111.248.0 - - [22/Feb/2024:13:43:50 +0100] "GET /wp-content/banners/about.php HTTP/1.1" 404 24763 dartmoorrunners.co.uk "-" "-" "-"
193.111.248.0 - - [22/Feb/2024:13:43:50 +0100] "GET /wp-content/about.php HTTP/1.1" 404 24763 dartmoorrunners.co.uk "-" "-" "-"
193.111.248.0 - - [22/Feb/2024:13:43:51 +0100] "GET /.well-known/about.php HTTP/1.1" 404 24763 dartmoorrunners.co.uk "-" "-" "-"
193.111.248.0 - - [22/Feb/2024:13:43:51 +0100] "GET /wp-includes/Text/about.php HTTP/1.1" 404 24763 dartmoorrunners.co.uk "-" "-" "-"
193.111.248.0 - - [22/Feb/2024:13:43:52 +0100] "GET /wp-includes/ID3/about.php HTTP/1.1" 404 24763 dartmoorrunners.co.uk "-" "-" "-"
193.111.248.0 - - [22/Feb/2024:13:43:52 +0100] "GET /img/about.php HTTP/1.1" 404 24763 dartmoorrunners.co.uk "-" "-" "-"
193.111.248.0 - - [22/Feb/2024:13:43:52 +0100] "GET /wp-content/languages/about.php HTTP/1.1" 404 24763 dartmoorrunners.co.uk "-" "-" "-"
193.111.248.0 - - [22/Feb/2024:13:43:53 +0100] "GET /wp-includes/customize/about.php HTTP/1.1" 404 24763 dartmoorrunners.co.uk "-" "-" "-"
193.111.248.0 - - [22/Feb/2024:13:43:53 +0100] "GET /wp-includes.bak/html-api/about.php HTTP/1.1" 404 24763 dartmoorrunners.co.uk "-" "-" "-"
193.111.248.0 - - [22/Feb/2024:13:43:54 +0100] "GET /wp-includes/widgets/about.php HTTP/1.1" 404 24763 dartmoorrunners.co.uk "-" "-" "-"
193.111.248.0 - - [22/Feb/2024:13:43:54 +0100] "GET /wp-includes/IXR/about.php HTTP/1.1" 404 24763 dartmoorrunners.co.uk "-" "-" "-"
193.111.248.0 - - [22/Feb/2024:13:43:55 +0100] "GET /wp-admin/js/about.php HTTP/1.1" 404 24763 dartmoorrunners.co.uk "-" "-" "-"
193.111.248.0 - - [22/Feb/2024:13:43:55 +0100] "GET /wp-includes/pomo/about.php HTTP/1.1" 404 24763 dartmoorrunners.co.uk "-" "-" "-"
193.111.248.0 - - [22/Feb/2024:13:43:55 +0100] "GET /wp-includes/block-patterns/about.php HTTP/1.1" 404 24763 dartmoorrunners.co.uk "-" "-" "-"
184.154.139.0 - - [22/Feb/2024:13:52:19 +0100] "GET / HTTP/1.1" 301 - www.dartmoorrunners.co.uk "http://www.google.com/url?url=www.dartmoorrunners.co.uk&yahoo.com" "Mozilla/5.0 (compatible; MSIE 9.0; Windows NT 6.1; WOW64; Trident/6.0)" "-"
184.154.139.0 - - [22/Feb/2024:13:52:20 +0100] "GET / HTTP/1.1" 200 31575 dartmoorrunners.co.uk "http://www.google.com/url?url=dartmoorrunners.co.uk&yahoo.com" "Mozilla/5.0 (compatible; MSIE 9.0; Windows NT 6.1; WOW64; Trident/6.0)" "-"
184.154.139.0 - - [22/Feb/2024:13:52:22 +0100] "GET /th1s_1s_a_4o4.html HTTP/1.1" 404 24763 dartmoorrunners.co.uk "-" "SiteLockSpider [en] (WinNT; I ;Nav)" "-"
184.154.139.0 - - [22/Feb/2024:13:52:24 +0100] "GET /winter-series-results-2017 HTTP/1.1" 200 25719 dartmoorrunners.co.uk "-" "SiteLockSpider [en] (WinNT; I ;Nav)" "-"
184.154.139.0 - - [22/Feb/2024:13:52:26 +0100] "GET /results/winter-series-2012-results HTTP/1.1" 200 25917 dartmoorrunners.co.uk "http://www.google.com/url?url=dartmoorrunners.co.uk&yahoo.com" "Mozilla/5.0 (compatible; MSIE 9.0; Windows NT 6.1; WOW64; Trident/6.0)" "-"
184.154.139.0 - - [22/Feb/2024:13:52:27 +0100] "GET /results/winter-series-2015-results HTTP/1.1" 200 25700 dartmoorrunners.co.uk "-" "SiteLockSpider [en] (WinNT; I ;Nav)" "-"
184.154.139.0 - - [22/Feb/2024:13:52:29 +0100] "GET /results/winter-series-2014-results HTTP/1.1" 200 25685 dartmoorrunners.co.uk "-" "SiteLockSpider [en] (WinNT; I ;Nav)" "-"
184.154.139.0 - - [22/Feb/2024:13:52:31 +0100] "GET /sample-page/feed HTTP/1.1" 200 819 dartmoorrunners.co.uk "http://www.google.com/url?url=dartmoorrunners.co.uk&yahoo.com" "Mozilla/5.0 (compatible; MSIE 9.0; Windows NT 6.1; WOW64; Trident/6.0)" "-"
184.154.139.0 - - [22/Feb/2024:13:52:32 +0100] "GET /wp-json/wp/v2/pages/2 HTTP/1.1" 200 8903 dartmoorrunners.co.uk "http://www.google.com/url?url=dartmoorrunners.co.uk&yahoo.com" "Mozilla/5.0 (compatible; MSIE 9.0; Windows NT 6.1; WOW64; Trident/6.0)" "-"
184.154.139.0 - - [22/Feb/2024:13:52:32 +0100] "GET /wp-json/oembed/1.0/embed?url=http%3A%2F%2Fdartmoorrunners.co.uk%2F&format=xml HTTP/1.1" 200 2495 dartmoorrunners.co.uk "http://www.google.com/url?url=dartmoorrunners.co.uk&yahoo.com" "Mozilla/5.0 (compatible; MSIE 9.0; Windows NT 6.1; WOW64; Trident/6.0)" "-"
184.154.139.0 - - [22/Feb/2024:13:52:33 +0100] "GET /wp-includes/js/wp-emoji-release.min.js?ver=6.1.5 HTTP/1.1" 200 18617 dartmoorrunners.co.uk "http://www.google.com/url?url=dartmoorrunners.co.uk&yahoo.com" "Mozilla/5.0 (compatible; MSIE 9.0; Windows NT 6.1; WOW64; Trident/6.0)" "-"
184.154.139.0 - - [22/Feb/2024:13:52:33 +0100] "GET /winter-series-results-2018 HTTP/1.1" 200 25719 dartmoorrunners.co.uk "-" "SiteLockSpider [en] (WinNT; I ;Nav)" "-"
184.154.139.0 - - [22/Feb/2024:13:52:36 +0100] "GET /wp-includes/css/classic-themes.min.css?ver=1 HTTP/1.1" 200 217 dartmoorrunners.co.uk "http://www.google.com/url?url=dartmoorrunners.co.uk&yahoo.com" "Mozilla/5.0 (compatible; MSIE 9.0; Windows NT 6.1; WOW64; Trident/6.0)" "-"
184.154.139.0 - - [22/Feb/2024:13:52:36 +0100] "GET /wp-includes/css/dist/block-library/style.min.css?ver=6.1.5 HTTP/1.1" 200 95021 dartmoorrunners.co.uk "http://www.google.com/url?url=dartmoorrunners.co.uk&yahoo.com" "Mozilla/5.0 (compatible; MSIE 9.0; Windows NT 6.1; WOW64; Trident/6.0)" "-"
184.154.139.0 - - [22/Feb/2024:13:52:37 +0100] "GET /feed HTTP/1.1" 200 1728 dartmoorrunners.co.uk "-" "SiteLockSpider [en] (WinNT; I ;Nav)" "-"
184.154.139.0 - - [22/Feb/2024:13:52:38 +0100] "GET /results/summer-series-2017-results HTTP/1.1" 200 25706 dartmoorrunners.co.uk "-" "SiteLockSpider [en] (WinNT; I ;Nav)" "-"
184.154.139.0 - - [22/Feb/2024:13:52:40 +0100] "GET /feed/readme.html HTTP/1.1" 404 24763 dartmoorrunners.co.uk "-" "SiteLockSpider [en] (WinNT; I ;Nav)" "-"
184.154.139.0 - - [22/Feb/2024:13:52:41 +0100] "GET /readme.html HTTP/1.1" 200 7389 dartmoorrunners.co.uk "-" "SiteLockSpider [en] (WinNT; I ;Nav)" "-"
52.167.144.0 - - [22/Feb/2024:14:07:30 +0100] "GET /sitemap.xml HTTP/1.1" 302 - dartmoorrunners.co.uk "-" "Mozilla/5.0 AppleWebKit/537.36 (KHTML, like Gecko; compatible; bingbot/2.0; +http://www.bing.com/bingbot.htm) Chrome/116.0.1938.76 Safari/537.36" "-"
52.167.144.0 - - [22/Feb/2024:14:07:31 +0100] "GET /wp-sitemap.xml HTTP/1.1" 200 562 dartmoorrunners.co.uk "-" "Mozilla/5.0 AppleWebKit/537.36 (KHTML, like Gecko; compatible; bingbot/2.0; +http://www.bing.com/bingbot.htm) Chrome/116.0.1938.76 Safari/537.36" "-"
82.165.88.0 - - [22/Feb/2024:14:44:43 +0100] "POST /wp-cron.php?doing_wp_cron=1708609483.8369159698486328125000 HTTP/1.1" 200 - dartmoorrunners.co.uk "http://dartmoorrunners.co.uk/wp-cron.php?doing_wp_cron=1708609483.8369159698486328125000" "WordPress/6.1.5; http://dartmoorrunners.co.uk" "-"
156.146.63.0 - - [22/Feb/2024:14:44:43 +0100] "GET /wp-admin/options.php HTTP/1.1" 302 - dartmoorrunners.co.uk "-" "Mozilla/5.0 (Windows NT 10.0; Win64; x64) AppleWebKit/537.36 (KHTML, like Gecko) Chrome/113.0.0.0 Safari/537.36" "-"
146.59.35.0 - - [22/Feb/2024:14:47:17 +0100] "POST /xmlrpc.php HTTP/1.1" 200 403 dartmoorrunners.co.uk "-" "Mozilla/5.0 (X11; Fedora;Linux x86; rv:60.0) Gecko/20100101 Firefox/60.0" "-"
146.59.35.0 - - [22/Feb/2024:14:47:18 +0100] "POST /xmlrpc.php HTTP/1.1" 200 403 dartmoorrunners.co.uk "-" "Mozilla/5.0 (X11; Fedora;Linux x86; rv:60.0) Gecko/20100101 Firefox/60.0" "-"
146.59.35.0 - - [22/Feb/2024:14:47:19 +0100] "POST /xmlrpc.php HTTP/1.1" 403 618 dartmoorrunners.co.uk "-" "Mozilla/5.0 (X11; Fedora;Linux x86; rv:60.0) Gecko/20100101 Firefox/60.0" "-"
146.59.35.0 - - [22/Feb/2024:14:47:20 +0100] "POST /xmlrpc.php HTTP/1.1" 403 618 dartmoorrunners.co.uk "-" "Mozilla/5.0 (X11; Fedora;Linux x86; rv:60.0) Gecko/20100101 Firefox/60.0" "-"
146.59.35.0 - - [22/Feb/2024:14:47:21 +0100] "POST /xmlrpc.php HTTP/1.1" 403 618 dartmoorrunners.co.uk "-" "Mozilla/5.0 (X11; Fedora;Linux x86; rv:60.0) Gecko/20100101 Firefox/60.0" "-"
5.255.231.0 - - [22/Feb/2024:15:11:15 +0100] "GET /robots.txt HTTP/1.1" 301 - www.dartmoorrunners.co.uk "-" "Mozilla/5.0 (compatible; YandexBot/3.0; +http://yandex.com/bots)" "-"
5.255.231.0 - - [22/Feb/2024:15:11:16 +0100] "GET /robots.txt HTTP/1.1" 200 121 dartmoorrunners.co.uk "-" "Mozilla/5.0 (compatible; YandexBot/3.0; +http://yandex.com/bots)" "-"
87.250.224.0 - - [22/Feb/2024:15:11:17 +0100] "GET / HTTP/1.1" 301 - www.dartmoorrunners.co.uk "-" "Mozilla/5.0 (compatible; YandexBot/3.0; +http://yandex.com/bots)" "-"
213.180.203.0 - - [22/Feb/2024:15:13:21 +0100] "GET /robots.txt HTTP/1.1" 301 - www.dartmoorrunners.co.uk "-" "Mozilla/5.0 (compatible; YandexBot/3.0; +http://yandex.com/bots)" "-"
213.180.203.0 - - [22/Feb/2024:15:13:21 +0100] "GET /robots.txt HTTP/1.1" 200 121 dartmoorrunners.co.uk "-" "Mozilla/5.0 (compatible; YandexBot/3.0; +http://yandex.com/bots)" "-"
213.180.203.0 - - [22/Feb/2024:15:13:22 +0100] "GET / HTTP/1.1" 301 - www.dartmoorrunners.co.uk "-" "Mozilla/5.0 (compatible; YandexBot/3.0; +http://yandex.com/bots)" "-"
195.140.226.0 - - [22/Feb/2024:15:13:58 +0100] "GET /wp-content/plugins/essential-addons-for-elementor-lite/assets/front-end/css/view/typeform.css HTTP/1.1" 404 24763 dartmoorrunners.co.uk "-" "Mozilla/5.0 (Windows NT 10.0; Win64; x64) AppleWebKit/537.36 (KHTML, like Gecko) Chrome/91.0.4472.124 Safari/537.36" "-"
95.108.213.0 - - [22/Feb/2024:15:14:42 +0100] "GET /robots.txt HTTP/1.1" 200 121 dartmoorrunners.co.uk "-" "Mozilla/5.0 (compatible; YandexBot/3.0; +http://yandex.com/bots)" "-"
213.180.203.0 - - [22/Feb/2024:15:14:43 +0100] "GET / HTTP/1.1" 200 31575 dartmoorrunners.co.uk "-" "Mozilla/5.0 (compatible; YandexBot/3.0; +http://yandex.com/bots)" "-"
5.255.231.0 - - [22/Feb/2024:15:16:46 +0100] "GET /robots.txt HTTP/1.1" 200 121 dartmoorrunners.co.uk "-" "Mozilla/5.0 (compatible; YandexBot/3.0; +http://yandex.com/bots)" "-"
