47.128.53.0 - - [23/Feb/2024:00:23:29 +0100] "GET / HTTP/1.1" 200 31575 dartmoorrunners.co.uk "-" "Mozilla/5.0 (compatible; Bytespider; spider-feedback@bytedance.com) AppleWebKit/537.36 (KHTML, like Gecko) Chrome/70.0.0.0 Safari/537.36" "-"
47.128.53.0 - - [23/Feb/2024:00:23:30 +0100] "GET /wp-content/uploads/2017/04/cropped-dartmoorrunnerslogo_normal.png HTTP/1.1" 200 110052 dartmoorrunners.co.uk "http://dartmoorrunners.co.uk/" "Mozilla/5.0 (compatible; Bytespider; spider-feedback@bytedance.com) AppleWebKit/537.36 (KHTML, like Gecko) Chrome/70.0.0.0 Safari/537.36" "-"
47.128.53.0 - - [23/Feb/2024:00:27:33 +0100] "GET /robots.txt HTTP/1.1" 200 121 dartmoorrunners.co.uk "-" "Mozilla/5.0 (Linux; Android 5.0) AppleWebKit/537.36 (KHTML, like Gecko) Mobile Safari/537.36 (compatible; Bytespider; spider-feedback@bytedance.com)" "-"
82.165.88.0 - - [23/Feb/2024:00:32:48 +0100] "POST /wp-cron.php?doing_wp_cron=1708644768.8925330638885498046875 HTTP/1.1" 200 - dartmoorrunners.co.uk "http://dartmoorrunners.co.uk/wp-cron.php?doing_wp_cron=1708644768.8925330638885498046875" "WordPress/6.1.5; http://dartmoorrunners.co.uk" "-"
213.180.203.0 - - [23/Feb/2024:00:32:48 +0100] "GET /robots.txt HTTP/1.1" 200 121 dartmoorrunners.co.uk "-" "Mozilla/5.0 (compatible; YandexBot/3.0; +http://yandex.com/bots)" "-"
213.180.203.0 - - [23/Feb/2024:00:32:49 +0100] "GET / HTTP/1.1" 200 31575 dartmoorrunners.co.uk "-" "Mozilla/5.0 (compatible; YandexBot/3.0; +http://yandex.com/bots)" "-"
87.250.224.0 - - [23/Feb/2024:00:34:59 +0100] "GET /robots.txt HTTP/1.1" 200 121 dartmoorrunners.co.uk "-" "Mozilla/5.0 (compatible; YandexBot/3.0; +http://yandex.com/bots)" "-"
213.180.203.0 - - [23/Feb/2024:00:35:00 +0100] "GET / HTTP/1.1" 200 31575 dartmoorrunners.co.uk "-" "Mozilla/5.0 (compatible; YandexBot/3.0; +http://yandex.com/bots)" "-"
66.249.76.0 - - [23/Feb/2024:00:35:06 +0100] "GET / HTTP/1.1" 200 31575 dartmoorrunners.co.uk "-" "Mozilla/5.0 (compatible; Googlebot/2.1; +http://www.google.com/bot.html)" "-"
213.180.203.0 - - [23/Feb/2024:00:52:47 +0100] "GET /robots.txt HTTP/1.1" 301 - www.dartmoorrunners.co.uk "-" "Mozilla/5.0 (compatible; YandexBot/3.0; +http://yandex.com/bots)" "-"
213.180.203.0 - - [23/Feb/2024:00:52:47 +0100] "GET /robots.txt HTTP/1.1" 200 121 dartmoorrunners.co.uk "-" "Mozilla/5.0 (compatible; YandexBot/3.0; +http://yandex.com/bots)" "-"
5.255.231.0 - - [23/Feb/2024:00:52:48 +0100] "GET / HTTP/1.1" 301 - www.dartmoorrunners.co.uk "-" "Mozilla/5.0 (compatible; YandexBot/3.0; +http://yandex.com/bots)" "-"
5.255.231.0 - - [23/Feb/2024:00:54:54 +0100] "GET / HTTP/1.1" 301 - www.dartmoorrunners.co.uk "-" "Mozilla/5.0 (compatible; YandexBot/3.0; +http://yandex.com/bots)" "-"
114.119.130.0 - - [23/Feb/2024:01:11:34 +0100] "GET /robots.txt HTTP/1.1" 200 121 dartmoorrunners.co.uk "-" "Mozilla/5.0 (compatible;PetalBot;+https://webmaster.petalsearch.com/site/petalbot)" "-"
82.165.88.0 - - [23/Feb/2024:02:08:32 +0100] "POST /wp-cron.php?doing_wp_cron=1708650512.8413209915161132812500 HTTP/1.1" 200 - dartmoorrunners.co.uk "http://dartmoorrunners.co.uk/wp-cron.php?doing_wp_cron=1708650512.8413209915161132812500" "WordPress/6.1.5; http://dartmoorrunners.co.uk" "-"
89.248.174.0 - - [23/Feb/2024:02:08:32 +0100] "GET / HTTP/1.1" 200 31573 dartmoorrunners.co.uk "-" "Mozilla/5.0 (Windows NT 10.0; Win64; x64) AppleWebKit/537.36 (KHTML, like Gecko) Chrome/88.0.4324.150 Safari/537.36" "-"
109.70.100.0 - - [23/Feb/2024:02:16:52 +0100] "POST /xmlrpc.php HTTP/1.1" 200 403 dartmoorrunners.co.uk "-" "Mozilla/5.0 (Windows NT 10.0; Win64; x64) AppleWebKit/537.36 (KHTML, like Gecko) Chrome/69.0.3497.100 Safari/537.36" "-"
109.70.100.0 - - [23/Feb/2024:02:16:53 +0100] "POST /xmlrpc.php HTTP/1.1" 200 403 dartmoorrunners.co.uk "-" "Mozilla/5.0 (Windows NT 10.0; Win64; x64) AppleWebKit/537.36 (KHTML, like Gecko) Chrome/69.0.3497.100 Safari/537.36" "-"
109.70.100.0 - - [23/Feb/2024:02:16:54 +0100] "POST /xmlrpc.php HTTP/1.1" 403 618 dartmoorrunners.co.uk "-" "Mozilla/5.0 (Windows NT 10.0; Win64; x64) AppleWebKit/537.36 (KHTML, like Gecko) Chrome/69.0.3497.100 Safari/537.36" "-"
109.70.100.0 - - [23/Feb/2024:02:16:55 +0100] "POST /xmlrpc.php HTTP/1.1" 403 618 dartmoorrunners.co.uk "-" "Mozilla/5.0 (Windows NT 10.0; Win64; x64) AppleWebKit/537.36 (KHTML, like Gecko) Chrome/69.0.3497.100 Safari/537.36" "-"
109.70.100.0 - - [23/Feb/2024:02:16:56 +0100] "POST /xmlrpc.php HTTP/1.1" 403 618 dartmoorrunners.co.uk "-" "Mozilla/5.0 (Windows NT 10.0; Win64; x64) AppleWebKit/537.36 (KHTML, like Gecko) Chrome/69.0.3497.100 Safari/537.36" "-"
82.165.88.0 - - [23/Feb/2024:02:54:19 +0100] "POST /wp-cron.php?doing_wp_cron=1708653259.5197689533233642578125 HTTP/1.1" 200 - dartmoorrunners.co.uk "http://dartmoorrunners.co.uk/wp-cron.php?doing_wp_cron=1708653259.5197689533233642578125" "WordPress/6.1.5; http://dartmoorrunners.co.uk" "-"
2a02:2b80:100:: - - [23/Feb/2024:02:54:19 +0100] "GET /admin.php?520=1 HTTP/1.1" 404 24761 dartmoorrunners.co.uk "dartmoorrunners.co.uk" "Mozilla/5.0 (Windows NT 10.0; Win64; x64) AppleWebKit/537.36 (KHTML, like Gecko) Chrome/121.0.0.0 Safari/537.36" "-"
2a02:2b80:100:: - - [23/Feb/2024:02:54:33 +0100] "GET /about.php?520=1 HTTP/1.1" 404 24761 dartmoorrunners.co.uk "dartmoorrunners.co.uk" "Mozilla/5.0 (Windows NT 10.0; Win64; x64) AppleWebKit/537.36 (KHTML, like Gecko) Chrome/121.0.0.0 Safari/537.36" "-"
18.207.253.0 - - [23/Feb/2024:02:57:26 +0100] "GET /.git/HEAD HTTP/1.1" 403 618 dartmoorrunners.co.uk "-" "Mozilla/5.0 (Linux; Android 8.0.0; XT1650) AppleWebKit/537.36 (KHTML, like Gecko) Chrome/74.0.3729.157 Mobile Safari/537.36" "-"
87.250.224.0 - - [23/Feb/2024:03:39:19 +0100] "GET /robots.txt HTTP/1.1" 200 121 dartmoorrunners.co.uk "-" "Mozilla/5.0 (compatible; YandexBot/3.0; +http://yandex.com/bots)" "-"
82.165.88.0 - - [23/Feb/2024:03:39:20 +0100] "POST /wp-cron.php?doing_wp_cron=1708655960.0006148815155029296875 HTTP/1.1" 200 - dartmoorrunners.co.uk "http://dartmoorrunners.co.uk/wp-cron.php?doing_wp_cron=1708655960.0006148815155029296875" "WordPress/6.1.5; http://dartmoorrunners.co.uk" "-"
213.180.203.0 - - [23/Feb/2024:03:39:21 +0100] "GET / HTTP/1.1" 200 31573 dartmoorrunners.co.uk "-" "Mozilla/5.0 (compatible; YandexBot/3.0; +http://yandex.com/bots)" "-"
95.108.213.0 - - [23/Feb/2024:03:41:25 +0100] "GET / HTTP/1.1" 200 31573 dartmoorrunners.co.uk "-" "Mozilla/5.0 (compatible; YandexBot/3.0; +http://yandex.com/bots)" "-"
95.108.213.0 - - [23/Feb/2024:04:07:20 +0100] "GET /robots.txt HTTP/1.1" 301 - www.dartmoorrunners.co.uk "-" "Mozilla/5.0 (compatible; YandexBot/3.0; +http://yandex.com/bots)" "-"
95.108.213.0 - - [23/Feb/2024:04:07:20 +0100] "GET /robots.txt HTTP/1.1" 200 121 dartmoorrunners.co.uk "-" "Mozilla/5.0 (compatible; YandexBot/3.0; +http://yandex.com/bots)" "-"
213.180.203.0 - - [23/Feb/2024:04:07:21 +0100] "GET / HTTP/1.1" 301 - www.dartmoorrunners.co.uk "-" "Mozilla/5.0 (compatible; YandexBot/3.0; +http://yandex.com/bots)" "-"
213.180.203.0 - - [23/Feb/2024:04:09:24 +0100] "GET / HTTP/1.1" 301 - www.dartmoorrunners.co.uk "-" "Mozilla/5.0 (compatible; YandexBot/3.0; +http://yandex.com/bots)" "-"
81.94.159.0 - - [23/Feb/2024:04:24:04 +0100] "GET /wp-content/themes/calmly/issue.php HTTP/1.1" 404 24761 dartmoorrunners.co.uk "-" "Mozilla/4.0 (compatible; MSIE 6.0; Windows NT 5.1; SV1)" "-"
82.165.88.0 - - [23/Feb/2024:05:06:34 +0100] "POST /wp-cron.php?doing_wp_cron=1708661194.3260691165924072265625 HTTP/1.1" 200 - dartmoorrunners.co.uk "http://dartmoorrunners.co.uk/wp-cron.php?doing_wp_cron=1708661194.3260691165924072265625" "WordPress/6.1.5; http://dartmoorrunners.co.uk" "-"
52.167.144.0 - - [23/Feb/2024:05:06:34 +0100] "GET /sitemap.xml HTTP/1.1" 302 - dartmoorrunners.co.uk "-" "Mozilla/5.0 AppleWebKit/537.36 (KHTML, like Gecko; compatible; bingbot/2.0; +http://www.bing.com/bingbot.htm) Chrome/116.0.1938.76 Safari/537.36" "-"
52.167.144.0 - - [23/Feb/2024:05:06:34 +0100] "GET /wp-sitemap.xml HTTP/1.1" 200 562 dartmoorrunners.co.uk "-" "Mozilla/5.0 AppleWebKit/537.36 (KHTML, like Gecko; compatible; bingbot/2.0; +http://www.bing.com/bingbot.htm) Chrome/116.0.1938.76 Safari/537.36" "-"
199.195.253.0 - - [23/Feb/2024:05:08:47 +0100] "POST /xmlrpc.php HTTP/1.1" 200 403 dartmoorrunners.co.uk "-" "Mozilla/5.0 (Windows NT 5.1; Win64; x64) AppleWebKit/537.36 (KHTML, like Gecko) Chrome/60.0.3112.90 Safari/537.36" "-"
199.195.253.0 - - [23/Feb/2024:05:08:48 +0100] "POST /xmlrpc.php HTTP/1.1" 200 403 dartmoorrunners.co.uk "-" "Mozilla/5.0 (Windows NT 5.1; Win64; x64) AppleWebKit/537.36 (KHTML, like Gecko) Chrome/60.0.3112.90 Safari/537.36" "-"
199.195.253.0 - - [23/Feb/2024:05:08:49 +0100] "POST /xmlrpc.php HTTP/1.1" 403 618 dartmoorrunners.co.uk "-" "Mozilla/5.0 (Windows NT 5.1; Win64; x64) AppleWebKit/537.36 (KHTML, like Gecko) Chrome/60.0.3112.90 Safari/537.36" "-"
199.195.253.0 - - [23/Feb/2024:05:08:50 +0100] "POST /xmlrpc.php HTTP/1.1" 403 618 dartmoorrunners.co.uk "-" "Mozilla/5.0 (Windows NT 5.1; Win64; x64) AppleWebKit/537.36 (KHTML, like Gecko) Chrome/60.0.3112.90 Safari/537.36" "-"
199.195.253.0 - - [23/Feb/2024:05:08:51 +0100] "POST /xmlrpc.php HTTP/1.1" 403 618 dartmoorrunners.co.uk "-" "Mozilla/5.0 (Windows NT 5.1; Win64; x64) AppleWebKit/537.36 (KHTML, like Gecko) Chrome/60.0.3112.90 Safari/537.36" "-"
195.191.219.0 - - [23/Feb/2024:05:12:02 +0100] "GET /robots.txt HTTP/1.1" 200 121 dartmoorrunners.co.uk "-" "Mozilla/5.0 (compatible; MJ12bot/v1.4.8; http://mj12bot.com/)" "-"
195.191.219.0 - - [23/Feb/2024:05:12:07 +0100] "GET / HTTP/1.1" 200 31573 dartmoorrunners.co.uk "-" "Mozilla/5.0 (compatible; MJ12bot/v1.4.8; http://mj12bot.com/)" "-"
116.92.208.0 - - [23/Feb/2024:05:49:27 +0100] "POST /wp-login.php HTTP/1.1" 200 9043 dartmoorrunners.co.uk "http://dartmoorrunners.co.uk/" "Mozilla/5.0 (Windows NT 6.1; WOW64; Trident/7.0; rv:11.0) like Gecko" "-"
82.165.88.0 - - [23/Feb/2024:05:49:28 +0100] "POST /wp-cron.php?doing_wp_cron=1708663768.1539809703826904296875 HTTP/1.1" 200 - dartmoorrunners.co.uk "http://dartmoorrunners.co.uk/wp-cron.php?doing_wp_cron=1708663768.1539809703826904296875" "WordPress/6.1.5; http://dartmoorrunners.co.uk" "-"
116.92.208.0 - - [23/Feb/2024:05:49:39 +0100] "POST /wp-login.php HTTP/1.1" 200 9053 dartmoorrunners.co.uk "http://dartmoorrunners.co.uk/" "Mozilla/5.0 (Windows NT 6.1; WOW64; Trident/7.0; rv:11.0) like Gecko" "-"
79.110.17.0 - - [23/Feb/2024:05:50:12 +0100] "GET / HTTP/1.1" 200 31573 dartmoorrunners.co.uk "-" "Mozilla/5.0 (Windows NT 10.0; Win64; x64) AppleWebKit/537.36 (KHTML, like Gecko) Chrome/120.0.0.0 Safari/537.36" "-"
82.165.88.0 - - [23/Feb/2024:06:51:01 +0100] "POST /wp-cron.php?doing_wp_cron=1708667461.8465380668640136718750 HTTP/1.1" 200 - dartmoorrunners.co.uk "http://dartmoorrunners.co.uk/wp-cron.php?doing_wp_cron=1708667461.8465380668640136718750" "WordPress/6.1.5; http://dartmoorrunners.co.uk" "-"
87.250.224.0 - - [23/Feb/2024:06:51:01 +0100] "GET /robots.txt HTTP/1.1" 200 121 dartmoorrunners.co.uk "-" "Mozilla/5.0 (compatible; YandexBot/3.0; +http://yandex.com/bots)" "-"
213.180.203.0 - - [23/Feb/2024:06:51:02 +0100] "GET / HTTP/1.1" 200 31573 dartmoorrunners.co.uk "-" "Mozilla/5.0 (compatible; YandexBot/3.0; +http://yandex.com/bots)" "-"
213.180.203.0 - - [23/Feb/2024:06:53:07 +0100] "GET / HTTP/1.1" 200 31573 dartmoorrunners.co.uk "-" "Mozilla/5.0 (compatible; YandexBot/3.0; +http://yandex.com/bots)" "-"
45.156.129.0 - - [23/Feb/2024:07:07:34 +0100] "GET / HTTP/1.1" 200 31573 dartmoorrunners.co.uk "-" "Mozilla/5.0 (Windows NT 10.0; Win64; x64) AppleWebKit/537.36 (KHTML, like Gecko) Chrome/60.0.3112.113 Safari/537.36" "-"
45.156.129.0 - - [23/Feb/2024:07:07:36 +0100] "GET /favicon.ico HTTP/1.1" 302 - dartmoorrunners.co.uk "-" "Mozilla/5.0 (Windows NT 10.0; WOW64) AppleWebKit/537.36 (KHTML, like Gecko) Chrome/66.0.3359.117 Safari/537.36" "-"
45.156.129.0 - - [23/Feb/2024:07:07:36 +0100] "GET /wp-content/uploads/2017/04/cropped-dartmoorrunnerslogo_normal-32x32.png HTTP/1.1" 200 2617 dartmoorrunners.co.uk "-" "Mozilla/5.0 (Windows NT 10.0; WOW64) AppleWebKit/537.36 (KHTML, like Gecko) Chrome/66.0.3359.117 Safari/537.36" "-"
95.108.213.0 - - [23/Feb/2024:07:24:05 +0100] "GET /robots.txt HTTP/1.1" 301 - www.dartmoorrunners.co.uk "-" "Mozilla/5.0 (compatible; YandexBot/3.0; +http://yandex.com/bots)" "-"
95.108.213.0 - - [23/Feb/2024:07:24:06 +0100] "GET /robots.txt HTTP/1.1" 200 121 dartmoorrunners.co.uk "-" "Mozilla/5.0 (compatible; YandexBot/3.0; +http://yandex.com/bots)" "-"
95.108.213.0 - - [23/Feb/2024:07:24:08 +0100] "GET / HTTP/1.1" 301 - www.dartmoorrunners.co.uk "-" "Mozilla/5.0 (compatible; YandexBot/3.0; +http://yandex.com/bots)" "-"
5.255.231.0 - - [23/Feb/2024:07:26:10 +0100] "GET /robots.txt HTTP/1.1" 301 - www.dartmoorrunners.co.uk "-" "Mozilla/5.0 (compatible; YandexBot/3.0; +http://yandex.com/bots)" "-"
5.255.231.0 - - [23/Feb/2024:07:26:10 +0100] "GET /robots.txt HTTP/1.1" 200 121 dartmoorrunners.co.uk "-" "Mozilla/5.0 (compatible; YandexBot/3.0; +http://yandex.com/bots)" "-"
95.108.213.0 - - [23/Feb/2024:07:26:11 +0100] "GET / HTTP/1.1" 301 - www.dartmoorrunners.co.uk "-" "Mozilla/5.0 (compatible; YandexBot/3.0; +http://yandex.com/bots)" "-"
66.249.75.0 - - [23/Feb/2024:07:26:55 +0100] "GET /robots.txt HTTP/1.1" 200 121 dartmoorrunners.co.uk "-" "Mozilla/5.0 (compatible; Googlebot/2.1; +http://www.google.com/bot.html)" "-"
66.249.75.0 - - [23/Feb/2024:07:27:19 +0100] "GET / HTTP/1.1" 200 31573 dartmoorrunners.co.uk "-" "Mozilla/5.0 (compatible; Googlebot/2.1; +http://www.google.com/bot.html)" "-"
92.205.31.0 - - [23/Feb/2024:08:00:43 +0100] "POST /xmlrpc.php HTTP/1.1" 503 299 dartmoorrunners.co.uk "-" "Mozilla/5.0 (X11; Ubuntu; Linux x86_64; rv:62.0) Gecko/20100101 Firefox/62.0" "-"
92.205.31.0 - - [23/Feb/2024:08:00:44 +0100] "POST /xmlrpc.php HTTP/1.1" 503 299 dartmoorrunners.co.uk "-" "Mozilla/5.0 (X11; Ubuntu; Linux x86_64; rv:62.0) Gecko/20100101 Firefox/62.0" "-"
92.205.31.0 - - [23/Feb/2024:08:00:45 +0100] "POST /xmlrpc.php HTTP/1.1" 503 299 dartmoorrunners.co.uk "-" "Mozilla/5.0 (X11; Ubuntu; Linux x86_64; rv:62.0) Gecko/20100101 Firefox/62.0" "-"
92.205.31.0 - - [23/Feb/2024:08:00:46 +0100] "POST /xmlrpc.php HTTP/1.1" 503 299 dartmoorrunners.co.uk "-" "Mozilla/5.0 (X11; Ubuntu; Linux x86_64; rv:62.0) Gecko/20100101 Firefox/62.0" "-"
92.205.31.0 - - [23/Feb/2024:08:00:47 +0100] "POST /xmlrpc.php HTTP/1.1" 503 299 dartmoorrunners.co.uk "-" "Mozilla/5.0 (X11; Ubuntu; Linux x86_64; rv:62.0) Gecko/20100101 Firefox/62.0" "-"
66.249.75.0 - - [23/Feb/2024:08:24:05 +0100] "GET /ads.txt HTTP/1.1" 200 160 dartmoorrunners.co.uk "-" "Mozilla/5.0 (compatible; Googlebot/2.1; +http://www.google.com/bot.html)" "-"
115.165.166.0 - - [23/Feb/2024:08:44:00 +0100] "HEAD / HTTP/1.1" 200 - dartmoorrunners.co.uk "https://www.bing.com" "Mozilla/5.0 (Windows NT 6.2; WOW64) AppleWebKit/537.36 (KHTML, like Gecko) Chrome/27.0.1453.93 Safari/537.36" "-"
82.165.88.0 - - [23/Feb/2024:08:44:01 +0100] "POST /wp-cron.php?doing_wp_cron=1708674241.2506968975067138671875 HTTP/1.1" 200 - dartmoorrunners.co.uk "http://dartmoorrunners.co.uk/wp-cron.php?doing_wp_cron=1708674241.2506968975067138671875" "WordPress/6.1.5; http://dartmoorrunners.co.uk" "-"
115.165.166.0 - - [23/Feb/2024:08:44:02 +0100] "GET /wp-login.php HTTP/1.1" 200 8623 dartmoorrunners.co.uk "http://dartmoorrunners.co.uk" "Mozilla/5.0 (Windows NT 6.2; WOW64) AppleWebKit/537.36 (KHTML, like Gecko) Chrome/27.0.1453.93 Safari/537.36" "-"
115.165.166.0 - - [23/Feb/2024:08:44:03 +0100] "GET /wordpress/wp-login.php HTTP/1.1" 404 24761 dartmoorrunners.co.uk "http://dartmoorrunners.co.uk" "Mozilla/5.0 (Windows NT 6.2; WOW64) AppleWebKit/537.36 (KHTML, like Gecko) Chrome/27.0.1453.93 Safari/537.36" "-"
115.165.166.0 - - [23/Feb/2024:08:44:04 +0100] "GET /blog/wp-login.php HTTP/1.1" 404 24761 dartmoorrunners.co.uk "http://dartmoorrunners.co.uk" "Mozilla/5.0 (Windows NT 6.2; WOW64) AppleWebKit/537.36 (KHTML, like Gecko) Chrome/27.0.1453.93 Safari/537.36" "-"
115.165.166.0 - - [23/Feb/2024:08:44:05 +0100] "GET /wp/wp-login.php HTTP/1.1" 404 24761 dartmoorrunners.co.uk "http://dartmoorrunners.co.uk" "Mozilla/5.0 (Windows NT 6.2; WOW64) AppleWebKit/537.36 (KHTML, like Gecko) Chrome/27.0.1453.93 Safari/537.36" "-"
167.99.241.0 - - [23/Feb/2024:08:48:57 +0100] "GET / HTTP/1.1" 200 31573 dartmoorrunners.co.uk "-" "Mozilla/5.0 (X11; Linux x86_64) AppleWebKit/537.36 (KHTML, like Gecko) Chrome/108.0.0.0 Safari/537.36" "-"
116.92.208.0 - - [23/Feb/2024:08:57:12 +0100] "POST /wp-login.php HTTP/1.1" 200 9043 dartmoorrunners.co.uk "http://dartmoorrunners.co.uk/" "Mozilla/5.0 (Windows NT 6.1; WOW64; Trident/7.0; rv:11.0) like Gecko" "-"
212.227.216.0 - - [23/Feb/2024:09:09:33 +0100] "GET /robots.txt HTTP/1.1" 200 121 dartmoorrunners.co.uk "-" "IonCrawl (https://www.ionos.de/terms-gtc/faq-crawler-en/)" "-"
212.227.216.0 - - [23/Feb/2024:09:11:52 +0100] "GET /wp-sitemap.xml HTTP/1.1" 200 562 dartmoorrunners.co.uk "-" "IonCrawl (https://www.ionos.de/terms-gtc/faq-crawler-en/)" "-"
212.227.216.0 - - [23/Feb/2024:09:13:55 +0100] "GET / HTTP/1.1" 200 31573 dartmoorrunners.co.uk "-" "IonCrawl (https://www.ionos.de/terms-gtc/faq-crawler-en/)" "-"
212.227.216.0 - - [23/Feb/2024:09:21:34 +0100] "GET /results HTTP/1.1" 200 25106 dartmoorrunners.co.uk "-" "IonCrawl (https://www.ionos.de/terms-gtc/faq-crawler-en/)" "-"
212.227.216.0 - - [23/Feb/2024:09:21:35 +0100] "GET /results/winter-series-2012-results HTTP/1.1" 200 25915 dartmoorrunners.co.uk "-" "IonCrawl (https://www.ionos.de/terms-gtc/faq-crawler-en/)" "-"
212.227.216.0 - - [23/Feb/2024:09:21:36 +0100] "GET /results/winter-series-2016-results HTTP/1.1" 200 25693 dartmoorrunners.co.uk "-" "IonCrawl (https://www.ionos.de/terms-gtc/faq-crawler-en/)" "-"
212.227.216.0 - - [23/Feb/2024:09:21:37 +0100] "GET /results/winter-series-2011-results HTTP/1.1" 200 44854 dartmoorrunners.co.uk "-" "IonCrawl (https://www.ionos.de/terms-gtc/faq-crawler-en/)" "-"
212.227.216.0 - - [23/Feb/2024:09:21:38 +0100] "GET /results/summer-series-2014-results HTTP/1.1" 200 25683 dartmoorrunners.co.uk "-" "IonCrawl (https://www.ionos.de/terms-gtc/faq-crawler-en/)" "-"
212.227.216.0 - - [23/Feb/2024:09:21:39 +0100] "GET /results/winter-series-2014-results HTTP/1.1" 200 25683 dartmoorrunners.co.uk "-" "IonCrawl (https://www.ionos.de/terms-gtc/faq-crawler-en/)" "-"
212.227.216.0 - - [23/Feb/2024:09:21:39 +0100] "GET /results/winter-series-2015-results HTTP/1.1" 200 25698 dartmoorrunners.co.uk "-" "IonCrawl (https://www.ionos.de/terms-gtc/faq-crawler-en/)" "-"
212.227.216.0 - - [23/Feb/2024:09:21:39 +0100] "GET /winter-series-2019-results HTTP/1.1" 200 25725 dartmoorrunners.co.uk "-" "IonCrawl (https://www.ionos.de/terms-gtc/faq-crawler-en/)" "-"
212.227.216.0 - - [23/Feb/2024:09:21:40 +0100] "GET /current-series-dates HTTP/1.1" 200 27885 dartmoorrunners.co.uk "-" "IonCrawl (https://www.ionos.de/terms-gtc/faq-crawler-en/)" "-"
212.227.216.0 - - [23/Feb/2024:09:21:41 +0100] "GET /results/winter-series-2013-results HTTP/1.1" 200 25732 dartmoorrunners.co.uk "-" "IonCrawl (https://www.ionos.de/terms-gtc/faq-crawler-en/)" "-"
212.227.216.0 - - [23/Feb/2024:09:21:41 +0100] "GET /results/summer-series-2012-results HTTP/1.1" 200 39430 dartmoorrunners.co.uk "-" "IonCrawl (https://www.ionos.de/terms-gtc/faq-crawler-en/)" "-"
212.227.216.0 - - [23/Feb/2024:09:21:42 +0100] "GET /results/summer-series-2016-results HTTP/1.1" 200 25698 dartmoorrunners.co.uk "-" "IonCrawl (https://www.ionos.de/terms-gtc/faq-crawler-en/)" "-"
212.227.216.0 - - [23/Feb/2024:09:21:42 +0100] "GET /summer-series-2019-results HTTP/1.1" 200 25725 dartmoorrunners.co.uk "-" "IonCrawl (https://www.ionos.de/terms-gtc/faq-crawler-en/)" "-"
212.227.216.0 - - [23/Feb/2024:09:21:43 +0100] "GET /results/summer-series-2013-results HTTP/1.1" 200 25694 dartmoorrunners.co.uk "-" "IonCrawl (https://www.ionos.de/terms-gtc/faq-crawler-en/)" "-"
212.227.216.0 - - [23/Feb/2024:09:21:44 +0100] "GET /results/summer-series-2017-results HTTP/1.1" 200 25704 dartmoorrunners.co.uk "-" "IonCrawl (https://www.ionos.de/terms-gtc/faq-crawler-en/)" "-"
212.227.216.0 - - [23/Feb/2024:09:21:44 +0100] "GET / HTTP/1.1" 200 31573 dartmoorrunners.co.uk "-" "IonCrawl (https://www.ionos.de/terms-gtc/faq-crawler-en/)" "-"
212.227.216.0 - - [23/Feb/2024:09:21:45 +0100] "GET /results/summer-series-2015-results HTTP/1.1" 200 25683 dartmoorrunners.co.uk "-" "IonCrawl (https://www.ionos.de/terms-gtc/faq-crawler-en/)" "-"
212.227.216.0 - - [23/Feb/2024:09:21:45 +0100] "GET /summer-series-2023 HTTP/1.1" 200 27248 dartmoorrunners.co.uk "-" "IonCrawl (https://www.ionos.de/terms-gtc/faq-crawler-en/)" "-"
212.227.216.0 - - [23/Feb/2024:09:21:47 +0100] "GET /results/summer-series-2018-results HTTP/1.1" 200 25795 dartmoorrunners.co.uk "-" "IonCrawl (https://www.ionos.de/terms-gtc/faq-crawler-en/)" "-"
35.86.29.0 - - [23/Feb/2024:09:24:16 +0100] "GET /wp-content/uploads/2017/04/cropped-dartmoorrunnerslogo_normal.png HTTP/1.1" 200 110052 dartmoorrunners.co.uk "-" "Mozilla/5.0 (X11; Ubuntu; Linux x86_64; rv:72.0) Gecko/20100101 Firefox/72.0" "-"
43.153.103.0 - - [23/Feb/2024:09:31:21 +0100] "GET /wp-content/uploads/2017/04/KohlerJackson-300x200.jpg HTTP/1.1" 200 16235 dartmoorrunners.co.uk "-" "python-httpx/0.26.0" "-"
222.79.103.0 - - [23/Feb/2024:09:37:03 +0100] "GET / HTTP/1.1" 301 - www.dartmoorrunners.co.uk "-" "Mozilla/5.0 (iPhone; CPU iPhone OS 13_2_3 like Mac OS X) AppleWebKit/605.1.15 (KHTML, like Gecko) Version/13.0.3 Mobile/15E148 Safari/604.1" "-"
82.165.88.0 - - [23/Feb/2024:09:37:04 +0100] "POST /wp-cron.php?doing_wp_cron=1708677424.0482430458068847656250 HTTP/1.1" 200 - dartmoorrunners.co.uk "http://dartmoorrunners.co.uk/wp-cron.php?doing_wp_cron=1708677424.0482430458068847656250" "WordPress/6.1.5; http://dartmoorrunners.co.uk" "-"
222.79.103.0 - - [23/Feb/2024:09:37:11 +0100] "GET / HTTP/1.1" 200 31573 dartmoorrunners.co.uk "http://www.dartmoorrunners.co.uk" "Mozilla/5.0 (iPhone; CPU iPhone OS 13_2_3 like Mac OS X) AppleWebKit/605.1.15 (KHTML, like Gecko) Version/13.0.3 Mobile/15E148 Safari/604.1" "-"
52.167.144.0 - - [23/Feb/2024:09:53:37 +0100] "GET /wp-sitemap-users-1.xml HTTP/1.1" 200 261 dartmoorrunners.co.uk "-" "Mozilla/5.0 AppleWebKit/537.36 (KHTML, like Gecko; compatible; bingbot/2.0; +http://www.bing.com/bingbot.htm) Chrome/116.0.1938.76 Safari/537.36" "-"
122.154.72.0 - - [23/Feb/2024:09:57:31 +0100] "GET /wp-json/acf/v3/options/a?id=wp_mail&field=smtp HTTP/1.1" 503 299 dartmoorrunners.co.uk "-" "-" "-"
213.180.203.0 - - [23/Feb/2024:09:57:59 +0100] "GET /robots.txt HTTP/1.1" 200 121 dartmoorrunners.co.uk "-" "Mozilla/5.0 (compatible; YandexBot/3.0; +http://yandex.com/bots)" "-"
87.250.224.0 - - [23/Feb/2024:09:58:00 +0100] "GET / HTTP/1.1" 200 31573 dartmoorrunners.co.uk "-" "Mozilla/5.0 (compatible; YandexBot/3.0; +http://yandex.com/bots)" "-"
213.180.203.0 - - [23/Feb/2024:10:00:05 +0100] "GET /robots.txt HTTP/1.1" 200 121 dartmoorrunners.co.uk "-" "Mozilla/5.0 (compatible; YandexBot/3.0; +http://yandex.com/bots)" "-"
213.180.203.0 - - [23/Feb/2024:10:00:06 +0100] "GET / HTTP/1.1" 200 31573 dartmoorrunners.co.uk "-" "Mozilla/5.0 (compatible; YandexBot/3.0; +http://yandex.com/bots)" "-"
82.165.88.0 - - [23/Feb/2024:10:35:28 +0100] "POST /wp-cron.php?doing_wp_cron=1708680928.6802880764007568359375 HTTP/1.1" 200 - dartmoorrunners.co.uk "http://dartmoorrunners.co.uk/wp-cron.php?doing_wp_cron=1708680928.6802880764007568359375" "WordPress/6.1.5; http://dartmoorrunners.co.uk" "-"
5.255.231.0 - - [23/Feb/2024:10:35:28 +0100] "GET /robots.txt HTTP/1.1" 301 - www.dartmoorrunners.co.uk "-" "Mozilla/5.0 (compatible; YandexBot/3.0; +http://yandex.com/bots)" "-"
5.255.231.0 - - [23/Feb/2024:10:35:29 +0100] "GET /robots.txt HTTP/1.1" 200 121 dartmoorrunners.co.uk "-" "Mozilla/5.0 (compatible; YandexBot/3.0; +http://yandex.com/bots)" "-"
5.255.231.0 - - [23/Feb/2024:10:35:29 +0100] "GET / HTTP/1.1" 301 - www.dartmoorrunners.co.uk "-" "Mozilla/5.0 (compatible; YandexBot/3.0; +http://yandex.com/bots)" "-"
95.108.213.0 - - [23/Feb/2024:10:37:34 +0100] "GET / HTTP/1.1" 301 - www.dartmoorrunners.co.uk "-" "Mozilla/5.0 (compatible; YandexBot/3.0; +http://yandex.com/bots)" "-"
109.70.100.0 - - [23/Feb/2024:10:52:29 +0100] "POST /xmlrpc.php HTTP/1.1" 200 403 dartmoorrunners.co.uk "-" "Mozilla/5.0 (Windows NT 10.0; Win64; x64) AppleWebKit/537.36 (KHTML, like Gecko) Chrome/67.0.3396.99 Safari/537.36" "-"
109.70.100.0 - - [23/Feb/2024:10:52:30 +0100] "POST /xmlrpc.php HTTP/1.1" 200 403 dartmoorrunners.co.uk "-" "Mozilla/5.0 (Windows NT 10.0; Win64; x64) AppleWebKit/537.36 (KHTML, like Gecko) Chrome/67.0.3396.99 Safari/537.36" "-"
109.70.100.0 - - [23/Feb/2024:10:52:31 +0100] "POST /xmlrpc.php HTTP/1.1" 403 618 dartmoorrunners.co.uk "-" "Mozilla/5.0 (Windows NT 10.0; Win64; x64) AppleWebKit/537.36 (KHTML, like Gecko) Chrome/67.0.3396.99 Safari/537.36" "-"
109.70.100.0 - - [23/Feb/2024:10:52:32 +0100] "POST /xmlrpc.php HTTP/1.1" 403 618 dartmoorrunners.co.uk "-" "Mozilla/5.0 (Windows NT 10.0; Win64; x64) AppleWebKit/537.36 (KHTML, like Gecko) Chrome/67.0.3396.99 Safari/537.36" "-"
109.70.100.0 - - [23/Feb/2024:10:52:33 +0100] "POST /xmlrpc.php HTTP/1.1" 403 618 dartmoorrunners.co.uk "-" "Mozilla/5.0 (Windows NT 10.0; Win64; x64) AppleWebKit/537.36 (KHTML, like Gecko) Chrome/67.0.3396.99 Safari/537.36" "-"
173.249.52.0 - - [23/Feb/2024:10:59:50 +0100] "GET /simple.php HTTP/1.1" 404 24761 dartmoorrunners.co.uk "www.google.com" "Mozlila/5.0 (Linux; Android 7.0; SM-G892A Bulid/NRD90M; wv) AppleWebKit/537.36 (KHTML, like Gecko) Version/4.0 Chrome/60.0.3112.107 Moblie Safari/537.36" "-"
52.167.144.0 - - [23/Feb/2024:11:03:23 +0100] "GET /wp-sitemap-taxonomies-category-1.xml HTTP/1.1" 200 269 dartmoorrunners.co.uk "-" "Mozilla/5.0 AppleWebKit/537.36 (KHTML, like Gecko; compatible; bingbot/2.0; +http://www.bing.com/bingbot.htm) Chrome/116.0.1938.76 Safari/537.36" "-"
45.156.129.0 - - [23/Feb/2024:11:26:24 +0100] "GET / HTTP/1.1" 200 31573 dartmoorrunners.co.uk "-" "Mozilla/5.0 (Windows NT 10.0; WOW64) AppleWebKit/537.36 (KHTML, like Gecko) Chrome/66.0.3359.117 Safari/537.36" "-"
82.165.88.0 - - [23/Feb/2024:11:26:25 +0100] "POST /wp-cron.php?doing_wp_cron=1708683985.0332460403442382812500 HTTP/1.1" 200 - dartmoorrunners.co.uk "http://dartmoorrunners.co.uk/wp-cron.php?doing_wp_cron=1708683985.0332460403442382812500" "WordPress/6.1.5; http://dartmoorrunners.co.uk" "-"
82.165.88.0 - - [23/Feb/2024:12:29:34 +0100] "POST /wp-cron.php?doing_wp_cron=1708687774.3349609375000000000000 HTTP/1.1" 200 - dartmoorrunners.co.uk "http://dartmoorrunners.co.uk/wp-cron.php?doing_wp_cron=1708687774.3349609375000000000000" "WordPress/6.1.5; http://dartmoorrunners.co.uk" "-"
66.249.66.0 - - [23/Feb/2024:12:29:34 +0100] "GET / HTTP/1.1" 200 31573 dartmoorrunners.co.uk "-" "Mozilla/5.0 (compatible; Googlebot/2.1; +http://www.google.com/bot.html)" "-"
66.249.66.0 - - [23/Feb/2024:12:29:36 +0100] "GET /wp-includes/js/wp-emoji-release.min.js?ver=6.1.5 HTTP/1.1" 200 18617 dartmoorrunners.co.uk "http://dartmoorrunners.co.uk/" "Mozilla/5.0 AppleWebKit/537.36 (KHTML, like Gecko; compatible; Googlebot/2.1; +http://www.google.com/bot.html) Chrome/121.0.6167.139 Safari/537.36" "-"
66.249.66.0 - - [23/Feb/2024:12:29:36 +0100] "GET /wp-includes/css/classic-themes.min.css?ver=1 HTTP/1.1" 200 189 dartmoorrunners.co.uk "http://dartmoorrunners.co.uk/" "Mozilla/5.0 AppleWebKit/537.36 (KHTML, like Gecko; compatible; Googlebot/2.1; +http://www.google.com/bot.html) Chrome/121.0.6167.139 Safari/537.36" "-"
66.249.76.0 - - [23/Feb/2024:12:29:36 +0100] "GET /wp-content/themes/omega/style.css?ver=6.1.5 HTTP/1.1" 200 6552 dartmoorrunners.co.uk "http://dartmoorrunners.co.uk/" "Mozilla/5.0 AppleWebKit/537.36 (KHTML, like Gecko; compatible; Googlebot/2.1; +http://www.google.com/bot.html) Chrome/121.0.6167.139 Safari/537.36" "-"
66.249.66.0 - - [23/Feb/2024:12:29:36 +0100] "GET /wp-includes/css/dist/block-library/style.min.css?ver=6.1.5 HTTP/1.1" 200 16164 dartmoorrunners.co.uk "http://dartmoorrunners.co.uk/" "Mozilla/5.0 AppleWebKit/537.36 (KHTML, like Gecko; compatible; Googlebot/2.1; +http://www.google.com/bot.html) Chrome/121.0.6167.139 Safari/537.36" "-"
45.79.49.0 - - [23/Feb/2024:12:35:38 +0100] "GET //wp-content/plugins/fix/up.php HTTP/1.1" 301 - dartmoorrunners.co.uk "-" "Mozilla/5.0 (Windows NT 10.0; Win64; x64) AppleWebKit/537.36 (KHTML, like Gecko) Chrome/85.0.4183.102 Safari/537.36" "-"
45.79.49.0 - - [23/Feb/2024:12:35:39 +0100] "GET /wp-content/plugins/fix/up.php HTTP/1.1" 404 24761 dartmoorrunners.co.uk "-" "Mozilla/5.0 (Windows NT 10.0; Win64; x64) AppleWebKit/537.36 (KHTML, like Gecko) Chrome/85.0.4183.102 Safari/537.36" "-"
87.250.224.0 - - [23/Feb/2024:13:07:49 +0100] "GET /robots.txt HTTP/1.1" 200 121 dartmoorrunners.co.uk "-" "Mozilla/5.0 (compatible; YandexBot/3.0; +http://yandex.com/bots)" "-"
87.250.224.0 - - [23/Feb/2024:13:08:10 +0100] "GET / HTTP/1.1" 200 31573 dartmoorrunners.co.uk "-" "Mozilla/5.0 (compatible; YandexBot/3.0; +http://yandex.com/bots)" "-"
95.108.213.0 - - [23/Feb/2024:13:09:55 +0100] "GET /robots.txt HTTP/1.1" 200 121 dartmoorrunners.co.uk "-" "Mozilla/5.0 (compatible; YandexBot/3.0; +http://yandex.com/bots)" "-"
5.255.231.0 - - [23/Feb/2024:13:09:55 +0100] "GET / HTTP/1.1" 200 31573 dartmoorrunners.co.uk "-" "Mozilla/5.0 (compatible; YandexBot/3.0; +http://yandex.com/bots)" "-"
184.154.76.0 - - [23/Feb/2024:13:23:09 +0100] "GET / HTTP/1.1" 301 - www.dartmoorrunners.co.uk "http://www.google.com/url?url=www.dartmoorrunners.co.uk&yahoo.com" "Mozilla/5.0 (compatible; MSIE 9.0; Windows NT 6.1; WOW64; Trident/6.0)" "-"
184.154.76.0 - - [23/Feb/2024:13:23:09 +0100] "GET / HTTP/1.1" 200 31573 dartmoorrunners.co.uk "http://www.google.com/url?url=dartmoorrunners.co.uk&yahoo.com" "Mozilla/5.0 (compatible; MSIE 9.0; Windows NT 6.1; WOW64; Trident/6.0)" "-"
184.154.76.0 - - [23/Feb/2024:13:23:10 +0100] "GET /th1s_1s_a_4o4.html HTTP/1.1" 404 24761 dartmoorrunners.co.uk "-" "SiteLockSpider [en] (WinNT; I ;Nav)" "-"
184.154.76.0 - - [23/Feb/2024:13:23:11 +0100] "GET /wp-json/ HTTP/1.1" 200 164417 dartmoorrunners.co.uk "http://www.google.com/url?url=dartmoorrunners.co.uk&yahoo.com" "Mozilla/5.0 (compatible; MSIE 9.0; Windows NT 6.1; WOW64; Trident/6.0)" "-"
184.154.76.0 - - [23/Feb/2024:13:23:12 +0100] "GET /results HTTP/1.1" 200 25106 dartmoorrunners.co.uk "-" "SiteLockSpider [en] (WinNT; I ;Nav)" "-"
184.154.76.0 - - [23/Feb/2024:13:23:12 +0100] "GET /xmlrpc.php HTTP/1.1" 405 42 dartmoorrunners.co.uk "-" "SiteLockSpider [en] (WinNT; I ;Nav)" "-"
184.154.76.0 - - [23/Feb/2024:13:23:13 +0100] "GET /wp-json/oembed/1.0/embed?url=http%3A%2F%2Fdartmoorrunners.co.uk%2F HTTP/1.1" 200 2425 dartmoorrunners.co.uk "http://www.google.com/url?url=dartmoorrunners.co.uk&yahoo.com" "Mozilla/5.0 (compatible; MSIE 9.0; Windows NT 6.1; WOW64; Trident/6.0)" "-"
184.154.76.0 - - [23/Feb/2024:13:23:13 +0100] "GET /results/summer-series-2014-results HTTP/1.1" 200 25683 dartmoorrunners.co.uk "http://www.google.com/url?url=dartmoorrunners.co.uk&yahoo.com" "Mozilla/5.0 (compatible; MSIE 9.0; Windows NT 6.1; WOW64; Trident/6.0)" "-"
184.154.76.0 - - [23/Feb/2024:13:23:14 +0100] "GET /results/winter-series-2013-results HTTP/1.1" 200 25732 dartmoorrunners.co.uk "-" "SiteLockSpider [en] (WinNT; I ;Nav)" "-"
184.154.76.0 - - [23/Feb/2024:13:23:14 +0100] "GET /winter-series-2019-results HTTP/1.1" 200 25725 dartmoorrunners.co.uk "-" "SiteLockSpider [en] (WinNT; I ;Nav)" "-"
184.154.76.0 - - [23/Feb/2024:13:23:15 +0100] "GET /results/winter-series-2011-results HTTP/1.1" 200 44854 dartmoorrunners.co.uk "-" "SiteLockSpider [en] (WinNT; I ;Nav)" "-"
184.154.76.0 - - [23/Feb/2024:13:23:16 +0100] "GET /summer-series-2023 HTTP/1.1" 200 27248 dartmoorrunners.co.uk "-" "SiteLockSpider [en] (WinNT; I ;Nav)" "-"
184.154.76.0 - - [23/Feb/2024:13:23:16 +0100] "GET /results/summer-series-2015-results HTTP/1.1" 200 25683 dartmoorrunners.co.uk "-" "SiteLockSpider [en] (WinNT; I ;Nav)" "-"
184.154.76.0 - - [23/Feb/2024:13:23:17 +0100] "GET /wp-json/wp/v2/pages/73 HTTP/1.1" 200 2087 dartmoorrunners.co.uk "http://www.google.com/url?url=dartmoorrunners.co.uk&yahoo.com" "Mozilla/5.0 (compatible; MSIE 9.0; Windows NT 6.1; WOW64; Trident/6.0)" "-"
184.154.76.0 - - [23/Feb/2024:13:23:17 +0100] "GET /results/winter-series-2016-results HTTP/1.1" 200 25693 dartmoorrunners.co.uk "-" "SiteLockSpider [en] (WinNT; I ;Nav)" "-"
184.154.76.0 - - [23/Feb/2024:13:23:18 +0100] "GET /wp-content/themes/omega/style.css?ver=6.1.5 HTTP/1.1" 200 21416 dartmoorrunners.co.uk "http://www.google.com/url?url=dartmoorrunners.co.uk&yahoo.com" "Mozilla/5.0 (compatible; MSIE 9.0; Windows NT 6.1; WOW64; Trident/6.0)" "-"
184.154.76.0 - - [23/Feb/2024:13:23:18 +0100] "GET /winter-series-2022-results HTTP/1.1" 200 25784 dartmoorrunners.co.uk "-" "SiteLockSpider [en] (WinNT; I ;Nav)" "-"
184.154.76.0 - - [23/Feb/2024:13:23:19 +0100] "GET /wp-json/oembed/1.0/%5C%22http:%5C/%5C/dartmoorrunners.co.uk%5C/%5C%22 HTTP/1.1" 404 114 dartmoorrunners.co.uk "http://www.google.com/url?url=dartmoorrunners.co.uk&yahoo.com" "Mozilla/5.0 (compatible; MSIE 9.0; Windows NT 6.1; WOW64; Trident/6.0)" "-"
184.154.76.0 - - [23/Feb/2024:13:23:19 +0100] "GET /wp-json/wp/v2/pages/512 HTTP/1.1" 200 4235 dartmoorrunners.co.uk "-" "SiteLockSpider [en] (WinNT; I ;Nav)" "-"
184.154.76.0 - - [23/Feb/2024:13:23:20 +0100] "GET /wp-json/wp/v2/pages/82 HTTP/1.1" 200 24260 dartmoorrunners.co.uk "-" "SiteLockSpider [en] (WinNT; I ;Nav)" "-"
184.154.76.0 - - [23/Feb/2024:13:23:20 +0100] "GET /results/summer-series-2013-results HTTP/1.1" 200 25694 dartmoorrunners.co.uk "-" "SiteLockSpider [en] (WinNT; I ;Nav)" "-"
184.154.76.0 - - [23/Feb/2024:13:23:21 +0100] "GET /comments/feed HTTP/1.1" 200 827 dartmoorrunners.co.uk "http://www.google.com/url?url=dartmoorrunners.co.uk&yahoo.com" "Mozilla/5.0 (compatible; MSIE 9.0; Windows NT 6.1; WOW64; Trident/6.0)" "-"
2a00:6800:: - - [23/Feb/2024:13:28:40 +0100] "GET /winter_series_2009.html HTTP/1.1" 404 24761 dartmoorrunners.co.uk "-" "Mozilla/5.0 (Windows NT 10.0; Win64; x64) AppleWebKit/537.36 (KHTML, like Gecko) Chrome/91.0.4472.114 Safari/537.36 Edg/91.0.864.54" "-"
40.77.167.0 - - [23/Feb/2024:13:42:25 +0100] "GET /wp-sitemap.xml HTTP/1.1" 200 562 dartmoorrunners.co.uk "-" "Mozilla/5.0 AppleWebKit/537.36 (KHTML, like Gecko; compatible; bingbot/2.0; +http://www.bing.com/bingbot.htm) Chrome/116.0.1938.76 Safari/537.36" "-"
82.165.88.0 - - [23/Feb/2024:13:42:26 +0100] "POST /wp-cron.php?doing_wp_cron=1708692146.1222190856933593750000 HTTP/1.1" 200 - dartmoorrunners.co.uk "http://dartmoorrunners.co.uk/wp-cron.php?doing_wp_cron=1708692146.1222190856933593750000" "WordPress/6.1.5; http://dartmoorrunners.co.uk" "-"
94.16.112.0 - - [23/Feb/2024:13:43:21 +0100] "POST /xmlrpc.php HTTP/1.1" 200 403 dartmoorrunners.co.uk "-" "Mozilla/5.0 (Windows NT 10.0; Win64; x64) AppleWebKit/537.36 (KHTML, like Gecko) Chrome/68.0.3440.106 Safari/537.36" "-"
94.16.112.0 - - [23/Feb/2024:13:43:22 +0100] "POST /xmlrpc.php HTTP/1.1" 200 403 dartmoorrunners.co.uk "-" "Mozilla/5.0 (Windows NT 10.0; Win64; x64) AppleWebKit/537.36 (KHTML, like Gecko) Chrome/68.0.3440.106 Safari/537.36" "-"
94.16.112.0 - - [23/Feb/2024:13:43:23 +0100] "POST /xmlrpc.php HTTP/1.1" 403 618 dartmoorrunners.co.uk "-" "Mozilla/5.0 (Windows NT 10.0; Win64; x64) AppleWebKit/537.36 (KHTML, like Gecko) Chrome/68.0.3440.106 Safari/537.36" "-"
94.16.112.0 - - [23/Feb/2024:13:43:24 +0100] "POST /xmlrpc.php HTTP/1.1" 403 618 dartmoorrunners.co.uk "-" "Mozilla/5.0 (Windows NT 10.0; Win64; x64) AppleWebKit/537.36 (KHTML, like Gecko) Chrome/68.0.3440.106 Safari/537.36" "-"
94.16.112.0 - - [23/Feb/2024:13:43:26 +0100] "POST /xmlrpc.php HTTP/1.1" 403 618 dartmoorrunners.co.uk "-" "Mozilla/5.0 (Windows NT 10.0; Win64; x64) AppleWebKit/537.36 (KHTML, like Gecko) Chrome/68.0.3440.106 Safari/537.36" "-"
213.180.203.0 - - [23/Feb/2024:13:49:37 +0100] "GET /robots.txt HTTP/1.1" 301 - www.dartmoorrunners.co.uk "-" "Mozilla/5.0 (compatible; YandexBot/3.0; +http://yandex.com/bots)" "-"
213.180.203.0 - - [23/Feb/2024:13:49:37 +0100] "GET /robots.txt HTTP/1.1" 200 121 dartmoorrunners.co.uk "-" "Mozilla/5.0 (compatible; YandexBot/3.0; +http://yandex.com/bots)" "-"
87.250.224.0 - - [23/Feb/2024:13:49:38 +0100] "GET / HTTP/1.1" 301 - www.dartmoorrunners.co.uk "-" "Mozilla/5.0 (compatible; YandexBot/3.0; +http://yandex.com/bots)" "-"
162.0.232.0 - - [23/Feb/2024:13:49:45 +0100] "GET /wordpress/ HTTP/1.1" 404 24761 dartmoorrunners.co.uk "-" "-" "-"
213.180.203.0 - - [23/Feb/2024:13:51:42 +0100] "GET /robots.txt HTTP/1.1" 301 - www.dartmoorrunners.co.uk "-" "Mozilla/5.0 (compatible; YandexBot/3.0; +http://yandex.com/bots)" "-"
213.180.203.0 - - [23/Feb/2024:13:51:43 +0100] "GET /robots.txt HTTP/1.1" 200 121 dartmoorrunners.co.uk "-" "Mozilla/5.0 (compatible; YandexBot/3.0; +http://yandex.com/bots)" "-"
95.108.213.0 - - [23/Feb/2024:13:51:43 +0100] "GET / HTTP/1.1" 301 - www.dartmoorrunners.co.uk "-" "Mozilla/5.0 (compatible; YandexBot/3.0; +http://yandex.com/bots)" "-"
82.39.45.0 - - [23/Feb/2024:14:19:28 +0100] "GET / HTTP/1.1" 200 21804 dartmoorrunners.co.uk "-" "Mozilla/5.0 (iPhone; CPU iPhone OS 16_3_1 like Mac OS X) AppleWebKit/605.1.15 (KHTML, like Gecko) Version/16.3 Mobile/15E148 Safari/604.1" "-"
82.165.88.0 - - [23/Feb/2024:14:30:56 +0100] "POST /wp-cron.php?doing_wp_cron=1708695056.4600949287414550781250 HTTP/1.1" 200 - dartmoorrunners.co.uk "http://dartmoorrunners.co.uk/wp-cron.php?doing_wp_cron=1708695056.4600949287414550781250" "WordPress/6.1.5; http://dartmoorrunners.co.uk" "-"
40.77.167.0 - - [23/Feb/2024:14:30:56 +0100] "GET /wp-sitemap-posts-page-1.xml HTTP/1.1" 200 2150 dartmoorrunners.co.uk "-" "Mozilla/5.0 AppleWebKit/537.36 (KHTML, like Gecko; compatible; bingbot/2.0; +http://www.bing.com/bingbot.htm) Chrome/116.0.1938.76 Safari/537.36" "-"
52.200.95.0 - - [23/Feb/2024:14:48:25 +0100] "GET /.git/HEAD HTTP/1.1" 403 618 dartmoorrunners.co.uk "-" "Mozilla/5.0 (Windows NT 10.0; Win64; x64) AppleWebKit/537.36 (KHTML, like Gecko) Chrome/77.0.3835.0 Safari/537.36" "-"
192.185.81.0 - - [23/Feb/2024:15:00:50 +0100] "GET /classwithtostring.php HTTP/1.1" 404 24761 dartmoorrunners.co.uk "http://simplesite.com" "Mozilla/5.0 (Windows; U; Windows NT 5.1; en-US) AppleWebKit/533.4 (KHTML, like Gecko) Chrome/5.0.375.99 Safari/533.4" "-"
66.249.66.0 - - [23/Feb/2024:15:10:11 +0100] "GET / HTTP/1.1" 200 31573 dartmoorrunners.co.uk "-" "Mozilla/5.0 (compatible; Googlebot/2.1; +http://www.google.com/bot.html)" "-"
66.249.76.0 - - [23/Feb/2024:15:10:24 +0100] "GET /wp-includes/css/dist/block-library/style.min.css?ver=6.1.5 HTTP/1.1" 200 16164 dartmoorrunners.co.uk "http://dartmoorrunners.co.uk/" "Mozilla/5.0 AppleWebKit/537.36 (KHTML, like Gecko; compatible; Googlebot/2.1; +http://www.google.com/bot.html) Chrome/121.0.6167.139 Safari/537.36" "-"
81.102.162.0 - - [23/Feb/2024:15:36:36 +0100] "GET / HTTP/1.1" 200 31573 dartmoorrunners.co.uk "-" "Mozilla/5.0 (Linux; Android 10; K) AppleWebKit/537.36 (KHTML, like Gecko) Chrome/121.0.0.0 Mobile Safari/537.36" "-"
82.165.88.0 - - [23/Feb/2024:15:36:36 +0100] "POST /wp-cron.php?doing_wp_cron=1708698996.9698119163513183593750 HTTP/1.1" 200 - dartmoorrunners.co.uk "http://dartmoorrunners.co.uk/wp-cron.php?doing_wp_cron=1708698996.9698119163513183593750" "WordPress/6.1.5; http://dartmoorrunners.co.uk" "-"
81.102.162.0 - - [23/Feb/2024:15:36:38 +0100] "GET /wp-content/uploads/2017/04/XmasBash2017Med.jpg HTTP/1.1" 200 200566 dartmoorrunners.co.uk "http://dartmoorrunners.co.uk/" "Mozilla/5.0 (Linux; Android 10; K) AppleWebKit/537.36 (KHTML, like Gecko) Chrome/121.0.0.0 Mobile Safari/537.36" "-"
81.102.162.0 - - [23/Feb/2024:15:36:38 +0100] "GET /wp-content/uploads/2017/04/cropped-dartmoorrunnerslogo_normal.png HTTP/1.1" 200 110052 dartmoorrunners.co.uk "http://dartmoorrunners.co.uk/" "Mozilla/5.0 (Linux; Android 10; K) AppleWebKit/537.36 (KHTML, like Gecko) Chrome/121.0.0.0 Mobile Safari/537.36" "-"
81.102.162.0 - - [23/Feb/2024:15:36:38 +0100] "GET /wp-content/uploads/2017/04/ControlDog-768x576.jpg HTTP/1.1" 200 85973 dartmoorrunners.co.uk "http://dartmoorrunners.co.uk/" "Mozilla/5.0 (Linux; Android 10; K) AppleWebKit/537.36 (KHTML, like Gecko) Chrome/121.0.0.0 Mobile Safari/537.36" "-"
81.102.162.0 - - [23/Feb/2024:15:36:38 +0100] "GET /wp-content/uploads/2017/04/winter-2015-small.jpg HTTP/1.1" 200 202841 dartmoorrunners.co.uk "http://dartmoorrunners.co.uk/" "Mozilla/5.0 (Linux; Android 10; K) AppleWebKit/537.36 (KHTML, like Gecko) Chrome/121.0.0.0 Mobile Safari/537.36" "-"
81.102.162.0 - - [23/Feb/2024:15:36:38 +0100] "GET /wp-content/uploads/2017/04/Moorland-runner-cropped.jpg HTTP/1.1" 200 437747 dartmoorrunners.co.uk "http://dartmoorrunners.co.uk/" "Mozilla/5.0 (Linux; Android 10; K) AppleWebKit/537.36 (KHTML, like Gecko) Chrome/121.0.0.0 Mobile Safari/537.36" "-"
81.102.162.0 - - [23/Feb/2024:15:36:43 +0100] "GET /winter-series-2023 HTTP/1.1" 200 27638 dartmoorrunners.co.uk "http://dartmoorrunners.co.uk/" "Mozilla/5.0 (Linux; Android 10; K) AppleWebKit/537.36 (KHTML, like Gecko) Chrome/121.0.0.0 Mobile Safari/537.36" "-"
82.39.45.0 - - [23/Feb/2024:15:43:55 +0100] "GET / HTTP/1.1" 200 262 dartmoorrunners.co.uk "-" "Mozilla/5.0 (iPhone; CPU iPhone OS 16_3_1 like Mac OS X) AppleWebKit/605.1.15 (KHTML, like Gecko) Version/16.3 Mobile/15E148 Safari/604.1" "-"
52.200.95.0 - - [23/Feb/2024:15:53:33 +0100] "GET /.git/HEAD HTTP/1.1" 403 618 dartmoorrunners.co.uk "-" "Mozilla/5.0 (Windows NT 10.0; WOW64) AppleWebKit/537.36 (KHTML, like Gecko) Chrome/72.0.3626.96 Safari/537.36" "-"
2a00:23c6:9400:: - - [23/Feb/2024:15:57:09 +0100] "GET / HTTP/1.1" 200 31573 dartmoorrunners.co.uk "-" "Mozilla/5.0 (Macintosh; Intel Mac OS X 10_15_7) AppleWebKit/605.1.15 (KHTML, like Gecko) Version/16.3 Safari/605.1.15" "-"
2a00:23c6:9400:: - - [23/Feb/2024:15:57:10 +0100] "GET /wp-includes/css/dist/block-library/style.min.css?ver=6.1.5 HTTP/1.1" 200 16164 dartmoorrunners.co.uk "http://dartmoorrunners.co.uk/" "Mozilla/5.0 (Macintosh; Intel Mac OS X 10_15_7) AppleWebKit/605.1.15 (KHTML, like Gecko) Version/16.3 Safari/605.1.15" "-"
2a00:23c6:9400:: - - [23/Feb/2024:15:57:10 +0100] "GET /wp-includes/js/wp-emoji-release.min.js?ver=6.1.5 HTTP/1.1" 200 18617 dartmoorrunners.co.uk "http://dartmoorrunners.co.uk/" "Mozilla/5.0 (Macintosh; Intel Mac OS X 10_15_7) AppleWebKit/605.1.15 (KHTML, like Gecko) Version/16.3 Safari/605.1.15" "-"
2a00:23c6:9400:: - - [23/Feb/2024:15:57:10 +0100] "GET /wp-content/uploads/2017/04/ControlDog-768x576.jpg HTTP/1.1" 200 85973 dartmoorrunners.co.uk "http://dartmoorrunners.co.uk/" "Mozilla/5.0 (Macintosh; Intel Mac OS X 10_15_7) AppleWebKit/605.1.15 (KHTML, like Gecko) Version/16.3 Safari/605.1.15" "-"
2a00:23c6:9400:: - - [23/Feb/2024:15:57:10 +0100] "GET /wp-content/uploads/2017/04/Moorland-runner-cropped.jpg HTTP/1.1" 200 437747 dartmoorrunners.co.uk "http://dartmoorrunners.co.uk/" "Mozilla/5.0 (Macintosh; Intel Mac OS X 10_15_7) AppleWebKit/605.1.15 (KHTML, like Gecko) Version/16.3 Safari/605.1.15" "-"
192.185.4.0 - - [23/Feb/2024:16:01:28 +0100] "GET /wp-content/themes/hideo/network.php HTTP/1.1" 404 24761 dartmoorrunners.co.uk "http://simplesite.com" "Mozilla/5.0 (Windows; U; Windows NT 5.1; en-US) AppleWebKit/533.4 (KHTML, like Gecko) Chrome/5.0.375.99 Safari/533.4" "-"
5.255.231.0 - - [23/Feb/2024:16:13:11 +0100] "GET /robots.txt HTTP/1.1" 200 121 dartmoorrunners.co.uk "-" "Mozilla/5.0 (compatible; YandexBot/3.0; +http://yandex.com/bots)" "-"
213.180.203.0 - - [23/Feb/2024:16:13:12 +0100] "GET / HTTP/1.1" 200 31573 dartmoorrunners.co.uk "-" "Mozilla/5.0 (compatible; YandexBot/3.0; +http://yandex.com/bots)" "-"
52.200.95.0 - - [23/Feb/2024:16:14:42 +0100] "GET /.git/HEAD HTTP/1.1" 403 618 dartmoorrunners.co.uk "-" "Mozilla/5.0 (Linux; Android 7.1.1; 1713-A01) AppleWebKit/537.36 (KHTML, like Gecko) Chrome/71.0.3578.99 Mobile Safari/537.36" "-"
213.180.203.0 - - [23/Feb/2024:16:15:17 +0100] "GET / HTTP/1.1" 200 31573 dartmoorrunners.co.uk "-" "Mozilla/5.0 (compatible; YandexBot/3.0; +http://yandex.com/bots)" "-"
185.220.101.0 - - [23/Feb/2024:16:23:43 +0100] "GET / HTTP/1.1" 200 31573 dartmoorrunners.co.uk "dartmoorrunners.co.uk" "Opera/9.80 (Windows NT 6.2; WOW64) Presto/2.12.388 Version/12.17" "-"
185.220.101.0 - - [23/Feb/2024:16:23:43 +0100] "GET / HTTP/1.1" 200 31573 dartmoorrunners.co.uk "http://dartmoorrunners.co.uk" "Opera/9.80 (Windows NT 6.2; WOW64) Presto/2.12.388 Version/12.17" "-"
2.58.56.0 - - [23/Feb/2024:16:23:45 +0100] "GET /comments/feed HTTP/1.1" 200 827 dartmoorrunners.co.uk "http://dartmoorrunners.co.uk/comments/feed" "Opera/9.80 (Windows NT 6.2; WOW64) Presto/2.12.388 Version/12.17" "-"
2.58.56.0 - - [23/Feb/2024:16:23:45 +0100] "GET /current-series-dates HTTP/1.1" 200 27885 dartmoorrunners.co.uk "http://dartmoorrunners.co.uk/current-series-dates" "Opera/9.80 (Windows NT 6.2; WOW64) Presto/2.12.388 Version/12.17" "-"
2.58.56.0 - - [23/Feb/2024:16:23:46 +0100] "GET /dates_16.html HTTP/1.1" 404 24761 dartmoorrunners.co.uk "http://dartmoorrunners.co.uk/dates_16.html" "Opera/9.80 (Windows NT 6.2; WOW64) Presto/2.12.388 Version/12.17" "-"
2.58.56.0 - - [23/Feb/2024:16:23:47 +0100] "GET /dates_17.html HTTP/1.1" 404 24761 dartmoorrunners.co.uk "http://dartmoorrunners.co.uk/dates_17.html" "Opera/9.80 (Windows NT 6.2; WOW64) Presto/2.12.388 Version/12.17" "-"
2.58.56.0 - - [23/Feb/2024:16:23:48 +0100] "GET /dates_18.html HTTP/1.1" 404 24761 dartmoorrunners.co.uk "http://dartmoorrunners.co.uk/dates_18.html" "Opera/9.80 (Windows NT 6.2; WOW64) Presto/2.12.388 Version/12.17" "-"
2.58.56.0 - - [23/Feb/2024:16:23:50 +0100] "GET /dates_19.html HTTP/1.1" 404 24761 dartmoorrunners.co.uk "http://dartmoorrunners.co.uk/dates_19.html" "Opera/9.80 (Windows NT 6.2; WOW64) Presto/2.12.388 Version/12.17" "-"
2.58.56.0 - - [23/Feb/2024:16:23:51 +0100] "GET /dates_20.html HTTP/1.1" 404 24761 dartmoorrunners.co.uk "http://dartmoorrunners.co.uk/dates_20.html" "Opera/9.80 (Windows NT 6.2; WOW64) Presto/2.12.388 Version/12.17" "-"
2.58.56.0 - - [23/Feb/2024:16:23:52 +0100] "GET /dates_21.html HTTP/1.1" 404 24761 dartmoorrunners.co.uk "http://dartmoorrunners.co.uk/dates_21.html" "Opera/9.80 (Windows NT 6.2; WOW64) Presto/2.12.388 Version/12.17" "-"
2.58.56.0 - - [23/Feb/2024:16:23:53 +0100] "GET /dates_22.html HTTP/1.1" 404 24761 dartmoorrunners.co.uk "http://dartmoorrunners.co.uk/dates_22.html" "Opera/9.80 (Windows NT 6.2; WOW64) Presto/2.12.388 Version/12.17" "-"
2.58.56.0 - - [23/Feb/2024:16:23:54 +0100] "GET /dates_23.html HTTP/1.1" 404 24761 dartmoorrunners.co.uk "http://dartmoorrunners.co.uk/dates_23.html" "Opera/9.80 (Windows NT 6.2; WOW64) Presto/2.12.388 Version/12.17" "-"
54.36.101.0 - - [23/Feb/2024:16:23:55 +0100] "GET /dates_24.html HTTP/1.1" 404 24761 dartmoorrunners.co.uk "http://dartmoorrunners.co.uk/dates_24.html" "Opera/9.80 (Windows NT 6.2; WOW64) Presto/2.12.388 Version/12.17" "-"
54.36.101.0 - - [23/Feb/2024:16:23:55 +0100] "GET /dates_25.html HTTP/1.1" 404 24761 dartmoorrunners.co.uk "http://dartmoorrunners.co.uk/dates_25.html" "Opera/9.80 (Windows NT 6.2; WOW64) Presto/2.12.388 Version/12.17" "-"
54.36.101.0 - - [23/Feb/2024:16:23:56 +0100] "GET /dates_26.html HTTP/1.1" 404 24761 dartmoorrunners.co.uk "http://dartmoorrunners.co.uk/dates_26.html" "Opera/9.80 (Windows NT 6.2; WOW64) Presto/2.12.388 Version/12.17" "-"
54.36.101.0 - - [23/Feb/2024:16:23:56 +0100] "GET /feed HTTP/1.1" 200 1728 dartmoorrunners.co.uk "http://dartmoorrunners.co.uk/feed" "Opera/9.80 (Windows NT 6.2; WOW64) Presto/2.12.388 Version/12.17" "-"
54.36.101.0 - - [23/Feb/2024:16:23:57 +0100] "GET /results HTTP/1.1" 200 25106 dartmoorrunners.co.uk "http://dartmoorrunners.co.uk/results" "Opera/9.80 (Windows NT 6.2; WOW64) Presto/2.12.388 Version/12.17" "-"
54.36.101.0 - - [23/Feb/2024:16:23:57 +0100] "GET /results/summer-series-2012-results HTTP/1.1" 200 39430 dartmoorrunners.co.uk "http://dartmoorrunners.co.uk/results/summer-series-2012-results" "Opera/9.80 (Windows NT 6.2; WOW64) Presto/2.12.388 Version/12.17" "-"
54.36.101.0 - - [23/Feb/2024:16:23:58 +0100] "GET /results/summer-series-2013-results HTTP/1.1" 200 25694 dartmoorrunners.co.uk "http://dartmoorrunners.co.uk/results/summer-series-2013-results" "Opera/9.80 (Windows NT 6.2; WOW64) Presto/2.12.388 Version/12.17" "-"
54.36.101.0 - - [23/Feb/2024:16:23:58 +0100] "GET /results/summer-series-2014-results HTTP/1.1" 200 25683 dartmoorrunners.co.uk "http://dartmoorrunners.co.uk/results/summer-series-2014-results" "Opera/9.80 (Windows NT 6.2; WOW64) Presto/2.12.388 Version/12.17" "-"
54.36.101.0 - - [23/Feb/2024:16:23:59 +0100] "GET /results/summer-series-2015-results HTTP/1.1" 200 25683 dartmoorrunners.co.uk "http://dartmoorrunners.co.uk/results/summer-series-2015-results" "Opera/9.80 (Windows NT 6.2; WOW64) Presto/2.12.388 Version/12.17" "-"
54.36.101.0 - - [23/Feb/2024:16:23:59 +0100] "GET /results/summer-series-2016-results HTTP/1.1" 200 25698 dartmoorrunners.co.uk "http://dartmoorrunners.co.uk/results/summer-series-2016-results" "Opera/9.80 (Windows NT 6.2; WOW64) Presto/2.12.388 Version/12.17" "-"
54.36.101.0 - - [23/Feb/2024:16:24:00 +0100] "GET /results/summer-series-2017-results HTTP/1.1" 200 25704 dartmoorrunners.co.uk "http://dartmoorrunners.co.uk/results/summer-series-2017-results" "Opera/9.80 (Windows NT 6.2; WOW64) Presto/2.12.388 Version/12.17" "-"
54.36.101.0 - - [23/Feb/2024:16:24:00 +0100] "GET /results/summer-series-2018-results HTTP/1.1" 200 25795 dartmoorrunners.co.uk "http://dartmoorrunners.co.uk/results/summer-series-2018-results" "Opera/9.80 (Windows NT 6.2; WOW64) Presto/2.12.388 Version/12.17" "-"
54.36.101.0 - - [23/Feb/2024:16:24:01 +0100] "GET /results/winter-series-2011-results HTTP/1.1" 200 44854 dartmoorrunners.co.uk "http://dartmoorrunners.co.uk/results/winter-series-2011-results" "Opera/9.80 (Windows NT 6.2; WOW64) Presto/2.12.388 Version/12.17" "-"
