213.180.203.0 - - [22/Feb/2024:15:16:47 +0100] "GET / HTTP/1.1" 200 31575 dartmoorrunners.co.uk "-" "Mozilla/5.0 (compatible; YandexBot/3.0; +http://yandex.com/bots)" "-"
114.45.171.0 - - [22/Feb/2024:15:34:40 +0100] "GET /wp-content/uploads/2017/04/cropped-dartmoorrunnerslogo_normal.png HTTP/1.1" 200 110052 dartmoorrunners.co.uk "-" "Mozilla/5.0 (X11; Ubuntu; Linux x86_64; rv:72.0) Gecko/20100101 Firefox/72.0" "-"
45.80.158.0 - - [22/Feb/2024:16:16:21 +0100] "GET / HTTP/1.1" 200 31575 dartmoorrunners.co.uk "-" "Go-http-client/1.1" "-"
82.165.88.0 - - [22/Feb/2024:16:16:22 +0100] "POST /wp-cron.php?doing_wp_cron=1708614982.1776580810546875000000 HTTP/1.1" 200 - dartmoorrunners.co.uk "http://dartmoorrunners.co.uk/wp-cron.php?doing_wp_cron=1708614982.1776580810546875000000" "WordPress/6.1.5; http://dartmoorrunners.co.uk" "-"
45.80.158.0 - - [22/Feb/2024:16:16:23 +0100] "GET //wp-content/uploads/ HTTP/1.1" 403 618 dartmoorrunners.co.uk "-" "Go-http-client/1.1" "-"
45.80.158.0 - - [22/Feb/2024:16:16:23 +0100] "GET //wp-content/plugins/ HTTP/1.1" 200 - dartmoorrunners.co.uk "-" "Go-http-client/1.1" "-"
45.80.158.0 - - [22/Feb/2024:16:16:23 +0100] "GET //wp-admin/admin-ajax.php HTTP/1.1" 400 1 dartmoorrunners.co.uk "-" "Go-http-client/1.1" "-"
45.80.158.0 - - [22/Feb/2024:16:16:23 +0100] "GET //wp-content/themes/twenty/twenty.php HTTP/1.1" 301 - dartmoorrunners.co.uk "-" "Go-http-client/1.1" "-"
45.80.158.0 - - [22/Feb/2024:16:16:24 +0100] "GET /wp-content/themes/twenty/twenty.php HTTP/1.1" 404 24763 dartmoorrunners.co.uk "http://dartmoorrunners.co.uk//wp-content/themes/twenty/twenty.php" "Go-http-client/1.1" "-"
45.80.158.0 - - [22/Feb/2024:16:16:24 +0100] "GET //wp-content/patior/ HTTP/1.1" 301 - dartmoorrunners.co.uk "-" "Go-http-client/1.1" "-"
45.80.158.0 - - [22/Feb/2024:16:16:24 +0100] "GET /wp-content/patior/ HTTP/1.1" 404 24763 dartmoorrunners.co.uk "http://dartmoorrunners.co.uk//wp-content/patior/" "Go-http-client/1.1" "-"
45.80.158.0 - - [22/Feb/2024:16:16:24 +0100] "GET //wp-includes/js/tinymce/plugins/compat3x/css/index.php HTTP/1.1" 301 - dartmoorrunners.co.uk "-" "Go-http-client/1.1" "-"
45.80.158.0 - - [22/Feb/2024:16:16:25 +0100] "GET /wp-includes/js/tinymce/plugins/compat3x/css/ HTTP/1.1" 403 618 dartmoorrunners.co.uk "http://dartmoorrunners.co.uk//wp-includes/js/tinymce/plugins/compat3x/css/index.php" "Go-http-client/1.1" "-"
45.80.158.0 - - [22/Feb/2024:16:16:25 +0100] "GET //dropdown.php HTTP/1.1" 301 - dartmoorrunners.co.uk "-" "Go-http-client/1.1" "-"
45.80.158.0 - - [22/Feb/2024:16:16:25 +0100] "GET /dropdown.php HTTP/1.1" 404 24763 dartmoorrunners.co.uk "http://dartmoorrunners.co.uk//dropdown.php" "Go-http-client/1.1" "-"
45.80.158.0 - - [22/Feb/2024:16:16:25 +0100] "GET //wp-includes/Text/about.php HTTP/1.1" 301 - dartmoorrunners.co.uk "-" "Go-http-client/1.1" "-"
45.80.158.0 - - [22/Feb/2024:16:16:25 +0100] "GET /wp-includes/Text/about.php HTTP/1.1" 404 24763 dartmoorrunners.co.uk "http://dartmoorrunners.co.uk//wp-includes/Text/about.php" "Go-http-client/1.1" "-"
45.80.158.0 - - [22/Feb/2024:16:16:26 +0100] "GET //wp-includes/rest-api/about.php HTTP/1.1" 301 - dartmoorrunners.co.uk "-" "Go-http-client/1.1" "-"
45.80.158.0 - - [22/Feb/2024:16:16:26 +0100] "GET /wp-includes/rest-api/about.php HTTP/1.1" 404 24763 dartmoorrunners.co.uk "http://dartmoorrunners.co.uk//wp-includes/rest-api/about.php" "Go-http-client/1.1" "-"
45.80.158.0 - - [22/Feb/2024:16:16:26 +0100] "GET //ee.php HTTP/1.1" 301 - dartmoorrunners.co.uk "-" "Go-http-client/1.1" "-"
45.80.158.0 - - [22/Feb/2024:16:16:26 +0100] "GET /ee.php HTTP/1.1" 404 24763 dartmoorrunners.co.uk "http://dartmoorrunners.co.uk//ee.php" "Go-http-client/1.1" "-"
45.80.158.0 - - [22/Feb/2024:16:16:27 +0100] "GET //wp-admin/install.php HTTP/1.1" 200 1324 dartmoorrunners.co.uk "-" "Go-http-client/1.1" "-"
45.80.158.0 - - [22/Feb/2024:16:16:27 +0100] "GET //wp-content/plugins/install.php HTTP/1.1" 301 - dartmoorrunners.co.uk "-" "Go-http-client/1.1" "-"
45.80.158.0 - - [22/Feb/2024:16:16:27 +0100] "GET /wp-content/plugins/install.php HTTP/1.1" 404 24763 dartmoorrunners.co.uk "http://dartmoorrunners.co.uk//wp-content/plugins/install.php" "Go-http-client/1.1" "-"
45.80.158.0 - - [22/Feb/2024:16:16:28 +0100] "GET //wp-content/install.php HTTP/1.1" 301 - dartmoorrunners.co.uk "-" "Go-http-client/1.1" "-"
45.80.158.0 - - [22/Feb/2024:16:16:28 +0100] "GET /wp-content/install.php HTTP/1.1" 404 24763 dartmoorrunners.co.uk "http://dartmoorrunners.co.uk//wp-content/install.php" "Go-http-client/1.1" "-"
45.80.158.0 - - [22/Feb/2024:16:16:28 +0100] "GET //install.php HTTP/1.1" 301 - dartmoorrunners.co.uk "-" "Go-http-client/1.1" "-"
45.80.158.0 - - [22/Feb/2024:16:16:28 +0100] "GET /install.php HTTP/1.1" 404 24763 dartmoorrunners.co.uk "http://dartmoorrunners.co.uk//install.php" "Go-http-client/1.1" "-"
45.80.158.0 - - [22/Feb/2024:16:16:29 +0100] "GET //wp-includes/install.php HTTP/1.1" 301 - dartmoorrunners.co.uk "-" "Go-http-client/1.1" "-"
45.80.158.0 - - [22/Feb/2024:16:16:29 +0100] "GET /wp-includes/install.php HTTP/1.1" 404 24763 dartmoorrunners.co.uk "http://dartmoorrunners.co.uk//wp-includes/install.php" "Go-http-client/1.1" "-"
45.80.158.0 - - [22/Feb/2024:16:16:29 +0100] "GET //wp-admin/images/install.php HTTP/1.1" 301 - dartmoorrunners.co.uk "-" "Go-http-client/1.1" "-"
45.80.158.0 - - [22/Feb/2024:16:16:29 +0100] "GET /wp-admin/images/install.php HTTP/1.1" 404 24763 dartmoorrunners.co.uk "http://dartmoorrunners.co.uk//wp-admin/images/install.php" "Go-http-client/1.1" "-"
45.80.158.0 - - [22/Feb/2024:16:16:30 +0100] "GET //cgi-bin/install.php HTTP/1.1" 404 626 dartmoorrunners.co.uk "-" "Go-http-client/1.1" "-"
45.80.158.0 - - [22/Feb/2024:16:16:30 +0100] "GET //css/install.php HTTP/1.1" 301 - dartmoorrunners.co.uk "-" "Go-http-client/1.1" "-"
45.80.158.0 - - [22/Feb/2024:16:16:30 +0100] "GET /css/install.php HTTP/1.1" 404 24763 dartmoorrunners.co.uk "http://dartmoorrunners.co.uk//css/install.php" "Go-http-client/1.1" "-"
45.80.158.0 - - [22/Feb/2024:16:16:30 +0100] "GET //wp-admin/js/about.php7 HTTP/1.1" 301 - dartmoorrunners.co.uk "-" "Go-http-client/1.1" "-"
45.80.158.0 - - [22/Feb/2024:16:16:31 +0100] "GET /wp-admin/js/about.php7 HTTP/1.1" 404 24763 dartmoorrunners.co.uk "http://dartmoorrunners.co.uk//wp-admin/js/about.php7" "Go-http-client/1.1" "-"
45.80.158.0 - - [22/Feb/2024:16:16:31 +0100] "GET //wp-admin/js/about.php HTTP/1.1" 301 - dartmoorrunners.co.uk "-" "Go-http-client/1.1" "-"
45.80.158.0 - - [22/Feb/2024:16:16:31 +0100] "GET /wp-admin/js/about.php HTTP/1.1" 404 24763 dartmoorrunners.co.uk "http://dartmoorrunners.co.uk//wp-admin/js/about.php" "Go-http-client/1.1" "-"
45.80.158.0 - - [22/Feb/2024:16:16:31 +0100] "GET //wp-admin/maint/moon.php HTTP/1.1" 301 - dartmoorrunners.co.uk "-" "Go-http-client/1.1" "-"
45.80.158.0 - - [22/Feb/2024:16:16:32 +0100] "GET /wp-admin/maint/moon.php HTTP/1.1" 404 24763 dartmoorrunners.co.uk "http://dartmoorrunners.co.uk//wp-admin/maint/moon.php" "Go-http-client/1.1" "-"
45.80.158.0 - - [22/Feb/2024:16:16:32 +0100] "GET //cgi-bin/cgi-bin/about.php HTTP/1.1" 404 626 dartmoorrunners.co.uk "-" "Go-http-client/1.1" "-"
45.80.158.0 - - [22/Feb/2024:16:16:32 +0100] "GET //cgi-bin/cgi-bin/about.php7 HTTP/1.1" 404 626 dartmoorrunners.co.uk "-" "Go-http-client/1.1" "-"
45.80.158.0 - - [22/Feb/2024:16:16:32 +0100] "GET //wp-admin/dropdown.php HTTP/1.1" 301 - dartmoorrunners.co.uk "-" "Go-http-client/1.1" "-"
45.80.158.0 - - [22/Feb/2024:16:16:32 +0100] "GET /wp-admin/dropdown.php HTTP/1.1" 404 24763 dartmoorrunners.co.uk "http://dartmoorrunners.co.uk//wp-admin/dropdown.php" "Go-http-client/1.1" "-"
45.80.158.0 - - [22/Feb/2024:16:16:33 +0100] "GET //wp-content/plugins/Cache/dropdown.php HTTP/1.1" 301 - dartmoorrunners.co.uk "-" "Go-http-client/1.1" "-"
45.80.158.0 - - [22/Feb/2024:16:16:33 +0100] "GET /wp-content/plugins/Cache/dropdown.php HTTP/1.1" 404 24763 dartmoorrunners.co.uk "http://dartmoorrunners.co.uk//wp-content/plugins/Cache/dropdown.php" "Go-http-client/1.1" "-"
45.80.158.0 - - [22/Feb/2024:16:16:33 +0100] "GET //wp-content/dropdown.php HTTP/1.1" 301 - dartmoorrunners.co.uk "-" "Go-http-client/1.1" "-"
45.80.158.0 - - [22/Feb/2024:16:16:34 +0100] "GET /wp-content/dropdown.php HTTP/1.1" 404 24763 dartmoorrunners.co.uk "http://dartmoorrunners.co.uk//wp-content/dropdown.php" "Go-http-client/1.1" "-"
82.165.88.0 - - [22/Feb/2024:16:36:46 +0100] "POST /wp-cron.php?doing_wp_cron=1708616206.5121569633483886718750 HTTP/1.1" 200 - dartmoorrunners.co.uk "http://dartmoorrunners.co.uk/wp-cron.php?doing_wp_cron=1708616206.5121569633483886718750" "WordPress/6.1.5; http://dartmoorrunners.co.uk" "-"
117.33.163.0 - - [22/Feb/2024:16:36:46 +0100] "GET / HTTP/1.1" 200 31575 dartmoorrunners.co.uk "-" "Mozilla/5.0 (iPhone; CPU iPhone OS 13_2_3 like Mac OS X) AppleWebKit/605.1.15 (KHTML, like Gecko) Version/13.0.3 Mobile/15E148 Safari/604.1" "-"
82.165.88.0 - - [22/Feb/2024:17:06:59 +0100] "POST /wp-cron.php?doing_wp_cron=1708618019.2962648868560791015625 HTTP/1.1" 200 - dartmoorrunners.co.uk "http://dartmoorrunners.co.uk/wp-cron.php?doing_wp_cron=1708618019.2962648868560791015625" "WordPress/6.1.5; http://dartmoorrunners.co.uk" "-"
86.107.32.0 - - [22/Feb/2024:17:06:59 +0100] "GET /simple.php HTTP/1.1" 404 24763 dartmoorrunners.co.uk "http://simplesite.com" "Mozilla/5.0 (Windows; U; Windows NT 5.1; en-US) AppleWebKit/533.4 (KHTML, like Gecko) Chrome/5.0.375.99 Safari/533.4" "-"
35.188.32.0 - - [22/Feb/2024:17:08:57 +0100] "POST /wp-login.php HTTP/1.1" 200 9013 dartmoorrunners.co.uk "http://dartmoorrunners.co.uk/wp-login.php" "Mozilla/5.0 (Windows NT 6.1; Win64; x64; rv:109.0) Gecko/20100101 Firefox/111.0" "-"
35.188.32.0 - - [22/Feb/2024:17:09:09 +0100] "POST /wp-login.php HTTP/1.1" 200 8999 dartmoorrunners.co.uk "HTTP://DARTMOORRUNNERS.CO.UK/wp-login.php" "Mozilla/5.0 (Windows NT 6.1; Win64; x64; rv:109.0) Gecko/20100101 Firefox/111.0" "-"
34.124.221.0 - - [22/Feb/2024:17:20:56 +0100] "POST /wp-login.php HTTP/1.1" 200 8995 dartmoorrunners.co.uk "HTTP://DARTMOORRUNNERS.CO.UK/wp-login.php" "Mozilla/5.0 (Windows NT 6.1; Win64; x64; rv:109.0) Gecko/20100101 Firefox/111.0" "-"
82.165.88.0 - - [22/Feb/2024:17:39:08 +0100] "POST /wp-cron.php?doing_wp_cron=1708619948.3886098861694335937500 HTTP/1.1" 200 - dartmoorrunners.co.uk "http://dartmoorrunners.co.uk/wp-cron.php?doing_wp_cron=1708619948.3886098861694335937500" "WordPress/6.1.5; http://dartmoorrunners.co.uk" "-"
185.220.101.0 - - [22/Feb/2024:17:39:08 +0100] "POST /xmlrpc.php HTTP/1.1" 200 403 dartmoorrunners.co.uk "-" "Mozilla/5.0 (X11; Fedora;Linux x86; rv:60.0) Gecko/20100101 Firefox/60.0" "-"
185.220.101.0 - - [22/Feb/2024:17:39:09 +0100] "POST /xmlrpc.php HTTP/1.1" 200 403 dartmoorrunners.co.uk "-" "Mozilla/5.0 (X11; Fedora;Linux x86; rv:60.0) Gecko/20100101 Firefox/60.0" "-"
185.220.101.0 - - [22/Feb/2024:17:39:10 +0100] "POST /xmlrpc.php HTTP/1.1" 403 618 dartmoorrunners.co.uk "-" "Mozilla/5.0 (X11; Fedora;Linux x86; rv:60.0) Gecko/20100101 Firefox/60.0" "-"
185.220.101.0 - - [22/Feb/2024:17:39:11 +0100] "POST /xmlrpc.php HTTP/1.1" 403 618 dartmoorrunners.co.uk "-" "Mozilla/5.0 (X11; Fedora;Linux x86; rv:60.0) Gecko/20100101 Firefox/60.0" "-"
185.220.101.0 - - [22/Feb/2024:17:39:12 +0100] "POST /xmlrpc.php HTTP/1.1" 403 618 dartmoorrunners.co.uk "-" "Mozilla/5.0 (X11; Fedora;Linux x86; rv:60.0) Gecko/20100101 Firefox/60.0" "-"
2001:19f0:5400:: - - [22/Feb/2024:17:47:38 +0100] "GET /.env HTTP/1.1" 404 24763 dartmoorrunners.co.uk "-" "Mozilla/5.0 (Linux; U; Android 4.4.2; en-US; HM NOTE 1W Build/KOT49H) AppleWebKit/534.30 (KHTML, like Gecko) Version/4.0 UCBrowser/11.0.5.850 U3/0.8.0 Mobile Safari/534.30" "-"
2001:19f0:5400:: - - [22/Feb/2024:17:47:39 +0100] "POST / HTTP/1.1" 200 31575 dartmoorrunners.co.uk "-" "Mozilla/5.0 (Linux; U; Android 4.4.2; en-US; HM NOTE 1W Build/KOT49H) AppleWebKit/534.30 (KHTML, like Gecko) Version/4.0 UCBrowser/11.0.5.850 U3/0.8.0 Mobile Safari/534.30" "-"
66.249.75.0 - - [22/Feb/2024:17:59:09 +0100] "GET / HTTP/1.1" 200 31575 dartmoorrunners.co.uk "-" "Mozilla/5.0 (compatible; Googlebot/2.1; +http://www.google.com/bot.html)" "-"
119.59.105.0 - - [22/Feb/2024:18:00:44 +0100] "POST /wp-login.php HTTP/1.1" 200 9001 dartmoorrunners.co.uk "HTTP://DARTMOORRUNNERS.CO.UK/wp-login.php" "Mozilla/5.0 (Windows NT 6.1; Win64; x64; rv:109.0) Gecko/20100101 Firefox/111.0" "-"
119.59.105.0 - - [22/Feb/2024:18:00:56 +0100] "POST /wp-login.php HTTP/1.1" 200 9003 dartmoorrunners.co.uk "http://dartmoorrunners.co.uk/wp-login.php" "Mozilla/5.0 (Windows NT 6.1; Win64; x64; rv:109.0) Gecko/20100101 Firefox/111.0" "-"
139.59.39.0 - - [22/Feb/2024:18:01:09 +0100] "POST /wp-login.php HTTP/1.1" 200 9001 dartmoorrunners.co.uk "HTTP://DARTMOORRUNNERS.CO.UK/wp-login.php" "Mozilla/5.0 (Windows NT 6.1; Win64; x64; rv:109.0) Gecko/20100101 Firefox/111.0" "-"
139.59.39.0 - - [22/Feb/2024:18:01:21 +0100] "POST /wp-login.php HTTP/1.1" 200 9003 dartmoorrunners.co.uk "http://dartmoorrunners.co.uk/wp-login.php" "Mozilla/5.0 (Windows NT 6.1; Win64; x64; rv:109.0) Gecko/20100101 Firefox/111.0" "-"
198.199.90.0 - - [22/Feb/2024:18:01:34 +0100] "POST /wp-login.php HTTP/1.1" 200 9001 dartmoorrunners.co.uk "HTTP://DARTMOORRUNNERS.CO.UK/wp-login.php" "Mozilla/5.0 (Windows NT 6.1; Win64; x64; rv:109.0) Gecko/20100101 Firefox/111.0" "-"
198.199.90.0 - - [22/Feb/2024:18:01:46 +0100] "POST /wp-login.php HTTP/1.1" 200 9003 dartmoorrunners.co.uk "http://dartmoorrunners.co.uk/wp-login.php" "Mozilla/5.0 (Windows NT 6.1; Win64; x64; rv:109.0) Gecko/20100101 Firefox/111.0" "-"
165.22.32.0 - - [22/Feb/2024:18:01:59 +0100] "POST /wp-login.php HTTP/1.1" 200 8999 dartmoorrunners.co.uk "HTTP://DARTMOORRUNNERS.CO.UK/wp-login.php" "Mozilla/5.0 (Windows NT 6.1; Win64; x64; rv:109.0) Gecko/20100101 Firefox/111.0" "-"
165.22.32.0 - - [22/Feb/2024:18:01:59 +0100] "POST /wp-login.php HTTP/1.1" 200 8999 dartmoorrunners.co.uk "http://dartmoorrunners.co.uk/wp-login.php" "Mozilla/5.0 (Windows NT 6.1; Win64; x64; rv:109.0) Gecko/20100101 Firefox/111.0" "-"
198.71.228.0 - - [22/Feb/2024:18:01:59 +0100] "POST /wp-login.php HTTP/1.1" 200 9001 dartmoorrunners.co.uk "HTTP://DARTMOORRUNNERS.CO.UK/wp-login.php" "Mozilla/5.0 (Windows NT 6.1; Win64; x64; rv:109.0) Gecko/20100101 Firefox/111.0" "-"
198.71.228.0 - - [22/Feb/2024:18:01:59 +0100] "POST /wp-login.php HTTP/1.1" 200 9003 dartmoorrunners.co.uk "http://dartmoorrunners.co.uk/wp-login.php" "Mozilla/5.0 (Windows NT 6.1; Win64; x64; rv:109.0) Gecko/20100101 Firefox/111.0" "-"
51.68.11.0 - - [22/Feb/2024:18:02:14 +0100] "POST /wp-login.php HTTP/1.1" 200 9003 dartmoorrunners.co.uk "http://dartmoorrunners.co.uk/wp-login.php" "Mozilla/5.0 (Windows NT 6.1; Win64; x64; rv:109.0) Gecko/20100101 Firefox/111.0" "-"
51.68.11.0 - - [22/Feb/2024:18:02:14 +0100] "POST /wp-login.php HTTP/1.1" 200 9001 dartmoorrunners.co.uk "HTTP://DARTMOORRUNNERS.CO.UK/wp-login.php" "Mozilla/5.0 (Windows NT 6.1; Win64; x64; rv:109.0) Gecko/20100101 Firefox/111.0" "-"
178.33.5.0 - - [22/Feb/2024:18:03:06 +0100] "POST /wp-login.php HTTP/1.1" 200 8999 dartmoorrunners.co.uk "HTTP://DARTMOORRUNNERS.CO.UK/wp-login.php" "Mozilla/5.0 (Windows NT 6.1; Win64; x64; rv:109.0) Gecko/20100101 Firefox/111.0" "-"
34.68.95.0 - - [22/Feb/2024:18:03:07 +0100] "POST /wp-login.php HTTP/1.1" 200 8999 dartmoorrunners.co.uk "HTTP://DARTMOORRUNNERS.CO.UK/wp-login.php" "Mozilla/5.0 (Windows NT 6.1; Win64; x64; rv:109.0) Gecko/20100101 Firefox/111.0" "-"
213.180.203.0 - - [22/Feb/2024:18:23:54 +0100] "GET /robots.txt HTTP/1.1" 200 121 dartmoorrunners.co.uk "-" "Mozilla/5.0 (compatible; YandexBot/3.0; +http://yandex.com/bots)" "-"
5.255.231.0 - - [22/Feb/2024:18:23:54 +0100] "GET / HTTP/1.1" 200 31575 dartmoorrunners.co.uk "-" "Mozilla/5.0 (compatible; YandexBot/3.0; +http://yandex.com/bots)" "-"
95.108.213.0 - - [22/Feb/2024:18:25:46 +0100] "GET /robots.txt HTTP/1.1" 301 - www.dartmoorrunners.co.uk "-" "Mozilla/5.0 (compatible; YandexBot/3.0; +http://yandex.com/bots)" "-"
95.108.213.0 - - [22/Feb/2024:18:25:47 +0100] "GET /robots.txt HTTP/1.1" 200 121 dartmoorrunners.co.uk "-" "Mozilla/5.0 (compatible; YandexBot/3.0; +http://yandex.com/bots)" "-"
87.250.224.0 - - [22/Feb/2024:18:25:47 +0100] "GET / HTTP/1.1" 301 - www.dartmoorrunners.co.uk "-" "Mozilla/5.0 (compatible; YandexBot/3.0; +http://yandex.com/bots)" "-"
5.255.231.0 - - [22/Feb/2024:18:25:59 +0100] "GET / HTTP/1.1" 200 31575 dartmoorrunners.co.uk "-" "Mozilla/5.0 (compatible; YandexBot/3.0; +http://yandex.com/bots)" "-"
95.108.213.0 - - [22/Feb/2024:18:27:52 +0100] "GET / HTTP/1.1" 301 - www.dartmoorrunners.co.uk "-" "Mozilla/5.0 (compatible; YandexBot/3.0; +http://yandex.com/bots)" "-"
205.185.123.0 - - [22/Feb/2024:18:27:55 +0100] "POST /wp-login.php HTTP/1.1" 200 9043 dartmoorrunners.co.uk "http://dartmoorrunners.co.uk/" "Mozilla/5.0 (Windows NT 6.1; WOW64; Trident/7.0; rv:11.0) like Gecko" "-"
82.165.88.0 - - [22/Feb/2024:19:02:29 +0100] "POST /wp-cron.php?doing_wp_cron=1708624949.6391980648040771484375 HTTP/1.1" 200 - dartmoorrunners.co.uk "http://dartmoorrunners.co.uk/wp-cron.php?doing_wp_cron=1708624949.6391980648040771484375" "WordPress/6.1.5; http://dartmoorrunners.co.uk" "-"
52.167.144.0 - - [22/Feb/2024:19:02:29 +0100] "GET /wp-sitemap.xml HTTP/1.1" 200 562 dartmoorrunners.co.uk "-" "Mozilla/5.0 AppleWebKit/537.36 (KHTML, like Gecko; compatible; bingbot/2.0; +http://www.bing.com/bingbot.htm) Chrome/116.0.1938.76 Safari/537.36" "-"
82.165.88.0 - - [22/Feb/2024:19:36:08 +0100] "POST /wp-cron.php?doing_wp_cron=1708626968.7035350799560546875000 HTTP/1.1" 200 - dartmoorrunners.co.uk "http://dartmoorrunners.co.uk/wp-cron.php?doing_wp_cron=1708626968.7035350799560546875000" "WordPress/6.1.5; http://dartmoorrunners.co.uk" "-"
45.79.49.0 - - [22/Feb/2024:19:36:08 +0100] "GET //wp-content/plugins/fix/up.php HTTP/1.1" 301 - dartmoorrunners.co.uk "-" "Mozilla/5.0 (Windows NT 10.0; Win64; x64) AppleWebKit/537.36 (KHTML, like Gecko) Chrome/85.0.4183.102 Safari/537.36" "-"
45.79.49.0 - - [22/Feb/2024:19:36:09 +0100] "GET /wp-content/plugins/fix/up.php HTTP/1.1" 404 24763 dartmoorrunners.co.uk "-" "Mozilla/5.0 (Windows NT 10.0; Win64; x64) AppleWebKit/537.36 (KHTML, like Gecko) Chrome/85.0.4183.102 Safari/537.36" "-"
82.165.88.0 - - [22/Feb/2024:20:31:16 +0100] "POST /wp-cron.php?doing_wp_cron=1708630276.6691260337829589843750 HTTP/1.1" 200 - dartmoorrunners.co.uk "http://dartmoorrunners.co.uk/wp-cron.php?doing_wp_cron=1708630276.6691260337829589843750" "WordPress/6.1.5; http://dartmoorrunners.co.uk" "-"
185.220.101.0 - - [22/Feb/2024:20:31:16 +0100] "POST /xmlrpc.php HTTP/1.1" 200 403 dartmoorrunners.co.uk "-" "Mozilla/5.0 (Macintosh; Intel Mac OS X 10_10; rv:33.0) Gecko/20100101 Firefox/33.0" "-"
185.220.101.0 - - [22/Feb/2024:20:31:18 +0100] "POST /xmlrpc.php HTTP/1.1" 200 403 dartmoorrunners.co.uk "-" "Mozilla/5.0 (Macintosh; Intel Mac OS X 10_10; rv:33.0) Gecko/20100101 Firefox/33.0" "-"
185.220.101.0 - - [22/Feb/2024:20:31:19 +0100] "POST /xmlrpc.php HTTP/1.1" 403 618 dartmoorrunners.co.uk "-" "Mozilla/5.0 (Macintosh; Intel Mac OS X 10_10; rv:33.0) Gecko/20100101 Firefox/33.0" "-"
185.220.101.0 - - [22/Feb/2024:20:31:20 +0100] "POST /xmlrpc.php HTTP/1.1" 403 618 dartmoorrunners.co.uk "-" "Mozilla/5.0 (Macintosh; Intel Mac OS X 10_10; rv:33.0) Gecko/20100101 Firefox/33.0" "-"
185.220.101.0 - - [22/Feb/2024:20:31:21 +0100] "POST /xmlrpc.php HTTP/1.1" 403 618 dartmoorrunners.co.uk "-" "Mozilla/5.0 (Macintosh; Intel Mac OS X 10_10; rv:33.0) Gecko/20100101 Firefox/33.0" "-"
82.165.88.0 - - [22/Feb/2024:21:21:11 +0100] "POST /wp-cron.php?doing_wp_cron=1708633271.9051730632781982421875 HTTP/1.1" 200 - dartmoorrunners.co.uk "http://dartmoorrunners.co.uk/wp-cron.php?doing_wp_cron=1708633271.9051730632781982421875" "WordPress/6.1.5; http://dartmoorrunners.co.uk" "-"
2a00:23c8:a700:: - - [22/Feb/2024:21:21:11 +0100] "GET / HTTP/1.1" 301 - www.dartmoorrunners.co.uk "-" "Mozilla/5.0 (Macintosh; Intel Mac OS X 10_15_7) AppleWebKit/605.1.15 (KHTML, like Gecko) Version/17.2 Safari/605.1.15" "-"
2a00:23c8:a700:: - - [22/Feb/2024:21:21:12 +0100] "GET / HTTP/1.1" 200 31575 dartmoorrunners.co.uk "-" "Mozilla/5.0 (Macintosh; Intel Mac OS X 10_15_7) AppleWebKit/605.1.15 (KHTML, like Gecko) Version/17.2 Safari/605.1.15" "-"
2a00:23c8:a700:: - - [22/Feb/2024:21:21:12 +0100] "GET /wp-includes/js/wp-emoji-release.min.js?ver=6.1.5 HTTP/1.1" 200 18617 dartmoorrunners.co.uk "http://dartmoorrunners.co.uk/" "Mozilla/5.0 (Macintosh; Intel Mac OS X 10_15_7) AppleWebKit/605.1.15 (KHTML, like Gecko) Version/17.2 Safari/605.1.15" "-"
2a00:23c8:a700:: - - [22/Feb/2024:21:21:12 +0100] "GET /wp-content/themes/omega/style.css?ver=6.1.5 HTTP/1.1" 200 6552 dartmoorrunners.co.uk "http://dartmoorrunners.co.uk/" "Mozilla/5.0 (Macintosh; Intel Mac OS X 10_15_7) AppleWebKit/605.1.15 (KHTML, like Gecko) Version/17.2 Safari/605.1.15" "-"
2a00:23c8:a700:: - - [22/Feb/2024:21:21:12 +0100] "GET /wp-includes/css/dist/block-library/style.min.css?ver=6.1.5 HTTP/1.1" 200 16164 dartmoorrunners.co.uk "http://dartmoorrunners.co.uk/" "Mozilla/5.0 (Macintosh; Intel Mac OS X 10_15_7) AppleWebKit/605.1.15 (KHTML, like Gecko) Version/17.2 Safari/605.1.15" "-"
2a00:23c8:a700:: - - [22/Feb/2024:21:21:12 +0100] "GET /wp-includes/css/classic-themes.min.css?ver=1 HTTP/1.1" 200 189 dartmoorrunners.co.uk "http://dartmoorrunners.co.uk/" "Mozilla/5.0 (Macintosh; Intel Mac OS X 10_15_7) AppleWebKit/605.1.15 (KHTML, like Gecko) Version/17.2 Safari/605.1.15" "-"
2a00:23c8:a700:: - - [22/Feb/2024:21:21:12 +0100] "GET /wp-content/uploads/2017/04/cropped-dartmoorrunnerslogo_normal.png HTTP/1.1" 200 110052 dartmoorrunners.co.uk "http://dartmoorrunners.co.uk/" "Mozilla/5.0 (Macintosh; Intel Mac OS X 10_15_7) AppleWebKit/605.1.15 (KHTML, like Gecko) Version/17.2 Safari/605.1.15" "-"
2a00:23c8:a700:: - - [22/Feb/2024:21:21:12 +0100] "GET /wp-content/uploads/2017/04/XmasBash2017Med.jpg HTTP/1.1" 200 200566 dartmoorrunners.co.uk "http://dartmoorrunners.co.uk/" "Mozilla/5.0 (Macintosh; Intel Mac OS X 10_15_7) AppleWebKit/605.1.15 (KHTML, like Gecko) Version/17.2 Safari/605.1.15" "-"
2a00:23c8:a700:: - - [22/Feb/2024:21:21:12 +0100] "GET /wp-content/uploads/2017/04/ControlDog-768x576.jpg HTTP/1.1" 200 85973 dartmoorrunners.co.uk "http://dartmoorrunners.co.uk/" "Mozilla/5.0 (Macintosh; Intel Mac OS X 10_15_7) AppleWebKit/605.1.15 (KHTML, like Gecko) Version/17.2 Safari/605.1.15" "-"
2a00:23c8:a700:: - - [22/Feb/2024:21:21:13 +0100] "GET /wp-content/uploads/2017/04/winter-2015-small.jpg HTTP/1.1" 200 202841 dartmoorrunners.co.uk "http://dartmoorrunners.co.uk/" "Mozilla/5.0 (Macintosh; Intel Mac OS X 10_15_7) AppleWebKit/605.1.15 (KHTML, like Gecko) Version/17.2 Safari/605.1.15" "-"
2a00:23c8:a700:: - - [22/Feb/2024:21:21:13 +0100] "GET /wp-content/uploads/2017/04/Moorland-runner-cropped.jpg HTTP/1.1" 200 437747 dartmoorrunners.co.uk "http://dartmoorrunners.co.uk/" "Mozilla/5.0 (Macintosh; Intel Mac OS X 10_15_7) AppleWebKit/605.1.15 (KHTML, like Gecko) Version/17.2 Safari/605.1.15" "-"
2a00:23c8:a700:: - - [22/Feb/2024:21:21:18 +0100] "GET /winter-series-2023 HTTP/1.1" 200 27640 dartmoorrunners.co.uk "http://dartmoorrunners.co.uk/" "Mozilla/5.0 (Macintosh; Intel Mac OS X 10_15_7) AppleWebKit/605.1.15 (KHTML, like Gecko) Version/17.2 Safari/605.1.15" "-"
213.180.203.0 - - [22/Feb/2024:21:29:06 +0100] "GET /robots.txt HTTP/1.1" 200 121 dartmoorrunners.co.uk "-" "Mozilla/5.0 (compatible; YandexBot/3.0; +http://yandex.com/bots)" "-"
213.180.203.0 - - [22/Feb/2024:21:29:07 +0100] "GET / HTTP/1.1" 200 31575 dartmoorrunners.co.uk "-" "Mozilla/5.0 (compatible; YandexBot/3.0; +http://yandex.com/bots)" "-"
87.250.224.0 - - [22/Feb/2024:21:31:11 +0100] "GET / HTTP/1.1" 200 31575 dartmoorrunners.co.uk "-" "Mozilla/5.0 (compatible; YandexBot/3.0; +http://yandex.com/bots)" "-"
82.165.88.0 - - [22/Feb/2024:21:31:12 +0100] "POST /wp-cron.php?doing_wp_cron=1708633872.1204829216003417968750 HTTP/1.1" 200 - dartmoorrunners.co.uk "http://dartmoorrunners.co.uk/wp-cron.php?doing_wp_cron=1708633872.1204829216003417968750" "WordPress/6.1.5; http://dartmoorrunners.co.uk" "-"
5.255.231.0 - - [22/Feb/2024:21:38:01 +0100] "GET /robots.txt HTTP/1.1" 301 - www.dartmoorrunners.co.uk "-" "Mozilla/5.0 (compatible; YandexBot/3.0; +http://yandex.com/bots)" "-"
5.255.231.0 - - [22/Feb/2024:21:38:02 +0100] "GET /robots.txt HTTP/1.1" 200 121 dartmoorrunners.co.uk "-" "Mozilla/5.0 (compatible; YandexBot/3.0; +http://yandex.com/bots)" "-"
95.108.213.0 - - [22/Feb/2024:21:38:03 +0100] "GET / HTTP/1.1" 301 - www.dartmoorrunners.co.uk "-" "Mozilla/5.0 (compatible; YandexBot/3.0; +http://yandex.com/bots)" "-"
87.250.224.0 - - [22/Feb/2024:21:40:05 +0100] "GET / HTTP/1.1" 301 - www.dartmoorrunners.co.uk "-" "Mozilla/5.0 (compatible; YandexBot/3.0; +http://yandex.com/bots)" "-"
192.76.8.0 - - [22/Feb/2024:22:21:28 +0100] "GET /varsity/relay/ HTTP/1.1" 200 4158 dartmoorrunners.co.uk "-" "Mozilla/5.0 (Windows NT 10.0; Win64; x64) AppleWebKit/537.36 (KHTML, like Gecko) Chrome/121.0.0.0 Safari/537.36 Edg/121.0.0.0" "-"
34.105.37.0 - - [22/Feb/2024:22:21:29 +0100] "GET /varsity/relay HTTP/1.1" 301 251 dartmoorrunners.co.uk "-" "Mozilla/5.0 (Windows NT 6.1; WOW64; Trident/7.0; rv:11.0) like Gecko" "-"
192.76.8.0 - - [22/Feb/2024:22:21:29 +0100] "GET /favicon.ico HTTP/1.1" 302 - dartmoorrunners.co.uk "http://dartmoorrunners.co.uk/varsity/relay/" "Mozilla/5.0 (Windows NT 10.0; Win64; x64) AppleWebKit/537.36 (KHTML, like Gecko) Chrome/121.0.0.0 Safari/537.36 Edg/121.0.0.0" "-"
34.105.37.0 - - [22/Feb/2024:22:21:29 +0100] "GET /varsity/relay/ HTTP/1.1" 200 14149 dartmoorrunners.co.uk "-" "Mozilla/5.0 (Windows NT 6.1; WOW64; Trident/7.0; rv:11.0) like Gecko" "-"
192.76.8.0 - - [22/Feb/2024:22:21:29 +0100] "GET /wp-content/uploads/2017/04/cropped-dartmoorrunnerslogo_normal-32x32.png HTTP/1.1" 200 2617 dartmoorrunners.co.uk "http://dartmoorrunners.co.uk/varsity/relay/" "Mozilla/5.0 (Windows NT 10.0; Win64; x64) AppleWebKit/537.36 (KHTML, like Gecko) Chrome/121.0.0.0 Safari/537.36 Edg/121.0.0.0" "-"
192.76.8.0 - - [22/Feb/2024:22:24:13 +0100] "GET /varsity/ HTTP/1.1" 200 36194 dartmoorrunners.co.uk "-" "Mozilla/5.0 (Windows NT 10.0; Win64; x64) AppleWebKit/537.36 (KHTML, like Gecko) Chrome/121.0.0.0 Safari/537.36 Edg/121.0.0.0" "-"
34.145.165.0 - - [22/Feb/2024:22:24:15 +0100] "GET /varsity HTTP/1.1" 301 245 dartmoorrunners.co.uk "-" "Mozilla/5.0 (Windows NT 6.1; WOW64; Trident/7.0; rv:11.0) like Gecko" "-"
34.145.165.0 - - [22/Feb/2024:22:24:15 +0100] "GET /varsity/ HTTP/1.1" 200 211051 dartmoorrunners.co.uk "-" "Mozilla/5.0 (Windows NT 6.1; WOW64; Trident/7.0; rv:11.0) like Gecko" "-"
82.165.88.0 - - [22/Feb/2024:22:44:34 +0100] "POST /wp-cron.php?doing_wp_cron=1708638274.8683168888092041015625 HTTP/1.1" 200 - dartmoorrunners.co.uk "http://dartmoorrunners.co.uk/wp-cron.php?doing_wp_cron=1708638274.8683168888092041015625" "WordPress/6.1.5; http://dartmoorrunners.co.uk" "-"
54.36.148.0 - - [22/Feb/2024:22:44:34 +0100] "GET /robots.txt HTTP/1.1" 200 121 dartmoorrunners.co.uk "-" "Mozilla/5.0 (compatible; AhrefsBot/7.0; +http://ahrefs.com/robot/)" "-"
82.165.88.0 - - [22/Feb/2024:23:23:55 +0100] "POST /wp-cron.php?doing_wp_cron=1708640635.9548799991607666015625 HTTP/1.1" 200 - dartmoorrunners.co.uk "http://dartmoorrunners.co.uk/wp-cron.php?doing_wp_cron=1708640635.9548799991607666015625" "WordPress/6.1.5; http://dartmoorrunners.co.uk" "-"
192.42.116.0 - - [22/Feb/2024:23:23:55 +0100] "POST /xmlrpc.php HTTP/1.1" 200 403 dartmoorrunners.co.uk "-" "Mozilla/5.0 (X11; Linux x86_64) AppleWebKit/537.36 (KHTML, like Gecko) Chrome/77.0.3865.120 Safari/537.36" "-"
192.42.116.0 - - [22/Feb/2024:23:23:56 +0100] "POST /xmlrpc.php HTTP/1.1" 200 403 dartmoorrunners.co.uk "-" "Mozilla/5.0 (X11; Linux x86_64) AppleWebKit/537.36 (KHTML, like Gecko) Chrome/77.0.3865.120 Safari/537.36" "-"
192.42.116.0 - - [22/Feb/2024:23:23:57 +0100] "POST /xmlrpc.php HTTP/1.1" 403 618 dartmoorrunners.co.uk "-" "Mozilla/5.0 (X11; Linux x86_64) AppleWebKit/537.36 (KHTML, like Gecko) Chrome/77.0.3865.120 Safari/537.36" "-"
192.42.116.0 - - [22/Feb/2024:23:23:58 +0100] "POST /xmlrpc.php HTTP/1.1" 403 618 dartmoorrunners.co.uk "-" "Mozilla/5.0 (X11; Linux x86_64) AppleWebKit/537.36 (KHTML, like Gecko) Chrome/77.0.3865.120 Safari/537.36" "-"
192.42.116.0 - - [22/Feb/2024:23:23:59 +0100] "POST /xmlrpc.php HTTP/1.1" 403 618 dartmoorrunners.co.uk "-" "Mozilla/5.0 (X11; Linux x86_64) AppleWebKit/537.36 (KHTML, like Gecko) Chrome/77.0.3865.120 Safari/537.36" "-"
130.61.239.0 - - [22/Feb/2024:23:29:08 +0100] "GET /wp-json/?rest_route=/wp/v2/users/ HTTP/1.1" 200 584 dartmoorrunners.co.uk "-" "Mozilla/5.0 (Windows NT 10.0; Win64; x64) AppleWebKit/537.36 (KHTML, like Gecko) Chrome/83.0.4103.61 Safari/537.36 Edg/83.0.478.37" "-"
2a04:4a43:5400:: - - [22/Feb/2024:23:29:18 +0100] "GET /wp-includes/css/dist/block-library/style.min.css?ver=6.1.5 HTTP/1.1" 200 16164 dartmoorrunners.co.uk "-" "Mozilla/5.0 (Linux; Android 10; K) AppleWebKit/537.36 (KHTML, like Gecko) Chrome/122.0.0.0 Mobile Safari/537.36" "-"
2a04:4a43:5400:: - - [22/Feb/2024:23:29:18 +0100] "GET /wp-includes/css/classic-themes.min.css?ver=1 HTTP/1.1" 200 189 dartmoorrunners.co.uk "-" "Mozilla/5.0 (Linux; Android 10; K) AppleWebKit/537.36 (KHTML, like Gecko) Chrome/122.0.0.0 Mobile Safari/537.36" "-"
2a04:4a43:5400:: - - [22/Feb/2024:23:29:18 +0100] "GET /wp-content/themes/omega/style.css?ver=6.1.5 HTTP/1.1" 200 6552 dartmoorrunners.co.uk "-" "Mozilla/5.0 (Linux; Android 10; K) AppleWebKit/537.36 (KHTML, like Gecko) Chrome/122.0.0.0 Mobile Safari/537.36" "-"
2a04:4a43:5400:: - - [22/Feb/2024:23:29:18 +0100] "GET / HTTP/1.1" 200 31575 dartmoorrunners.co.uk "-" "Mozilla/5.0 (Linux; Android 10; K) AppleWebKit/537.36 (KHTML, like Gecko) Chrome/122.0.0.0 Mobile Safari/537.36" "-"
82.165.88.0 - - [22/Feb/2024:23:29:19 +0100] "POST /wp-cron.php?doing_wp_cron=1708640959.1367468833923339843750 HTTP/1.1" 200 - dartmoorrunners.co.uk "http://dartmoorrunners.co.uk/wp-cron.php?doing_wp_cron=1708640959.1367468833923339843750" "WordPress/6.1.5; http://dartmoorrunners.co.uk" "-"
2a04:4a43:5400:: - - [22/Feb/2024:23:29:19 +0100] "GET /wp-content/uploads/2017/04/XmasBash2017Med.jpg HTTP/1.1" 200 200566 dartmoorrunners.co.uk "http://dartmoorrunners.co.uk/" "Mozilla/5.0 (Linux; Android 10; K) AppleWebKit/537.36 (KHTML, like Gecko) Chrome/122.0.0.0 Mobile Safari/537.36" "-"
2a04:4a43:5400:: - - [22/Feb/2024:23:29:19 +0100] "GET /wp-content/uploads/2017/04/ControlDog-1024x768.jpg HTTP/1.1" 200 147847 dartmoorrunners.co.uk "http://dartmoorrunners.co.uk/" "Mozilla/5.0 (Linux; Android 10; K) AppleWebKit/537.36 (KHTML, like Gecko) Chrome/122.0.0.0 Mobile Safari/537.36" "-"
2a04:4a43:5400:: - - [22/Feb/2024:23:29:19 +0100] "GET /wp-content/uploads/2017/04/Moorland-runner-cropped.jpg HTTP/1.1" 200 437747 dartmoorrunners.co.uk "http://dartmoorrunners.co.uk/" "Mozilla/5.0 (Linux; Android 10; K) AppleWebKit/537.36 (KHTML, like Gecko) Chrome/122.0.0.0 Mobile Safari/537.36" "-"
2a04:4a43:5400:: - - [22/Feb/2024:23:29:19 +0100] "GET /wp-includes/js/wp-emoji-release.min.js?ver=6.1.5 HTTP/1.1" 200 18617 dartmoorrunners.co.uk "http://dartmoorrunners.co.uk/" "Mozilla/5.0 (Linux; Android 10; K) AppleWebKit/537.36 (KHTML, like Gecko) Chrome/122.0.0.0 Mobile Safari/537.36" "-"
2a04:4a43:5400:: - - [22/Feb/2024:23:29:20 +0100] "GET /wp-content/uploads/2017/04/cropped-dartmoorrunnerslogo_normal.png HTTP/1.1" 200 110052 dartmoorrunners.co.uk "http://dartmoorrunners.co.uk/" "Mozilla/5.0 (Linux; Android 10; K) AppleWebKit/537.36 (KHTML, like Gecko) Chrome/122.0.0.0 Mobile Safari/537.36" "-"
2a04:4a43:5400:: - - [22/Feb/2024:23:29:20 +0100] "GET /wp-content/uploads/2017/04/winter-2015-small.jpg HTTP/1.1" 200 202841 dartmoorrunners.co.uk "http://dartmoorrunners.co.uk/" "Mozilla/5.0 (Linux; Android 10; K) AppleWebKit/537.36 (KHTML, like Gecko) Chrome/122.0.0.0 Mobile Safari/537.36" "-"
2a04:4a43:5400:: - - [22/Feb/2024:23:29:21 +0100] "GET /wp-content/uploads/2017/04/cropped-dartmoorrunnerslogo_normal-180x180.png HTTP/1.1" 200 55513 dartmoorrunners.co.uk "http://dartmoorrunners.co.uk/" "Mozilla/5.0 (Linux; Android 10; K) AppleWebKit/537.36 (KHTML, like Gecko) Chrome/122.0.0.0 Mobile Safari/537.36" "-"
2a04:4a43:5400:: - - [22/Feb/2024:23:29:21 +0100] "GET /wp-content/uploads/2017/04/cropped-dartmoorrunnerslogo_normal-192x192.png HTTP/1.1" 200 59292 dartmoorrunners.co.uk "http://dartmoorrunners.co.uk/" "Mozilla/5.0 (Linux; Android 10; K) AppleWebKit/537.36 (KHTML, like Gecko) Chrome/122.0.0.0 Mobile Safari/537.36" "-"
2a04:4a43:5400:: - - [22/Feb/2024:23:29:55 +0100] "GET / HTTP/1.1" 200 31575 dartmoorrunners.co.uk "http://dartmoorrunners.co.uk/" "Mozilla/5.0 (Linux; Android 10; K) AppleWebKit/537.36 (KHTML, like Gecko) Chrome/122.0.0.0 Mobile Safari/537.36" "-"
2a04:4a43:5400:: - - [22/Feb/2024:23:29:56 +0100] "GET / HTTP/1.1" 200 31575 dartmoorrunners.co.uk "http://dartmoorrunners.co.uk/" "Mozilla/5.0 (Linux; Android 10; K) AppleWebKit/537.36 (KHTML, like Gecko) Chrome/122.0.0.0 Mobile Safari/537.36" "-"
2a04:4a43:5400:: - - [22/Feb/2024:23:30:05 +0100] "GET /winter-series-2023 HTTP/1.1" 200 27640 dartmoorrunners.co.uk "http://dartmoorrunners.co.uk/" "Mozilla/5.0 (Linux; Android 10; K) AppleWebKit/537.36 (KHTML, like Gecko) Chrome/122.0.0.0 Mobile Safari/537.36" "-"
