82.165.88.0 - - [13/Jan/2024:00:31:52 +0100] "POST /wp-cron.php?doing_wp_cron=1705102312.3896589279174804687500 HTTP/1.1" 200 - dartmoorrunners.co.uk "http://dartmoorrunners.co.uk/wp-cron.php?doing_wp_cron=1705102312.3896589279174804687500" "WordPress/6.1.4; http://dartmoorrunners.co.uk" "-"
147.78.47.0 - - [13/Jan/2024:00:31:52 +0100] "GET /wp-content/plugins/ai-engine/readme.txt HTTP/1.1" 404 24761 dartmoorrunners.co.uk "http://www.facebook.net/" "Mozilla/5.0 (Windows NT 10.0; WOW64; rv:56.0) Gecko/20100101 Firefox/72.0" "-"
103.231.89.0 - - [13/Jan/2024:00:51:20 +0100] "GET /wp-head.php HTTP/1.1" 404 24761 dartmoorrunners.co.uk "-" "Mozilla/5.0 (Windows NT 10.0; Win64; x64) AppleWebKit/537.36 (KHTML, like Gecko) Chrome/85.0.4183.102 Safari/537.36" "-"
103.231.89.0 - - [13/Jan/2024:00:51:21 +0100] "GET /radio.php HTTP/1.1" 404 24761 dartmoorrunners.co.uk "-" "Mozilla/5.0 (Windows NT 10.0; Win64; x64) AppleWebKit/537.36 (KHTML, like Gecko) Chrome/85.0.4183.102 Safari/537.36" "-"
103.231.89.0 - - [13/Jan/2024:00:51:22 +0100] "GET /simple.php HTTP/1.1" 404 24761 dartmoorrunners.co.uk "-" "Mozilla/5.0 (Windows NT 10.0; Win64; x64) AppleWebKit/537.36 (KHTML, like Gecko) Chrome/85.0.4183.102 Safari/537.36" "-"
103.231.89.0 - - [13/Jan/2024:00:51:23 +0100] "GET /cong.php HTTP/1.1" 404 24761 dartmoorrunners.co.uk "-" "Mozilla/5.0 (Windows NT 10.0; Win64; x64) AppleWebKit/537.36 (KHTML, like Gecko) Chrome/85.0.4183.102 Safari/537.36" "-"
103.231.89.0 - - [13/Jan/2024:00:51:24 +0100] "GET /repeater.php HTTP/1.1" 404 24761 dartmoorrunners.co.uk "-" "Mozilla/5.0 (Windows NT 10.0; Win64; x64) AppleWebKit/537.36 (KHTML, like Gecko) Chrome/85.0.4183.102 Safari/537.36" "-"
172.234.18.0 - - [13/Jan/2024:01:02:34 +0100] "GET /wp-admin/css/ HTTP/1.1" 403 618 dartmoorrunners.co.uk "binance.com" "Mozilla/5.0 (Windows NT 10.0; Win64; x64) AppleWebKit/537.36 (KHTML, like Gecko) Chrome/90.0.4430.85 Safari/537.36" "-"
51.79.229.0 - - [13/Jan/2024:01:39:55 +0100] "GET /web/wp-includes/wlwmanifest.xml HTTP/1.1" 404 24763 dartmoorrunners.co.uk "-" "Mozilla/5.0 (Windows NT 10.0; Win64; x64) AppleWebKit/537.36 (KHTML, like Gecko) Chrome/95.0.4638.69 Safari/537.36" "-"
82.165.88.0 - - [13/Jan/2024:01:39:56 +0100] "POST /wp-cron.php?doing_wp_cron=1705106396.5978040695190429687500 HTTP/1.1" 200 - dartmoorrunners.co.uk "http://dartmoorrunners.co.uk/wp-cron.php?doing_wp_cron=1705106396.5978040695190429687500" "WordPress/6.1.4; http://dartmoorrunners.co.uk" "-"
51.79.229.0 - - [13/Jan/2024:01:39:59 +0100] "GET /web//wp-json/oembed/1.0/embed?url=http://dartmoorrunners.co.uk/web/ HTTP/1.1" 301 - dartmoorrunners.co.uk "-" "Mozilla/5.0 (Windows NT 10.0; Win64; x64) AppleWebKit/537.36 (KHTML, like Gecko) Chrome/95.0.4638.69 Safari/537.36" "-"
51.79.229.0 - - [13/Jan/2024:01:40:00 +0100] "POST /web//xmlrpc.php HTTP/1.1" 404 24763 dartmoorrunners.co.uk "-" "Mozilla/5.0 (Windows NT 10.0; Win64; x64) AppleWebKit/537.36 (KHTML, like Gecko) Chrome/95.0.4638.69 Safari/537.36" "-"
185.220.101.0 - - [13/Jan/2024:01:53:23 +0100] "POST /xmlrpc.php HTTP/1.1" 200 403 dartmoorrunners.co.uk "-" "Mozilla/5.0 (Macintosh; Intel Mac OS X 10_9_5) AppleWebKit/601.7.8 (KHTML, like Gecko) Version/9.1.3 Safari/537.86.7" "-"
185.220.101.0 - - [13/Jan/2024:01:53:24 +0100] "POST /xmlrpc.php HTTP/1.1" 200 403 dartmoorrunners.co.uk "-" "Mozilla/5.0 (Macintosh; Intel Mac OS X 10_9_5) AppleWebKit/601.7.8 (KHTML, like Gecko) Version/9.1.3 Safari/537.86.7" "-"
185.220.101.0 - - [13/Jan/2024:01:53:25 +0100] "POST /xmlrpc.php HTTP/1.1" 403 618 dartmoorrunners.co.uk "-" "Mozilla/5.0 (Macintosh; Intel Mac OS X 10_9_5) AppleWebKit/601.7.8 (KHTML, like Gecko) Version/9.1.3 Safari/537.86.7" "-"
185.220.101.0 - - [13/Jan/2024:01:53:26 +0100] "POST /xmlrpc.php HTTP/1.1" 403 618 dartmoorrunners.co.uk "-" "Mozilla/5.0 (Macintosh; Intel Mac OS X 10_9_5) AppleWebKit/601.7.8 (KHTML, like Gecko) Version/9.1.3 Safari/537.86.7" "-"
185.220.101.0 - - [13/Jan/2024:01:53:27 +0100] "POST /xmlrpc.php HTTP/1.1" 403 618 dartmoorrunners.co.uk "-" "Mozilla/5.0 (Macintosh; Intel Mac OS X 10_9_5) AppleWebKit/601.7.8 (KHTML, like Gecko) Version/9.1.3 Safari/537.86.7" "-"
82.165.88.0 - - [13/Jan/2024:02:31:20 +0100] "POST /wp-cron.php?doing_wp_cron=1705109480.4850449562072753906250 HTTP/1.1" 200 - dartmoorrunners.co.uk "http://dartmoorrunners.co.uk/wp-cron.php?doing_wp_cron=1705109480.4850449562072753906250" "WordPress/6.1.4; http://dartmoorrunners.co.uk" "-"
185.220.101.0 - - [13/Jan/2024:02:31:20 +0100] "POST /xmlrpc.php HTTP/1.1" 200 403 dartmoorrunners.co.uk "-" "Mozilla/5.0 (Macintosh; Intel Mac OS X 10_10_5) AppleWebKit/600.8.9 (KHTML, like Gecko)" "-"
185.220.101.0 - - [13/Jan/2024:02:31:21 +0100] "POST /xmlrpc.php HTTP/1.1" 200 403 dartmoorrunners.co.uk "-" "Mozilla/5.0 (Macintosh; Intel Mac OS X 10_10_5) AppleWebKit/600.8.9 (KHTML, like Gecko)" "-"
185.220.101.0 - - [13/Jan/2024:02:31:22 +0100] "POST /xmlrpc.php HTTP/1.1" 403 618 dartmoorrunners.co.uk "-" "Mozilla/5.0 (Macintosh; Intel Mac OS X 10_10_5) AppleWebKit/600.8.9 (KHTML, like Gecko)" "-"
185.220.101.0 - - [13/Jan/2024:02:31:23 +0100] "POST /xmlrpc.php HTTP/1.1" 403 618 dartmoorrunners.co.uk "-" "Mozilla/5.0 (Macintosh; Intel Mac OS X 10_10_5) AppleWebKit/600.8.9 (KHTML, like Gecko)" "-"
185.220.101.0 - - [13/Jan/2024:02:31:24 +0100] "POST /xmlrpc.php HTTP/1.1" 403 618 dartmoorrunners.co.uk "-" "Mozilla/5.0 (Macintosh; Intel Mac OS X 10_10_5) AppleWebKit/600.8.9 (KHTML, like Gecko)" "-"
176.99.135.0 - - [13/Jan/2024:02:43:54 +0100] "GET /wp-content/plugins/WordPressCore/include.php HTTP/1.1" 404 24763 dartmoorrunners.co.uk "-" "Mozilla/4.0 (compatible; MSIE 6.0; Windows NT 5.1; SV1)" "-"
46.208.108.0 - - [13/Jan/2024:02:57:19 +0100] "GET / HTTP/1.1" 200 31575 dartmoorrunners.co.uk "-" "Mozilla/5.0 (Linux; Android 10; K) AppleWebKit/537.36 (KHTML, like Gecko) Chrome/120.0.0.0 Mobile Safari/537.36" "-"
46.208.108.0 - - [13/Jan/2024:02:57:19 +0100] "GET /wp-content/themes/omega/style.css?ver=6.1.4 HTTP/1.1" 200 6552 dartmoorrunners.co.uk "http://dartmoorrunners.co.uk/" "Mozilla/5.0 (Linux; Android 10; K) AppleWebKit/537.36 (KHTML, like Gecko) Chrome/120.0.0.0 Mobile Safari/537.36" "-"
46.208.108.0 - - [13/Jan/2024:02:57:19 +0100] "GET /wp-includes/css/dist/block-library/style.min.css?ver=6.1.4 HTTP/1.1" 200 16164 dartmoorrunners.co.uk "http://dartmoorrunners.co.uk/" "Mozilla/5.0 (Linux; Android 10; K) AppleWebKit/537.36 (KHTML, like Gecko) Chrome/120.0.0.0 Mobile Safari/537.36" "-"
46.208.108.0 - - [13/Jan/2024:02:57:19 +0100] "GET /wp-includes/css/classic-themes.min.css?ver=1 HTTP/1.1" 200 189 dartmoorrunners.co.uk "http://dartmoorrunners.co.uk/" "Mozilla/5.0 (Linux; Android 10; K) AppleWebKit/537.36 (KHTML, like Gecko) Chrome/120.0.0.0 Mobile Safari/537.36" "-"
46.208.108.0 - - [13/Jan/2024:02:57:19 +0100] "GET /wp-includes/js/wp-emoji-release.min.js?ver=6.1.4 HTTP/1.1" 200 18617 dartmoorrunners.co.uk "http://dartmoorrunners.co.uk/" "Mozilla/5.0 (Linux; Android 10; K) AppleWebKit/537.36 (KHTML, like Gecko) Chrome/120.0.0.0 Mobile Safari/537.36" "-"
46.208.108.0 - - [13/Jan/2024:02:57:19 +0100] "GET /wp-content/uploads/2017/04/cropped-dartmoorrunnerslogo_normal.png HTTP/1.1" 200 110052 dartmoorrunners.co.uk "http://dartmoorrunners.co.uk/" "Mozilla/5.0 (Linux; Android 10; K) AppleWebKit/537.36 (KHTML, like Gecko) Chrome/120.0.0.0 Mobile Safari/537.36" "-"
46.208.108.0 - - [13/Jan/2024:02:57:20 +0100] "GET /wp-content/uploads/2017/04/XmasBash2017Med.jpg HTTP/1.1" 200 200566 dartmoorrunners.co.uk "http://dartmoorrunners.co.uk/" "Mozilla/5.0 (Linux; Android 10; K) AppleWebKit/537.36 (KHTML, like Gecko) Chrome/120.0.0.0 Mobile Safari/537.36" "-"
46.208.108.0 - - [13/Jan/2024:02:57:20 +0100] "GET /wp-content/uploads/2017/04/ControlDog-768x576.jpg HTTP/1.1" 200 85973 dartmoorrunners.co.uk "http://dartmoorrunners.co.uk/" "Mozilla/5.0 (Linux; Android 10; K) AppleWebKit/537.36 (KHTML, like Gecko) Chrome/120.0.0.0 Mobile Safari/537.36" "-"
46.208.108.0 - - [13/Jan/2024:02:57:20 +0100] "GET /wp-content/uploads/2017/04/winter-2015-small.jpg HTTP/1.1" 200 202841 dartmoorrunners.co.uk "http://dartmoorrunners.co.uk/" "Mozilla/5.0 (Linux; Android 10; K) AppleWebKit/537.36 (KHTML, like Gecko) Chrome/120.0.0.0 Mobile Safari/537.36" "-"
46.208.108.0 - - [13/Jan/2024:02:57:20 +0100] "GET /wp-content/uploads/2017/04/Moorland-runner-cropped.jpg HTTP/1.1" 200 437747 dartmoorrunners.co.uk "http://dartmoorrunners.co.uk/" "Mozilla/5.0 (Linux; Android 10; K) AppleWebKit/537.36 (KHTML, like Gecko) Chrome/120.0.0.0 Mobile Safari/537.36" "-"
46.208.108.0 - - [13/Jan/2024:02:57:23 +0100] "GET /wp-content/uploads/2017/04/cropped-dartmoorrunnerslogo_normal-180x180.png HTTP/1.1" 200 55513 dartmoorrunners.co.uk "http://dartmoorrunners.co.uk/" "Mozilla/5.0 (Linux; Android 10; K) AppleWebKit/537.36 (KHTML, like Gecko) Chrome/120.0.0.0 Mobile Safari/537.36" "-"
46.208.108.0 - - [13/Jan/2024:02:57:23 +0100] "GET /wp-content/uploads/2017/04/cropped-dartmoorrunnerslogo_normal-192x192.png HTTP/1.1" 200 59292 dartmoorrunners.co.uk "http://dartmoorrunners.co.uk/" "Mozilla/5.0 (Linux; Android 10; K) AppleWebKit/537.36 (KHTML, like Gecko) Chrome/120.0.0.0 Mobile Safari/537.36" "-"
46.208.108.0 - - [13/Jan/2024:02:57:34 +0100] "GET /winter-series-2023 HTTP/1.1" 200 27621 dartmoorrunners.co.uk "http://dartmoorrunners.co.uk/" "Mozilla/5.0 (Linux; Android 10; K) AppleWebKit/537.36 (KHTML, like Gecko) Chrome/120.0.0.0 Mobile Safari/537.36" "-"
66.249.76.0 - - [13/Jan/2024:03:03:55 +0100] "GET / HTTP/1.1" 200 31575 dartmoorrunners.co.uk "-" "Mozilla/5.0 (compatible; Googlebot/2.1; +http://www.google.com/bot.html)" "-"
173.249.57.0 - - [13/Jan/2024:03:15:59 +0100] "POST /xmlrpc.php HTTP/1.1" 200 403 dartmoorrunners.co.uk "-" "Mozilla/5.0 (Windows NT 10.0; Win64; x64) AppleWebKit/537.36 (KHTML, like Gecko) Chrome/68.0.3440.106 Safari/537.36" "-"
173.249.57.0 - - [13/Jan/2024:03:16:00 +0100] "POST /xmlrpc.php HTTP/1.1" 200 403 dartmoorrunners.co.uk "-" "Mozilla/5.0 (Windows NT 10.0; Win64; x64) AppleWebKit/537.36 (KHTML, like Gecko) Chrome/68.0.3440.106 Safari/537.36" "-"
173.249.57.0 - - [13/Jan/2024:03:16:01 +0100] "POST /xmlrpc.php HTTP/1.1" 403 618 dartmoorrunners.co.uk "-" "Mozilla/5.0 (Windows NT 10.0; Win64; x64) AppleWebKit/537.36 (KHTML, like Gecko) Chrome/68.0.3440.106 Safari/537.36" "-"
173.249.57.0 - - [13/Jan/2024:03:16:02 +0100] "POST /xmlrpc.php HTTP/1.1" 403 618 dartmoorrunners.co.uk "-" "Mozilla/5.0 (Windows NT 10.0; Win64; x64) AppleWebKit/537.36 (KHTML, like Gecko) Chrome/68.0.3440.106 Safari/537.36" "-"
173.249.57.0 - - [13/Jan/2024:03:16:03 +0100] "POST /xmlrpc.php HTTP/1.1" 403 618 dartmoorrunners.co.uk "-" "Mozilla/5.0 (Windows NT 10.0; Win64; x64) AppleWebKit/537.36 (KHTML, like Gecko) Chrome/68.0.3440.106 Safari/537.36" "-"
103.130.218.0 - - [13/Jan/2024:03:41:19 +0100] "GET /wp-admin/css/colors/midnight/index.php HTTP/1.1" 301 - dartmoorrunners.co.uk "http://simplesite.com" "Mozilla/5.0 (Windows; U; Windows NT 5.1; en-US) AppleWebKit/533.4 (KHTML, like Gecko) Chrome/5.0.375.99 Safari/533.4" "-"
82.165.88.0 - - [13/Jan/2024:03:41:19 +0100] "POST /wp-cron.php?doing_wp_cron=1705113679.4375441074371337890625 HTTP/1.1" 200 - dartmoorrunners.co.uk "http://dartmoorrunners.co.uk/wp-cron.php?doing_wp_cron=1705113679.4375441074371337890625" "WordPress/6.1.4; http://dartmoorrunners.co.uk" "-"
103.130.218.0 - - [13/Jan/2024:03:41:20 +0100] "GET /wp-admin/css/colors/midnight/ HTTP/1.1" 403 618 dartmoorrunners.co.uk "http://dartmoorrunners.co.uk/wp-admin/css/colors/midnight/index.php" "Mozilla/5.0 (Windows; U; Windows NT 5.1; en-US) AppleWebKit/533.4 (KHTML, like Gecko) Chrome/5.0.375.99 Safari/533.4" "-"
103.130.218.0 - - [13/Jan/2024:03:41:23 +0100] "GET /wp-admin/css/colors/midnight/index.php HTTP/1.1" 301 - dartmoorrunners.co.uk "http://simplesite.com" "Mozilla/5.0 (Windows; U; Windows NT 5.1; en-US) AppleWebKit/533.4 (KHTML, like Gecko) Chrome/5.0.375.99 Safari/533.4" "-"
103.130.218.0 - - [13/Jan/2024:03:41:23 +0100] "GET /wp-admin/css/colors/midnight/ HTTP/1.1" 403 618 dartmoorrunners.co.uk "http://dartmoorrunners.co.uk/wp-admin/css/colors/midnight/index.php" "Mozilla/5.0 (Windows; U; Windows NT 5.1; en-US) AppleWebKit/533.4 (KHTML, like Gecko) Chrome/5.0.375.99 Safari/533.4" "-"
122.201.124.0 - - [13/Jan/2024:03:50:42 +0100] "GET /wp-content/vz.php HTTP/1.1" 404 24763 dartmoorrunners.co.uk "http://simplesite.com" "Mozilla/5.0 (Windows; U; Windows NT 5.1; en-US) AppleWebKit/533.4 (KHTML, like Gecko) Chrome/5.0.375.99 Safari/533.4" "-"
40.83.1.0 - - [13/Jan/2024:04:18:55 +0100] "GET /robots.txt HTTP/1.1" 200 121 dartmoorrunners.co.uk "-" "Mozilla/5.0 (Windows NT 10.0; Win64; x64) AppleWebKit/537.36 (KHTML, like Gecko) Chrome/90.0.4430.70 Safari/537.36" "-"
157.55.39.0 - - [13/Jan/2024:04:33:19 +0100] "GET /robots.txt HTTP/1.1" 301 - www.dartmoorrunners.co.uk "-" "Mozilla/5.0 AppleWebKit/537.36 (KHTML, like Gecko; compatible; bingbot/2.0; +http://www.bing.com/bingbot.htm) Chrome/116.0.1938.76 Safari/537.36" "-"
82.165.88.0 - - [13/Jan/2024:04:33:20 +0100] "POST /wp-cron.php?doing_wp_cron=1705116800.0094890594482421875000 HTTP/1.1" 200 - dartmoorrunners.co.uk "http://dartmoorrunners.co.uk/wp-cron.php?doing_wp_cron=1705116800.0094890594482421875000" "WordPress/6.1.4; http://dartmoorrunners.co.uk" "-"
157.55.39.0 - - [13/Jan/2024:04:33:20 +0100] "GET /robots.txt HTTP/1.1" 200 121 dartmoorrunners.co.uk "-" "Mozilla/5.0 AppleWebKit/537.36 (KHTML, like Gecko; compatible; bingbot/2.0; +http://www.bing.com/bingbot.htm) Chrome/116.0.1938.76 Safari/537.36" "-"
40.77.167.0 - - [13/Jan/2024:04:33:29 +0100] "GET /sitemap.xml HTTP/1.1" 302 - www.dartmoorrunners.co.uk "-" "Mozilla/5.0 AppleWebKit/537.36 (KHTML, like Gecko; compatible; bingbot/2.0; +http://www.bing.com/bingbot.htm) Chrome/116.0.1938.76 Safari/537.36" "-"
52.167.144.0 - - [13/Jan/2024:04:33:39 +0100] "GET /wp-sitemap.xml HTTP/1.1" 200 562 dartmoorrunners.co.uk "-" "Mozilla/5.0 AppleWebKit/537.36 (KHTML, like Gecko; compatible; bingbot/2.0; +http://www.bing.com/bingbot.htm) Chrome/116.0.1938.76 Safari/537.36" "-"
82.165.88.0 - - [13/Jan/2024:06:04:56 +0100] "POST /wp-cron.php?doing_wp_cron=1705122296.5196700096130371093750 HTTP/1.1" 200 - dartmoorrunners.co.uk "http://dartmoorrunners.co.uk/wp-cron.php?doing_wp_cron=1705122296.5196700096130371093750" "WordPress/6.1.4; http://dartmoorrunners.co.uk" "-"
185.241.208.0 - - [13/Jan/2024:06:04:56 +0100] "POST /xmlrpc.php HTTP/1.1" 200 403 dartmoorrunners.co.uk "-" "Mozilla/5.0 (X11; Linux x86_64) AppleWebKit/537.36 (KHTML, like Gecko) Chrome/77.0.3865.120 Safari/537.36" "-"
185.241.208.0 - - [13/Jan/2024:06:04:57 +0100] "POST /xmlrpc.php HTTP/1.1" 200 403 dartmoorrunners.co.uk "-" "Mozilla/5.0 (X11; Linux x86_64) AppleWebKit/537.36 (KHTML, like Gecko) Chrome/77.0.3865.120 Safari/537.36" "-"
185.241.208.0 - - [13/Jan/2024:06:04:58 +0100] "POST /xmlrpc.php HTTP/1.1" 403 618 dartmoorrunners.co.uk "-" "Mozilla/5.0 (X11; Linux x86_64) AppleWebKit/537.36 (KHTML, like Gecko) Chrome/77.0.3865.120 Safari/537.36" "-"
185.241.208.0 - - [13/Jan/2024:06:04:59 +0100] "POST /xmlrpc.php HTTP/1.1" 403 618 dartmoorrunners.co.uk "-" "Mozilla/5.0 (X11; Linux x86_64) AppleWebKit/537.36 (KHTML, like Gecko) Chrome/77.0.3865.120 Safari/537.36" "-"
185.241.208.0 - - [13/Jan/2024:06:05:00 +0100] "POST /xmlrpc.php HTTP/1.1" 403 618 dartmoorrunners.co.uk "-" "Mozilla/5.0 (X11; Linux x86_64) AppleWebKit/537.36 (KHTML, like Gecko) Chrome/77.0.3865.120 Safari/537.36" "-"
52.167.144.0 - - [13/Jan/2024:06:21:22 +0100] "GET /wp-sitemap-users-1.xml HTTP/1.1" 200 261 dartmoorrunners.co.uk "-" "Mozilla/5.0 AppleWebKit/537.36 (KHTML, like Gecko; compatible; bingbot/2.0; +http://www.bing.com/bingbot.htm) Chrome/116.0.1938.76 Safari/537.36" "-"
199.249.230.0 - - [13/Jan/2024:06:22:10 +0100] "POST /xmlrpc.php HTTP/1.1" 200 403 dartmoorrunners.co.uk "-" "Mozilla/5.0 (Windows NT 10.0; Win64; x64) AppleWebKit/537.36 (KHTML, like Gecko) Chrome/90.0.4430.212 Safari/537.36" "-"
199.249.230.0 - - [13/Jan/2024:06:22:11 +0100] "POST /xmlrpc.php HTTP/1.1" 200 403 dartmoorrunners.co.uk "-" "Mozilla/5.0 (Windows NT 10.0; Win64; x64) AppleWebKit/537.36 (KHTML, like Gecko) Chrome/90.0.4430.212 Safari/537.36" "-"
199.249.230.0 - - [13/Jan/2024:06:22:12 +0100] "POST /xmlrpc.php HTTP/1.1" 403 618 dartmoorrunners.co.uk "-" "Mozilla/5.0 (Windows NT 10.0; Win64; x64) AppleWebKit/537.36 (KHTML, like Gecko) Chrome/90.0.4430.212 Safari/537.36" "-"
199.249.230.0 - - [13/Jan/2024:06:22:13 +0100] "POST /xmlrpc.php HTTP/1.1" 403 618 dartmoorrunners.co.uk "-" "Mozilla/5.0 (Windows NT 10.0; Win64; x64) AppleWebKit/537.36 (KHTML, like Gecko) Chrome/90.0.4430.212 Safari/537.36" "-"
199.249.230.0 - - [13/Jan/2024:06:22:14 +0100] "POST /xmlrpc.php HTTP/1.1" 403 618 dartmoorrunners.co.uk "-" "Mozilla/5.0 (Windows NT 10.0; Win64; x64) AppleWebKit/537.36 (KHTML, like Gecko) Chrome/90.0.4430.212 Safari/537.36" "-"
173.208.152.0 - - [13/Jan/2024:06:33:14 +0100] "GET /wp-content/uploads/2017/04/Moorland-runner-cropped-300x212.jpg HTTP/1.1" 200 16206 dartmoorrunners.co.uk "-" "Googlebot-Image/1.0" "-"
66.249.76.0 - - [13/Jan/2024:06:55:22 +0100] "GET /results/winter-series-2014-results HTTP/1.1" 200 25685 dartmoorrunners.co.uk "-" "Mozilla/5.0 (Linux; Android 6.0.1; Nexus 5X Build/MMB29P) AppleWebKit/537.36 (KHTML, like Gecko) Chrome/120.0.6099.216 Mobile Safari/537.36 (compatible; Googlebot/2.1; +http://www.google.com/bot.html)" "-"
82.165.88.0 - - [13/Jan/2024:06:55:23 +0100] "POST /wp-cron.php?doing_wp_cron=1705125323.1521019935607910156250 HTTP/1.1" 200 - dartmoorrunners.co.uk "http://dartmoorrunners.co.uk/wp-cron.php?doing_wp_cron=1705125323.1521019935607910156250" "WordPress/6.1.4; http://dartmoorrunners.co.uk" "-"
66.249.69.0 - - [13/Jan/2024:06:55:29 +0100] "GET /wp-includes/css/classic-themes.min.css?ver=1 HTTP/1.1" 200 189 dartmoorrunners.co.uk "http://dartmoorrunners.co.uk/results/winter-series-2014-results" "Mozilla/5.0 (Linux; Android 6.0.1; Nexus 5X Build/MMB29P) AppleWebKit/537.36 (KHTML, like Gecko) Chrome/120.0.6099.199 Mobile Safari/537.36 (compatible; Googlebot/2.1; +http://www.google.com/bot.html)" "-"
203.145.46.0 - - [13/Jan/2024:06:57:29 +0100] "GET /wp-content/themes/hideo/network.php HTTP/1.1" 404 24763 dartmoorrunners.co.uk "-" "Mozilla/5.0 (Linux; Android 11; M2010J19SI) AppleWebKit/537.36 (KHTML, like Gecko) Chrome/109.0.0.0 Mobile Safari/537.36" "-"
203.145.46.0 - - [13/Jan/2024:06:57:31 +0100] "GET /wp-content/themes/blogai/issue.php HTTP/1.1" 404 24763 dartmoorrunners.co.uk "-" "Mozilla/5.0 (Linux; Android 11; M2010J19SI) AppleWebKit/537.36 (KHTML, like Gecko) Chrome/109.0.0.0 Mobile Safari/537.36" "-"
203.145.46.0 - - [13/Jan/2024:06:57:33 +0100] "GET /wp-content/json.php HTTP/1.1" 404 24763 dartmoorrunners.co.uk "-" "Mozilla/5.0 (Linux; Android 11; M2010J19SI) AppleWebKit/537.36 (KHTML, like Gecko) Chrome/109.0.0.0 Mobile Safari/537.36" "-"
203.145.46.0 - - [13/Jan/2024:06:57:35 +0100] "GET /worm0.PhP7 HTTP/1.1" 404 24763 dartmoorrunners.co.uk "-" "Mozilla/5.0 (Linux; Android 11; M2010J19SI) AppleWebKit/537.36 (KHTML, like Gecko) Chrome/109.0.0.0 Mobile Safari/537.36" "-"
203.145.46.0 - - [13/Jan/2024:06:57:37 +0100] "GET /gawean.PhP7 HTTP/1.1" 404 24763 dartmoorrunners.co.uk "-" "Mozilla/5.0 (Linux; Android 11; M2010J19SI) AppleWebKit/537.36 (KHTML, like Gecko) Chrome/109.0.0.0 Mobile Safari/537.36" "-"
82.165.88.0 - - [13/Jan/2024:07:48:44 +0100] "POST /wp-cron.php?doing_wp_cron=1705128524.9613389968872070312500 HTTP/1.1" 200 - dartmoorrunners.co.uk "http://dartmoorrunners.co.uk/wp-cron.php?doing_wp_cron=1705128524.9613389968872070312500" "WordPress/6.1.4; http://dartmoorrunners.co.uk" "-"
185.100.85.0 - - [13/Jan/2024:07:48:44 +0100] "POST /xmlrpc.php HTTP/1.1" 200 403 dartmoorrunners.co.uk "-" "Mozilla/5.0 (Macintosh; Intel Mac OS X 10_11_3) AppleWebKit/601.4.4 (KHTML, like Gecko) Version/9.0.3 Safari/601.4.4" "-"
185.100.85.0 - - [13/Jan/2024:07:48:45 +0100] "POST /xmlrpc.php HTTP/1.1" 200 403 dartmoorrunners.co.uk "-" "Mozilla/5.0 (Macintosh; Intel Mac OS X 10_11_3) AppleWebKit/601.4.4 (KHTML, like Gecko) Version/9.0.3 Safari/601.4.4" "-"
185.100.85.0 - - [13/Jan/2024:07:48:46 +0100] "POST /xmlrpc.php HTTP/1.1" 403 618 dartmoorrunners.co.uk "-" "Mozilla/5.0 (Macintosh; Intel Mac OS X 10_11_3) AppleWebKit/601.4.4 (KHTML, like Gecko) Version/9.0.3 Safari/601.4.4" "-"
185.100.85.0 - - [13/Jan/2024:07:48:47 +0100] "POST /xmlrpc.php HTTP/1.1" 403 618 dartmoorrunners.co.uk "-" "Mozilla/5.0 (Macintosh; Intel Mac OS X 10_11_3) AppleWebKit/601.4.4 (KHTML, like Gecko) Version/9.0.3 Safari/601.4.4" "-"
185.100.85.0 - - [13/Jan/2024:07:48:48 +0100] "POST /xmlrpc.php HTTP/1.1" 403 618 dartmoorrunners.co.uk "-" "Mozilla/5.0 (Macintosh; Intel Mac OS X 10_11_3) AppleWebKit/601.4.4 (KHTML, like Gecko) Version/9.0.3 Safari/601.4.4" "-"
40.122.199.0 - - [13/Jan/2024:07:59:21 +0100] "GET /robots.txt HTTP/1.1" 301 - www.dartmoorrunners.co.uk "-" "Mozilla/5.0 (Windows NT 10.0; Win64; x64) AppleWebKit/537.36 (KHTML, like Gecko) Chrome/90.0.4430.70 Safari/537.36" "-"
40.122.199.0 - - [13/Jan/2024:07:59:21 +0100] "GET /robots.txt HTTP/1.1" 200 121 dartmoorrunners.co.uk "-" "Mozilla/5.0 (Windows NT 10.0; Win64; x64) AppleWebKit/537.36 (KHTML, like Gecko) Chrome/90.0.4430.70 Safari/537.36" "-"
195.191.219.0 - - [13/Jan/2024:08:03:08 +0100] "GET /robots.txt HTTP/1.1" 200 121 dartmoorrunners.co.uk "-" "Mozilla/5.0 (compatible; MJ12bot/v1.4.8; http://mj12bot.com/)" "-"
195.191.219.0 - - [13/Jan/2024:08:03:11 +0100] "GET / HTTP/1.1" 200 31575 dartmoorrunners.co.uk "-" "Mozilla/5.0 (compatible; MJ12bot/v1.4.8; http://mj12bot.com/)" "-"
176.99.135.0 - - [13/Jan/2024:08:21:35 +0100] "GET /radio.php?vz=https://www.creaccio.cat/wp-content/uploads/2022/06/s.txt HTTP/1.1" 404 24763 dartmoorrunners.co.uk "-" "Mozilla/4.0 (compatible; MSIE 6.0; Windows NT 5.1; SV1)" "-"
2a02:c7e:3000:: - - [13/Jan/2024:08:26:11 +0100] "GET / HTTP/1.1" 200 31575 dartmoorrunners.co.uk "https://www.google.com/" "Mozilla/5.0 (iPhone; CPU iPhone OS 17_1 like Mac OS X) AppleWebKit/605.1.15 (KHTML, like Gecko) CriOS/120.0.6099.119 Mobile/15E148 Safari/604.1" "-"
2a02:c7e:3000:: - - [13/Jan/2024:08:26:11 +0100] "GET /wp-includes/js/wp-emoji-release.min.js?ver=6.1.4 HTTP/1.1" 200 18617 dartmoorrunners.co.uk "http://dartmoorrunners.co.uk/" "Mozilla/5.0 (iPhone; CPU iPhone OS 17_1 like Mac OS X) AppleWebKit/605.1.15 (KHTML, like Gecko) CriOS/120.0.6099.119 Mobile/15E148 Safari/604.1" "-"
2a02:c7e:3000:: - - [13/Jan/2024:08:26:11 +0100] "GET /wp-content/uploads/2017/04/cropped-dartmoorrunnerslogo_normal-192x192.png HTTP/1.1" 200 59292 dartmoorrunners.co.uk "-" "Mozilla/5.0 (iPhone; CPU iPhone OS 17_1 like Mac OS X) AppleWebKit/605.1.15 (KHTML, like Gecko) CriOS/120.0.6099.119 Mobile/15E148 Safari/604.1" "-"
2a02:c7e:3000:: - - [13/Jan/2024:08:26:11 +0100] "GET /wp-includes/css/dist/block-library/style.min.css?ver=6.1.4 HTTP/1.1" 200 16164 dartmoorrunners.co.uk "http://dartmoorrunners.co.uk/" "Mozilla/5.0 (iPhone; CPU iPhone OS 17_1 like Mac OS X) AppleWebKit/605.1.15 (KHTML, like Gecko) CriOS/120.0.6099.119 Mobile/15E148 Safari/604.1" "-"
2a02:c7e:3000:: - - [13/Jan/2024:08:26:12 +0100] "GET /wp-includes/css/classic-themes.min.css?ver=1 HTTP/1.1" 200 189 dartmoorrunners.co.uk "http://dartmoorrunners.co.uk/" "Mozilla/5.0 (iPhone; CPU iPhone OS 17_1 like Mac OS X) AppleWebKit/605.1.15 (KHTML, like Gecko) CriOS/120.0.6099.119 Mobile/15E148 Safari/604.1" "-"
2a02:c7e:3000:: - - [13/Jan/2024:08:26:12 +0100] "GET /wp-content/themes/omega/style.css?ver=6.1.4 HTTP/1.1" 200 6552 dartmoorrunners.co.uk "http://dartmoorrunners.co.uk/" "Mozilla/5.0 (iPhone; CPU iPhone OS 17_1 like Mac OS X) AppleWebKit/605.1.15 (KHTML, like Gecko) CriOS/120.0.6099.119 Mobile/15E148 Safari/604.1" "-"
2a02:c7e:3000:: - - [13/Jan/2024:08:26:12 +0100] "GET /wp-content/uploads/2017/04/cropped-dartmoorrunnerslogo_normal-180x180.png HTTP/1.1" 200 55513 dartmoorrunners.co.uk "-" "Mozilla/5.0 (iPhone; CPU iPhone OS 17_1 like Mac OS X) AppleWebKit/605.1.15 (KHTML, like Gecko) CriOS/120.0.6099.119 Mobile/15E148 Safari/604.1" "-"
2a02:c7e:3000:: - - [13/Jan/2024:08:26:12 +0100] "GET /wp-content/uploads/2017/04/cropped-dartmoorrunnerslogo_normal.png HTTP/1.1" 200 110052 dartmoorrunners.co.uk "http://dartmoorrunners.co.uk/" "Mozilla/5.0 (iPhone; CPU iPhone OS 17_1 like Mac OS X) AppleWebKit/605.1.15 (KHTML, like Gecko) CriOS/120.0.6099.119 Mobile/15E148 Safari/604.1" "-"
2a02:c7e:3000:: - - [13/Jan/2024:08:26:12 +0100] "GET /wp-content/uploads/2017/04/XmasBash2017Med.jpg HTTP/1.1" 200 200566 dartmoorrunners.co.uk "http://dartmoorrunners.co.uk/" "Mozilla/5.0 (iPhone; CPU iPhone OS 17_1 like Mac OS X) AppleWebKit/605.1.15 (KHTML, like Gecko) CriOS/120.0.6099.119 Mobile/15E148 Safari/604.1" "-"
2a02:c7e:3000:: - - [13/Jan/2024:08:26:12 +0100] "GET /wp-content/uploads/2017/04/ControlDog-1024x768.jpg HTTP/1.1" 200 147847 dartmoorrunners.co.uk "http://dartmoorrunners.co.uk/" "Mozilla/5.0 (iPhone; CPU iPhone OS 17_1 like Mac OS X) AppleWebKit/605.1.15 (KHTML, like Gecko) CriOS/120.0.6099.119 Mobile/15E148 Safari/604.1" "-"
2a02:c7e:3000:: - - [13/Jan/2024:08:26:12 +0100] "GET /wp-content/uploads/2017/04/Moorland-runner-cropped.jpg HTTP/1.1" 200 437747 dartmoorrunners.co.uk "http://dartmoorrunners.co.uk/" "Mozilla/5.0 (iPhone; CPU iPhone OS 17_1 like Mac OS X) AppleWebKit/605.1.15 (KHTML, like Gecko) CriOS/120.0.6099.119 Mobile/15E148 Safari/604.1" "-"
2a02:c7e:3000:: - - [13/Jan/2024:08:26:12 +0100] "GET /wp-content/uploads/2017/04/winter-2015-small.jpg HTTP/1.1" 200 202841 dartmoorrunners.co.uk "http://dartmoorrunners.co.uk/" "Mozilla/5.0 (iPhone; CPU iPhone OS 17_1 like Mac OS X) AppleWebKit/605.1.15 (KHTML, like Gecko) CriOS/120.0.6099.119 Mobile/15E148 Safari/604.1" "-"
66.249.76.0 - - [13/Jan/2024:08:26:39 +0100] "GET / HTTP/1.1" 200 31575 dartmoorrunners.co.uk "-" "Mozilla/5.0 (compatible; Googlebot/2.1; +http://www.google.com/bot.html)" "-"
2a02:c7e:3000:: - - [13/Jan/2024:08:27:07 +0100] "GET /winter-series-2023 HTTP/1.1" 200 27621 dartmoorrunners.co.uk "http://dartmoorrunners.co.uk/" "Mozilla/5.0 (iPhone; CPU iPhone OS 17_1 like Mac OS X) AppleWebKit/605.1.15 (KHTML, like Gecko) CriOS/120.0.6099.119 Mobile/15E148 Safari/604.1" "-"
203.145.46.0 - - [13/Jan/2024:08:33:02 +0100] "GET /wp-content/themes/hideo/network.php HTTP/1.1" 404 24763 dartmoorrunners.co.uk "-" "Mozilla/5.0 (Linux; Android 11; M2010J19SI) AppleWebKit/537.36 (KHTML, like Gecko) Chrome/109.0.0.0 Mobile Safari/537.36" "-"
82.165.88.0 - - [13/Jan/2024:08:33:02 +0100] "POST /wp-cron.php?doing_wp_cron=1705131182.4917519092559814453125 HTTP/1.1" 200 - dartmoorrunners.co.uk "http://dartmoorrunners.co.uk/wp-cron.php?doing_wp_cron=1705131182.4917519092559814453125" "WordPress/6.1.4; http://dartmoorrunners.co.uk" "-"
203.145.46.0 - - [13/Jan/2024:08:33:04 +0100] "GET /wp-content/themes/blogai/issue.php HTTP/1.1" 404 24763 dartmoorrunners.co.uk "-" "Mozilla/5.0 (Linux; Android 11; M2010J19SI) AppleWebKit/537.36 (KHTML, like Gecko) Chrome/109.0.0.0 Mobile Safari/537.36" "-"
203.145.46.0 - - [13/Jan/2024:08:33:05 +0100] "GET /wp-content/json.php HTTP/1.1" 404 24763 dartmoorrunners.co.uk "-" "Mozilla/5.0 (Linux; Android 11; M2010J19SI) AppleWebKit/537.36 (KHTML, like Gecko) Chrome/109.0.0.0 Mobile Safari/537.36" "-"
66.249.69.0 - - [13/Jan/2024:08:46:12 +0100] "GET /winter-series-2023 HTTP/1.1" 200 27621 dartmoorrunners.co.uk "-" "Mozilla/5.0 (Linux; Android 6.0.1; Nexus 5X Build/MMB29P) AppleWebKit/537.36 (KHTML, like Gecko) Chrome/120.0.6099.216 Mobile Safari/537.36 (compatible; Googlebot/2.1; +http://www.google.com/bot.html)" "-"
182.44.2.0 - - [13/Jan/2024:08:46:38 +0100] "GET / HTTP/1.1" 200 31575 dartmoorrunners.co.uk "-" "Mozilla/5.0 (iPhone; CPU iPhone OS 13_2_3 like Mac OS X) AppleWebKit/605.1.15 (KHTML, like Gecko) Version/13.0.3 Mobile/15E148 Safari/604.1" "-"
91.134.248.0 - - [13/Jan/2024:08:53:02 +0100] "GET /wp-content/plugins/Update/ran.php HTTP/1.1" 404 24763 dartmoorrunners.co.uk "http://simplesite.com" "Mozilla/5.0 (Windows; U; Windows NT 5.1; en-US) AppleWebKit/533.4 (KHTML, like Gecko) Chrome/5.0.375.99 Safari/533.4" "-"
82.165.88.0 - - [13/Jan/2024:09:56:14 +0100] "POST /wp-cron.php?doing_wp_cron=1705136174.3976850509643554687500 HTTP/1.1" 200 - dartmoorrunners.co.uk "http://dartmoorrunners.co.uk/wp-cron.php?doing_wp_cron=1705136174.3976850509643554687500" "WordPress/6.1.4; http://dartmoorrunners.co.uk" "-"
52.167.144.0 - - [13/Jan/2024:09:56:14 +0100] "GET /wp-sitemap.xml HTTP/1.1" 200 562 dartmoorrunners.co.uk "-" "Mozilla/5.0 AppleWebKit/537.36 (KHTML, like Gecko; compatible; bingbot/2.0; +http://www.bing.com/bingbot.htm) Chrome/116.0.1938.76 Safari/537.36" "-"
185.220.101.0 - - [13/Jan/2024:10:13:05 +0100] "POST /xmlrpc.php HTTP/1.1" 200 403 dartmoorrunners.co.uk "-" "Mozilla/5.0 (Macintosh; Intel Mac OS X 10_9_5) AppleWebKit/601.7.8 (KHTML, like Gecko) Version/9.1.3 Safari/537.86.7" "-"
185.220.101.0 - - [13/Jan/2024:10:13:06 +0100] "POST /xmlrpc.php HTTP/1.1" 200 403 dartmoorrunners.co.uk "-" "Mozilla/5.0 (Macintosh; Intel Mac OS X 10_9_5) AppleWebKit/601.7.8 (KHTML, like Gecko) Version/9.1.3 Safari/537.86.7" "-"
185.220.101.0 - - [13/Jan/2024:10:13:07 +0100] "POST /xmlrpc.php HTTP/1.1" 403 618 dartmoorrunners.co.uk "-" "Mozilla/5.0 (Macintosh; Intel Mac OS X 10_9_5) AppleWebKit/601.7.8 (KHTML, like Gecko) Version/9.1.3 Safari/537.86.7" "-"
185.220.101.0 - - [13/Jan/2024:10:13:08 +0100] "POST /xmlrpc.php HTTP/1.1" 403 618 dartmoorrunners.co.uk "-" "Mozilla/5.0 (Macintosh; Intel Mac OS X 10_9_5) AppleWebKit/601.7.8 (KHTML, like Gecko) Version/9.1.3 Safari/537.86.7" "-"
185.220.101.0 - - [13/Jan/2024:10:13:09 +0100] "POST /xmlrpc.php HTTP/1.1" 403 618 dartmoorrunners.co.uk "-" "Mozilla/5.0 (Macintosh; Intel Mac OS X 10_9_5) AppleWebKit/601.7.8 (KHTML, like Gecko) Version/9.1.3 Safari/537.86.7" "-"
192.42.116.0 - - [13/Jan/2024:10:16:35 +0100] "POST /xmlrpc.php HTTP/1.1" 200 403 dartmoorrunners.co.uk "-" "Mozilla/5.0 (Windows NT 10.0; Win64; x64) AppleWebKit/537.36 (KHTML, like Gecko) Chrome/78.0.3904.108 Safari/537.36" "-"
192.42.116.0 - - [13/Jan/2024:10:16:36 +0100] "POST /xmlrpc.php HTTP/1.1" 200 403 dartmoorrunners.co.uk "-" "Mozilla/5.0 (Windows NT 10.0; Win64; x64) AppleWebKit/537.36 (KHTML, like Gecko) Chrome/78.0.3904.108 Safari/537.36" "-"
192.42.116.0 - - [13/Jan/2024:10:16:37 +0100] "POST /xmlrpc.php HTTP/1.1" 403 618 dartmoorrunners.co.uk "-" "Mozilla/5.0 (Windows NT 10.0; Win64; x64) AppleWebKit/537.36 (KHTML, like Gecko) Chrome/78.0.3904.108 Safari/537.36" "-"
192.42.116.0 - - [13/Jan/2024:10:16:38 +0100] "POST /xmlrpc.php HTTP/1.1" 403 618 dartmoorrunners.co.uk "-" "Mozilla/5.0 (Windows NT 10.0; Win64; x64) AppleWebKit/537.36 (KHTML, like Gecko) Chrome/78.0.3904.108 Safari/537.36" "-"
192.42.116.0 - - [13/Jan/2024:10:16:39 +0100] "POST /xmlrpc.php HTTP/1.1" 403 618 dartmoorrunners.co.uk "-" "Mozilla/5.0 (Windows NT 10.0; Win64; x64) AppleWebKit/537.36 (KHTML, like Gecko) Chrome/78.0.3904.108 Safari/537.36" "-"
66.249.76.0 - - [13/Jan/2024:10:18:24 +0100] "GET / HTTP/1.1" 200 31575 dartmoorrunners.co.uk "-" "Mozilla/5.0 (Linux; Android 6.0.1; Nexus 5X Build/MMB29P) AppleWebKit/537.36 (KHTML, like Gecko) Chrome/120.0.6099.216 Mobile Safari/537.36 (compatible; Googlebot/2.1; +http://www.google.com/bot.html)" "-"
66.249.69.0 - - [13/Jan/2024:10:18:43 +0100] "GET /wp-content/themes/omega/style.css?ver=6.1.4 HTTP/1.1" 200 6552 dartmoorrunners.co.uk "http://dartmoorrunners.co.uk/" "Mozilla/5.0 (Linux; Android 6.0.1; Nexus 5X Build/MMB29P) AppleWebKit/537.36 (KHTML, like Gecko) Chrome/120.0.6099.199 Mobile Safari/537.36 (compatible; Googlebot/2.1; +http://www.google.com/bot.html)" "-"
82.165.88.0 - - [13/Jan/2024:11:46:54 +0100] "POST /wp-cron.php?doing_wp_cron=1705142814.6661040782928466796875 HTTP/1.1" 200 - dartmoorrunners.co.uk "http://dartmoorrunners.co.uk/wp-cron.php?doing_wp_cron=1705142814.6661040782928466796875" "WordPress/6.1.4; http://dartmoorrunners.co.uk" "-"
114.119.128.0 - - [13/Jan/2024:11:46:54 +0100] "GET /robots.txt HTTP/1.1" 200 121 dartmoorrunners.co.uk "-" "Mozilla/5.0 (compatible;PetalBot;+https://webmaster.petalsearch.com/site/petalbot)" "-"
114.119.149.0 - - [13/Jan/2024:11:54:15 +0100] "GET /robots.txt HTTP/1.1" 200 121 dartmoorrunners.co.uk "-" "Mozilla/5.0 (compatible;PetalBot;+https://webmaster.petalsearch.com/site/petalbot)" "-"
66.249.69.0 - - [13/Jan/2024:12:11:44 +0100] "GET /ads.txt HTTP/1.1" 200 160 dartmoorrunners.co.uk "-" "Mozilla/5.0 (compatible; Googlebot/2.1; +http://www.google.com/bot.html)" "-"
23.154.177.0 - - [13/Jan/2024:12:21:32 +0100] "POST /xmlrpc.php HTTP/1.1" 200 403 dartmoorrunners.co.uk "-" "Mozilla/5.0 (X11; Ubuntu; Linux x86_64; rv:65.0) Gecko/20100101 Firefox/65.0" "-"
23.154.177.0 - - [13/Jan/2024:12:21:33 +0100] "POST /xmlrpc.php HTTP/1.1" 200 403 dartmoorrunners.co.uk "-" "Mozilla/5.0 (X11; Ubuntu; Linux x86_64; rv:65.0) Gecko/20100101 Firefox/65.0" "-"
23.154.177.0 - - [13/Jan/2024:12:21:34 +0100] "POST /xmlrpc.php HTTP/1.1" 403 618 dartmoorrunners.co.uk "-" "Mozilla/5.0 (X11; Ubuntu; Linux x86_64; rv:65.0) Gecko/20100101 Firefox/65.0" "-"
23.154.177.0 - - [13/Jan/2024:12:21:35 +0100] "POST /xmlrpc.php HTTP/1.1" 403 618 dartmoorrunners.co.uk "-" "Mozilla/5.0 (X11; Ubuntu; Linux x86_64; rv:65.0) Gecko/20100101 Firefox/65.0" "-"
23.154.177.0 - - [13/Jan/2024:12:21:36 +0100] "POST /xmlrpc.php HTTP/1.1" 403 618 dartmoorrunners.co.uk "-" "Mozilla/5.0 (X11; Ubuntu; Linux x86_64; rv:65.0) Gecko/20100101 Firefox/65.0" "-"
82.165.88.0 - - [13/Jan/2024:12:45:20 +0100] "POST /wp-cron.php?doing_wp_cron=1705146320.9695999622344970703125 HTTP/1.1" 200 - dartmoorrunners.co.uk "http://dartmoorrunners.co.uk/wp-cron.php?doing_wp_cron=1705146320.9695999622344970703125" "WordPress/6.1.4; http://dartmoorrunners.co.uk" "-"
195.99.236.0 - - [13/Jan/2024:12:45:20 +0100] "GET / HTTP/1.1" 200 31575 dartmoorrunners.co.uk "https://www.google.com/" "Mozilla/5.0 (Windows NT 10.0; Win64; x64) AppleWebKit/537.36 (KHTML, like Gecko) Chrome/120.0.0.0 Safari/537.36" "-"
195.99.236.0 - - [13/Jan/2024:12:45:37 +0100] "GET /winter-series-2023 HTTP/1.1" 200 27621 dartmoorrunners.co.uk "http://dartmoorrunners.co.uk/" "Mozilla/5.0 (Windows NT 10.0; Win64; x64) AppleWebKit/537.36 (KHTML, like Gecko) Chrome/120.0.0.0 Safari/537.36" "-"
52.35.75.0 - - [13/Jan/2024:13:05:19 +0100] "GET / HTTP/1.1" 200 31575 dartmoorrunners.co.uk "-" "Mozilla/5.0 (X11; Linux x86_64) AppleWebKit/537.36 (KHTML, like Gecko) Chrome/83.0.4103.97 Safari/537.36" "-"
52.12.58.0 - - [13/Jan/2024:13:05:34 +0100] "GET /favicon.ico HTTP/1.1" 302 - dartmoorrunners.co.uk "-" "Mozilla/5.0 (X11; Linux x86_64) AppleWebKit/537.36 (KHTML, like Gecko) Chrome/83.0.4103.97 Safari/537.36" "-"
52.12.58.0 - - [13/Jan/2024:13:05:35 +0100] "GET /wp-content/uploads/2017/04/cropped-dartmoorrunnerslogo_normal-32x32.png HTTP/1.1" 200 2617 dartmoorrunners.co.uk "http://dartmoorrunners.co.uk/favicon.ico" "Mozilla/5.0 (X11; Linux x86_64) AppleWebKit/537.36 (KHTML, like Gecko) Chrome/83.0.4103.97 Safari/537.36" "-"
66.249.69.0 - - [13/Jan/2024:13:27:59 +0100] "GET / HTTP/1.1" 200 31575 dartmoorrunners.co.uk "-" "Mozilla/5.0 (compatible; Googlebot/2.1; +http://www.google.com/bot.html)" "-"
2a03:2880:3100:: - - [13/Jan/2024:13:40:54 +0100] "GET /wp-content/uploads/2017/04/winter-2015-small-300x225.jpg HTTP/1.1" 200 17306 dartmoorrunners.co.uk "-" "facebookexternalhit/1.1 (+http://www.facebook.com/externalhit_uatext.php)" "-"
2a03:2880:3100:: - - [13/Jan/2024:13:40:54 +0100] "GET /wp-content/uploads/2017/04/cropped-dartmoorrunnerslogo_normal.png HTTP/1.1" 200 110052 dartmoorrunners.co.uk "-" "facebookexternalhit/1.1 (+http://www.facebook.com/externalhit_uatext.php)" "-"
2a03:2880:3000:: - - [13/Jan/2024:13:40:54 +0100] "GET /wp-content/uploads/2017/04/Moorland-runner-cropped-300x212.jpg HTTP/1.1" 200 16206 dartmoorrunners.co.uk "-" "facebookexternalhit/1.1 (+http://www.facebook.com/externalhit_uatext.php)" "-"
2a03:2880:2100:: - - [13/Jan/2024:13:40:54 +0100] "GET /wp-content/uploads/2017/04/ControlDog-300x225.jpg HTTP/1.1" 200 17221 dartmoorrunners.co.uk "-" "facebookexternalhit/1.1 (+http://www.facebook.com/externalhit_uatext.php)" "-"
138.2.229.0 - - [13/Jan/2024:14:01:42 +0100] "GET /wp-content/uploads/2017/04/Moorland-runner-cropped-300x212.jpg HTTP/1.1" 200 16206 dartmoorrunners.co.uk "-" "Googlebot-Image/1.0" "-"
82.165.88.0 - - [13/Jan/2024:14:03:56 +0100] "POST /wp-cron.php?doing_wp_cron=1705151036.5827009677886962890625 HTTP/1.1" 200 - dartmoorrunners.co.uk "http://dartmoorrunners.co.uk/wp-cron.php?doing_wp_cron=1705151036.5827009677886962890625" "WordPress/6.1.4; http://dartmoorrunners.co.uk" "-"
109.70.100.0 - - [13/Jan/2024:14:03:56 +0100] "POST /xmlrpc.php HTTP/1.1" 200 403 dartmoorrunners.co.uk "-" "Mozilla/5.0 (Windows NT 10.0; Win64; x64) AppleWebKit/537.36 (KHTML, like Gecko) Chrome/87.0.4280.88 Safari/537.36" "-"
109.70.100.0 - - [13/Jan/2024:14:03:57 +0100] "POST /xmlrpc.php HTTP/1.1" 200 403 dartmoorrunners.co.uk "-" "Mozilla/5.0 (Windows NT 10.0; Win64; x64) AppleWebKit/537.36 (KHTML, like Gecko) Chrome/87.0.4280.88 Safari/537.36" "-"
109.70.100.0 - - [13/Jan/2024:14:03:58 +0100] "POST /xmlrpc.php HTTP/1.1" 403 618 dartmoorrunners.co.uk "-" "Mozilla/5.0 (Windows NT 10.0; Win64; x64) AppleWebKit/537.36 (KHTML, like Gecko) Chrome/87.0.4280.88 Safari/537.36" "-"
109.70.100.0 - - [13/Jan/2024:14:03:59 +0100] "POST /xmlrpc.php HTTP/1.1" 403 618 dartmoorrunners.co.uk "-" "Mozilla/5.0 (Windows NT 10.0; Win64; x64) AppleWebKit/537.36 (KHTML, like Gecko) Chrome/87.0.4280.88 Safari/537.36" "-"
109.70.100.0 - - [13/Jan/2024:14:04:00 +0100] "POST /xmlrpc.php HTTP/1.1" 403 618 dartmoorrunners.co.uk "-" "Mozilla/5.0 (Windows NT 10.0; Win64; x64) AppleWebKit/537.36 (KHTML, like Gecko) Chrome/87.0.4280.88 Safari/537.36" "-"
185.54.228.0 - - [13/Jan/2024:14:13:09 +0100] "GET //wp-content/plugins/fix/up.php HTTP/1.1" 301 - dartmoorrunners.co.uk "-" "Mozilla/5.0 (Windows NT 10.0; Win64; x64) AppleWebKit/537.36 (KHTML, like Gecko) Chrome/85.0.4183.102 Safari/537.36" "-"
185.54.228.0 - - [13/Jan/2024:14:13:10 +0100] "GET /wp-content/plugins/fix/up.php HTTP/1.1" 404 24763 dartmoorrunners.co.uk "-" "Mozilla/5.0 (Windows NT 10.0; Win64; x64) AppleWebKit/537.36 (KHTML, like Gecko) Chrome/85.0.4183.102 Safari/537.36" "-"
51.222.253.0 - - [13/Jan/2024:14:17:38 +0100] "GET /robots.txt HTTP/1.1" 200 121 dartmoorrunners.co.uk "-" "Mozilla/5.0 (compatible; AhrefsBot/7.0; +http://ahrefs.com/robot/)" "-"
54.36.148.0 - - [13/Jan/2024:14:17:41 +0100] "GET /results/winter-series-2011-results HTTP/1.1" 200 44856 dartmoorrunners.co.uk "-" "Mozilla/5.0 (compatible; AhrefsBot/7.0; +http://ahrefs.com/robot/)" "-"
185.196.220.0 - - [13/Jan/2024:14:24:48 +0100] "GET /wp-content/plugins/post-smtp/readme.txt HTTP/1.1" 404 24763 dartmoorrunners.co.uk "-" "Mozilla/5.0 (Macintosh; Intel Mac OS X 13_1) AppleWebKit/537.36 (KHTML, like Gecko) Chrome/109.0.0.0 Safari/537.36" "-"
45.141.215.0 - - [13/Jan/2024:14:28:19 +0100] "POST /xmlrpc.php HTTP/1.1" 200 403 dartmoorrunners.co.uk "-" "Mozilla/5.0 (Windows NT 10.0; Win64; x64) AppleWebKit/537.36 (KHTML, like Gecko) Chrome/60.0.3112.113 Safari/537.36" "-"
45.141.215.0 - - [13/Jan/2024:14:28:20 +0100] "POST /xmlrpc.php HTTP/1.1" 200 403 dartmoorrunners.co.uk "-" "Mozilla/5.0 (Windows NT 10.0; Win64; x64) AppleWebKit/537.36 (KHTML, like Gecko) Chrome/60.0.3112.113 Safari/537.36" "-"
45.141.215.0 - - [13/Jan/2024:14:28:21 +0100] "POST /xmlrpc.php HTTP/1.1" 403 618 dartmoorrunners.co.uk "-" "Mozilla/5.0 (Windows NT 10.0; Win64; x64) AppleWebKit/537.36 (KHTML, like Gecko) Chrome/60.0.3112.113 Safari/537.36" "-"
45.141.215.0 - - [13/Jan/2024:14:28:22 +0100] "POST /xmlrpc.php HTTP/1.1" 403 618 dartmoorrunners.co.uk "-" "Mozilla/5.0 (Windows NT 10.0; Win64; x64) AppleWebKit/537.36 (KHTML, like Gecko) Chrome/60.0.3112.113 Safari/537.36" "-"
45.141.215.0 - - [13/Jan/2024:14:28:23 +0100] "POST /xmlrpc.php HTTP/1.1" 403 618 dartmoorrunners.co.uk "-" "Mozilla/5.0 (Windows NT 10.0; Win64; x64) AppleWebKit/537.36 (KHTML, like Gecko) Chrome/60.0.3112.113 Safari/537.36" "-"
82.165.88.0 - - [13/Jan/2024:14:36:53 +0100] "POST /wp-cron.php?doing_wp_cron=1705153013.7004339694976806640625 HTTP/1.1" 200 - dartmoorrunners.co.uk "http://dartmoorrunners.co.uk/wp-cron.php?doing_wp_cron=1705153013.7004339694976806640625" "WordPress/6.1.4; http://dartmoorrunners.co.uk" "-"
184.154.76.0 - - [13/Jan/2024:14:36:53 +0100] "GET / HTTP/1.1" 301 - www.dartmoorrunners.co.uk "http://www.google.com/url?url=www.dartmoorrunners.co.uk&yahoo.com" "Mozilla/5.0 (compatible; MSIE 9.0; Windows NT 6.1; WOW64; Trident/6.0)" "-"
184.154.76.0 - - [13/Jan/2024:14:36:55 +0100] "GET / HTTP/1.1" 200 31575 dartmoorrunners.co.uk "http://www.google.com/url?url=dartmoorrunners.co.uk&yahoo.com" "Mozilla/5.0 (compatible; MSIE 9.0; Windows NT 6.1; WOW64; Trident/6.0)" "-"
184.154.76.0 - - [13/Jan/2024:14:36:58 +0100] "GET /th1s_1s_a_4o4.html HTTP/1.1" 404 24763 dartmoorrunners.co.uk "-" "SiteLockSpider [en] (WinNT; I ;Nav)" "-"
184.154.76.0 - - [13/Jan/2024:14:36:59 +0100] "GET / HTTP/1.1" 200 31575 dartmoorrunners.co.uk "-" "SiteLockSpider [en] (WinNT; I ;Nav)" "-"
184.154.76.0 - - [13/Jan/2024:14:37:00 +0100] "GET /winter-series-results-2018 HTTP/1.1" 200 25719 dartmoorrunners.co.uk "-" "SiteLockSpider [en] (WinNT; I ;Nav)" "-"
184.154.76.0 - - [13/Jan/2024:14:37:02 +0100] "GET /sample-page/feed HTTP/1.1" 200 819 dartmoorrunners.co.uk "http://www.google.com/url?url=dartmoorrunners.co.uk&yahoo.com" "Mozilla/5.0 (compatible; MSIE 9.0; Windows NT 6.1; WOW64; Trident/6.0)" "-"
184.154.76.0 - - [13/Jan/2024:14:37:02 +0100] "GET /wp-json/oembed/1.0/embed?url=http%3A%2F%2Fdartmoorrunners.co.uk%2F HTTP/1.1" 200 2425 dartmoorrunners.co.uk "http://www.google.com/url?url=dartmoorrunners.co.uk&yahoo.com" "Mozilla/5.0 (compatible; MSIE 9.0; Windows NT 6.1; WOW64; Trident/6.0)" "-"
184.154.76.0 - - [13/Jan/2024:14:37:04 +0100] "GET /winter-series-2019-results HTTP/1.1" 200 25727 dartmoorrunners.co.uk "-" "SiteLockSpider [en] (WinNT; I ;Nav)" "-"
184.154.76.0 - - [13/Jan/2024:14:37:05 +0100] "GET /current-series-dates HTTP/1.1" 200 27887 dartmoorrunners.co.uk "-" "SiteLockSpider [en] (WinNT; I ;Nav)" "-"
184.154.76.0 - - [13/Jan/2024:14:37:07 +0100] "GET /results/summer-series-2018-results HTTP/1.1" 200 25797 dartmoorrunners.co.uk "http://www.google.com/url?url=dartmoorrunners.co.uk&yahoo.com" "Mozilla/5.0 (compatible; MSIE 9.0; Windows NT 6.1; WOW64; Trident/6.0)" "-"
54.36.148.0 - - [13/Jan/2024:14:37:07 +0100] "GET /results/winter-series-2014-results HTTP/1.1" 200 25685 dartmoorrunners.co.uk "-" "Mozilla/5.0 (compatible; AhrefsBot/7.0; +http://ahrefs.com/robot/)" "-"
184.154.76.0 - - [13/Jan/2024:14:37:08 +0100] "GET /results/summer-series-2016-results HTTP/1.1" 200 25700 dartmoorrunners.co.uk "-" "SiteLockSpider [en] (WinNT; I ;Nav)" "-"
184.154.76.0 - - [13/Jan/2024:14:37:10 +0100] "GET /summer-series-2019-results HTTP/1.1" 200 25727 dartmoorrunners.co.uk "-" "SiteLockSpider [en] (WinNT; I ;Nav)" "-"
184.154.76.0 - - [13/Jan/2024:14:37:11 +0100] "GET /winter-series-2022-results HTTP/1.1" 200 25786 dartmoorrunners.co.uk "-" "SiteLockSpider [en] (WinNT; I ;Nav)" "-"
184.154.76.0 - - [13/Jan/2024:14:37:13 +0100] "GET /summer-series-2023 HTTP/1.1" 200 27250 dartmoorrunners.co.uk "-" "SiteLockSpider [en] (WinNT; I ;Nav)" "-"
184.154.76.0 - - [13/Jan/2024:14:37:14 +0100] "GET /results/summer-series-2015-results HTTP/1.1" 200 25685 dartmoorrunners.co.uk "-" "SiteLockSpider [en] (WinNT; I ;Nav)" "-"
184.154.76.0 - - [13/Jan/2024:14:37:16 +0100] "GET /wp-json/wp/v2/pages/360 HTTP/1.1" 200 4641 dartmoorrunners.co.uk "http://www.google.com/url?url=dartmoorrunners.co.uk&yahoo.com" "Mozilla/5.0 (compatible; MSIE 9.0; Windows NT 6.1; WOW64; Trident/6.0)" "-"
184.154.76.0 - - [13/Jan/2024:14:37:17 +0100] "GET /wp-json/wp/v2/pages/63 HTTP/1.1" 200 2051 dartmoorrunners.co.uk "-" "SiteLockSpider [en] (WinNT; I ;Nav)" "-"
184.154.76.0 - - [13/Jan/2024:14:37:18 +0100] "GET /wp-includes/js/wp-emoji-release.min.js?ver=6.1.4 HTTP/1.1" 200 18617 dartmoorrunners.co.uk "http://www.google.com/url?url=dartmoorrunners.co.uk&yahoo.com" "Mozilla/5.0 (compatible; MSIE 9.0; Windows NT 6.1; WOW64; Trident/6.0)" "-"
184.154.76.0 - - [13/Jan/2024:14:37:19 +0100] "GET /wp-json/wp/v2/pages/2 HTTP/1.1" 200 8903 dartmoorrunners.co.uk "-" "SiteLockSpider [en] (WinNT; I ;Nav)" "-"
184.154.76.0 - - [13/Jan/2024:14:37:20 +0100] "GET /wp-includes/css/classic-themes.min.css?ver=1 HTTP/1.1" 200 217 dartmoorrunners.co.uk "http://www.google.com/url?url=dartmoorrunners.co.uk&yahoo.com" "Mozilla/5.0 (compatible; MSIE 9.0; Windows NT 6.1; WOW64; Trident/6.0)" "-"
184.154.76.0 - - [13/Jan/2024:14:37:21 +0100] "GET /results/winter-series-2013-results HTTP/1.1" 200 25734 dartmoorrunners.co.uk "-" "SiteLockSpider [en] (WinNT; I ;Nav)" "-"
184.154.76.0 - - [13/Jan/2024:14:37:22 +0100] "GET /wp-json/oembed/1.0/%5C%22http:%5C/%5C/dartmoorrunners.co.uk%5C/%5C%22 HTTP/1.1" 404 114 dartmoorrunners.co.uk "http://www.google.com/url?url=dartmoorrunners.co.uk&yahoo.com" "Mozilla/5.0 (compatible; MSIE 9.0; Windows NT 6.1; WOW64; Trident/6.0)" "-"
184.154.76.0 - - [13/Jan/2024:14:37:22 +0100] "GET /wp-content/themes/omega/style.css?ver=6.1.4 HTTP/1.1" 200 21416 dartmoorrunners.co.uk "http://www.google.com/url?url=dartmoorrunners.co.uk&yahoo.com" "Mozilla/5.0 (compatible; MSIE 9.0; Windows NT 6.1; WOW64; Trident/6.0)" "-"
184.154.76.0 - - [13/Jan/2024:14:37:24 +0100] "GET /results/summer-series-2013-results HTTP/1.1" 200 25696 dartmoorrunners.co.uk "-" "SiteLockSpider [en] (WinNT; I ;Nav)" "-"
184.154.76.0 - - [13/Jan/2024:14:37:25 +0100] "GET /results/winter-series-2015-results HTTP/1.1" 200 25700 dartmoorrunners.co.uk "-" "SiteLockSpider [en] (WinNT; I ;Nav)" "-"
184.154.76.0 - - [13/Jan/2024:14:37:26 +0100] "GET /results/summer-series-2014-results HTTP/1.1" 200 25685 dartmoorrunners.co.uk "-" "SiteLockSpider [en] (WinNT; I ;Nav)" "-"
184.154.76.0 - - [13/Jan/2024:14:37:27 +0100] "GET /xmlrpc.php HTTP/1.1" 405 42 dartmoorrunners.co.uk "-" "SiteLockSpider [en] (WinNT; I ;Nav)" "-"
184.154.76.0 - - [13/Jan/2024:14:37:28 +0100] "GET /winter-series-2023 HTTP/1.1" 200 27621 dartmoorrunners.co.uk "-" "SiteLockSpider [en] (WinNT; I ;Nav)" "-"
184.154.76.0 - - [13/Jan/2024:14:37:29 +0100] "GET /results/summer-series-2017-results HTTP/1.1" 200 25706 dartmoorrunners.co.uk "-" "SiteLockSpider [en] (WinNT; I ;Nav)" "-"
184.154.76.0 - - [13/Jan/2024:14:37:31 +0100] "GET /wp-json/wp/v2/pages/71 HTTP/1.1" 200 2031 dartmoorrunners.co.uk "-" "SiteLockSpider [en] (WinNT; I ;Nav)" "-"
184.154.76.0 - - [13/Jan/2024:14:37:32 +0100] "GET /results/winter-series-2012-results HTTP/1.1" 200 25917 dartmoorrunners.co.uk "-" "SiteLockSpider [en] (WinNT; I ;Nav)" "-"
184.154.76.0 - - [13/Jan/2024:14:37:33 +0100] "GET /wp-json/ HTTP/1.1" 200 164417 dartmoorrunners.co.uk "http://www.google.com/url?url=dartmoorrunners.co.uk&yahoo.com" "Mozilla/5.0 (compatible; MSIE 9.0; Windows NT 6.1; WOW64; Trident/6.0)" "-"
184.154.76.0 - - [13/Jan/2024:14:37:35 +0100] "GET /wp-json/wp/v2/pages/530 HTTP/1.1" 200 4720 dartmoorrunners.co.uk "-" "SiteLockSpider [en] (WinNT; I ;Nav)" "-"
184.154.76.0 - - [13/Jan/2024:14:37:35 +0100] "GET /results/winter-series-2014-results HTTP/1.1" 200 25685 dartmoorrunners.co.uk "-" "SiteLockSpider [en] (WinNT; I ;Nav)" "-"
184.154.76.0 - - [13/Jan/2024:14:37:36 +0100] "GET /wp-json/wp/v2/pages/80 HTTP/1.1" 200 18097 dartmoorrunners.co.uk "-" "SiteLockSpider [en] (WinNT; I ;Nav)" "-"
184.154.76.0 - - [13/Jan/2024:14:37:37 +0100] "GET /wp-json/wp/v2/pages/65 HTTP/1.1" 200 2051 dartmoorrunners.co.uk "-" "SiteLockSpider [en] (WinNT; I ;Nav)" "-"
184.154.76.0 - - [13/Jan/2024:14:37:37 +0100] "GET /wp-includes/css/dist/block-library/style.min.css?ver=6.1.4 HTTP/1.1" 200 95021 dartmoorrunners.co.uk "http://www.google.com/url?url=dartmoorrunners.co.uk&yahoo.com" "Mozilla/5.0 (compatible; MSIE 9.0; Windows NT 6.1; WOW64; Trident/6.0)" "-"
184.154.76.0 - - [13/Jan/2024:14:37:38 +0100] "GET /results/summer-series-2012-results HTTP/1.1" 200 39432 dartmoorrunners.co.uk "-" "SiteLockSpider [en] (WinNT; I ;Nav)" "-"
184.154.76.0 - - [13/Jan/2024:14:37:39 +0100] "GET /winter-series-results-2017 HTTP/1.1" 200 25719 dartmoorrunners.co.uk "-" "SiteLockSpider [en] (WinNT; I ;Nav)" "-"
184.154.76.0 - - [13/Jan/2024:14:37:40 +0100] "GET /wp-json/oembed/1.0/embed?url=http%3A%2F%2Fdartmoorrunners.co.uk%2Fresults%2Fsummer-series-2014-results&format=xml HTTP/1.1" 200 2627 dartmoorrunners.co.uk "-" "SiteLockSpider [en] (WinNT; I ;Nav)" "-"
184.154.76.0 - - [13/Jan/2024:14:37:41 +0100] "GET /wp-json/oembed/1.0/embed?url=http%3A%2F%2Fdartmoorrunners.co.uk%2Fresults%2Fsummer-series-2013-results&format=xml HTTP/1.1" 200 2627 dartmoorrunners.co.uk "-" "SiteLockSpider [en] (WinNT; I ;Nav)" "-"
184.154.76.0 - - [13/Jan/2024:14:37:42 +0100] "GET /wp-json/wp/v2/pages/%5C%22https:%5C/%5C/docs.google.com%5C/spreadsheets%5C/d%5C/e%5C/2PACX-1vRYnm0bE-qpBHfJDFMXvUG8omQv7GLMZSWEzMMyuzjVOGXKQXL3v6uJf6kYjp5nQXQrX0M8JKcEED9f%5C/pubhtml?widget=true&headers=false%5C%22 HTTP/1.1" 404 114 dartmoorrunners.co.uk "http://www.google.com/url?url=dartmoorrunners.co.uk&yahoo.com" "Mozilla/5.0 (compatible; MSIE 9.0; Windows NT 6.1; WOW64; Trident/6.0)" "-"
184.154.76.0 - - [13/Jan/2024:14:37:42 +0100] "GET /wp-json/wp/v2/pages/325 HTTP/1.1" 200 2074 dartmoorrunners.co.uk "-" "SiteLockSpider [en] (WinNT; I ;Nav)" "-"
184.154.76.0 - - [13/Jan/2024:14:37:43 +0100] "GET /wp-json/wp/v2/pages/78 HTTP/1.1" 200 2270 dartmoorrunners.co.uk "-" "SiteLockSpider [en] (WinNT; I ;Nav)" "-"
184.154.76.0 - - [13/Jan/2024:14:37:43 +0100] "GET /wp-json/wp/v2/pages/252 HTTP/1.1" 200 2179 dartmoorrunners.co.uk "-" "SiteLockSpider [en] (WinNT; I ;Nav)" "-"
184.154.76.0 - - [13/Jan/2024:14:37:44 +0100] "GET /results HTTP/1.1" 200 25108 dartmoorrunners.co.uk "-" "SiteLockSpider [en] (WinNT; I ;Nav)" "-"
