205.185.123.0 - - [31/Jan/2024:14:48:19 +0100] "POST /wp-login.php HTTP/1.1" 200 9053 dartmoorrunners.co.uk "http://dartmoorrunners.co.uk/" "Mozilla/5.0 (Windows NT 6.1; WOW64; Trident/7.0; rv:11.0) like Gecko" "-"
184.154.139.0 - - [31/Jan/2024:15:02:39 +0100] "GET / HTTP/1.1" 301 - www.dartmoorrunners.co.uk "http://www.google.com/url?url=www.dartmoorrunners.co.uk&yahoo.com" "Mozilla/5.0 (compatible; MSIE 9.0; Windows NT 6.1; WOW64; Trident/6.0)" "-"
184.154.139.0 - - [31/Jan/2024:15:02:40 +0100] "GET / HTTP/1.1" 200 31576 dartmoorrunners.co.uk "http://www.google.com/url?url=dartmoorrunners.co.uk&yahoo.com" "Mozilla/5.0 (compatible; MSIE 9.0; Windows NT 6.1; WOW64; Trident/6.0)" "-"
184.154.139.0 - - [31/Jan/2024:15:02:42 +0100] "GET /th1s_1s_a_4o4.html HTTP/1.1" 404 24764 dartmoorrunners.co.uk "-" "SiteLockSpider [en] (WinNT; I ;Nav)" "-"
184.154.139.0 - - [31/Jan/2024:15:02:43 +0100] "GET /wp-json/oembed/1.0/embed?url=http%3A%2F%2Fdartmoorrunners.co.uk%2F HTTP/1.1" 200 2425 dartmoorrunners.co.uk "http://www.google.com/url?url=dartmoorrunners.co.uk&yahoo.com" "Mozilla/5.0 (compatible; MSIE 9.0; Windows NT 6.1; WOW64; Trident/6.0)" "-"
184.154.139.0 - - [31/Jan/2024:15:02:44 +0100] "GET /winter-series-results-2018 HTTP/1.1" 200 25720 dartmoorrunners.co.uk "-" "SiteLockSpider [en] (WinNT; I ;Nav)" "-"
184.154.139.0 - - [31/Jan/2024:15:02:45 +0100] "GET /results/winter-series-2013-results HTTP/1.1" 200 25735 dartmoorrunners.co.uk "http://www.google.com/url?url=dartmoorrunners.co.uk&yahoo.com" "Mozilla/5.0 (compatible; MSIE 9.0; Windows NT 6.1; WOW64; Trident/6.0)" "-"
184.154.139.0 - - [31/Jan/2024:15:02:47 +0100] "GET /winter-series-2023 HTTP/1.1" 200 27641 dartmoorrunners.co.uk "-" "SiteLockSpider [en] (WinNT; I ;Nav)" "-"
184.154.139.0 - - [31/Jan/2024:15:02:49 +0100] "GET /results/winter-series-2015-results HTTP/1.1" 200 25701 dartmoorrunners.co.uk "-" "SiteLockSpider [en] (WinNT; I ;Nav)" "-"
184.154.139.0 - - [31/Jan/2024:15:02:50 +0100] "GET /xmlrpc.php?rsd HTTP/1.1" 200 834 dartmoorrunners.co.uk "-" "SiteLockSpider [en] (WinNT; I ;Nav)" "-"
184.154.139.0 - - [31/Jan/2024:15:02:51 +0100] "GET /results/summer-series-2015-results HTTP/1.1" 200 25686 dartmoorrunners.co.uk "-" "SiteLockSpider [en] (WinNT; I ;Nav)" "-"
184.154.139.0 - - [31/Jan/2024:15:02:52 +0100] "GET /wp-includes/wlwmanifest.xml HTTP/1.1" 200 1045 dartmoorrunners.co.uk "http://www.google.com/url?url=dartmoorrunners.co.uk&yahoo.com" "Mozilla/5.0 (compatible; MSIE 9.0; Windows NT 6.1; WOW64; Trident/6.0)" "-"
184.154.139.0 - - [31/Jan/2024:15:02:53 +0100] "GET /wp-json/wp/v2/pages/2 HTTP/1.1" 200 8903 dartmoorrunners.co.uk "http://www.google.com/url?url=dartmoorrunners.co.uk&yahoo.com" "Mozilla/5.0 (compatible; MSIE 9.0; Windows NT 6.1; WOW64; Trident/6.0)" "-"
184.154.139.0 - - [31/Jan/2024:15:02:54 +0100] "GET /xmlrpc.php HTTP/1.1" 405 42 dartmoorrunners.co.uk "-" "SiteLockSpider [en] (WinNT; I ;Nav)" "-"
184.154.139.0 - - [31/Jan/2024:15:02:54 +0100] "GET /summer-series-2019-results HTTP/1.1" 200 25728 dartmoorrunners.co.uk "-" "SiteLockSpider [en] (WinNT; I ;Nav)" "-"
184.154.139.0 - - [31/Jan/2024:15:02:56 +0100] "GET /results/summer-series-2017-results HTTP/1.1" 200 25707 dartmoorrunners.co.uk "-" "SiteLockSpider [en] (WinNT; I ;Nav)" "-"
184.154.139.0 - - [31/Jan/2024:15:02:57 +0100] "GET /results HTTP/1.1" 200 25109 dartmoorrunners.co.uk "-" "SiteLockSpider [en] (WinNT; I ;Nav)" "-"
184.154.139.0 - - [31/Jan/2024:15:02:58 +0100] "GET /results/summer-series-2018-results HTTP/1.1" 200 25798 dartmoorrunners.co.uk "-" "SiteLockSpider [en] (WinNT; I ;Nav)" "-"
184.154.139.0 - - [31/Jan/2024:15:02:59 +0100] "GET /wp-json/wp/v2/pages/280 HTTP/1.1" 200 2066 dartmoorrunners.co.uk "-" "SiteLockSpider [en] (WinNT; I ;Nav)" "-"
213.180.203.0 - - [31/Jan/2024:15:15:56 +0100] "GET /robots.txt HTTP/1.1" 200 121 dartmoorrunners.co.uk "-" "Mozilla/5.0 (compatible; YandexBot/3.0; +http://yandex.com/bots)" "-"
95.108.213.0 - - [31/Jan/2024:15:15:57 +0100] "GET / HTTP/1.1" 200 31576 dartmoorrunners.co.uk "-" "Mozilla/5.0 (compatible; YandexBot/3.0; +http://yandex.com/bots)" "-"
213.180.203.0 - - [31/Jan/2024:15:18:01 +0100] "GET / HTTP/1.1" 200 31576 dartmoorrunners.co.uk "-" "Mozilla/5.0 (compatible; YandexBot/3.0; +http://yandex.com/bots)" "-"
144.202.11.0 - - [31/Jan/2024:15:24:48 +0100] "POST /xmlrpc.php HTTP/1.1" 200 403 dartmoorrunners.co.uk "-" "Mozilla/5.0 (Windows NT 10.0; Win64; x64; rv:74.0) Gecko/20100101 Firefox/74.0" "-"
54.36.148.0 - - [31/Jan/2024:15:43:00 +0100] "GET /results/winter-series-2014-results HTTP/1.1" 200 25686 dartmoorrunners.co.uk "-" "Mozilla/5.0 (compatible; AhrefsBot/7.0; +http://ahrefs.com/robot/)" "-"
82.165.88.0 - - [31/Jan/2024:15:43:00 +0100] "POST /wp-cron.php?doing_wp_cron=1706712180.5310859680175781250000 HTTP/1.1" 200 - dartmoorrunners.co.uk "http://dartmoorrunners.co.uk/wp-cron.php?doing_wp_cron=1706712180.5310859680175781250000" "WordPress/6.1.5; http://dartmoorrunners.co.uk" "-"
54.36.148.0 - - [31/Jan/2024:15:43:05 +0100] "GET /wp-includes/css/dist/block-library/style.min.css?ver=6.1.5 HTTP/1.1" 200 16164 dartmoorrunners.co.uk "-" "Mozilla/5.0 (compatible; AhrefsBot/7.0; +http://ahrefs.com/robot/)" "-"
54.36.149.0 - - [31/Jan/2024:15:43:05 +0100] "GET /wp-content/themes/omega/style.css?ver=6.1.5 HTTP/1.1" 200 6552 dartmoorrunners.co.uk "-" "Mozilla/5.0 (compatible; AhrefsBot/7.0; +http://ahrefs.com/robot/)" "-"
182.42.111.0 - - [31/Jan/2024:15:48:40 +0100] "GET / HTTP/1.1" 301 - www.dartmoorrunners.co.uk "-" "Mozilla/5.0 (iPhone; CPU iPhone OS 13_2_3 like Mac OS X) AppleWebKit/605.1.15 (KHTML, like Gecko) Version/13.0.3 Mobile/15E148 Safari/604.1" "-"
182.42.111.0 - - [31/Jan/2024:15:48:42 +0100] "GET / HTTP/1.1" 200 31576 dartmoorrunners.co.uk "http://www.dartmoorrunners.co.uk" "Mozilla/5.0 (iPhone; CPU iPhone OS 13_2_3 like Mac OS X) AppleWebKit/605.1.15 (KHTML, like Gecko) Version/13.0.3 Mobile/15E148 Safari/604.1" "-"
2a01:4f8:c00:: - - [31/Jan/2024:16:24:34 +0100] "GET /cong.php HTTP/1.1" 404 24764 dartmoorrunners.co.uk "http://simplesite.com" "Mozilla/5.0 (Windows; U; Windows NT 5.1; en-US) AppleWebKit/533.4 (KHTML, like Gecko) Chrome/5.0.375.99 Safari/533.4" "-"
82.165.88.0 - - [31/Jan/2024:16:42:51 +0100] "POST /wp-cron.php?doing_wp_cron=1706715771.8896501064300537109375 HTTP/1.1" 200 - dartmoorrunners.co.uk "http://dartmoorrunners.co.uk/wp-cron.php?doing_wp_cron=1706715771.8896501064300537109375" "WordPress/6.1.5; http://dartmoorrunners.co.uk" "-"
2001:bc8:1200:: - - [31/Jan/2024:16:42:51 +0100] "POST /xmlrpc.php HTTP/1.1" 200 403 dartmoorrunners.co.uk "-" "Mozilla/5.0 (Windows NT 10.0; Win64; x64; rv:78.0) Gecko/20100101 Firefox/78.0" "-"
54.36.148.0 - - [31/Jan/2024:16:43:20 +0100] "GET /winter-series-results-2018 HTTP/1.1" 200 25720 dartmoorrunners.co.uk "-" "Mozilla/5.0 (compatible; AhrefsBot/7.0; +http://ahrefs.com/robot/)" "-"
213.180.203.0 - - [31/Jan/2024:17:33:43 +0100] "GET /robots.txt HTTP/1.1" 301 - www.dartmoorrunners.co.uk "-" "Mozilla/5.0 (compatible; YandexBot/3.0; +http://yandex.com/bots)" "-"
82.165.88.0 - - [31/Jan/2024:17:33:44 +0100] "POST /wp-cron.php?doing_wp_cron=1706718823.9952750205993652343750 HTTP/1.1" 200 - dartmoorrunners.co.uk "http://dartmoorrunners.co.uk/wp-cron.php?doing_wp_cron=1706718823.9952750205993652343750" "WordPress/6.1.5; http://dartmoorrunners.co.uk" "-"
213.180.203.0 - - [31/Jan/2024:17:33:44 +0100] "GET /robots.txt HTTP/1.1" 200 121 dartmoorrunners.co.uk "-" "Mozilla/5.0 (compatible; YandexBot/3.0; +http://yandex.com/bots)" "-"
213.180.203.0 - - [31/Jan/2024:17:33:45 +0100] "GET / HTTP/1.1" 301 - www.dartmoorrunners.co.uk "-" "Mozilla/5.0 (compatible; YandexBot/3.0; +http://yandex.com/bots)" "-"
5.255.231.0 - - [31/Jan/2024:17:35:49 +0100] "GET / HTTP/1.1" 301 - www.dartmoorrunners.co.uk "-" "Mozilla/5.0 (compatible; YandexBot/3.0; +http://yandex.com/bots)" "-"
185.120.144.0 - - [31/Jan/2024:17:47:10 +0100] "GET /wp-admin/admin-ajax.php?action=duplicator_download&file=../wp-config.php HTTP/1.1" 503 299 dartmoorrunners.co.uk "-" "Mozilla/5.0 (X11; Ubuntu; Linux i686; rv:28.0) Gecko/20100101 Firefox/72.0" "-"
185.120.144.0 - - [31/Jan/2024:17:47:11 +0100] "GET /wp-admin/admin-ajax.php?action=revslider_show_image&img=../wp-config.php HTTP/1.1" 503 299 dartmoorrunners.co.uk "-" "Mozilla/5.0 (X11; Ubuntu; Linux i686; rv:28.0) Gecko/20100101 Firefox/72.0" "-"
165.227.178.0 - - [31/Jan/2024:17:54:50 +0100] "POST /xmlrpc.php HTTP/1.1" 200 403 dartmoorrunners.co.uk "-" "Mozilla/5.0 (Windows NT 10.0; Win64; x64; rv:85.0) Gecko/20100101 Firefox/85.0" "-"
138.197.118.0 - - [31/Jan/2024:18:05:28 +0100] "GET /wp-admin/css/ HTTP/1.1" 403 618 dartmoorrunners.co.uk "binance.com" "Mozilla/5.0 (Windows NT 10.0; Win64; x64) AppleWebKit/537.36 (KHTML, like Gecko) Chrome/90.0.4430.85 Safari/537.36" "-"
103.4.100.0 - - [31/Jan/2024:18:17:59 +0100] "GET / HTTP/1.1" 200 31576 dartmoorrunners.co.uk "-" "Mozilla/5.0 (Windows NT 10.0; WOW64; x64) AppleWebKit/537.36 (KHTML, like Gecko) Chrome/114.0.0.0 Safari/537.36 OPR/89.0.4447.51" "-"
103.4.100.0 - - [31/Jan/2024:18:18:01 +0100] "GET /winter-series-2023 HTTP/1.1" 200 27641 dartmoorrunners.co.uk "http://dartmoorrunners.co.uk" "Mozilla/5.0 (Windows NT 10.0; WOW64; x64) AppleWebKit/537.36 (KHTML, like Gecko) Chrome/114.0.0.0 Safari/537.36 OPR/89.0.4447.51" "-"
103.4.100.0 - - [31/Jan/2024:18:18:03 +0100] "GET /xmlrpc.php?rsd HTTP/1.1" 200 834 dartmoorrunners.co.uk "http://dartmoorrunners.co.uk" "Mozilla/5.0 (Windows NT 10.0; WOW64; x64) AppleWebKit/537.36 (KHTML, like Gecko) Chrome/114.0.0.0 Safari/537.36 OPR/89.0.4447.51" "-"
103.4.100.0 - - [31/Jan/2024:18:18:05 +0100] "GET /results HTTP/1.1" 200 25109 dartmoorrunners.co.uk "http://dartmoorrunners.co.uk" "Mozilla/5.0 (Windows NT 10.0; WOW64; x64) AppleWebKit/537.36 (KHTML, like Gecko) Chrome/114.0.0.0 Safari/537.36 OPR/89.0.4447.51" "-"
103.4.100.0 - - [31/Jan/2024:18:18:07 +0100] "GET /xmlrpc.php HTTP/1.1" 405 42 dartmoorrunners.co.uk "http://dartmoorrunners.co.uk" "Mozilla/5.0 (Windows NT 10.0; WOW64; x64) AppleWebKit/537.36 (KHTML, like Gecko) Chrome/114.0.0.0 Safari/537.36 OPR/89.0.4447.51" "-"
103.4.100.0 - - [31/Jan/2024:18:18:09 +0100] "GET /summer-series-2023 HTTP/1.1" 200 27251 dartmoorrunners.co.uk "http://dartmoorrunners.co.uk" "Mozilla/5.0 (Windows NT 10.0; WOW64; x64) AppleWebKit/537.36 (KHTML, like Gecko) Chrome/114.0.0.0 Safari/537.36 OPR/89.0.4447.51" "-"
103.4.100.0 - - [31/Jan/2024:18:18:11 +0100] "GET /wp-json/wp/v2/pages/2 HTTP/1.1" 200 8903 dartmoorrunners.co.uk "http://dartmoorrunners.co.uk" "Mozilla/5.0 (Windows NT 10.0; WOW64; x64) AppleWebKit/537.36 (KHTML, like Gecko) Chrome/114.0.0.0 Safari/537.36 OPR/89.0.4447.51" "-"
103.4.100.0 - - [31/Jan/2024:18:18:13 +0100] "GET /current-series-dates HTTP/1.1" 200 27888 dartmoorrunners.co.uk "http://dartmoorrunners.co.uk" "Mozilla/5.0 (Windows NT 10.0; WOW64; x64) AppleWebKit/537.36 (KHTML, like Gecko) Chrome/114.0.0.0 Safari/537.36 OPR/89.0.4447.51" "-"
103.4.100.0 - - [31/Jan/2024:18:18:15 +0100] "GET /wp-json/oembed/1.0/embed?url=http%3A%2F%2Fdartmoorrunners.co.uk%2F& HTTP/1.1" 200 2425 dartmoorrunners.co.uk "http://dartmoorrunners.co.uk" "Mozilla/5.0 (Windows NT 10.0; WOW64; x64) AppleWebKit/537.36 (KHTML, like Gecko) Chrome/114.0.0.0 Safari/537.36 OPR/89.0.4447.51" "-"
103.4.100.0 - - [31/Jan/2024:18:18:16 +0100] "GET /winter-series-2022-results HTTP/1.1" 200 25787 dartmoorrunners.co.uk "http://dartmoorrunners.co.uk" "Mozilla/5.0 (Windows NT 10.0; WOW64; x64) AppleWebKit/537.36 (KHTML, like Gecko) Chrome/114.0.0.0 Safari/537.36 OPR/89.0.4447.51" "-"
103.4.100.0 - - [31/Jan/2024:18:18:17 +0100] "GET /wp-json/oembed/1.0/embed?url=http%3A%2F%2Fdartmoorrunners.co.uk%2F HTTP/1.1" 200 2425 dartmoorrunners.co.uk "http://dartmoorrunners.co.uk" "Mozilla/5.0 (Windows NT 10.0; WOW64; x64) AppleWebKit/537.36 (KHTML, like Gecko) Chrome/114.0.0.0 Safari/537.36 OPR/89.0.4447.51" "-"
103.4.100.0 - - [31/Jan/2024:18:18:18 +0100] "GET /winter-series-2019-results HTTP/1.1" 200 25728 dartmoorrunners.co.uk "http://dartmoorrunners.co.uk" "Mozilla/5.0 (Windows NT 10.0; WOW64; x64) AppleWebKit/537.36 (KHTML, like Gecko) Chrome/114.0.0.0 Safari/537.36 OPR/89.0.4447.51" "-"
103.4.100.0 - - [31/Jan/2024:18:18:18 +0100] "GET /wp-json/ HTTP/1.1" 200 164417 dartmoorrunners.co.uk "http://dartmoorrunners.co.uk" "Mozilla/5.0 (Windows NT 10.0; WOW64; x64) AppleWebKit/537.36 (KHTML, like Gecko) Chrome/114.0.0.0 Safari/537.36 OPR/89.0.4447.51" "-"
103.4.100.0 - - [31/Jan/2024:18:18:19 +0100] "GET /summer-series-2019-results HTTP/1.1" 200 25728 dartmoorrunners.co.uk "http://dartmoorrunners.co.uk" "Mozilla/5.0 (Windows NT 10.0; WOW64; x64) AppleWebKit/537.36 (KHTML, like Gecko) Chrome/114.0.0.0 Safari/537.36 OPR/89.0.4447.51" "-"
103.4.100.0 - - [31/Jan/2024:18:18:20 +0100] "GET /wp-includes/wlwmanifest.xml HTTP/1.1" 200 480 dartmoorrunners.co.uk "http://dartmoorrunners.co.uk" "Mozilla/5.0 (Windows NT 10.0; WOW64; x64) AppleWebKit/537.36 (KHTML, like Gecko) Chrome/114.0.0.0 Safari/537.36 OPR/89.0.4447.51" "-"
103.4.100.0 - - [31/Jan/2024:18:18:21 +0100] "GET /winter-series-results-2018 HTTP/1.1" 200 25720 dartmoorrunners.co.uk "http://dartmoorrunners.co.uk" "Mozilla/5.0 (Windows NT 10.0; WOW64; x64) AppleWebKit/537.36 (KHTML, like Gecko) Chrome/114.0.0.0 Safari/537.36 OPR/89.0.4447.51" "-"
103.4.100.0 - - [31/Jan/2024:18:18:21 +0100] "GET /sample-page/feed HTTP/1.1" 200 819 dartmoorrunners.co.uk "http://dartmoorrunners.co.uk" "Mozilla/5.0 (Windows NT 10.0; WOW64; x64) AppleWebKit/537.36 (KHTML, like Gecko) Chrome/114.0.0.0 Safari/537.36 OPR/89.0.4447.51" "-"
103.4.100.0 - - [31/Jan/2024:18:18:22 +0100] "GET /results/summer-series-2018-results HTTP/1.1" 200 25798 dartmoorrunners.co.uk "http://dartmoorrunners.co.uk" "Mozilla/5.0 (Windows NT 10.0; WOW64; x64) AppleWebKit/537.36 (KHTML, like Gecko) Chrome/114.0.0.0 Safari/537.36 OPR/89.0.4447.51" "-"
103.4.100.0 - - [31/Jan/2024:18:18:23 +0100] "GET /feed HTTP/1.1" 200 1728 dartmoorrunners.co.uk "http://dartmoorrunners.co.uk" "Mozilla/5.0 (Windows NT 10.0; WOW64; x64) AppleWebKit/537.36 (KHTML, like Gecko) Chrome/114.0.0.0 Safari/537.36 OPR/89.0.4447.51" "-"
103.4.100.0 - - [31/Jan/2024:18:18:23 +0100] "GET /winter-series-results-2017 HTTP/1.1" 200 25720 dartmoorrunners.co.uk "http://dartmoorrunners.co.uk" "Mozilla/5.0 (Windows NT 10.0; WOW64; x64) AppleWebKit/537.36 (KHTML, like Gecko) Chrome/114.0.0.0 Safari/537.36 OPR/89.0.4447.51" "-"
103.4.100.0 - - [31/Jan/2024:18:18:24 +0100] "GET /comments/feed HTTP/1.1" 200 827 dartmoorrunners.co.uk "http://dartmoorrunners.co.uk" "Mozilla/5.0 (Windows NT 10.0; WOW64; x64) AppleWebKit/537.36 (KHTML, like Gecko) Chrome/114.0.0.0 Safari/537.36 OPR/89.0.4447.51" "-"
103.4.100.0 - - [31/Jan/2024:18:18:25 +0100] "GET /results/summer-series-2017-results HTTP/1.1" 200 25707 dartmoorrunners.co.uk "http://dartmoorrunners.co.uk" "Mozilla/5.0 (Windows NT 10.0; WOW64; x64) AppleWebKit/537.36 (KHTML, like Gecko) Chrome/114.0.0.0 Safari/537.36 OPR/89.0.4447.51" "-"
103.4.100.0 - - [31/Jan/2024:18:18:26 +0100] "GET / HTTP/1.1" 200 31576 dartmoorrunners.co.uk "http://dartmoorrunners.co.uk" "Mozilla/5.0 (Windows NT 10.0; WOW64; x64) AppleWebKit/537.36 (KHTML, like Gecko) Chrome/114.0.0.0 Safari/537.36 OPR/89.0.4447.51" "-"
103.4.100.0 - - [31/Jan/2024:18:18:26 +0100] "GET /results/winter-series-2016-results HTTP/1.1" 200 25696 dartmoorrunners.co.uk "http://dartmoorrunners.co.uk" "Mozilla/5.0 (Windows NT 10.0; WOW64; x64) AppleWebKit/537.36 (KHTML, like Gecko) Chrome/114.0.0.0 Safari/537.36 OPR/89.0.4447.51" "-"
103.4.100.0 - - [31/Jan/2024:18:18:27 +0100] "GET /winter_series_2009.html HTTP/1.1" 404 24764 dartmoorrunners.co.uk "http://dartmoorrunners.co.uk" "Mozilla/5.0 (Windows NT 10.0; WOW64; x64) AppleWebKit/537.36 (KHTML, like Gecko) Chrome/114.0.0.0 Safari/537.36 OPR/89.0.4447.51" "-"
103.4.100.0 - - [31/Jan/2024:18:18:28 +0100] "GET /results/summer-series-2016-results HTTP/1.1" 200 25701 dartmoorrunners.co.uk "http://dartmoorrunners.co.uk" "Mozilla/5.0 (Windows NT 10.0; WOW64; x64) AppleWebKit/537.36 (KHTML, like Gecko) Chrome/114.0.0.0 Safari/537.36 OPR/89.0.4447.51" "-"
103.4.100.0 - - [31/Jan/2024:18:18:29 +0100] "GET /summer_series_2010.html HTTP/1.1" 404 24764 dartmoorrunners.co.uk "http://dartmoorrunners.co.uk" "Mozilla/5.0 (Windows NT 10.0; WOW64; x64) AppleWebKit/537.36 (KHTML, like Gecko) Chrome/114.0.0.0 Safari/537.36 OPR/89.0.4447.51" "-"
103.4.100.0 - - [31/Jan/2024:18:18:29 +0100] "GET /results/winter-series-2015-results HTTP/1.1" 200 25701 dartmoorrunners.co.uk "http://dartmoorrunners.co.uk" "Mozilla/5.0 (Windows NT 10.0; WOW64; x64) AppleWebKit/537.36 (KHTML, like Gecko) Chrome/114.0.0.0 Safari/537.36 OPR/89.0.4447.51" "-"
103.4.100.0 - - [31/Jan/2024:18:18:30 +0100] "GET /winter_series_2010.html HTTP/1.1" 404 24764 dartmoorrunners.co.uk "http://dartmoorrunners.co.uk" "Mozilla/5.0 (Windows NT 10.0; WOW64; x64) AppleWebKit/537.36 (KHTML, like Gecko) Chrome/114.0.0.0 Safari/537.36 OPR/89.0.4447.51" "-"
103.4.100.0 - - [31/Jan/2024:18:18:31 +0100] "GET /results/summer-series-2015-results HTTP/1.1" 200 25686 dartmoorrunners.co.uk "http://dartmoorrunners.co.uk" "Mozilla/5.0 (Windows NT 10.0; WOW64; x64) AppleWebKit/537.36 (KHTML, like Gecko) Chrome/114.0.0.0 Safari/537.36 OPR/89.0.4447.51" "-"
103.4.100.0 - - [31/Jan/2024:18:18:31 +0100] "GET /results_16.html HTTP/1.1" 404 24764 dartmoorrunners.co.uk "http://dartmoorrunners.co.uk" "Mozilla/5.0 (Windows NT 10.0; WOW64; x64) AppleWebKit/537.36 (KHTML, like Gecko) Chrome/114.0.0.0 Safari/537.36 OPR/89.0.4447.51" "-"
103.4.100.0 - - [31/Jan/2024:18:18:32 +0100] "GET /results/summer-series-2014-results HTTP/1.1" 200 25686 dartmoorrunners.co.uk "http://dartmoorrunners.co.uk" "Mozilla/5.0 (Windows NT 10.0; WOW64; x64) AppleWebKit/537.36 (KHTML, like Gecko) Chrome/114.0.0.0 Safari/537.36 OPR/89.0.4447.51" "-"
103.4.100.0 - - [31/Jan/2024:18:18:33 +0100] "GET /dates_16.html HTTP/1.1" 404 24764 dartmoorrunners.co.uk "http://dartmoorrunners.co.uk" "Mozilla/5.0 (Windows NT 10.0; WOW64; x64) AppleWebKit/537.36 (KHTML, like Gecko) Chrome/114.0.0.0 Safari/537.36 OPR/89.0.4447.51" "-"
103.4.100.0 - - [31/Jan/2024:18:18:34 +0100] "GET /results/summer-series-2012-results HTTP/1.1" 200 39433 dartmoorrunners.co.uk "http://dartmoorrunners.co.uk" "Mozilla/5.0 (Windows NT 10.0; WOW64; x64) AppleWebKit/537.36 (KHTML, like Gecko) Chrome/114.0.0.0 Safari/537.36 OPR/89.0.4447.51" "-"
103.4.100.0 - - [31/Jan/2024:18:18:34 +0100] "GET /results_17.html HTTP/1.1" 404 24764 dartmoorrunners.co.uk "http://dartmoorrunners.co.uk" "Mozilla/5.0 (Windows NT 10.0; WOW64; x64) AppleWebKit/537.36 (KHTML, like Gecko) Chrome/114.0.0.0 Safari/537.36 OPR/89.0.4447.51" "-"
103.4.100.0 - - [31/Jan/2024:18:18:35 +0100] "GET /results/winter-series-2014-results HTTP/1.1" 200 25686 dartmoorrunners.co.uk "http://dartmoorrunners.co.uk" "Mozilla/5.0 (Windows NT 10.0; WOW64; x64) AppleWebKit/537.36 (KHTML, like Gecko) Chrome/114.0.0.0 Safari/537.36 OPR/89.0.4447.51" "-"
103.4.100.0 - - [31/Jan/2024:18:18:36 +0100] "GET /dates_17.html HTTP/1.1" 404 24764 dartmoorrunners.co.uk "http://dartmoorrunners.co.uk" "Mozilla/5.0 (Windows NT 10.0; WOW64; x64) AppleWebKit/537.36 (KHTML, like Gecko) Chrome/114.0.0.0 Safari/537.36 OPR/89.0.4447.51" "-"
103.4.100.0 - - [31/Jan/2024:18:18:37 +0100] "GET /results/winter-series-2013-results HTTP/1.1" 200 25735 dartmoorrunners.co.uk "http://dartmoorrunners.co.uk" "Mozilla/5.0 (Windows NT 10.0; WOW64; x64) AppleWebKit/537.36 (KHTML, like Gecko) Chrome/114.0.0.0 Safari/537.36 OPR/89.0.4447.51" "-"
103.4.100.0 - - [31/Jan/2024:18:18:37 +0100] "GET /results_18.html HTTP/1.1" 404 24764 dartmoorrunners.co.uk "http://dartmoorrunners.co.uk" "Mozilla/5.0 (Windows NT 10.0; WOW64; x64) AppleWebKit/537.36 (KHTML, like Gecko) Chrome/114.0.0.0 Safari/537.36 OPR/89.0.4447.51" "-"
103.4.100.0 - - [31/Jan/2024:18:18:38 +0100] "GET /results/summer-series-2013-results HTTP/1.1" 200 25697 dartmoorrunners.co.uk "http://dartmoorrunners.co.uk" "Mozilla/5.0 (Windows NT 10.0; WOW64; x64) AppleWebKit/537.36 (KHTML, like Gecko) Chrome/114.0.0.0 Safari/537.36 OPR/89.0.4447.51" "-"
103.4.100.0 - - [31/Jan/2024:18:18:39 +0100] "GET /dates_18.html HTTP/1.1" 404 24764 dartmoorrunners.co.uk "http://dartmoorrunners.co.uk" "Mozilla/5.0 (Windows NT 10.0; WOW64; x64) AppleWebKit/537.36 (KHTML, like Gecko) Chrome/114.0.0.0 Safari/537.36 OPR/89.0.4447.51" "-"
103.4.100.0 - - [31/Jan/2024:18:18:39 +0100] "GET /results/winter-series-2012-results HTTP/1.1" 200 25918 dartmoorrunners.co.uk "http://dartmoorrunners.co.uk" "Mozilla/5.0 (Windows NT 10.0; WOW64; x64) AppleWebKit/537.36 (KHTML, like Gecko) Chrome/114.0.0.0 Safari/537.36 OPR/89.0.4447.51" "-"
103.4.100.0 - - [31/Jan/2024:18:18:40 +0100] "GET /results_19.html HTTP/1.1" 404 24764 dartmoorrunners.co.uk "http://dartmoorrunners.co.uk" "Mozilla/5.0 (Windows NT 10.0; WOW64; x64) AppleWebKit/537.36 (KHTML, like Gecko) Chrome/114.0.0.0 Safari/537.36 OPR/89.0.4447.51" "-"
103.4.100.0 - - [31/Jan/2024:18:18:41 +0100] "GET /results/winter-series-2011-results HTTP/1.1" 200 44857 dartmoorrunners.co.uk "http://dartmoorrunners.co.uk" "Mozilla/5.0 (Windows NT 10.0; WOW64; x64) AppleWebKit/537.36 (KHTML, like Gecko) Chrome/114.0.0.0 Safari/537.36 OPR/89.0.4447.51" "-"
103.4.100.0 - - [31/Jan/2024:18:18:42 +0100] "GET /dates_19.html HTTP/1.1" 404 24764 dartmoorrunners.co.uk "http://dartmoorrunners.co.uk" "Mozilla/5.0 (Windows NT 10.0; WOW64; x64) AppleWebKit/537.36 (KHTML, like Gecko) Chrome/114.0.0.0 Safari/537.36 OPR/89.0.4447.51" "-"
103.4.100.0 - - [31/Jan/2024:18:18:42 +0100] "GET / HTTP/1.1" 200 31576 dartmoorrunners.co.uk "http://dartmoorrunners.co.uk" "Mozilla/5.0 (Windows NT 10.0; WOW64; x64) AppleWebKit/537.36 (KHTML, like Gecko) Chrome/114.0.0.0 Safari/537.36 OPR/89.0.4447.51" "-"
103.4.100.0 - - [31/Jan/2024:18:18:43 +0100] "GET /results_20.html HTTP/1.1" 404 24764 dartmoorrunners.co.uk "http://dartmoorrunners.co.uk" "Mozilla/5.0 (Windows NT 10.0; WOW64; x64) AppleWebKit/537.36 (KHTML, like Gecko) Chrome/114.0.0.0 Safari/537.36 OPR/89.0.4447.51" "-"
103.4.100.0 - - [31/Jan/2024:18:18:44 +0100] "GET /dates_20.html HTTP/1.1" 404 24764 dartmoorrunners.co.uk "http://dartmoorrunners.co.uk" "Mozilla/5.0 (Windows NT 10.0; WOW64; x64) AppleWebKit/537.36 (KHTML, like Gecko) Chrome/114.0.0.0 Safari/537.36 OPR/89.0.4447.51" "-"
103.4.100.0 - - [31/Jan/2024:18:18:47 +0100] "GET /results_21.html HTTP/1.1" 404 24764 dartmoorrunners.co.uk "http://dartmoorrunners.co.uk" "Mozilla/5.0 (Windows NT 10.0; WOW64; x64) AppleWebKit/537.36 (KHTML, like Gecko) Chrome/114.0.0.0 Safari/537.36 OPR/89.0.4447.51" "-"
103.4.100.0 - - [31/Jan/2024:18:18:48 +0100] "GET /dates_26.html HTTP/1.1" 404 24764 dartmoorrunners.co.uk "http://dartmoorrunners.co.uk" "Mozilla/5.0 (Windows NT 10.0; WOW64; x64) AppleWebKit/537.36 (KHTML, like Gecko) Chrome/114.0.0.0 Safari/537.36 OPR/89.0.4447.51" "-"
103.4.100.0 - - [31/Jan/2024:18:18:48 +0100] "GET /dates_21.html HTTP/1.1" 404 24764 dartmoorrunners.co.uk "http://dartmoorrunners.co.uk" "Mozilla/5.0 (Windows NT 10.0; WOW64; x64) AppleWebKit/537.36 (KHTML, like Gecko) Chrome/114.0.0.0 Safari/537.36 OPR/89.0.4447.51" "-"
103.4.100.0 - - [31/Jan/2024:18:18:49 +0100] "GET /results_26.html HTTP/1.1" 404 24764 dartmoorrunners.co.uk "http://dartmoorrunners.co.uk" "Mozilla/5.0 (Windows NT 10.0; WOW64; x64) AppleWebKit/537.36 (KHTML, like Gecko) Chrome/114.0.0.0 Safari/537.36 OPR/89.0.4447.51" "-"
103.4.100.0 - - [31/Jan/2024:18:18:50 +0100] "GET /results_22.html HTTP/1.1" 404 24764 dartmoorrunners.co.uk "http://dartmoorrunners.co.uk" "Mozilla/5.0 (Windows NT 10.0; WOW64; x64) AppleWebKit/537.36 (KHTML, like Gecko) Chrome/114.0.0.0 Safari/537.36 OPR/89.0.4447.51" "-"
103.4.100.0 - - [31/Jan/2024:18:18:51 +0100] "GET /dates_25.html HTTP/1.1" 404 24764 dartmoorrunners.co.uk "http://dartmoorrunners.co.uk" "Mozilla/5.0 (Windows NT 10.0; WOW64; x64) AppleWebKit/537.36 (KHTML, like Gecko) Chrome/114.0.0.0 Safari/537.36 OPR/89.0.4447.51" "-"
103.4.100.0 - - [31/Jan/2024:18:18:51 +0100] "GET /dates_22.html HTTP/1.1" 404 24764 dartmoorrunners.co.uk "http://dartmoorrunners.co.uk" "Mozilla/5.0 (Windows NT 10.0; WOW64; x64) AppleWebKit/537.36 (KHTML, like Gecko) Chrome/114.0.0.0 Safari/537.36 OPR/89.0.4447.51" "-"
103.4.100.0 - - [31/Jan/2024:18:18:52 +0100] "GET /results_25.html HTTP/1.1" 404 24764 dartmoorrunners.co.uk "http://dartmoorrunners.co.uk" "Mozilla/5.0 (Windows NT 10.0; WOW64; x64) AppleWebKit/537.36 (KHTML, like Gecko) Chrome/114.0.0.0 Safari/537.36 OPR/89.0.4447.51" "-"
103.4.100.0 - - [31/Jan/2024:18:18:53 +0100] "GET /results_23.html HTTP/1.1" 404 24764 dartmoorrunners.co.uk "http://dartmoorrunners.co.uk" "Mozilla/5.0 (Windows NT 10.0; WOW64; x64) AppleWebKit/537.36 (KHTML, like Gecko) Chrome/114.0.0.0 Safari/537.36 OPR/89.0.4447.51" "-"
103.4.100.0 - - [31/Jan/2024:18:18:53 +0100] "GET /dates_24.html HTTP/1.1" 404 24764 dartmoorrunners.co.uk "http://dartmoorrunners.co.uk" "Mozilla/5.0 (Windows NT 10.0; WOW64; x64) AppleWebKit/537.36 (KHTML, like Gecko) Chrome/114.0.0.0 Safari/537.36 OPR/89.0.4447.51" "-"
103.4.100.0 - - [31/Jan/2024:18:18:54 +0100] "GET /dates_23.html HTTP/1.1" 404 24764 dartmoorrunners.co.uk "http://dartmoorrunners.co.uk" "Mozilla/5.0 (Windows NT 10.0; WOW64; x64) AppleWebKit/537.36 (KHTML, like Gecko) Chrome/114.0.0.0 Safari/537.36 OPR/89.0.4447.51" "-"
103.4.100.0 - - [31/Jan/2024:18:18:55 +0100] "GET /results_24.html HTTP/1.1" 404 24764 dartmoorrunners.co.uk "http://dartmoorrunners.co.uk" "Mozilla/5.0 (Windows NT 10.0; WOW64; x64) AppleWebKit/537.36 (KHTML, like Gecko) Chrome/114.0.0.0 Safari/537.36 OPR/89.0.4447.51" "-"
5.255.231.0 - - [31/Jan/2024:18:48:14 +0100] "GET /robots.txt HTTP/1.1" 200 121 dartmoorrunners.co.uk "-" "Mozilla/5.0 (compatible; YandexBot/3.0; +http://yandex.com/bots)" "-"
82.165.88.0 - - [31/Jan/2024:18:48:15 +0100] "POST /wp-cron.php?doing_wp_cron=1706723295.1355249881744384765625 HTTP/1.1" 200 - dartmoorrunners.co.uk "http://dartmoorrunners.co.uk/wp-cron.php?doing_wp_cron=1706723295.1355249881744384765625" "WordPress/6.1.5; http://dartmoorrunners.co.uk" "-"
213.180.203.0 - - [31/Jan/2024:18:48:16 +0100] "GET / HTTP/1.1" 200 31576 dartmoorrunners.co.uk "-" "Mozilla/5.0 (compatible; YandexBot/3.0; +http://yandex.com/bots)" "-"
2a00:23c8:a700:: - - [31/Jan/2024:18:49:09 +0100] "GET / HTTP/1.1" 301 - www.dartmoorrunners.co.uk "-" "Mozilla/5.0 (Macintosh; Intel Mac OS X 10_15_7) AppleWebKit/605.1.15 (KHTML, like Gecko) Version/17.2 Safari/605.1.15" "-"
2a00:23c8:a700:: - - [31/Jan/2024:18:49:09 +0100] "GET / HTTP/1.1" 200 31576 dartmoorrunners.co.uk "-" "Mozilla/5.0 (Macintosh; Intel Mac OS X 10_15_7) AppleWebKit/605.1.15 (KHTML, like Gecko) Version/17.2 Safari/605.1.15" "-"
2a00:23c8:a700:: - - [31/Jan/2024:18:49:10 +0100] "GET /wp-includes/js/wp-emoji-release.min.js?ver=6.1.5 HTTP/1.1" 200 18617 dartmoorrunners.co.uk "http://dartmoorrunners.co.uk/" "Mozilla/5.0 (Macintosh; Intel Mac OS X 10_15_7) AppleWebKit/605.1.15 (KHTML, like Gecko) Version/17.2 Safari/605.1.15" "-"
2a00:23c8:a700:: - - [31/Jan/2024:18:49:10 +0100] "GET /wp-includes/css/classic-themes.min.css?ver=1 HTTP/1.1" 200 189 dartmoorrunners.co.uk "http://dartmoorrunners.co.uk/" "Mozilla/5.0 (Macintosh; Intel Mac OS X 10_15_7) AppleWebKit/605.1.15 (KHTML, like Gecko) Version/17.2 Safari/605.1.15" "-"
2a00:23c8:a700:: - - [31/Jan/2024:18:49:10 +0100] "GET /wp-content/themes/omega/style.css?ver=6.1.5 HTTP/1.1" 200 6552 dartmoorrunners.co.uk "http://dartmoorrunners.co.uk/" "Mozilla/5.0 (Macintosh; Intel Mac OS X 10_15_7) AppleWebKit/605.1.15 (KHTML, like Gecko) Version/17.2 Safari/605.1.15" "-"
2a00:23c8:a700:: - - [31/Jan/2024:18:49:10 +0100] "GET /wp-includes/css/dist/block-library/style.min.css?ver=6.1.5 HTTP/1.1" 200 16164 dartmoorrunners.co.uk "http://dartmoorrunners.co.uk/" "Mozilla/5.0 (Macintosh; Intel Mac OS X 10_15_7) AppleWebKit/605.1.15 (KHTML, like Gecko) Version/17.2 Safari/605.1.15" "-"
2a00:23c8:a700:: - - [31/Jan/2024:18:49:10 +0100] "GET /wp-content/uploads/2017/04/cropped-dartmoorrunnerslogo_normal.png HTTP/1.1" 200 110052 dartmoorrunners.co.uk "http://dartmoorrunners.co.uk/" "Mozilla/5.0 (Macintosh; Intel Mac OS X 10_15_7) AppleWebKit/605.1.15 (KHTML, like Gecko) Version/17.2 Safari/605.1.15" "-"
2a00:23c8:a700:: - - [31/Jan/2024:18:49:10 +0100] "GET /wp-content/uploads/2017/04/XmasBash2017Med.jpg HTTP/1.1" 200 200566 dartmoorrunners.co.uk "http://dartmoorrunners.co.uk/" "Mozilla/5.0 (Macintosh; Intel Mac OS X 10_15_7) AppleWebKit/605.1.15 (KHTML, like Gecko) Version/17.2 Safari/605.1.15" "-"
2a00:23c8:a700:: - - [31/Jan/2024:18:49:10 +0100] "GET /wp-content/uploads/2017/04/ControlDog-768x576.jpg HTTP/1.1" 200 85973 dartmoorrunners.co.uk "http://dartmoorrunners.co.uk/" "Mozilla/5.0 (Macintosh; Intel Mac OS X 10_15_7) AppleWebKit/605.1.15 (KHTML, like Gecko) Version/17.2 Safari/605.1.15" "-"
2a00:23c8:a700:: - - [31/Jan/2024:18:49:10 +0100] "GET /wp-content/uploads/2017/04/winter-2015-small.jpg HTTP/1.1" 200 202841 dartmoorrunners.co.uk "http://dartmoorrunners.co.uk/" "Mozilla/5.0 (Macintosh; Intel Mac OS X 10_15_7) AppleWebKit/605.1.15 (KHTML, like Gecko) Version/17.2 Safari/605.1.15" "-"
2a00:23c8:a700:: - - [31/Jan/2024:18:49:10 +0100] "GET /wp-content/uploads/2017/04/Moorland-runner-cropped.jpg HTTP/1.1" 200 437747 dartmoorrunners.co.uk "http://dartmoorrunners.co.uk/" "Mozilla/5.0 (Macintosh; Intel Mac OS X 10_15_7) AppleWebKit/605.1.15 (KHTML, like Gecko) Version/17.2 Safari/605.1.15" "-"
2a00:23c8:a700:: - - [31/Jan/2024:18:49:12 +0100] "GET /winter-series-2023 HTTP/1.1" 200 27641 dartmoorrunners.co.uk "http://dartmoorrunners.co.uk/" "Mozilla/5.0 (Macintosh; Intel Mac OS X 10_15_7) AppleWebKit/605.1.15 (KHTML, like Gecko) Version/17.2 Safari/605.1.15" "-"
213.180.203.0 - - [31/Jan/2024:18:50:19 +0100] "GET /robots.txt HTTP/1.1" 200 121 dartmoorrunners.co.uk "-" "Mozilla/5.0 (compatible; YandexBot/3.0; +http://yandex.com/bots)" "-"
95.108.213.0 - - [31/Jan/2024:18:50:19 +0100] "GET / HTTP/1.1" 200 31576 dartmoorrunners.co.uk "-" "Mozilla/5.0 (compatible; YandexBot/3.0; +http://yandex.com/bots)" "-"
154.54.249.0 - - [31/Jan/2024:19:18:56 +0100] "GET /robots.txt HTTP/1.1" 200 121 dartmoorrunners.co.uk "-" "Mozilla/5.0 (compatible; Barkrowler/0.9; +https://babbar.tech/crawler)" "-"
154.54.249.0 - - [31/Jan/2024:19:19:48 +0100] "GET /results HTTP/1.1" 200 25109 dartmoorrunners.co.uk "-" "Mozilla/5.0 (compatible; Barkrowler/0.9; +https://babbar.tech/crawler)" "-"
154.54.249.0 - - [31/Jan/2024:19:20:39 +0100] "GET /current-series-dates HTTP/1.1" 200 27888 dartmoorrunners.co.uk "-" "Mozilla/5.0 (compatible; Barkrowler/0.9; +https://babbar.tech/crawler)" "-"
74.208.87.0 - - [31/Jan/2024:19:21:12 +0100] "POST /xmlrpc.php HTTP/1.1" 200 403 dartmoorrunners.co.uk "-" "Mozilla/5.0 (Windows NT 10.0; Win64; x64; rv:53.0) Gecko/20100101 Firefox/53.0" "-"
154.54.249.0 - - [31/Jan/2024:19:21:32 +0100] "GET /summer-series-2023 HTTP/1.1" 200 27251 dartmoorrunners.co.uk "-" "Mozilla/5.0 (compatible; Barkrowler/0.9; +https://babbar.tech/crawler)" "-"
154.54.249.0 - - [31/Jan/2024:19:22:25 +0100] "GET /winter-series-results-2018 HTTP/1.1" 200 25720 dartmoorrunners.co.uk "-" "Mozilla/5.0 (compatible; Barkrowler/0.9; +https://babbar.tech/crawler)" "-"
154.54.249.0 - - [31/Jan/2024:19:23:16 +0100] "GET /results/summer-series-2017-results HTTP/1.1" 200 25707 dartmoorrunners.co.uk "-" "Mozilla/5.0 (compatible; Barkrowler/0.9; +https://babbar.tech/crawler)" "-"
40.77.167.0 - - [31/Jan/2024:19:23:25 +0100] "GET /wp-sitemap.xml HTTP/1.1" 200 562 dartmoorrunners.co.uk "-" "Mozilla/5.0 AppleWebKit/537.36 (KHTML, like Gecko; compatible; bingbot/2.0; +http://www.bing.com/bingbot.htm) Chrome/116.0.1938.76 Safari/537.36" "-"
154.54.249.0 - - [31/Jan/2024:19:24:08 +0100] "GET /winter-series-2022-results HTTP/1.1" 200 25787 dartmoorrunners.co.uk "-" "Mozilla/5.0 (compatible; Barkrowler/0.9; +https://babbar.tech/crawler)" "-"
154.54.249.0 - - [31/Jan/2024:19:25:02 +0100] "GET /results/summer-series-2012-results HTTP/1.1" 200 39433 dartmoorrunners.co.uk "-" "Mozilla/5.0 (compatible; Barkrowler/0.9; +https://babbar.tech/crawler)" "-"
154.54.249.0 - - [31/Jan/2024:19:25:54 +0100] "GET /results/summer-series-2016-results HTTP/1.1" 200 25701 dartmoorrunners.co.uk "-" "Mozilla/5.0 (compatible; Barkrowler/0.9; +https://babbar.tech/crawler)" "-"
154.54.249.0 - - [31/Jan/2024:19:26:47 +0100] "GET /results/summer-series-2015-results HTTP/1.1" 200 25686 dartmoorrunners.co.uk "-" "Mozilla/5.0 (compatible; Barkrowler/0.9; +https://babbar.tech/crawler)" "-"
154.54.249.0 - - [31/Jan/2024:19:27:40 +0100] "GET /results/summer-series-2014-results HTTP/1.1" 200 25686 dartmoorrunners.co.uk "-" "Mozilla/5.0 (compatible; Barkrowler/0.9; +https://babbar.tech/crawler)" "-"
154.54.249.0 - - [31/Jan/2024:19:28:33 +0100] "GET /results/winter-series-2016-results HTTP/1.1" 200 25696 dartmoorrunners.co.uk "-" "Mozilla/5.0 (compatible; Barkrowler/0.9; +https://babbar.tech/crawler)" "-"
82.165.88.0 - - [31/Jan/2024:19:29:26 +0100] "POST /wp-cron.php?doing_wp_cron=1706725766.7209439277648925781250 HTTP/1.1" 200 - dartmoorrunners.co.uk "http://dartmoorrunners.co.uk/wp-cron.php?doing_wp_cron=1706725766.7209439277648925781250" "WordPress/6.1.5; http://dartmoorrunners.co.uk" "-"
154.54.249.0 - - [31/Jan/2024:19:29:26 +0100] "GET /results/winter-series-2014-results HTTP/1.1" 200 25686 dartmoorrunners.co.uk "-" "Mozilla/5.0 (compatible; Barkrowler/0.9; +https://babbar.tech/crawler)" "-"
154.54.249.0 - - [31/Jan/2024:19:30:20 +0100] "GET /results/winter-series-2015-results HTTP/1.1" 200 25701 dartmoorrunners.co.uk "-" "Mozilla/5.0 (compatible; Barkrowler/0.9; +https://babbar.tech/crawler)" "-"
154.54.249.0 - - [31/Jan/2024:19:31:11 +0100] "GET /results/winter-series-2011-results HTTP/1.1" 200 44857 dartmoorrunners.co.uk "-" "Mozilla/5.0 (compatible; Barkrowler/0.9; +https://babbar.tech/crawler)" "-"
154.54.249.0 - - [31/Jan/2024:19:32:04 +0100] "GET /results/winter-series-2012-results HTTP/1.1" 200 25918 dartmoorrunners.co.uk "-" "Mozilla/5.0 (compatible; Barkrowler/0.9; +https://babbar.tech/crawler)" "-"
154.54.249.0 - - [31/Jan/2024:19:32:56 +0100] "GET /results/winter-series-2013-results HTTP/1.1" 200 25735 dartmoorrunners.co.uk "-" "Mozilla/5.0 (compatible; Barkrowler/0.9; +https://babbar.tech/crawler)" "-"
154.54.249.0 - - [31/Jan/2024:19:33:49 +0100] "GET /summer-series-2019-results HTTP/1.1" 200 25728 dartmoorrunners.co.uk "-" "Mozilla/5.0 (compatible; Barkrowler/0.9; +https://babbar.tech/crawler)" "-"
154.54.249.0 - - [31/Jan/2024:19:34:42 +0100] "GET /winter-series-2019-results HTTP/1.1" 200 25728 dartmoorrunners.co.uk "-" "Mozilla/5.0 (compatible; Barkrowler/0.9; +https://babbar.tech/crawler)" "-"
192.185.81.0 - - [31/Jan/2024:20:03:53 +0100] "GET /wp-admin/user/network.php HTTP/1.1" 404 24764 dartmoorrunners.co.uk "http://simplesite.com" "Mozilla/5.0 (Windows; U; Windows NT 5.1; en-US) AppleWebKit/533.4 (KHTML, like Gecko) Chrome/5.0.375.99 Safari/533.4" "-"
205.185.123.0 - - [31/Jan/2024:20:08:26 +0100] "POST /wp-login.php HTTP/1.1" 200 9043 dartmoorrunners.co.uk "http://dartmoorrunners.co.uk/" "Mozilla/5.0 (Windows NT 6.1; WOW64; Trident/7.0; rv:11.0) like Gecko" "-"
205.185.123.0 - - [31/Jan/2024:20:08:38 +0100] "POST /wp-login.php HTTP/1.1" 200 9053 dartmoorrunners.co.uk "http://dartmoorrunners.co.uk/" "Mozilla/5.0 (Windows NT 6.1; WOW64; Trident/7.0; rv:11.0) like Gecko" "-"
66.249.75.0 - - [31/Jan/2024:20:11:38 +0100] "GET / HTTP/1.1" 200 31576 dartmoorrunners.co.uk "-" "Mozilla/5.0 (compatible; Googlebot/2.1; +http://www.google.com/bot.html)" "-"
66.249.75.0 - - [31/Jan/2024:20:11:47 +0100] "GET /wp-includes/css/dist/block-library/style.min.css?ver=6.1.5 HTTP/1.1" 200 16164 dartmoorrunners.co.uk "http://dartmoorrunners.co.uk/" "Mozilla/5.0 AppleWebKit/537.36 (KHTML, like Gecko; compatible; Googlebot/2.1; +http://www.google.com/bot.html) Chrome/120.0.6099.224 Safari/537.36" "-"
66.249.75.0 - - [31/Jan/2024:20:11:48 +0100] "GET /wp-content/themes/omega/style.css?ver=6.1.5 HTTP/1.1" 200 6552 dartmoorrunners.co.uk "http://dartmoorrunners.co.uk/" "Mozilla/5.0 AppleWebKit/537.36 (KHTML, like Gecko; compatible; Googlebot/2.1; +http://www.google.com/bot.html) Chrome/120.0.6099.224 Safari/537.36" "-"
89.46.106.0 - - [31/Jan/2024:20:25:55 +0100] "GET /wordpress/ HTTP/1.1" 404 24764 dartmoorrunners.co.uk "-" "-" "-"
209.182.195.0 - - [31/Jan/2024:20:28:17 +0100] "POST /xmlrpc.php HTTP/1.1" 200 403 dartmoorrunners.co.uk "-" "Mozilla/5.0 (Windows NT 10.0; Win64; x64; rv:42.0) Gecko/20100101 Firefox/42.0" "-"
82.165.88.0 - - [31/Jan/2024:20:29:35 +0100] "POST /wp-cron.php?doing_wp_cron=1706729375.3395318984985351562500 HTTP/1.1" 200 - dartmoorrunners.co.uk "http://dartmoorrunners.co.uk/wp-cron.php?doing_wp_cron=1706729375.3395318984985351562500" "WordPress/6.1.5; http://dartmoorrunners.co.uk" "-"
2a02:c7e:3000:: - - [31/Jan/2024:20:29:35 +0100] "GET / HTTP/1.1" 200 31576 dartmoorrunners.co.uk "-" "Mozilla/5.0 (iPhone; CPU iPhone OS 17_1_2 like Mac OS X) AppleWebKit/605.1.15 (KHTML, like Gecko) Version/17.1.2 Mobile/15E148 Safari/604.1" "-"
2a02:c7e:3000:: - - [31/Jan/2024:20:29:35 +0100] "GET /wp-includes/css/dist/block-library/style.min.css?ver=6.1.5 HTTP/1.1" 200 16164 dartmoorrunners.co.uk "http://dartmoorrunners.co.uk/" "Mozilla/5.0 (iPhone; CPU iPhone OS 17_1_2 like Mac OS X) AppleWebKit/605.1.15 (KHTML, like Gecko) Version/17.1.2 Mobile/15E148 Safari/604.1" "-"
2a02:c7e:3000:: - - [31/Jan/2024:20:29:35 +0100] "GET /wp-includes/js/wp-emoji-release.min.js?ver=6.1.5 HTTP/1.1" 200 18617 dartmoorrunners.co.uk "http://dartmoorrunners.co.uk/" "Mozilla/5.0 (iPhone; CPU iPhone OS 17_1_2 like Mac OS X) AppleWebKit/605.1.15 (KHTML, like Gecko) Version/17.1.2 Mobile/15E148 Safari/604.1" "-"
2a02:c7e:3000:: - - [31/Jan/2024:20:29:35 +0100] "GET /wp-content/themes/omega/style.css?ver=6.1.5 HTTP/1.1" 200 6552 dartmoorrunners.co.uk "http://dartmoorrunners.co.uk/" "Mozilla/5.0 (iPhone; CPU iPhone OS 17_1_2 like Mac OS X) AppleWebKit/605.1.15 (KHTML, like Gecko) Version/17.1.2 Mobile/15E148 Safari/604.1" "-"
2a02:c7e:3000:: - - [31/Jan/2024:20:29:35 +0100] "GET /wp-content/uploads/2017/04/cropped-dartmoorrunnerslogo_normal.png HTTP/1.1" 200 110052 dartmoorrunners.co.uk "http://dartmoorrunners.co.uk/" "Mozilla/5.0 (iPhone; CPU iPhone OS 17_1_2 like Mac OS X) AppleWebKit/605.1.15 (KHTML, like Gecko) Version/17.1.2 Mobile/15E148 Safari/604.1" "-"
2a02:c7e:3000:: - - [31/Jan/2024:20:29:36 +0100] "GET /wp-content/uploads/2017/04/XmasBash2017Med.jpg HTTP/1.1" 200 200566 dartmoorrunners.co.uk "http://dartmoorrunners.co.uk/" "Mozilla/5.0 (iPhone; CPU iPhone OS 17_1_2 like Mac OS X) AppleWebKit/605.1.15 (KHTML, like Gecko) Version/17.1.2 Mobile/15E148 Safari/604.1" "-"
2a02:c7e:3000:: - - [31/Jan/2024:20:29:36 +0100] "GET /wp-includes/css/classic-themes.min.css?ver=1 HTTP/1.1" 200 189 dartmoorrunners.co.uk "http://dartmoorrunners.co.uk/" "Mozilla/5.0 (iPhone; CPU iPhone OS 17_1_2 like Mac OS X) AppleWebKit/605.1.15 (KHTML, like Gecko) Version/17.1.2 Mobile/15E148 Safari/604.1" "-"
2a02:c7e:3000:: - - [31/Jan/2024:20:29:36 +0100] "GET /wp-content/uploads/2017/04/ControlDog-1024x768.jpg HTTP/1.1" 200 147847 dartmoorrunners.co.uk "http://dartmoorrunners.co.uk/" "Mozilla/5.0 (iPhone; CPU iPhone OS 17_1_2 like Mac OS X) AppleWebKit/605.1.15 (KHTML, like Gecko) Version/17.1.2 Mobile/15E148 Safari/604.1" "-"
2a02:c7e:3000:: - - [31/Jan/2024:20:29:36 +0100] "GET /wp-content/uploads/2017/04/winter-2015-small.jpg HTTP/1.1" 200 202841 dartmoorrunners.co.uk "http://dartmoorrunners.co.uk/" "Mozilla/5.0 (iPhone; CPU iPhone OS 17_1_2 like Mac OS X) AppleWebKit/605.1.15 (KHTML, like Gecko) Version/17.1.2 Mobile/15E148 Safari/604.1" "-"
2a02:c7e:3000:: - - [31/Jan/2024:20:29:36 +0100] "GET /wp-content/uploads/2017/04/Moorland-runner-cropped.jpg HTTP/1.1" 200 437747 dartmoorrunners.co.uk "http://dartmoorrunners.co.uk/" "Mozilla/5.0 (iPhone; CPU iPhone OS 17_1_2 like Mac OS X) AppleWebKit/605.1.15 (KHTML, like Gecko) Version/17.1.2 Mobile/15E148 Safari/604.1" "-"
54.36.148.0 - - [31/Jan/2024:20:30:22 +0100] "GET /summer-series-2019-results HTTP/1.1" 200 25728 dartmoorrunners.co.uk "-" "Mozilla/5.0 (compatible; AhrefsBot/7.0; +http://ahrefs.com/robot/)" "-"
82.165.88.0 - - [31/Jan/2024:20:30:23 +0100] "POST /wp-cron.php?doing_wp_cron=1706729423.1755130290985107421875 HTTP/1.1" 200 - dartmoorrunners.co.uk "http://dartmoorrunners.co.uk/wp-cron.php?doing_wp_cron=1706729423.1755130290985107421875" "WordPress/6.1.5; http://dartmoorrunners.co.uk" "-"
95.108.213.0 - - [31/Jan/2024:21:16:19 +0100] "GET /robots.txt HTTP/1.1" 301 - www.dartmoorrunners.co.uk "-" "Mozilla/5.0 (compatible; YandexBot/3.0; +http://yandex.com/bots)" "-"
82.165.88.0 - - [31/Jan/2024:21:16:22 +0100] "POST /wp-cron.php?doing_wp_cron=1706732182.0089290142059326171875 HTTP/1.1" 200 - dartmoorrunners.co.uk "http://dartmoorrunners.co.uk/wp-cron.php?doing_wp_cron=1706732182.0089290142059326171875" "WordPress/6.1.5; http://dartmoorrunners.co.uk" "-"
95.108.213.0 - - [31/Jan/2024:21:16:22 +0100] "GET /robots.txt HTTP/1.1" 200 121 dartmoorrunners.co.uk "-" "Mozilla/5.0 (compatible; YandexBot/3.0; +http://yandex.com/bots)" "-"
87.250.224.0 - - [31/Jan/2024:21:16:23 +0100] "GET / HTTP/1.1" 301 - www.dartmoorrunners.co.uk "-" "Mozilla/5.0 (compatible; YandexBot/3.0; +http://yandex.com/bots)" "-"
54.36.148.0 - - [31/Jan/2024:21:16:56 +0100] "GET /results HTTP/1.1" 200 25109 dartmoorrunners.co.uk "-" "Mozilla/5.0 (compatible; AhrefsBot/7.0; +http://ahrefs.com/robot/)" "-"
95.108.213.0 - - [31/Jan/2024:21:18:24 +0100] "GET / HTTP/1.1" 301 - www.dartmoorrunners.co.uk "-" "Mozilla/5.0 (compatible; YandexBot/3.0; +http://yandex.com/bots)" "-"
47.89.184.0 - - [31/Jan/2024:21:19:43 +0100] "GET /wp-content/uploads/2017/04/cropped-dartmoorrunnerslogo_normal.png HTTP/1.1" 200 110052 dartmoorrunners.co.uk "-" "Mozilla/5.0 (X11; Ubuntu; Linux x86_64; rv:72.0) Gecko/20100101 Firefox/72.0" "-"
66.249.76.0 - - [31/Jan/2024:21:22:25 +0100] "GET / HTTP/1.1" 200 31576 dartmoorrunners.co.uk "-" "Mozilla/5.0 (compatible; Googlebot/2.1; +http://www.google.com/bot.html)" "-"
66.249.76.0 - - [31/Jan/2024:21:22:38 +0100] "GET /wp-includes/js/wp-emoji-release.min.js?ver=6.1.5 HTTP/1.1" 200 18617 dartmoorrunners.co.uk "http://dartmoorrunners.co.uk/" "Mozilla/5.0 AppleWebKit/537.36 (KHTML, like Gecko; compatible; Googlebot/2.1; +http://www.google.com/bot.html) Chrome/120.0.6099.224 Safari/537.36" "-"
66.249.76.0 - - [31/Jan/2024:21:22:39 +0100] "GET /wp-content/themes/omega/style.css?ver=6.1.5 HTTP/1.1" 200 6552 dartmoorrunners.co.uk "http://dartmoorrunners.co.uk/" "Mozilla/5.0 AppleWebKit/537.36 (KHTML, like Gecko; compatible; Googlebot/2.1; +http://www.google.com/bot.html) Chrome/120.0.6099.224 Safari/537.36" "-"
66.249.75.0 - - [31/Jan/2024:21:22:41 +0100] "GET /wp-includes/css/dist/block-library/style.min.css?ver=6.1.5 HTTP/1.1" 200 16164 dartmoorrunners.co.uk "http://dartmoorrunners.co.uk/" "Mozilla/5.0 AppleWebKit/537.36 (KHTML, like Gecko; compatible; Googlebot/2.1; +http://www.google.com/bot.html) Chrome/120.0.6099.224 Safari/537.36" "-"
82.165.88.0 - - [31/Jan/2024:21:45:00 +0100] "POST /wp-cron.php?doing_wp_cron=1706733900.4453969001770019531250 HTTP/1.1" 200 - dartmoorrunners.co.uk "http://dartmoorrunners.co.uk/wp-cron.php?doing_wp_cron=1706733900.4453969001770019531250" "WordPress/6.1.5; http://dartmoorrunners.co.uk" "-"
192.42.116.0 - - [31/Jan/2024:21:45:00 +0100] "POST /xmlrpc.php HTTP/1.1" 200 403 dartmoorrunners.co.uk "-" "Mozilla/5.0 (Windows NT 10.0) AppleWebKit/537.36 (KHTML, like Gecko) Chrome/72.0.3626.121 Safari/537.36" "-"
192.42.116.0 - - [31/Jan/2024:21:45:01 +0100] "POST /xmlrpc.php HTTP/1.1" 200 403 dartmoorrunners.co.uk "-" "Mozilla/5.0 (Windows NT 10.0) AppleWebKit/537.36 (KHTML, like Gecko) Chrome/72.0.3626.121 Safari/537.36" "-"
192.42.116.0 - - [31/Jan/2024:21:45:02 +0100] "POST /xmlrpc.php HTTP/1.1" 403 618 dartmoorrunners.co.uk "-" "Mozilla/5.0 (Windows NT 10.0) AppleWebKit/537.36 (KHTML, like Gecko) Chrome/72.0.3626.121 Safari/537.36" "-"
192.42.116.0 - - [31/Jan/2024:21:45:03 +0100] "POST /xmlrpc.php HTTP/1.1" 403 618 dartmoorrunners.co.uk "-" "Mozilla/5.0 (Windows NT 10.0) AppleWebKit/537.36 (KHTML, like Gecko) Chrome/72.0.3626.121 Safari/537.36" "-"
192.42.116.0 - - [31/Jan/2024:21:45:04 +0100] "POST /xmlrpc.php HTTP/1.1" 403 618 dartmoorrunners.co.uk "-" "Mozilla/5.0 (Windows NT 10.0) AppleWebKit/537.36 (KHTML, like Gecko) Chrome/72.0.3626.121 Safari/537.36" "-"
178.73.51.0 - - [31/Jan/2024:21:48:22 +0100] "POST /xmlrpc.php HTTP/1.1" 200 403 dartmoorrunners.co.uk "-" "Mozilla/5.0 (Windows NT 10.0; Win64; x64; rv:57.0) Gecko/20100101 Firefox/57.0" "-"
157.55.39.0 - - [31/Jan/2024:22:02:07 +0100] "GET /wp-sitemap-posts-page-1.xml HTTP/1.1" 200 2150 dartmoorrunners.co.uk "-" "Mozilla/5.0 AppleWebKit/537.36 (KHTML, like Gecko; compatible; bingbot/2.0; +http://www.bing.com/bingbot.htm) Chrome/116.0.1938.76 Safari/537.36" "-"
38.150.13.0 - - [31/Jan/2024:22:12:32 +0100] "POST /wp-login.php HTTP/1.1" 200 9043 dartmoorrunners.co.uk "http://dartmoorrunners.co.uk/" "Mozilla/5.0 (Windows NT 6.1; WOW64; Trident/7.0; rv:11.0) like Gecko" "-"
202.64.124.0 - - [31/Jan/2024:22:12:34 +0100] "POST /wp-login.php HTTP/1.1" 200 9053 dartmoorrunners.co.uk "http://dartmoorrunners.co.uk/" "Mozilla/5.0 (Windows NT 6.1; WOW64; Trident/7.0; rv:11.0) like Gecko" "-"
95.108.213.0 - - [31/Jan/2024:22:13:38 +0100] "GET /robots.txt HTTP/1.1" 200 121 dartmoorrunners.co.uk "-" "Mozilla/5.0 (compatible; YandexBot/3.0; +http://yandex.com/bots)" "-"
95.108.213.0 - - [31/Jan/2024:22:13:38 +0100] "GET / HTTP/1.1" 200 31576 dartmoorrunners.co.uk "-" "Mozilla/5.0 (compatible; YandexBot/3.0; +http://yandex.com/bots)" "-"
5.255.231.0 - - [31/Jan/2024:22:15:43 +0100] "GET /robots.txt HTTP/1.1" 200 121 dartmoorrunners.co.uk "-" "Mozilla/5.0 (compatible; YandexBot/3.0; +http://yandex.com/bots)" "-"
87.250.224.0 - - [31/Jan/2024:22:15:43 +0100] "GET / HTTP/1.1" 200 31576 dartmoorrunners.co.uk "-" "Mozilla/5.0 (compatible; YandexBot/3.0; +http://yandex.com/bots)" "-"
54.36.149.0 - - [31/Jan/2024:22:16:07 +0100] "GET /results/summer-series-2016-results HTTP/1.1" 200 25701 dartmoorrunners.co.uk "-" "Mozilla/5.0 (compatible; AhrefsBot/7.0; +http://ahrefs.com/robot/)" "-"
194.150.197.0 - - [31/Jan/2024:23:08:15 +0100] "POST /xmlrpc.php HTTP/1.1" 200 403 dartmoorrunners.co.uk "-" "Mozilla/5.0 (Windows NT 10.0; Win64; x64; rv:51.0) Gecko/20100101 Firefox/51.0" "-"
82.165.88.0 - - [31/Jan/2024:23:08:16 +0100] "POST /wp-cron.php?doing_wp_cron=1706738896.2804319858551025390625 HTTP/1.1" 200 - dartmoorrunners.co.uk "http://dartmoorrunners.co.uk/wp-cron.php?doing_wp_cron=1706738896.2804319858551025390625" "WordPress/6.1.5; http://dartmoorrunners.co.uk" "-"
82.165.88.0 - - [31/Jan/2024:23:12:39 +0100] "POST /wp-cron.php?doing_wp_cron=1706739159.8395590782165527343750 HTTP/1.1" 200 - dartmoorrunners.co.uk "http://dartmoorrunners.co.uk/wp-cron.php?doing_wp_cron=1706739159.8395590782165527343750" "WordPress/6.1.5; http://dartmoorrunners.co.uk" "-"
130.211.70.0 - - [31/Jan/2024:23:12:39 +0100] "GET / HTTP/1.1" 200 61 dartmoorrunners.co.uk "-" "python-requests/2.25.1" "-"
54.36.148.0 - - [31/Jan/2024:23:21:33 +0100] "GET /results/summer-series-2017-results HTTP/1.1" 200 25707 dartmoorrunners.co.uk "-" "Mozilla/5.0 (compatible; AhrefsBot/7.0; +http://ahrefs.com/robot/)" "-"
188.120.239.0 - - [31/Jan/2024:23:26:32 +0100] "GET /wp-content/plugins/wp-gdpr-compliance/Assets/js/front.min.js.LICENSE.txt HTTP/1.1" 404 24764 dartmoorrunners.co.uk "-" "Mozilla/5.0 (iPhone; CPU iPhone OS 14_0_1 like Mac OS X) AppleWebKit/605.1.15 (KHTML, like Gecko) Version/14.0 Mobile/15E148 Safari/604.1" "-"
82.165.88.0 - - [31/Jan/2024:23:35:17 +0100] "POST /wp-cron.php?doing_wp_cron=1706740517.2447528839111328125000 HTTP/1.1" 200 - dartmoorrunners.co.uk "http://dartmoorrunners.co.uk/wp-cron.php?doing_wp_cron=1706740517.2447528839111328125000" "WordPress/6.1.5; http://dartmoorrunners.co.uk" "-"
91.134.248.0 - - [31/Jan/2024:23:35:17 +0100] "GET /simple.php HTTP/1.1" 404 24764 dartmoorrunners.co.uk "http://simplesite.com" "Mozilla/5.0 (Windows; U; Windows NT 5.1; en-US) AppleWebKit/533.4 (KHTML, like Gecko) Chrome/5.0.375.99 Safari/533.4" "-"
34.220.249.0 - - [31/Jan/2024:23:44:08 +0100] "GET /wp-content/uploads/2017/04/cropped-dartmoorrunnerslogo_normal.png HTTP/1.1" 200 110052 dartmoorrunners.co.uk "-" "Mozilla/5.0 (X11; Ubuntu; Linux x86_64; rv:72.0) Gecko/20100101 Firefox/72.0" "-"
185.179.24.0 - - [31/Jan/2024:23:48:21 +0100] "GET /simple.php HTTP/1.1" 404 24764 dartmoorrunners.co.uk "http://simplesite.com" "Mozilla/5.0 (Windows; U; Windows NT 5.1; en-US) AppleWebKit/533.4 (KHTML, like Gecko) Chrome/5.0.375.99 Safari/533.4" "-"
